DIAGNOSTIC NOT FINAL — quick sampling or empirical pass reference not met
Preparing fixed paired test samples...
Warming numerical solvers (excluded from timing)...
73 curves x 7 methods; device=cuda; MSE tolerance=0.0001
[1/73] Synthetic seed20000_sample2193 ours: K=40 MSE=8.0390877323249e-06 time=8.6 ms ok
[1/73] Synthetic seed20000_sample2193 ours_verified: K=40 MSE=8.0390877323249e-06 time=8.8 ms ok
[1/73] Synthetic seed20000_sample2193 park_dominant_point_2007_adaptation: K=23 MSE=4.839156496616356e-05 time=30.5 ms ok
[1/73] Synthetic seed20000_sample2193 liang_feature_iki_2017_adaptation: K=17 MSE=7.447407178946526e-05 time=19.6 ms ok
[1/73] Synthetic seed20000_sample2193 dung_direct_knot_2017_adaptation: K=13 MSE=7.260188797082535e-05 time=111.2 ms ok
[1/73] Synthetic seed20000_sample2193 kang_sparse_2015_adaptation: K=6 MSE=8.928370818671618e-05 time=1033.8 ms ok
[1/73] Synthetic seed20000_sample2193 luo_linf_de_2022_adaptation: K=10 MSE=2.175748671745408e-05 time=2932.9 ms ok
[2/73] Synthetic seed20000_sample963 ours: K=10 MSE=0.00010908329630129574 time=8.0 ms ok
[2/73] Synthetic seed20000_sample963 ours_verified: K=25 MSE=3.609236595291559e-05 time=18.9 ms ok
[2/73] Synthetic seed20000_sample963 park_dominant_point_2007_adaptation: K=40 MSE=3.3236708472687646e-05 time=58.4 ms ok
[2/73] Synthetic seed20000_sample963 liang_feature_iki_2017_adaptation: K=15 MSE=4.2482721928285365e-05 time=16.7 ms ok
[2/73] Synthetic seed20000_sample963 dung_direct_knot_2017_adaptation: K=16 MSE=7.971355621317823e-05 time=160.3 ms ok
[2/73] Synthetic seed20000_sample963 kang_sparse_2015_adaptation: K=8 MSE=8.949568985235324e-05 time=1127.1 ms ok
[2/73] Synthetic seed20000_sample963 luo_linf_de_2022_adaptation: K=10 MSE=3.7621292811022585e-05 time=2929.9 ms ok
[3/73] Synthetic seed20000_sample1261 ours: K=4 MSE=0.003279269136604559 time=8.0 ms ok
[3/73] Synthetic seed20000_sample1261 ours_verified: K=29 MSE=9.085668881614221e-05 time=19.1 ms ok
[3/73] Synthetic seed20000_sample1261 park_dominant_point_2007_adaptation: K=30 MSE=3.647523427799892e-05 time=41.3 ms ok
[3/73] Synthetic seed20000_sample1261 liang_feature_iki_2017_adaptation: K=16 MSE=8.5932352263228e-05 time=17.7 ms ok
[3/73] Synthetic seed20000_sample1261 dung_direct_knot_2017_adaptation: K=12 MSE=8.150310467762884e-05 time=136.3 ms ok
[3/73] Synthetic seed20000_sample1261 kang_sparse_2015_adaptation: K=8 MSE=6.189037772313992e-05 time=1101.8 ms ok
[3/73] Synthetic seed20000_sample1261 luo_linf_de_2022_adaptation: K=12 MSE=3.118906390202508e-05 time=3012.4 ms ok
[4/73] Synthetic seed20000_sample1802 ours: K=10 MSE=0.0006642872913584201 time=8.0 ms ok
[4/73] Synthetic seed20000_sample1802 ours_verified: K=40 MSE=2.217920133554189e-05 time=19.8 ms ok
[4/73] Synthetic seed20000_sample1802 park_dominant_point_2007_adaptation: K=34 MSE=1.4173953577372555e-05 time=47.9 ms ok
[4/73] Synthetic seed20000_sample1802 liang_feature_iki_2017_adaptation: K=16 MSE=6.36160639159117e-05 time=17.7 ms ok
[4/73] Synthetic seed20000_sample1802 dung_direct_knot_2017_adaptation: K=13 MSE=8.365142300131093e-05 time=171.7 ms ok
[4/73] Synthetic seed20000_sample1802 kang_sparse_2015_adaptation: K=9 MSE=6.758255355283232e-05 time=1111.0 ms ok
[4/73] Synthetic seed20000_sample1802 luo_linf_de_2022_adaptation: K=13 MSE=2.9663285772719467e-05 time=3021.8 ms ok
[5/73] Synthetic seed20000_sample612 ours: K=25 MSE=1.832641643688235e-05 time=8.4 ms ok
[5/73] Synthetic seed20000_sample612 ours_verified: K=25 MSE=1.832641643688235e-05 time=8.6 ms ok
[5/73] Synthetic seed20000_sample612 park_dominant_point_2007_adaptation: K=25 MSE=9.124636474908375e-05 time=33.4 ms ok
[5/73] Synthetic seed20000_sample612 liang_feature_iki_2017_adaptation: K=18 MSE=9.677907830587185e-05 time=20.0 ms ok
[5/73] Synthetic seed20000_sample612 dung_direct_knot_2017_adaptation: K=12 MSE=8.43527114187303e-05 time=196.6 ms ok
[5/73] Synthetic seed20000_sample612 kang_sparse_2015_adaptation: K=10 MSE=8.361488062827217e-05 time=1089.2 ms ok
[5/73] Synthetic seed20000_sample612 luo_linf_de_2022_adaptation: K=15 MSE=5.7914069273838424e-05 time=3029.4 ms ok
[6/73] Synthetic seed20000_sample1800 ours: K=51 MSE=9.603512089325992e-06 time=8.6 ms ok
[6/73] Synthetic seed20000_sample1800 ours_verified: K=51 MSE=9.603512089325992e-06 time=8.8 ms ok
[6/73] Synthetic seed20000_sample1800 park_dominant_point_2007_adaptation: K=30 MSE=4.9369079414533395e-05 time=41.2 ms ok
[6/73] Synthetic seed20000_sample1800 liang_feature_iki_2017_adaptation: K=24 MSE=7.515298220933973e-05 time=27.8 ms ok
[6/73] Synthetic seed20000_sample1800 dung_direct_knot_2017_adaptation: K=17 MSE=9.184444399916776e-05 time=219.0 ms ok
[6/73] Synthetic seed20000_sample1800 kang_sparse_2015_adaptation: K=14 MSE=9.94415314535183e-05 time=1104.9 ms ok
[6/73] Synthetic seed20000_sample1800 luo_linf_de_2022_adaptation: K=12 MSE=9.132965038185144e-05 time=2748.1 ms ok
[7/73] Synthetic seed20000_sample213 ours: K=27 MSE=2.5630758229743406e-05 time=8.5 ms ok
[7/73] Synthetic seed20000_sample213 ours_verified: K=27 MSE=2.5630758229743406e-05 time=8.6 ms ok
[7/73] Synthetic seed20000_sample213 park_dominant_point_2007_adaptation: K=56 MSE=0.00010098951860933182 time=91.3 ms ok
[7/73] Synthetic seed20000_sample213 liang_feature_iki_2017_adaptation: K=25 MSE=9.645863601165253e-05 time=28.9 ms ok
[7/73] Synthetic seed20000_sample213 dung_direct_knot_2017_adaptation: K=17 MSE=7.239141578408886e-05 time=255.0 ms ok
[7/73] Synthetic seed20000_sample213 kang_sparse_2015_adaptation: K=19 MSE=9.837912807532429e-05 time=1102.3 ms ok
[7/73] Synthetic seed20000_sample213 luo_linf_de_2022_adaptation: K=13 MSE=9.749783757573086e-05 time=2918.4 ms ok
[8/73] Synthetic seed20000_sample1054 ours: K=18 MSE=9.48684769975837e-05 time=8.1 ms ok
[8/73] Synthetic seed20000_sample1054 ours_verified: K=18 MSE=9.48684769975837e-05 time=8.3 ms ok
[8/73] Synthetic seed20000_sample1054 park_dominant_point_2007_adaptation: K=24 MSE=8.487757368894618e-05 time=31.9 ms ok
[8/73] Synthetic seed20000_sample1054 liang_feature_iki_2017_adaptation: K=23 MSE=9.603401787856896e-05 time=26.3 ms ok
[8/73] Synthetic seed20000_sample1054 dung_direct_knot_2017_adaptation: K=18 MSE=7.669152011703043e-05 time=245.6 ms ok
[8/73] Synthetic seed20000_sample1054 kang_sparse_2015_adaptation: K=17 MSE=9.005800465505786e-05 time=1077.5 ms ok
[8/73] Synthetic seed20000_sample1054 luo_linf_de_2022_adaptation: K=20 MSE=9.816690239770904e-05 time=2917.0 ms ok
[9/73] Synthetic seed20000_sample698 ours: K=32 MSE=9.718151502880258e-06 time=8.3 ms ok
[9/73] Synthetic seed20000_sample698 ours_verified: K=32 MSE=9.718151502880258e-06 time=8.7 ms ok
[9/73] Synthetic seed20000_sample698 park_dominant_point_2007_adaptation: K=26 MSE=9.776693991160098e-05 time=34.9 ms ok
[9/73] Synthetic seed20000_sample698 liang_feature_iki_2017_adaptation: K=20 MSE=9.234819809616748e-05 time=22.4 ms ok
[9/73] Synthetic seed20000_sample698 dung_direct_knot_2017_adaptation: K=15 MSE=9.012026421858199e-05 time=275.2 ms ok
[9/73] Synthetic seed20000_sample698 kang_sparse_2015_adaptation: K=17 MSE=9.817969534088827e-05 time=1103.3 ms ok
[9/73] Synthetic seed20000_sample698 luo_linf_de_2022_adaptation: K=25 MSE=8.202889711071638e-05 time=3250.7 ms ok
[10/73] Synthetic seed20000_sample2800 ours: K=31 MSE=1.2903852936571672e-05 time=8.3 ms ok
[10/73] Synthetic seed20000_sample2800 ours_verified: K=31 MSE=1.2903852936571672e-05 time=8.5 ms ok
[10/73] Synthetic seed20000_sample2800 park_dominant_point_2007_adaptation: K=35 MSE=8.645765568951386e-05 time=49.6 ms ok
[10/73] Synthetic seed20000_sample2800 liang_feature_iki_2017_adaptation: K=30 MSE=9.918987668985713e-05 time=35.9 ms ok
[10/73] Synthetic seed20000_sample2800 dung_direct_knot_2017_adaptation: K=18 MSE=7.836791031127946e-05 time=274.5 ms ok
[10/73] Synthetic seed20000_sample2800 kang_sparse_2015_adaptation: K=40 MSE=2.1121318622114397e-05 time=842.9 ms ok
[10/73] Synthetic seed20000_sample2800 luo_linf_de_2022_adaptation: K=25 MSE=9.290904855060765e-05 time=3404.5 ms ok
[11/73] Synthetic seed20000_sample718 ours: K=55 MSE=1.5066284848424063e-05 time=8.7 ms ok
[11/73] Synthetic seed20000_sample718 ours_verified: K=55 MSE=1.5066284848424063e-05 time=8.9 ms ok
[11/73] Synthetic seed20000_sample718 park_dominant_point_2007_adaptation: K=39 MSE=5.1113813876676675e-05 time=56.6 ms ok
[11/73] Synthetic seed20000_sample718 liang_feature_iki_2017_adaptation: K=32 MSE=8.574791915132958e-05 time=38.3 ms ok
[11/73] Synthetic seed20000_sample718 dung_direct_knot_2017_adaptation: K=18 MSE=9.532434115741366e-05 time=326.7 ms ok
[11/73] Synthetic seed20000_sample718 kang_sparse_2015_adaptation: K=51 MSE=1.244306345949306e-05 time=775.6 ms ok
[11/73] Synthetic seed20000_sample718 luo_linf_de_2022_adaptation: K=26 MSE=9.529246034685202e-05 time=3345.8 ms ok
[12/73] Synthetic seed20000_sample147 ours: K=27 MSE=4.8743243234491594e-05 time=8.3 ms ok
[12/73] Synthetic seed20000_sample147 ours_verified: K=27 MSE=4.8743243234491594e-05 time=8.5 ms ok
[12/73] Synthetic seed20000_sample147 park_dominant_point_2007_adaptation: K=45 MSE=3.5748004060133256e-05 time=68.5 ms ok
[12/73] Synthetic seed20000_sample147 liang_feature_iki_2017_adaptation: K=35 MSE=7.466634943303162e-05 time=42.5 ms ok
[12/73] Synthetic seed20000_sample147 dung_direct_knot_2017_adaptation: K=22 MSE=8.595369218037875e-05 time=332.9 ms ok
[12/73] Synthetic seed20000_sample147 kang_sparse_2015_adaptation: K=29 MSE=9.019608843289079e-05 time=553.5 ms ok
[12/73] Synthetic seed20000_sample147 luo_linf_de_2022_adaptation: K=27 MSE=8.537989105852542e-05 time=3327.9 ms ok
[13/73] Synthetic seed20000_sample55 ours: K=35 MSE=2.4663089778444462e-05 time=8.5 ms ok
[13/73] Synthetic seed20000_sample55 ours_verified: K=35 MSE=2.4663089778444462e-05 time=8.6 ms ok
[13/73] Synthetic seed20000_sample55 park_dominant_point_2007_adaptation: K=35 MSE=7.9055224659607e-05 time=49.5 ms ok
[13/73] Synthetic seed20000_sample55 liang_feature_iki_2017_adaptation: K=34 MSE=9.384490434344104e-05 time=41.2 ms ok
[13/73] Synthetic seed20000_sample55 dung_direct_knot_2017_adaptation: K=23 MSE=9.182294228712454e-05 time=422.0 ms ok
[13/73] Synthetic seed20000_sample55 kang_sparse_2015_adaptation: K=31 MSE=8.454403828436938e-05 time=560.2 ms ok
[13/73] Synthetic seed20000_sample55 luo_linf_de_2022_adaptation: K=35 MSE=9.985720148579832e-05 time=3101.6 ms ok
[14/73] Synthetic seed20000_sample3147 ours: K=40 MSE=1.3501300457991967e-05 time=8.6 ms ok
[14/73] Synthetic seed20000_sample3147 ours_verified: K=40 MSE=1.3501300457991967e-05 time=8.7 ms ok
[14/73] Synthetic seed20000_sample3147 park_dominant_point_2007_adaptation: K=38 MSE=6.510528950158546e-05 time=55.3 ms ok
[14/73] Synthetic seed20000_sample3147 liang_feature_iki_2017_adaptation: K=34 MSE=9.481926267854804e-05 time=41.1 ms ok
[14/73] Synthetic seed20000_sample3147 dung_direct_knot_2017_adaptation: K=23 MSE=9.456457428044801e-05 time=420.5 ms ok
[14/73] Synthetic seed20000_sample3147 kang_sparse_2015_adaptation: K=35 MSE=8.657337636839415e-05 time=519.7 ms ok
[14/73] Synthetic seed20000_sample3147 luo_linf_de_2022_adaptation: K=32 MSE=8.142395834099529e-05 time=3180.2 ms ok
[15/73] Synthetic seed20000_sample1777 ours: K=61 MSE=1.0829741873786347e-05 time=8.9 ms ok
[15/73] Synthetic seed20000_sample1777 ours_verified: K=61 MSE=1.0829741873786347e-05 time=9.0 ms ok
[15/73] Synthetic seed20000_sample1777 park_dominant_point_2007_adaptation: K=34 MSE=9.254442019841084e-05 time=47.9 ms ok
[15/73] Synthetic seed20000_sample1777 liang_feature_iki_2017_adaptation: K=35 MSE=9.460524721922868e-05 time=42.7 ms ok
[15/73] Synthetic seed20000_sample1777 dung_direct_knot_2017_adaptation: K=22 MSE=8.827760924056125e-05 time=460.3 ms ok
[15/73] Synthetic seed20000_sample1777 kang_sparse_2015_adaptation: K=39 MSE=9.965133579515745e-05 time=454.8 ms ok
[15/73] Synthetic seed20000_sample1777 luo_linf_de_2022_adaptation: K=34 MSE=9.955852180891518e-05 time=2939.0 ms ok
[16/73] Synthetic seed20000_sample1320 ours: K=14 MSE=0.0038336940994011487 time=8.1 ms ok
[16/73] Synthetic seed20000_sample1320 ours_verified: K=61 MSE=9.52438242583922e-05 time=21.7 ms ok
[16/73] Synthetic seed20000_sample1320 park_dominant_point_2007_adaptation: K=33 MSE=9.051192497268128e-05 time=46.5 ms ok
[16/73] Synthetic seed20000_sample1320 liang_feature_iki_2017_adaptation: K=36 MSE=9.863075369819954e-05 time=43.8 ms ok
[16/73] Synthetic seed20000_sample1320 dung_direct_knot_2017_adaptation: K=25 MSE=8.966778541837442e-05 time=508.2 ms ok
[16/73] Synthetic seed20000_sample1320 kang_sparse_2015_adaptation: K=32 MSE=9.618474703226663e-05 time=570.9 ms ok
[16/73] Synthetic seed20000_sample1320 luo_linf_de_2022_adaptation: K=37 MSE=9.054718212797752e-05 time=3002.6 ms ok
[17/73] Synthetic seed20000_sample2260 ours: K=31 MSE=0.00011080445311455193 time=8.4 ms ok
[17/73] Synthetic seed20000_sample2260 ours_verified: K=51 MSE=7.994462310174587e-05 time=23.5 ms ok
[17/73] Synthetic seed20000_sample2260 park_dominant_point_2007_adaptation: K=39 MSE=6.442771539086705e-05 time=68.3 ms ok
[17/73] Synthetic seed20000_sample2260 liang_feature_iki_2017_adaptation: K=37 MSE=9.14814325681977e-05 time=45.0 ms ok
[17/73] Synthetic seed20000_sample2260 dung_direct_knot_2017_adaptation: K=26 MSE=8.7034036793833e-05 time=476.3 ms ok
[17/73] Synthetic seed20000_sample2260 kang_sparse_2015_adaptation: K=49 MSE=3.6917841073258985e-05 time=427.4 ms ok
[17/73] Synthetic seed20000_sample2260 luo_linf_de_2022_adaptation: K=38 MSE=8.301239991427908e-05 time=3174.5 ms ok
[18/73] Synthetic seed20000_sample1291 ours: K=43 MSE=2.9122728926874274e-05 time=8.4 ms ok
[18/73] Synthetic seed20000_sample1291 ours_verified: K=43 MSE=2.9122728926874274e-05 time=8.6 ms ok
[18/73] Synthetic seed20000_sample1291 park_dominant_point_2007_adaptation: K=30 MSE=9.525207613944999e-05 time=42.0 ms ok
[18/73] Synthetic seed20000_sample1291 liang_feature_iki_2017_adaptation: K=37 MSE=9.673360657938463e-05 time=44.7 ms ok
[18/73] Synthetic seed20000_sample1291 dung_direct_knot_2017_adaptation: K=26 MSE=9.960955748961998e-05 time=578.6 ms ok
[18/73] Synthetic seed20000_sample1291 kang_sparse_2015_adaptation: K=36 MSE=8.863390487225977e-05 time=588.0 ms ok
[18/73] Synthetic seed20000_sample1291 luo_linf_de_2022_adaptation: K=41 MSE=9.645154927398552e-05 time=2895.3 ms ok
[19/73] Synthetic seed20000_sample3840 ours: K=43 MSE=3.427096633857948e-05 time=8.4 ms ok
[19/73] Synthetic seed20000_sample3840 ours_verified: K=43 MSE=3.427096633857948e-05 time=8.7 ms ok
[19/73] Synthetic seed20000_sample3840 park_dominant_point_2007_adaptation: K=35 MSE=9.57540700718241e-05 time=50.1 ms ok
[19/73] Synthetic seed20000_sample3840 liang_feature_iki_2017_adaptation: K=36 MSE=9.78500240221119e-05 time=43.2 ms ok
[19/73] Synthetic seed20000_sample3840 dung_direct_knot_2017_adaptation: K=30 MSE=9.349210868154002e-05 time=600.8 ms ok
[19/73] Synthetic seed20000_sample3840 kang_sparse_2015_adaptation: K=37 MSE=9.579287390896881e-05 time=583.7 ms ok
[19/73] Synthetic seed20000_sample3840 luo_linf_de_2022_adaptation: K=37 MSE=9.066808208293242e-05 time=2924.6 ms ok
[20/73] Synthetic seed20000_sample2947 ours: K=45 MSE=2.2018552069732704e-05 time=8.5 ms ok
[20/73] Synthetic seed20000_sample2947 ours_verified: K=45 MSE=2.2018552069732704e-05 time=8.6 ms ok
[20/73] Synthetic seed20000_sample2947 park_dominant_point_2007_adaptation: K=32 MSE=8.949287466474631e-05 time=44.7 ms ok
[20/73] Synthetic seed20000_sample2947 liang_feature_iki_2017_adaptation: K=44 MSE=9.550619493521135e-05 time=55.1 ms ok
[20/73] Synthetic seed20000_sample2947 dung_direct_knot_2017_adaptation: K=36 MSE=9.05511392866442e-05 time=694.9 ms ok
[20/73] Synthetic seed20000_sample2947 kang_sparse_2015_adaptation: K=36 MSE=9.768107735218163e-05 time=577.6 ms ok
[20/73] Synthetic seed20000_sample2947 luo_linf_de_2022_adaptation: K=39 MSE=9.071516076520436e-05 time=2559.6 ms ok
[21/73] Synthetic seed20000_sample987 ours: K=41 MSE=3.3717102062723496e-05 time=8.4 ms ok
[21/73] Synthetic seed20000_sample987 ours_verified: K=41 MSE=3.3717102062723496e-05 time=8.7 ms ok
[21/73] Synthetic seed20000_sample987 park_dominant_point_2007_adaptation: K=35 MSE=9.729296607991252e-05 time=49.7 ms ok
[21/73] Synthetic seed20000_sample987 liang_feature_iki_2017_adaptation: K=41 MSE=9.242495212002839e-05 time=50.4 ms ok
[21/73] Synthetic seed20000_sample987 dung_direct_knot_2017_adaptation: K=29 MSE=9.841012684354745e-05 time=621.3 ms ok
[21/73] Synthetic seed20000_sample987 kang_sparse_2015_adaptation: K=38 MSE=8.494487473037906e-05 time=577.6 ms ok
[21/73] Synthetic seed20000_sample987 luo_linf_de_2022_adaptation: K=43 MSE=9.824518169728728e-05 time=2919.4 ms ok
[22/73] Synthetic seed20000_sample3596 ours: K=26 MSE=0.0023032783843265833 time=8.1 ms ok
[22/73] Synthetic seed20000_sample3596 ours_verified: K=62 MSE=8.587120185750501e-05 time=22.0 ms ok
[22/73] Synthetic seed20000_sample3596 park_dominant_point_2007_adaptation: K=35 MSE=9.711702179172317e-05 time=51.9 ms ok
[22/73] Synthetic seed20000_sample3596 liang_feature_iki_2017_adaptation: K=44 MSE=9.905354545859836e-05 time=55.0 ms ok
[22/73] Synthetic seed20000_sample3596 dung_direct_knot_2017_adaptation: K=36 MSE=9.583045602753543e-05 time=664.3 ms ok
[22/73] Synthetic seed20000_sample3596 kang_sparse_2015_adaptation: K=44 MSE=9.987487864918276e-05 time=569.7 ms ok
[22/73] Synthetic seed20000_sample3596 luo_linf_de_2022_adaptation: K=41 MSE=8.478078539829735e-05 time=2822.9 ms ok
[23/73] Synthetic seed20000_sample3284 ours: K=29 MSE=0.0010571597398852347 time=8.1 ms ok
[23/73] Synthetic seed20000_sample3284 ours_verified: K=54 MSE=7.291889998369096e-05 time=21.2 ms ok
[23/73] Synthetic seed20000_sample3284 park_dominant_point_2007_adaptation: K=34 MSE=9.589153256235997e-05 time=48.3 ms ok
[23/73] Synthetic seed20000_sample3284 liang_feature_iki_2017_adaptation: K=50 MSE=9.890688773875995e-05 time=64.9 ms ok
[23/73] Synthetic seed20000_sample3284 dung_direct_knot_2017_adaptation: K=33 MSE=9.397444042753116e-05 time=655.9 ms ok
[23/73] Synthetic seed20000_sample3284 kang_sparse_2015_adaptation: K=39 MSE=8.72646470235442e-05 time=422.7 ms ok
[23/73] Synthetic seed20000_sample3284 luo_linf_de_2022_adaptation: K=44 MSE=8.819993022180037e-05 time=2313.2 ms ok
[24/73] Synthetic seed20000_sample945 ours: K=47 MSE=3.620892477735961e-05 time=8.6 ms ok
[24/73] Synthetic seed20000_sample945 ours_verified: K=47 MSE=3.620892477735961e-05 time=8.7 ms ok
[24/73] Synthetic seed20000_sample945 park_dominant_point_2007_adaptation: K=37 MSE=9.981584581484597e-05 time=54.4 ms ok
[24/73] Synthetic seed20000_sample945 liang_feature_iki_2017_adaptation: K=47 MSE=9.624141921952833e-05 time=60.4 ms ok
[24/73] Synthetic seed20000_sample945 dung_direct_knot_2017_adaptation: K=39 MSE=9.791194517494564e-05 time=683.5 ms ok
[24/73] Synthetic seed20000_sample945 kang_sparse_2015_adaptation: K=55 MSE=7.375282630390252e-05 time=425.0 ms ok
[24/73] Synthetic seed20000_sample945 luo_linf_de_2022_adaptation: K=46 MSE=9.728739847859876e-05 time=2998.6 ms ok
[25/73] Synthetic seed20000_sample3497 ours: K=35 MSE=0.00038367799304521915 time=8.3 ms ok
[25/73] Synthetic seed20000_sample3497 ours_verified: K=60 MSE=4.528622143877428e-05 time=20.1 ms ok
[25/73] Synthetic seed20000_sample3497 park_dominant_point_2007_adaptation: K=34 MSE=8.683498102687115e-05 time=47.8 ms ok
[25/73] Synthetic seed20000_sample3497 liang_feature_iki_2017_adaptation: K=43 MSE=8.909924879109503e-05 time=53.6 ms ok
[25/73] Synthetic seed20000_sample3497 dung_direct_knot_2017_adaptation: K=40 MSE=9.202492487002017e-05 time=769.9 ms ok
[25/73] Synthetic seed20000_sample3497 kang_sparse_2015_adaptation: K=45 MSE=9.047383972282479e-05 time=608.0 ms ok
[25/73] Synthetic seed20000_sample3497 luo_linf_de_2022_adaptation: K=41 MSE=9.334541454994526e-05 time=2385.0 ms ok
[26/73] Synthetic seed20000_sample1030 ours: K=49 MSE=0.0007539585399578141 time=8.7 ms ok
[26/73] Synthetic seed20000_sample1030 ours_verified: K=58 MSE=9.527047114535067e-05 time=19.0 ms ok
[26/73] Synthetic seed20000_sample1030 park_dominant_point_2007_adaptation: K=31 MSE=8.56703165739529e-05 time=42.9 ms ok
[26/73] Synthetic seed20000_sample1030 liang_feature_iki_2017_adaptation: K=53 MSE=9.535533529290005e-05 time=70.0 ms ok
[26/73] Synthetic seed20000_sample1030 dung_direct_knot_2017_adaptation: K=36 MSE=9.430930288735995e-05 time=755.4 ms ok
[26/73] Synthetic seed20000_sample1030 kang_sparse_2015_adaptation: K=46 MSE=9.682481711857383e-05 time=622.3 ms ok
[26/73] Synthetic seed20000_sample1030 luo_linf_de_2022_adaptation: K=47 MSE=9.241349026487114e-05 time=2582.1 ms ok
[27/73] Synthetic seed20000_sample3246 ours: K=40 MSE=0.00020632909179470982 time=8.4 ms ok
[27/73] Synthetic seed20000_sample3246 ours_verified: K=60 MSE=6.006604386684527e-05 time=20.4 ms ok
[27/73] Synthetic seed20000_sample3246 park_dominant_point_2007_adaptation: K=37 MSE=9.607748182093139e-05 time=54.4 ms ok
[27/73] Synthetic seed20000_sample3246 liang_feature_iki_2017_adaptation: K=55 MSE=9.741795938109878e-05 time=73.4 ms ok
[27/73] Synthetic seed20000_sample3246 dung_direct_knot_2017_adaptation: K=45 MSE=9.507907431505512e-05 time=770.8 ms ok
[27/73] Synthetic seed20000_sample3246 kang_sparse_2015_adaptation: K=56 MSE=7.057777905040813e-05 time=424.9 ms ok
[27/73] Synthetic seed20000_sample3246 luo_linf_de_2022_adaptation: K=47 MSE=9.390399616699905e-05 time=2159.6 ms ok
[28/73] Synthetic seed20000_sample1537 ours: K=56 MSE=0.0002898313792517637 time=8.7 ms ok
[28/73] Synthetic seed20000_sample1537 ours_verified: K=59 MSE=8.842071131001866e-05 time=19.2 ms ok
[28/73] Synthetic seed20000_sample1537 park_dominant_point_2007_adaptation: K=38 MSE=9.799887279343004e-05 time=56.6 ms ok
[28/73] Synthetic seed20000_sample1537 liang_feature_iki_2017_adaptation: K=54 MSE=9.954472882067672e-05 time=71.3 ms ok
[28/73] Synthetic seed20000_sample1537 dung_direct_knot_2017_adaptation: K=45 MSE=9.231945109352487e-05 time=814.8 ms ok
[28/73] Synthetic seed20000_sample1537 kang_sparse_2015_adaptation: K=50 MSE=9.66264951301504e-05 time=630.3 ms ok
[28/73] Synthetic seed20000_sample1537 luo_linf_de_2022_adaptation: K=51 MSE=9.810601511989598e-05 time=1988.8 ms ok
[29/73] Synthetic seed20000_sample679 ours: K=59 MSE=2.312544215913599e-05 time=8.6 ms ok
[29/73] Synthetic seed20000_sample679 ours_verified: K=59 MSE=2.312544215913599e-05 time=8.8 ms ok
[29/73] Synthetic seed20000_sample679 park_dominant_point_2007_adaptation: K=40 MSE=9.890833517656158e-05 time=60.2 ms ok
[29/73] Synthetic seed20000_sample679 liang_feature_iki_2017_adaptation: K=56 MSE=8.796950963179718e-05 time=74.9 ms ok
[29/73] Synthetic seed20000_sample679 dung_direct_knot_2017_adaptation: K=45 MSE=9.438891166857576e-05 time=880.9 ms ok
[29/73] Synthetic seed20000_sample679 kang_sparse_2015_adaptation: K=52 MSE=9.950376895669312e-05 time=655.8 ms ok
[29/73] Synthetic seed20000_sample679 luo_linf_de_2022_adaptation: K=49 MSE=9.86251149315391e-05 time=1916.9 ms ok
[30/73] Synthetic seed20000_sample2219 ours: K=52 MSE=5.381181579587851e-05 time=8.5 ms ok
[30/73] Synthetic seed20000_sample2219 ours_verified: K=52 MSE=5.381181579587851e-05 time=8.6 ms ok
[30/73] Synthetic seed20000_sample2219 park_dominant_point_2007_adaptation: K=38 MSE=9.916887893441906e-05 time=56.1 ms ok
[30/73] Synthetic seed20000_sample2219 liang_feature_iki_2017_adaptation: K=54 MSE=9.07300113560657e-05 time=72.1 ms ok
[30/73] Synthetic seed20000_sample2219 dung_direct_knot_2017_adaptation: K=47 MSE=9.185097617074997e-05 time=786.7 ms ok
[30/73] Synthetic seed20000_sample2219 kang_sparse_2015_adaptation: K=56 MSE=9.353688105846003e-05 time=427.5 ms ok
[30/73] Synthetic seed20000_sample2219 luo_linf_de_2022_adaptation: K=49 MSE=9.718021671643548e-05 time=2007.0 ms ok
[31/73] Synthetic seed20000_sample911 ours: K=43 MSE=0.00013202369031308157 time=8.3 ms ok
[31/73] Synthetic seed20000_sample911 ours_verified: K=60 MSE=6.594321633166656e-05 time=20.8 ms ok
[31/73] Synthetic seed20000_sample911 park_dominant_point_2007_adaptation: K=40 MSE=9.305104346778014e-05 time=60.7 ms ok
[31/73] Synthetic seed20000_sample911 liang_feature_iki_2017_adaptation: K=56 MSE=0.00013399510490088123 time=74.8 ms ok
[31/73] Synthetic seed20000_sample911 dung_direct_knot_2017_adaptation: K=42 MSE=9.674227341445983e-05 time=844.0 ms ok
[31/73] Synthetic seed20000_sample911 kang_sparse_2015_adaptation: K=54 MSE=9.580875040807845e-05 time=509.2 ms ok
[31/73] Synthetic seed20000_sample911 luo_linf_de_2022_adaptation: K=52 MSE=9.972775215541148e-05 time=1932.4 ms ok
[32/73] Synthetic seed20000_sample1958 ours: K=56 MSE=0.0005599128857042473 time=8.6 ms ok
[32/73] Synthetic seed20000_sample1958 ours_verified: K=59 MSE=7.81518808311116e-05 time=19.3 ms ok
[32/73] Synthetic seed20000_sample1958 park_dominant_point_2007_adaptation: K=48 MSE=9.825343008767731e-05 time=77.6 ms ok
[32/73] Synthetic seed20000_sample1958 liang_feature_iki_2017_adaptation: K=56 MSE=0.00014620280546104439 time=74.9 ms ok
[32/73] Synthetic seed20000_sample1958 dung_direct_knot_2017_adaptation: K=52 MSE=9.76512395474564e-05 time=880.8 ms ok
[32/73] Synthetic seed20000_sample1958 kang_sparse_2015_adaptation: K=56 MSE=0.00013921566516213635 time=118.3 ms ok
[32/73] Synthetic seed20000_sample1958 luo_linf_de_2022_adaptation: K=56 MSE=0.00013381799265595626 time=877.3 ms ok
[33/73] Synthetic seed20000_sample2283 ours: K=55 MSE=0.00024892743794628413 time=8.6 ms ok
[33/73] Synthetic seed20000_sample2283 ours_verified: K=62 MSE=8.213662454573876e-05 time=19.3 ms ok
[33/73] Synthetic seed20000_sample2283 park_dominant_point_2007_adaptation: K=40 MSE=9.451326929982533e-05 time=59.4 ms ok
[33/73] Synthetic seed20000_sample2283 liang_feature_iki_2017_adaptation: K=56 MSE=0.0001294657811785077 time=75.5 ms ok
[33/73] Synthetic seed20000_sample2283 dung_direct_knot_2017_adaptation: K=51 MSE=9.849025773576226e-05 time=862.1 ms ok
[33/73] Synthetic seed20000_sample2283 kang_sparse_2015_adaptation: K=55 MSE=9.640731360511692e-05 time=427.2 ms ok
[33/73] Synthetic seed20000_sample2283 luo_linf_de_2022_adaptation: K=54 MSE=9.592855043719395e-05 time=2850.4 ms ok
[34/73] Synthetic seed20000_sample868 ours: K=60 MSE=0.00017050928367391889 time=8.7 ms ok
[34/73] Synthetic seed20000_sample868 ours_verified: K=63 MSE=8.233090566439438e-05 time=19.5 ms ok
[34/73] Synthetic seed20000_sample868 park_dominant_point_2007_adaptation: K=41 MSE=8.869524448928627e-05 time=61.1 ms ok
[34/73] Synthetic seed20000_sample868 liang_feature_iki_2017_adaptation: K=56 MSE=0.00017723106364971107 time=75.6 ms ok
[34/73] Synthetic seed20000_sample868 dung_direct_knot_2017_adaptation: K=48 MSE=9.599859979291252e-05 time=941.5 ms ok
[34/73] Synthetic seed20000_sample868 kang_sparse_2015_adaptation: K=56 MSE=0.00010377124837737949 time=43.4 ms ok
[34/73] Synthetic seed20000_sample868 luo_linf_de_2022_adaptation: K=56 MSE=0.00010377124837737949 time=873.6 ms ok
[35/73] Synthetic seed20000_sample1786 ours: K=56 MSE=0.0007095954343959342 time=8.6 ms ok
[35/73] Synthetic seed20000_sample1786 ours_verified: K=63 MSE=5.185546298286998e-05 time=19.6 ms ok
[35/73] Synthetic seed20000_sample1786 park_dominant_point_2007_adaptation: K=42 MSE=9.853955147503815e-05 time=62.2 ms ok
[35/73] Synthetic seed20000_sample1786 liang_feature_iki_2017_adaptation: K=56 MSE=0.00018152101322720094 time=74.9 ms ok
[35/73] Synthetic seed20000_sample1786 dung_direct_knot_2017_adaptation: K=46 MSE=9.666433812821672e-05 time=901.6 ms ok
[35/73] Synthetic seed20000_sample1786 kang_sparse_2015_adaptation: K=56 MSE=0.00012579845397324654 time=252.0 ms ok
[35/73] Synthetic seed20000_sample1786 luo_linf_de_2022_adaptation: K=56 MSE=0.0001256159850243831 time=875.5 ms ok
[36/73] Synthetic seed20000_sample3362 ours: K=61 MSE=0.00015293621200687145 time=8.6 ms ok
[36/73] Synthetic seed20000_sample3362 ours_verified: K=64 MSE=9.7045772501278e-05 time=18.0 ms ok
[36/73] Synthetic seed20000_sample3362 park_dominant_point_2007_adaptation: K=46 MSE=9.845871615915302e-05 time=71.1 ms ok
[36/73] Synthetic seed20000_sample3362 liang_feature_iki_2017_adaptation: K=56 MSE=0.0001771001956846312 time=75.0 ms ok
[36/73] Synthetic seed20000_sample3362 dung_direct_knot_2017_adaptation: K=56 MSE=9.611642604383773e-05 time=928.1 ms ok
[36/73] Synthetic seed20000_sample3362 kang_sparse_2015_adaptation: K=56 MSE=0.00016951506455445834 time=267.8 ms ok
[36/73] Synthetic seed20000_sample3362 luo_linf_de_2022_adaptation: K=56 MSE=0.00016856800570877296 time=877.9 ms ok
[37/73] Synthetic seed20000_sample176 ours: K=62 MSE=0.00017351368852541767 time=8.8 ms ok
[37/73] Synthetic seed20000_sample176 ours_verified: K=66 MSE=9.868032847825065e-05 time=19.8 ms ok
[37/73] Synthetic seed20000_sample176 park_dominant_point_2007_adaptation: K=47 MSE=9.590384599879917e-05 time=73.8 ms ok
[37/73] Synthetic seed20000_sample176 liang_feature_iki_2017_adaptation: K=56 MSE=0.000382121456765531 time=75.5 ms ok
[37/73] Synthetic seed20000_sample176 dung_direct_knot_2017_adaptation: K=56 MSE=0.00010692949720328914 time=970.0 ms ok
[37/73] Synthetic seed20000_sample176 kang_sparse_2015_adaptation: K=56 MSE=0.000290390655897004 time=34.0 ms ok
[37/73] Synthetic seed20000_sample176 luo_linf_de_2022_adaptation: K=56 MSE=0.00024505149206081823 time=873.1 ms ok
[38/73] Synthetic seed20000_sample3954 ours: K=62 MSE=0.0001743113914707225 time=8.7 ms ok
[38/73] Synthetic seed20000_sample3954 ours_verified: K=66 MSE=8.014224352693072e-05 time=19.8 ms ok
[38/73] Synthetic seed20000_sample3954 park_dominant_point_2007_adaptation: K=50 MSE=9.810342775699815e-05 time=80.6 ms ok
[38/73] Synthetic seed20000_sample3954 liang_feature_iki_2017_adaptation: K=56 MSE=0.0003783495856014812 time=75.6 ms ok
[38/73] Synthetic seed20000_sample3954 dung_direct_knot_2017_adaptation: K=56 MSE=0.00013331092724553774 time=997.3 ms ok
[38/73] Synthetic seed20000_sample3954 kang_sparse_2015_adaptation: K=56 MSE=0.0002649522235502494 time=28.6 ms ok
[38/73] Synthetic seed20000_sample3954 luo_linf_de_2022_adaptation: K=56 MSE=0.0002505339488191528 time=875.0 ms ok
[39/73] Synthetic seed20000_sample2706 ours: K=61 MSE=0.0005245419177410158 time=8.8 ms ok
[39/73] Synthetic seed20000_sample2706 ours_verified: K=64 MSE=5.1944177252555335e-05 time=18.4 ms ok
[39/73] Synthetic seed20000_sample2706 park_dominant_point_2007_adaptation: K=47 MSE=9.97688317944519e-05 time=72.3 ms ok
[39/73] Synthetic seed20000_sample2706 liang_feature_iki_2017_adaptation: K=56 MSE=0.0002440729387214924 time=75.8 ms ok
[39/73] Synthetic seed20000_sample2706 dung_direct_knot_2017_adaptation: K=56 MSE=8.998625940928315e-05 time=1021.7 ms ok
[39/73] Synthetic seed20000_sample2706 kang_sparse_2015_adaptation: K=56 MSE=0.0002480090169434522 time=29.3 ms ok
[39/73] Synthetic seed20000_sample2706 luo_linf_de_2022_adaptation: K=56 MSE=0.00024769762407580835 time=871.8 ms ok
[40/73] Synthetic seed20000_sample1567 ours: K=54 MSE=0.0013653553021659827 time=8.5 ms ok
[40/73] Synthetic seed20000_sample1567 ours_verified: K=67 MSE=4.63919037870681e-05 time=19.6 ms ok
[40/73] Synthetic seed20000_sample1567 park_dominant_point_2007_adaptation: K=45 MSE=9.69730527274661e-05 time=68.2 ms ok
[40/73] Synthetic seed20000_sample1567 liang_feature_iki_2017_adaptation: K=56 MSE=0.00025487527782567165 time=75.6 ms ok
[40/73] Synthetic seed20000_sample1567 dung_direct_knot_2017_adaptation: K=56 MSE=0.0001317098499555494 time=981.1 ms ok
[40/73] Synthetic seed20000_sample1567 kang_sparse_2015_adaptation: K=56 MSE=0.00026694692468960077 time=26.3 ms ok
[40/73] Synthetic seed20000_sample1567 luo_linf_de_2022_adaptation: K=55 MSE=0.0002647731586562876 time=874.8 ms ok
[41/73] Synthetic seed20000_sample2651 ours: K=55 MSE=0.001169773967341175 time=8.6 ms ok
[41/73] Synthetic seed20000_sample2651 ours_verified: K=68 MSE=2.5005282855400552e-05 time=19.7 ms ok
[41/73] Synthetic seed20000_sample2651 park_dominant_point_2007_adaptation: K=52 MSE=9.850284737302868e-05 time=84.4 ms ok
[41/73] Synthetic seed20000_sample2651 liang_feature_iki_2017_adaptation: K=56 MSE=0.00035839569984355595 time=75.4 ms ok
[41/73] Synthetic seed20000_sample2651 dung_direct_knot_2017_adaptation: K=56 MSE=0.000129624202218934 time=1028.6 ms ok
[41/73] Synthetic seed20000_sample2651 kang_sparse_2015_adaptation: K=56 MSE=0.00044275946118999915 time=26.2 ms ok
[41/73] Synthetic seed20000_sample2651 luo_linf_de_2022_adaptation: K=56 MSE=0.00042945740893536214 time=871.4 ms ok
[42/73] Synthetic seed20000_sample534 ours: K=62 MSE=0.0002149663877627496 time=8.5 ms ok
[42/73] Synthetic seed20000_sample534 ours_verified: K=67 MSE=6.903573450493703e-05 time=19.9 ms ok
[42/73] Synthetic seed20000_sample534 park_dominant_point_2007_adaptation: K=52 MSE=9.879985625755096e-05 time=84.1 ms ok
[42/73] Synthetic seed20000_sample534 liang_feature_iki_2017_adaptation: K=56 MSE=0.0002774997269350159 time=75.5 ms ok
[42/73] Synthetic seed20000_sample534 dung_direct_knot_2017_adaptation: K=56 MSE=0.0001376898338188591 time=992.1 ms ok
[42/73] Synthetic seed20000_sample534 kang_sparse_2015_adaptation: K=56 MSE=0.00031070575751314394 time=30.9 ms ok
[42/73] Synthetic seed20000_sample534 luo_linf_de_2022_adaptation: K=56 MSE=0.00030994941085824143 time=878.0 ms ok
[43/73] Synthetic seed20000_sample3779 ours: K=61 MSE=0.00022136119344704118 time=8.6 ms ok
[43/73] Synthetic seed20000_sample3779 ours_verified: K=70 MSE=2.9766246536310043e-05 time=18.4 ms ok
[43/73] Synthetic seed20000_sample3779 park_dominant_point_2007_adaptation: K=53 MSE=9.798886003955938e-05 time=86.8 ms ok
[43/73] Synthetic seed20000_sample3779 liang_feature_iki_2017_adaptation: K=56 MSE=0.0003731231161090056 time=75.1 ms ok
[43/73] Synthetic seed20000_sample3779 dung_direct_knot_2017_adaptation: K=56 MSE=0.00016859930087447395 time=995.6 ms ok
[43/73] Synthetic seed20000_sample3779 kang_sparse_2015_adaptation: K=56 MSE=0.0006400335790371453 time=72.1 ms ok
[43/73] Synthetic seed20000_sample3779 luo_linf_de_2022_adaptation: K=56 MSE=0.0005619802332587253 time=871.3 ms ok
[44/73] Synthetic seed20000_sample2530 ours: K=61 MSE=0.0007691266290083 time=8.7 ms ok
[44/73] Synthetic seed20000_sample2530 ours_verified: K=68 MSE=5.728486622089419e-05 time=20.1 ms ok
[44/73] Synthetic seed20000_sample2530 park_dominant_point_2007_adaptation: K=56 MSE=9.961561647269468e-05 time=93.6 ms ok
[44/73] Synthetic seed20000_sample2530 liang_feature_iki_2017_adaptation: K=56 MSE=0.0004319872576530229 time=75.3 ms ok
[44/73] Synthetic seed20000_sample2530 dung_direct_knot_2017_adaptation: K=56 MSE=0.00019224401277717176 time=1034.9 ms ok
[44/73] Synthetic seed20000_sample2530 kang_sparse_2015_adaptation: K=56 MSE=0.0006428195349321309 time=26.1 ms ok
[44/73] Synthetic seed20000_sample2530 luo_linf_de_2022_adaptation: K=56 MSE=0.0005302084836977409 time=881.6 ms ok
[45/73] Synthetic seed20000_sample1674 ours: K=62 MSE=0.0007378113729015749 time=8.6 ms ok
[45/73] Synthetic seed20000_sample1674 ours_verified: K=70 MSE=3.580154455913154e-05 time=18.2 ms ok
[45/73] Synthetic seed20000_sample1674 park_dominant_point_2007_adaptation: K=53 MSE=9.436599254105744e-05 time=85.6 ms ok
[45/73] Synthetic seed20000_sample1674 liang_feature_iki_2017_adaptation: K=56 MSE=0.00037995626772054444 time=75.7 ms ok
[45/73] Synthetic seed20000_sample1674 dung_direct_knot_2017_adaptation: K=56 MSE=0.00015074428911091098 time=1067.1 ms ok
[45/73] Synthetic seed20000_sample1674 kang_sparse_2015_adaptation: K=56 MSE=0.0006412746951507688 time=24.9 ms ok
[45/73] Synthetic seed20000_sample1674 luo_linf_de_2022_adaptation: K=56 MSE=0.0006277770754045095 time=877.3 ms ok
[46/73] Synthetic seed20000_sample1391 ours: K=61 MSE=0.0005881470600201814 time=8.8 ms ok
[46/73] Synthetic seed20000_sample1391 ours_verified: K=69 MSE=7.389518662584722e-05 time=20.1 ms ok
[46/73] Synthetic seed20000_sample1391 park_dominant_point_2007_adaptation: K=52 MSE=9.863082254231961e-05 time=82.5 ms ok
[46/73] Synthetic seed20000_sample1391 liang_feature_iki_2017_adaptation: K=56 MSE=0.0004428752716718537 time=74.9 ms ok
[46/73] Synthetic seed20000_sample1391 dung_direct_knot_2017_adaptation: K=56 MSE=0.0002933376689414936 time=1054.4 ms ok
[46/73] Synthetic seed20000_sample1391 kang_sparse_2015_adaptation: K=56 MSE=0.000772342375025866 time=240.6 ms ok
[46/73] Synthetic seed20000_sample1391 luo_linf_de_2022_adaptation: K=56 MSE=0.0007575002382757295 time=875.3 ms ok
[47/73] Synthetic seed20000_sample4041 ours: K=61 MSE=0.0010185335518748718 time=8.6 ms ok
[47/73] Synthetic seed20000_sample4041 ours_verified: K=70 MSE=6.0538202535617084e-05 time=18.2 ms ok
[47/73] Synthetic seed20000_sample4041 park_dominant_point_2007_adaptation: K=56 MSE=0.00010498535231682147 time=92.2 ms ok
[47/73] Synthetic seed20000_sample4041 liang_feature_iki_2017_adaptation: K=56 MSE=0.0005185301516348511 time=75.3 ms ok
[47/73] Synthetic seed20000_sample4041 dung_direct_knot_2017_adaptation: K=56 MSE=0.0002651320198999764 time=965.8 ms ok
[47/73] Synthetic seed20000_sample4041 kang_sparse_2015_adaptation: K=56 MSE=0.0007070501689281254 time=117.6 ms ok
[47/73] Synthetic seed20000_sample4041 luo_linf_de_2022_adaptation: K=56 MSE=0.0006327481371416787 time=875.9 ms ok
[48/73] Synthetic seed20000_sample1031 ours: K=59 MSE=0.0008503218978260538 time=8.5 ms ok
[48/73] Synthetic seed20000_sample1031 ours_verified: K=71 MSE=4.394013467558038e-05 time=20.0 ms ok
[48/73] Synthetic seed20000_sample1031 park_dominant_point_2007_adaptation: K=56 MSE=0.00011162872359750695 time=91.7 ms ok
[48/73] Synthetic seed20000_sample1031 liang_feature_iki_2017_adaptation: K=56 MSE=0.000687403391271235 time=75.5 ms ok
[48/73] Synthetic seed20000_sample1031 dung_direct_knot_2017_adaptation: K=56 MSE=0.0003510831375088432 time=1056.8 ms ok
[48/73] Synthetic seed20000_sample1031 kang_sparse_2015_adaptation: K=56 MSE=0.0010958194486500438 time=38.6 ms ok
[48/73] Synthetic seed20000_sample1031 luo_linf_de_2022_adaptation: K=56 MSE=0.0010958194486500438 time=875.1 ms ok
[49/73] Synthetic seed20000_sample1079 ours: K=67 MSE=0.00033987347931957907 time=8.7 ms ok
[49/73] Synthetic seed20000_sample1079 ours_verified: K=71 MSE=2.7440586463555756e-05 time=18.6 ms ok
[49/73] Synthetic seed20000_sample1079 park_dominant_point_2007_adaptation: K=56 MSE=9.86031839551197e-05 time=91.2 ms ok
[49/73] Synthetic seed20000_sample1079 liang_feature_iki_2017_adaptation: K=56 MSE=0.0007982586461610747 time=75.6 ms ok
[49/73] Synthetic seed20000_sample1079 dung_direct_knot_2017_adaptation: K=56 MSE=0.0003688662986568762 time=955.3 ms ok
[49/73] Synthetic seed20000_sample1079 kang_sparse_2015_adaptation: K=56 MSE=0.0011295853160037713 time=24.5 ms ok
[49/73] Synthetic seed20000_sample1079 luo_linf_de_2022_adaptation: K=56 MSE=0.0010903705876269714 time=878.8 ms ok
[50/73] Synthetic seed20000_sample664 ours: K=66 MSE=0.0004933406987986275 time=8.7 ms ok
[50/73] Synthetic seed20000_sample664 ours_verified: K=70 MSE=7.320929500599317e-05 time=16.7 ms ok
[50/73] Synthetic seed20000_sample664 park_dominant_point_2007_adaptation: K=56 MSE=0.00011886929385892972 time=91.5 ms ok
[50/73] Synthetic seed20000_sample664 liang_feature_iki_2017_adaptation: K=56 MSE=0.0007502887988426245 time=75.1 ms ok
[50/73] Synthetic seed20000_sample664 dung_direct_knot_2017_adaptation: K=56 MSE=0.0003072694543522656 time=1048.0 ms ok
[50/73] Synthetic seed20000_sample664 kang_sparse_2015_adaptation: K=56 MSE=0.0018700624682478342 time=93.6 ms ok
[50/73] Synthetic seed20000_sample664 luo_linf_de_2022_adaptation: K=56 MSE=0.0017330521126530812 time=876.1 ms ok
[51/73] Synthetic seed20000_sample3554 ours: K=66 MSE=0.0004672740999736405 time=8.9 ms ok
[51/73] Synthetic seed20000_sample3554 ours_verified: K=70 MSE=7.629750393950414e-05 time=16.8 ms ok
[51/73] Synthetic seed20000_sample3554 park_dominant_point_2007_adaptation: K=56 MSE=0.00010602525699820514 time=90.6 ms ok
[51/73] Synthetic seed20000_sample3554 liang_feature_iki_2017_adaptation: K=56 MSE=0.001024889152162375 time=75.0 ms ok
[51/73] Synthetic seed20000_sample3554 dung_direct_knot_2017_adaptation: K=56 MSE=0.0003435867095849569 time=1090.1 ms ok
[51/73] Synthetic seed20000_sample3554 kang_sparse_2015_adaptation: K=56 MSE=0.0012652196517144035 time=44.7 ms ok
[51/73] Synthetic seed20000_sample3554 luo_linf_de_2022_adaptation: K=56 MSE=0.0009639354179613314 time=875.3 ms ok
[52/73] Synthetic seed20000_sample695 ours: K=56 MSE=0.0017269684055973204 time=8.6 ms ok
[52/73] Synthetic seed20000_sample695 ours_verified: K=72 MSE=0.00010891490728040027 time=21.7 ms ok
[52/73] Synthetic seed20000_sample695 park_dominant_point_2007_adaptation: K=56 MSE=0.00015382582958664437 time=90.7 ms ok
[52/73] Synthetic seed20000_sample695 liang_feature_iki_2017_adaptation: K=56 MSE=0.0011078993530189054 time=75.5 ms ok
[52/73] Synthetic seed20000_sample695 dung_direct_knot_2017_adaptation: K=56 MSE=0.0003962304340873327 time=1092.7 ms ok
[52/73] Synthetic seed20000_sample695 kang_sparse_2015_adaptation: K=56 MSE=0.0014502024335225686 time=24.7 ms ok
[52/73] Synthetic seed20000_sample695 luo_linf_de_2022_adaptation: K=56 MSE=0.0012121132186312016 time=879.6 ms ok
[53/73] Synthetic seed20000_sample849 ours: K=55 MSE=0.0018708660998267377 time=8.5 ms ok
[53/73] Synthetic seed20000_sample849 ours_verified: K=71 MSE=7.191740686570944e-05 time=21.8 ms ok
[53/73] Synthetic seed20000_sample849 park_dominant_point_2007_adaptation: K=56 MSE=0.00011609043922680981 time=90.0 ms ok
[53/73] Synthetic seed20000_sample849 liang_feature_iki_2017_adaptation: K=56 MSE=0.0011083138578722271 time=75.8 ms ok
[53/73] Synthetic seed20000_sample849 dung_direct_knot_2017_adaptation: K=56 MSE=0.00040581702840063687 time=1081.1 ms ok
[53/73] Synthetic seed20000_sample849 kang_sparse_2015_adaptation: K=56 MSE=0.00302708762684197 time=26.8 ms ok
[53/73] Synthetic seed20000_sample849 luo_linf_de_2022_adaptation: K=56 MSE=0.0027609855572022974 time=883.2 ms ok
[54/73] UJI uji2_07539_stroke_00 ours: K=23 MSE=8.673971073192569e-05 time=8.2 ms ok
[54/73] UJI uji2_07539_stroke_00 ours_verified: K=23 MSE=8.673971073192569e-05 time=8.4 ms ok
[54/73] UJI uji2_07539_stroke_00 park_dominant_point_2007_adaptation: K=3 MSE=7.494505093740304e-05 time=5.4 ms ok
[54/73] UJI uji2_07539_stroke_00 liang_feature_iki_2017_adaptation: K=4 MSE=4.60402604068567e-05 time=4.7 ms ok
[54/73] UJI uji2_07539_stroke_00 dung_direct_knot_2017_adaptation: K=5 MSE=5.228074396949878e-05 time=85.6 ms ok
[54/73] UJI uji2_07539_stroke_00 kang_sparse_2015_adaptation: K=50 MSE=8.893412242057216e-07 time=1116.8 ms ok
[54/73] UJI uji2_07539_stroke_00 luo_linf_de_2022_adaptation: K=3 MSE=6.228501044185108e-05 time=2576.7 ms ok
[55/73] UJI uji2_08691_stroke_00 ours: K=54 MSE=2.743517311035008e-06 time=8.5 ms ok
[55/73] UJI uji2_08691_stroke_00 ours_verified: K=54 MSE=2.743517311035008e-06 time=8.7 ms ok
[55/73] UJI uji2_08691_stroke_00 park_dominant_point_2007_adaptation: K=10 MSE=9.830056202842975e-05 time=13.1 ms ok
[55/73] UJI uji2_08691_stroke_00 liang_feature_iki_2017_adaptation: K=7 MSE=8.81557398904792e-05 time=7.8 ms ok
[55/73] UJI uji2_08691_stroke_00 dung_direct_knot_2017_adaptation: K=8 MSE=3.231980976086308e-05 time=125.7 ms ok
[55/73] UJI uji2_08691_stroke_00 kang_sparse_2015_adaptation: K=14 MSE=3.910054663936524e-05 time=952.4 ms ok
[55/73] UJI uji2_08691_stroke_00 luo_linf_de_2022_adaptation: K=8 MSE=6.412255101761579e-05 time=2622.0 ms ok
[56/73] UJI uji2_05687_stroke_00 ours: K=4 MSE=0.001830466204903473 time=7.8 ms ok
[56/73] UJI uji2_05687_stroke_00 ours_verified: K=27 MSE=9.8492880837813e-05 time=18.6 ms ok
[56/73] UJI uji2_05687_stroke_00 park_dominant_point_2007_adaptation: K=14 MSE=6.33348735672967e-05 time=17.7 ms ok
[56/73] UJI uji2_05687_stroke_00 liang_feature_iki_2017_adaptation: K=10 MSE=8.715031932080392e-05 time=10.9 ms ok
[56/73] UJI uji2_05687_stroke_00 dung_direct_knot_2017_adaptation: K=10 MSE=4.1906649387440965e-05 time=161.3 ms ok
[56/73] UJI uji2_05687_stroke_00 kang_sparse_2015_adaptation: K=11 MSE=6.200597126370886e-05 time=1038.3 ms ok
[56/73] UJI uji2_05687_stroke_00 luo_linf_de_2022_adaptation: K=10 MSE=5.051431843466883e-05 time=2539.2 ms ok
[57/73] UJI uji2_09129_stroke_00 ours: K=40 MSE=8.800007487194013e-06 time=8.4 ms ok
[57/73] UJI uji2_09129_stroke_00 ours_verified: K=40 MSE=8.800007487194013e-06 time=8.6 ms ok
[57/73] UJI uji2_09129_stroke_00 park_dominant_point_2007_adaptation: K=20 MSE=6.365499241014322e-05 time=25.5 ms ok
[57/73] UJI uji2_09129_stroke_00 liang_feature_iki_2017_adaptation: K=14 MSE=8.054943511999837e-05 time=15.3 ms ok
[57/73] UJI uji2_09129_stroke_00 dung_direct_knot_2017_adaptation: K=8 MSE=7.825724366698849e-05 time=122.2 ms ok
[57/73] UJI uji2_09129_stroke_00 kang_sparse_2015_adaptation: K=21 MSE=2.565524135760054e-05 time=879.8 ms ok
[57/73] UJI uji2_09129_stroke_00 luo_linf_de_2022_adaptation: K=8 MSE=9.824498691768007e-05 time=2497.5 ms ok
[58/73] UJI uji2_02841_stroke_01 ours: K=32 MSE=5.425110422733853e-06 time=8.3 ms ok
[58/73] UJI uji2_02841_stroke_01 ours_verified: K=32 MSE=5.425110422733853e-06 time=8.4 ms ok
[58/73] UJI uji2_02841_stroke_01 park_dominant_point_2007_adaptation: K=1 MSE=8.595682365690345e-05 time=3.4 ms ok
[58/73] UJI uji2_02841_stroke_01 liang_feature_iki_2017_adaptation: K=4 MSE=2.1914255555990046e-05 time=4.7 ms ok
[58/73] UJI uji2_02841_stroke_01 dung_direct_knot_2017_adaptation: K=2 MSE=2.854372030392831e-05 time=56.4 ms ok
[58/73] UJI uji2_02841_stroke_01 kang_sparse_2015_adaptation: K=54 MSE=6.642504442629065e-08 time=756.0 ms ok
[58/73] UJI uji2_02841_stroke_01 luo_linf_de_2022_adaptation: K=6 MSE=1.1771321336459943e-05 time=2775.8 ms ok
[59/73] NaturalEarth natural_earth_10m_coastline_625e1d04cc46_w000_625e1d04 ours: K=51 MSE=0.0001487971022951075 time=8.5 ms ok
[59/73] NaturalEarth natural_earth_10m_coastline_625e1d04cc46_w000_625e1d04 ours_verified: K=56 MSE=3.788854546970925e-05 time=20.5 ms ok
[59/73] NaturalEarth natural_earth_10m_coastline_625e1d04cc46_w000_625e1d04 park_dominant_point_2007_adaptation: K=20 MSE=8.089461493224452e-05 time=34.0 ms ok
[59/73] NaturalEarth natural_earth_10m_coastline_625e1d04cc46_w000_625e1d04 liang_feature_iki_2017_adaptation: K=19 MSE=9.305296224436615e-05 time=20.9 ms ok
[59/73] NaturalEarth natural_earth_10m_coastline_625e1d04cc46_w000_625e1d04 dung_direct_knot_2017_adaptation: K=14 MSE=9.100653995299937e-05 time=270.5 ms ok
[59/73] NaturalEarth natural_earth_10m_coastline_625e1d04cc46_w000_625e1d04 kang_sparse_2015_adaptation: K=31 MSE=3.334493784373006e-05 time=808.1 ms ok
[59/73] NaturalEarth natural_earth_10m_coastline_625e1d04cc46_w000_625e1d04 luo_linf_de_2022_adaptation: K=17 MSE=7.734551410356835e-05 time=2660.8 ms ok
[60/73] NaturalEarth natural_earth_10m_coastline_fc0054f439fb_w000_fc0054f4 ours: K=56 MSE=8.790696302633982e-06 time=8.5 ms ok
[60/73] NaturalEarth natural_earth_10m_coastline_fc0054f439fb_w000_fc0054f4 ours_verified: K=56 MSE=8.790696302633982e-06 time=8.8 ms ok
[60/73] NaturalEarth natural_earth_10m_coastline_fc0054f439fb_w000_fc0054f4 park_dominant_point_2007_adaptation: K=15 MSE=4.2341309451365235e-05 time=21.1 ms ok
[60/73] NaturalEarth natural_earth_10m_coastline_fc0054f439fb_w000_fc0054f4 liang_feature_iki_2017_adaptation: K=13 MSE=7.045690214214838e-05 time=14.1 ms ok
[60/73] NaturalEarth natural_earth_10m_coastline_fc0054f439fb_w000_fc0054f4 dung_direct_knot_2017_adaptation: K=12 MSE=5.3105110574083724e-05 time=240.8 ms ok
[60/73] NaturalEarth natural_earth_10m_coastline_fc0054f439fb_w000_fc0054f4 kang_sparse_2015_adaptation: K=13 MSE=8.222809953336605e-05 time=1034.0 ms ok
[60/73] NaturalEarth natural_earth_10m_coastline_fc0054f439fb_w000_fc0054f4 luo_linf_de_2022_adaptation: K=13 MSE=9.472624674912676e-05 time=2693.8 ms ok
[61/73] NaturalEarth natural_earth_10m_coastline_9689932c41e1_w000_9689932c ours: K=10 MSE=0.0009926502060043127 time=7.8 ms ok
[61/73] NaturalEarth natural_earth_10m_coastline_9689932c41e1_w000_9689932c ours_verified: K=31 MSE=7.191347312929007e-05 time=19.0 ms ok
[61/73] NaturalEarth natural_earth_10m_coastline_9689932c41e1_w000_9689932c park_dominant_point_2007_adaptation: K=10 MSE=9.226561180015596e-05 time=13.0 ms ok
[61/73] NaturalEarth natural_earth_10m_coastline_9689932c41e1_w000_9689932c liang_feature_iki_2017_adaptation: K=11 MSE=9.106922000888155e-05 time=12.0 ms ok
[61/73] NaturalEarth natural_earth_10m_coastline_9689932c41e1_w000_9689932c dung_direct_knot_2017_adaptation: K=10 MSE=7.570982594382693e-05 time=160.0 ms ok
[61/73] NaturalEarth natural_earth_10m_coastline_9689932c41e1_w000_9689932c kang_sparse_2015_adaptation: K=23 MSE=1.0746409797953015e-05 time=872.4 ms ok
[61/73] NaturalEarth natural_earth_10m_coastline_9689932c41e1_w000_9689932c luo_linf_de_2022_adaptation: K=10 MSE=8.342648057309381e-05 time=2634.6 ms ok
[62/73] NaturalEarth natural_earth_10m_coastline_e860de78f1fa_w000_e860de78 ours: K=37 MSE=4.1138218346113954e-05 time=8.2 ms ok
[62/73] NaturalEarth natural_earth_10m_coastline_e860de78f1fa_w000_e860de78 ours_verified: K=37 MSE=4.1138218346113954e-05 time=8.5 ms ok
[62/73] NaturalEarth natural_earth_10m_coastline_e860de78f1fa_w000_e860de78 park_dominant_point_2007_adaptation: K=10 MSE=9.796359135014669e-05 time=20.0 ms ok
[62/73] NaturalEarth natural_earth_10m_coastline_e860de78f1fa_w000_e860de78 liang_feature_iki_2017_adaptation: K=10 MSE=7.529721471813767e-05 time=10.9 ms ok
[62/73] NaturalEarth natural_earth_10m_coastline_e860de78f1fa_w000_e860de78 dung_direct_knot_2017_adaptation: K=9 MSE=6.92360366358554e-05 time=137.4 ms ok
[62/73] NaturalEarth natural_earth_10m_coastline_e860de78f1fa_w000_e860de78 kang_sparse_2015_adaptation: K=11 MSE=8.93515783812376e-05 time=1055.2 ms ok
[62/73] NaturalEarth natural_earth_10m_coastline_e860de78f1fa_w000_e860de78 luo_linf_de_2022_adaptation: K=6 MSE=8.744245437190017e-05 time=2573.4 ms ok
[63/73] NaturalEarth natural_earth_10m_coastline_9d44eb568484_w000_9d44eb56 ours: K=42 MSE=2.8268145447915543e-05 time=8.4 ms ok
[63/73] NaturalEarth natural_earth_10m_coastline_9d44eb568484_w000_9d44eb56 ours_verified: K=42 MSE=2.8268145447915543e-05 time=8.5 ms ok
[63/73] NaturalEarth natural_earth_10m_coastline_9d44eb568484_w000_9d44eb56 park_dominant_point_2007_adaptation: K=12 MSE=8.481156447441477e-05 time=24.4 ms ok
[63/73] NaturalEarth natural_earth_10m_coastline_9d44eb568484_w000_9d44eb56 liang_feature_iki_2017_adaptation: K=17 MSE=5.910579459691106e-05 time=18.6 ms ok
[63/73] NaturalEarth natural_earth_10m_coastline_9d44eb568484_w000_9d44eb56 dung_direct_knot_2017_adaptation: K=9 MSE=6.770508130018652e-05 time=168.8 ms ok
[63/73] NaturalEarth natural_earth_10m_coastline_9d44eb568484_w000_9d44eb56 kang_sparse_2015_adaptation: K=22 MSE=3.3495236323212664e-05 time=838.3 ms ok
[63/73] NaturalEarth natural_earth_10m_coastline_9d44eb568484_w000_9d44eb56 luo_linf_de_2022_adaptation: K=14 MSE=4.681690182315459e-05 time=2593.4 ms ok
[64/73] USGS usgs_tnm_contours_large_scale_5e1190c07064_w000_5e1190c0 ours: K=51 MSE=2.8072237559665636e-05 time=8.6 ms ok
[64/73] USGS usgs_tnm_contours_large_scale_5e1190c07064_w000_5e1190c0 ours_verified: K=51 MSE=2.8072237559665636e-05 time=8.6 ms ok
[64/73] USGS usgs_tnm_contours_large_scale_5e1190c07064_w000_5e1190c0 park_dominant_point_2007_adaptation: K=32 MSE=8.951519836639468e-05 time=43.9 ms ok
[64/73] USGS usgs_tnm_contours_large_scale_5e1190c07064_w000_5e1190c0 liang_feature_iki_2017_adaptation: K=24 MSE=9.651333199698873e-05 time=27.2 ms ok
[64/73] USGS usgs_tnm_contours_large_scale_5e1190c07064_w000_5e1190c0 dung_direct_knot_2017_adaptation: K=21 MSE=9.657913636980408e-05 time=368.1 ms ok
[64/73] USGS usgs_tnm_contours_large_scale_5e1190c07064_w000_5e1190c0 kang_sparse_2015_adaptation: K=56 MSE=1.3078796733327044e-05 time=423.8 ms ok
[64/73] USGS usgs_tnm_contours_large_scale_5e1190c07064_w000_5e1190c0 luo_linf_de_2022_adaptation: K=23 MSE=9.846150704860935e-05 time=2853.6 ms ok
[65/73] USGS usgs_tnm_contours_large_scale_73f76a177c8e_w000_73f76a17 ours: K=21 MSE=0.00028643943844407736 time=8.1 ms ok
[65/73] USGS usgs_tnm_contours_large_scale_73f76a177c8e_w000_73f76a17 ours_verified: K=40 MSE=9.798298686683054e-05 time=18.7 ms ok
[65/73] USGS usgs_tnm_contours_large_scale_73f76a177c8e_w000_73f76a17 park_dominant_point_2007_adaptation: K=37 MSE=7.155391352581513e-05 time=52.3 ms ok
[65/73] USGS usgs_tnm_contours_large_scale_73f76a177c8e_w000_73f76a17 liang_feature_iki_2017_adaptation: K=26 MSE=9.770955506832215e-05 time=29.9 ms ok
[65/73] USGS usgs_tnm_contours_large_scale_73f76a177c8e_w000_73f76a17 dung_direct_knot_2017_adaptation: K=27 MSE=9.846060291305432e-05 time=530.2 ms ok
[65/73] USGS usgs_tnm_contours_large_scale_73f76a177c8e_w000_73f76a17 kang_sparse_2015_adaptation: K=56 MSE=3.1355849188142256e-05 time=424.6 ms ok
[65/73] USGS usgs_tnm_contours_large_scale_73f76a177c8e_w000_73f76a17 luo_linf_de_2022_adaptation: K=27 MSE=9.971703424698304e-05 time=2653.1 ms ok
[66/73] USGS usgs_tnm_contours_large_scale_9b1b39144146_w000_9b1b3914 ours: K=42 MSE=6.6460880122027245e-06 time=8.4 ms ok
[66/73] USGS usgs_tnm_contours_large_scale_9b1b39144146_w000_9b1b3914 ours_verified: K=42 MSE=6.6460880122027245e-06 time=8.7 ms ok
[66/73] USGS usgs_tnm_contours_large_scale_9b1b39144146_w000_9b1b3914 park_dominant_point_2007_adaptation: K=14 MSE=6.797315793367451e-05 time=17.9 ms ok
[66/73] USGS usgs_tnm_contours_large_scale_9b1b39144146_w000_9b1b3914 liang_feature_iki_2017_adaptation: K=9 MSE=8.989864427621841e-05 time=9.8 ms ok
[66/73] USGS usgs_tnm_contours_large_scale_9b1b39144146_w000_9b1b3914 dung_direct_knot_2017_adaptation: K=10 MSE=5.7783599682990927e-05 time=129.8 ms ok
[66/73] USGS usgs_tnm_contours_large_scale_9b1b39144146_w000_9b1b3914 kang_sparse_2015_adaptation: K=9 MSE=6.205220128217233e-05 time=1079.4 ms ok
[66/73] USGS usgs_tnm_contours_large_scale_9b1b39144146_w000_9b1b3914 luo_linf_de_2022_adaptation: K=12 MSE=5.045252644379152e-05 time=2818.5 ms ok
[67/73] USGS usgs_tnm_contours_large_scale_3b46bf5b4fe5_w000_3b46bf5b ours: K=61 MSE=1.1742909115082501e-05 time=8.8 ms ok
[67/73] USGS usgs_tnm_contours_large_scale_3b46bf5b4fe5_w000_3b46bf5b ours_verified: K=61 MSE=1.1742909115082501e-05 time=9.0 ms ok
[67/73] USGS usgs_tnm_contours_large_scale_3b46bf5b4fe5_w000_3b46bf5b park_dominant_point_2007_adaptation: K=5 MSE=8.400602644006778e-05 time=7.6 ms ok
[67/73] USGS usgs_tnm_contours_large_scale_3b46bf5b4fe5_w000_3b46bf5b liang_feature_iki_2017_adaptation: K=6 MSE=7.732188185838872e-05 time=6.6 ms ok
[67/73] USGS usgs_tnm_contours_large_scale_3b46bf5b4fe5_w000_3b46bf5b dung_direct_knot_2017_adaptation: K=6 MSE=4.431824950708069e-05 time=117.5 ms ok
[67/73] USGS usgs_tnm_contours_large_scale_3b46bf5b4fe5_w000_3b46bf5b kang_sparse_2015_adaptation: K=8 MSE=3.7173406757681754e-05 time=1165.3 ms ok
[67/73] USGS usgs_tnm_contours_large_scale_3b46bf5b4fe5_w000_3b46bf5b luo_linf_de_2022_adaptation: K=9 MSE=3.089566987841622e-05 time=2709.8 ms ok
[68/73] USGS usgs_tnm_contours_large_scale_227a63ff8969_w001_b391c2df ours: K=21 MSE=0.00018830097356258878 time=8.1 ms ok
[68/73] USGS usgs_tnm_contours_large_scale_227a63ff8969_w001_b391c2df ours_verified: K=49 MSE=9.137791883219726e-05 time=21.1 ms ok
[68/73] USGS usgs_tnm_contours_large_scale_227a63ff8969_w001_b391c2df park_dominant_point_2007_adaptation: K=38 MSE=8.652322862251434e-05 time=54.2 ms ok
[68/73] USGS usgs_tnm_contours_large_scale_227a63ff8969_w001_b391c2df liang_feature_iki_2017_adaptation: K=34 MSE=9.657927856292658e-05 time=40.7 ms ok
[68/73] USGS usgs_tnm_contours_large_scale_227a63ff8969_w001_b391c2df dung_direct_knot_2017_adaptation: K=28 MSE=9.890623659588286e-05 time=555.0 ms ok
[68/73] USGS usgs_tnm_contours_large_scale_227a63ff8969_w001_b391c2df kang_sparse_2015_adaptation: K=56 MSE=3.5624648393866555e-05 time=422.9 ms ok
[68/73] USGS usgs_tnm_contours_large_scale_227a63ff8969_w001_b391c2df luo_linf_de_2022_adaptation: K=31 MSE=8.728542606339679e-05 time=2638.6 ms ok
[69/73] IndustrialOffset industrial_offset_naca_airfoil_v011_o04_p0p0400 ours: K=43 MSE=1.74463671922664e-05 time=8.4 ms ok
[69/73] IndustrialOffset industrial_offset_naca_airfoil_v011_o04_p0p0400 ours_verified: K=43 MSE=1.74463671922664e-05 time=8.6 ms ok
[69/73] IndustrialOffset industrial_offset_naca_airfoil_v011_o04_p0p0400 park_dominant_point_2007_adaptation: K=9 MSE=6.31058340969856e-05 time=17.5 ms ok
[69/73] IndustrialOffset industrial_offset_naca_airfoil_v011_o04_p0p0400 liang_feature_iki_2017_adaptation: K=6 MSE=5.7075123511384915e-05 time=6.6 ms ok
[69/73] IndustrialOffset industrial_offset_naca_airfoil_v011_o04_p0p0400 dung_direct_knot_2017_adaptation: K=5 MSE=9.01464040470901e-05 time=83.0 ms ok
[69/73] IndustrialOffset industrial_offset_naca_airfoil_v011_o04_p0p0400 kang_sparse_2015_adaptation: K=7 MSE=8.731196724404146e-05 time=1049.0 ms ok
[69/73] IndustrialOffset industrial_offset_naca_airfoil_v011_o04_p0p0400 luo_linf_de_2022_adaptation: K=6 MSE=1.9798599486821288e-05 time=2578.8 ms ok
[70/73] IndustrialOffset industrial_offset_keyway_bore_v007_o01_m0p0400 ours: K=52 MSE=9.263208207049215e-06 time=8.5 ms ok
[70/73] IndustrialOffset industrial_offset_keyway_bore_v007_o01_m0p0400 ours_verified: K=52 MSE=9.263208207049215e-06 time=8.8 ms ok
[70/73] IndustrialOffset industrial_offset_keyway_bore_v007_o01_m0p0400 park_dominant_point_2007_adaptation: K=55 MSE=7.050645497444128e-05 time=88.2 ms ok
[70/73] IndustrialOffset industrial_offset_keyway_bore_v007_o01_m0p0400 liang_feature_iki_2017_adaptation: K=13 MSE=9.972498915422157e-05 time=14.0 ms ok
[70/73] IndustrialOffset industrial_offset_keyway_bore_v007_o01_m0p0400 dung_direct_knot_2017_adaptation: K=16 MSE=5.146905121013452e-05 time=203.0 ms ok
[70/73] IndustrialOffset industrial_offset_keyway_bore_v007_o01_m0p0400 kang_sparse_2015_adaptation: K=38 MSE=8.543640781310578e-06 time=766.3 ms ok
[70/73] IndustrialOffset industrial_offset_keyway_bore_v007_o01_m0p0400 luo_linf_de_2022_adaptation: K=15 MSE=8.730538913982147e-05 time=3113.4 ms ok
[71/73] IndustrialOffset industrial_offset_naca_airfoil_v001_o04_p0p0400 ours: K=36 MSE=5.4578042379755e-06 time=8.3 ms ok
[71/73] IndustrialOffset industrial_offset_naca_airfoil_v001_o04_p0p0400 ours_verified: K=36 MSE=5.4578042379755e-06 time=8.6 ms ok
[71/73] IndustrialOffset industrial_offset_naca_airfoil_v001_o04_p0p0400 park_dominant_point_2007_adaptation: K=8 MSE=6.107276099123918e-05 time=14.8 ms ok
[71/73] IndustrialOffset industrial_offset_naca_airfoil_v001_o04_p0p0400 liang_feature_iki_2017_adaptation: K=6 MSE=5.5370751977278284e-05 time=6.7 ms ok
[71/73] IndustrialOffset industrial_offset_naca_airfoil_v001_o04_p0p0400 dung_direct_knot_2017_adaptation: K=5 MSE=8.691850317788339e-05 time=84.4 ms ok
[71/73] IndustrialOffset industrial_offset_naca_airfoil_v001_o04_p0p0400 kang_sparse_2015_adaptation: K=8 MSE=6.351530349470241e-05 time=1060.5 ms ok
[71/73] IndustrialOffset industrial_offset_naca_airfoil_v001_o04_p0p0400 luo_linf_de_2022_adaptation: K=6 MSE=1.4324068641248215e-05 time=2596.7 ms ok
[72/73] IndustrialOffset industrial_offset_capsule_slot_v008_o01_m0p0400 ours: K=59 MSE=9.133556151484597e-06 time=8.6 ms ok
[72/73] IndustrialOffset industrial_offset_capsule_slot_v008_o01_m0p0400 ours_verified: K=59 MSE=9.133556151484597e-06 time=8.8 ms ok
[72/73] IndustrialOffset industrial_offset_capsule_slot_v008_o01_m0p0400 park_dominant_point_2007_adaptation: K=6 MSE=8.880493979811963e-05 time=8.7 ms ok
[72/73] IndustrialOffset industrial_offset_capsule_slot_v008_o01_m0p0400 liang_feature_iki_2017_adaptation: K=7 MSE=5.9238167969496125e-05 time=7.7 ms ok
[72/73] IndustrialOffset industrial_offset_capsule_slot_v008_o01_m0p0400 dung_direct_knot_2017_adaptation: K=9 MSE=4.5628670414448434e-05 time=111.2 ms ok
[72/73] IndustrialOffset industrial_offset_capsule_slot_v008_o01_m0p0400 kang_sparse_2015_adaptation: K=7 MSE=5.9257308685571365e-05 time=1123.5 ms ok
[72/73] IndustrialOffset industrial_offset_capsule_slot_v008_o01_m0p0400 luo_linf_de_2022_adaptation: K=8 MSE=3.147561736552231e-05 time=2840.0 ms ok
[73/73] IndustrialOffset industrial_offset_capsule_slot_v000_o04_p0p0400 ours: K=59 MSE=6.820879464036521e-06 time=8.7 ms ok
[73/73] IndustrialOffset industrial_offset_capsule_slot_v000_o04_p0p0400 ours_verified: K=59 MSE=6.820879464036521e-06 time=8.8 ms ok
[73/73] IndustrialOffset industrial_offset_capsule_slot_v000_o04_p0p0400 park_dominant_point_2007_adaptation: K=22 MSE=7.548120803109157e-05 time=28.3 ms ok
[73/73] IndustrialOffset industrial_offset_capsule_slot_v000_o04_p0p0400 liang_feature_iki_2017_adaptation: K=7 MSE=6.705649448838714e-05 time=7.6 ms ok
[73/73] IndustrialOffset industrial_offset_capsule_slot_v000_o04_p0p0400 dung_direct_knot_2017_adaptation: K=9 MSE=4.5478556756571375e-05 time=126.8 ms ok
[73/73] IndustrialOffset industrial_offset_capsule_slot_v000_o04_p0p0400 kang_sparse_2015_adaptation: K=7 MSE=5.927731978167217e-05 time=1125.4 ms ok
[73/73] IndustrialOffset industrial_offset_capsule_slot_v000_o04_p0p0400 luo_linf_de_2022_adaptation: K=8 MSE=5.6151379979797605e-05 time=2830.4 ms ok
Saved /home/feng/HouCode/SplineSurpervisedFitting/outputs/comparisons/candidate_selection_v16_mse1e-4_sourcek56_kc72_feasible_teacher_linux_r1/diagnostic_140fc3a4a948/report.md
