v16 checkpoint inspection
  checkpoint: /home/feng/HouCode/SplineSurpervisedFitting/outputs/checkpoints/candidate_selection_v16_mse1e-4_k56_ordered_highk_softcost_linux_r2_joint_fast.pt
  stage: joint
  epoch: 70
Selection architecture
  revision: v16_ranked_prefix_count_coupled_mass_topk
  policy: mass_topk
  internal candidate capacity: 56
  full knot-vector size at all-keep: 64
  adaptive beta: True
  simplification contract: ranked_prefix_ordered_proposal_high_k_soft_subset_cost_v3
  simplification curriculum mature: True
  aggregate pass feedback: False (must be False)
  checkpoint selection: mean_per_curve_subset_cost_v1
  checkpoint quality: soft_fit_complexity_selected
Proposal curriculum
  high-K synthetic allocation: 50.000% (0.500000)
  high-K stratum begins at internal K: 40
  ordered assignment weight: 1
Synthetic data contract
  revision: source_subset_threshold_minimal_k4_56_span001_v2
  certified minimal source: True
  source control-point range: 8..60 (formal: 8..60)
  source internal-knot range: K=4..56
  knot min span: 0.01 (formal: 0.01)
  certificate RMS tolerance: 1.000000e-02
Configured targets
  proposal pass: 90.000% (0.900000)
  deployment pass: 90.000% (0.900000)
  recorded MSE tolerance: 1.000000e-04
Observed validation
  overall dense: 84.000% (0.840000)
  overall deployment: 86.667% (0.866667)
  worst-source dense: 76.667% (0.766667)
  worst-source deployment: 81.000% (0.810000)
  qualification dense/deployment (min of worst-source and K=56): 0.000% (0.000000) / 0.000% (0.000000)
  certified synthetic count MAE: 12.9733
  certified synthetic knot F1 / matched MAE: 0.739252 / 4.291437e-03
  synthetic boundary: K=56, n=25, dense=0.000% (0.000000), deployment=0.000% (0.000000)
  by source:
    Synthetic: dense=76.667% (0.766667), deployment=81.000% (0.810000), dense_MSE=1.638462e-04, deployment_MSE=1.416129e-04, K=45.7967, target_K=32.8233, count_MAE=12.9733, count_bias=12.9733, knot_F1=0.739252, matched_MAE=4.291437e-03
    natural_earth_10m_coastline: dense=96.000% (0.960000), deployment=96.000% (0.960000), dense_MSE=1.698612e-05, deployment_MSE=4.856975e-05, K=26.66
    uji_pen_characters_v2: dense=100.000% (1.000000), deployment=100.000% (1.000000), dense_MSE=1.223141e-06, deployment_MSE=2.581758e-05, K=10.78
    usgs_tnm_contours_large_scale: dense=100.000% (1.000000), deployment=98.000% (0.980000), dense_MSE=6.388093e-06, deployment_MSE=2.583919e-05, K=25.34
Formal benchmark integrity
  pass-rate reference (diagnostic only): 90.000% (0.900000)
  pass-rate reference met: False (does not affect eligibility)
  required MSE tolerance: 1.000000e-04
  historical diagnostics only: Synthetic count MAE <= 2, knot F1 >= 0.6, matched MAE <= 5.000000e-03
  structurally eligible: NO
  eligible: NO
  reasons:
    - formal validation K=56 boundary audit must contain at least 32 synthetic samples
