Checking real manifests and train/val/test group separation...
  Reading manifest: /home/feng/HouCode/SplineSurpervisedFitting/data/splits/uji_pen_v2.jsonl
  Checking groups/files: 2000/18219
  Checking groups/files: 4000/18219
  Checking groups/files: 6000/18219
  Checking groups/files: 8000/18219
  Checking groups/files: 10000/18219
  Checking groups/files: 12000/18219
  Checking groups/files: 14000/18219
  Checking groups/files: 16000/18219
  Checking groups/files: 18000/18219
  Checking groups/files: 18219/18219
  Ready uji_pen_characters_v2: train=9670, val=2456 (test excluded from training)
  Reading manifest: /home/feng/HouCode/SplineSurpervisedFitting/data/processed/natural_earth/v5.1.2_10m_coastline/manifest.jsonl
  Checking groups/files: 2000/3908
  Checking groups/files: 3908/3908
  Ready natural_earth_10m_coastline: train=2625, val=750 (test excluded from training)
  Reading manifest: /home/feng/HouCode/SplineSurpervisedFitting/data/processed/usgs_contours/large_scale/manifest.jsonl
  Checking groups/files: 2000/6654
  Checking groups/files: 4000/6654
  Checking groups/files: 6000/6654
  Checking groups/files: 6654/6654
  Ready usgs_tnm_contours_large_scale: train=4024, val=1210 (test excluded from training)
v16 adaptive mass_topk: cuda, Kc=56 internal (full cubic knot vector at all-keep=64), MSE tolerance=0.0001; 3000 train draws, 450 validation curves; real sources=3
Synthetic source contract: clean source-subset threshold-minimal certificate at RMS=0.01, margin=20%, audit_points=512
Simplification curriculum: training-only ranked-prefix teacher steps=7, exact low-K sweep through K=16; certified source K role=upper_bound; geometry-oracle bootstrap=True (+2); certified over-count weight=1, symmetric true-count weight=1; deterministic Joint-epoch complexity multiplier 0..6; safety 2+0.2sigma -> 0+0.03sigma. Deployment still uses one network forward and one final refit.
Checkpoint selection minimizes mean per-curve subset cost: feasible curves trade K against a bounded MSE tie-break; infeasible curves use a logarithmic MSE penalty. Aggregate pass rates and the explicit K=56 boundary audit (n=32) are reported but never gate training. Additional subset fits run only during training.
Proposal-stage synthetic stratification: 50.0% from K>=40; the remainder uses K=4..39. Joint training always uses the original K=4..56 distribution.
Epoch 082/86 joint [=.......................] 1/24 MSE=7.395e-05 pass=78.9% K=32.7 teacherK=30.6 countMAE=11.42
Epoch 082/86 joint [====================....] 20/24 MSE=6.750e-05 pass=80.5% K=33.8 teacherK=31.6 countMAE=11.51
Epoch 082/86 joint [========================] 24/24 MSE=8.482e-05 pass=80.4% K=31.8 teacherK=30.1 countMAE=10.29
  validation [======..................] 1/4 
  validation [========================] 4/4 
Epoch 082 val dense=80.9% deployment=73.8% worst-source=68.3% qualification=0.0% MSE=1.541e-04 K=34.97 mass=34.53 beta=-2.28 soft_cost=1.2112 selection_score=-1.2112 complexity=6.00->6.00 safety=0+0.03sigma scale=0.00->0.00 pass_reference_only=0.0%
  Synthetic K=56: n=40, dense=0.0%, deployment=0.0%
  Synthetic: dense=72.0%, deployment=68.3%, MSE=2.017e-04, K=43.84, targetK=33.94, count_MAE=9.90, bias=+9.90, knot_F1@0.01=0.765, param_RMSE=3.418e-02
  uji_pen_characters_v2: dense=100.0%, deployment=88.0%, MSE=4.645e-05, K=8.68
  natural_earth_10m_coastline: dense=96.0%, deployment=78.0%, MSE=8.554e-05, K=22.04
  usgs_tnm_contours_large_scale: dense=100.0%, deployment=88.0%, MSE=4.445e-05, K=20.92
Epoch 083/86 joint [=.......................] 1/24 MSE=7.604e-05 pass=81.2% K=34.3 teacherK=32.4 countMAE=11.95
Epoch 083/86 joint [====================....] 20/24 MSE=9.605e-05 pass=78.1% K=34.4 teacherK=32.9 countMAE=11.20
Epoch 083/86 joint [========================] 24/24 MSE=5.662e-05 pass=83.9% K=36.5 teacherK=33.9 countMAE=12.31
  validation [======..................] 1/4 
  validation [========================] 4/4 
Epoch 083 val dense=81.3% deployment=81.1% worst-source=74.0% qualification=0.0% MSE=1.425e-04 K=35.91 mass=35.47 beta=-2.36 soft_cost=1.0822 selection_score=-1.0822 complexity=6.00->6.00 safety=0+0.03sigma scale=0.00->0.00 pass_reference_only=0.0%
  Synthetic K=56: n=40, dense=0.0%, deployment=0.0%
  Synthetic: dense=72.7%, deployment=74.0%, MSE=1.933e-04, K=44.39, targetK=33.94, count_MAE=10.45, bias=+10.45, knot_F1@0.01=0.761, param_RMSE=3.455e-02
  uji_pen_characters_v2: dense=100.0%, deployment=98.0%, MSE=2.743e-05, K=10.30
  natural_earth_10m_coastline: dense=96.0%, deployment=92.0%, MSE=6.215e-05, K=24.02
  usgs_tnm_contours_large_scale: dense=100.0%, deployment=96.0%, MSE=3.351e-05, K=22.54
Epoch 084/86 joint [=.......................] 1/24 MSE=7.125e-05 pass=84.4% K=35.3 teacherK=32.9 countMAE=11.75
Epoch 084/86 joint [====================....] 20/24 MSE=1.010e-04 pass=77.3% K=37.1 teacherK=34.8 countMAE=11.02
Epoch 084/86 joint [========================] 24/24 MSE=7.191e-05 pass=85.7% K=32.1 teacherK=30.2 countMAE=11.44
  validation [======..................] 1/4 
  validation [========================] 4/4 
Epoch 084 val dense=81.3% deployment=75.6% worst-source=68.3% qualification=0.0% MSE=1.502e-04 K=34.92 mass=34.47 beta=-2.16 soft_cost=1.1546 selection_score=-1.1546 complexity=6.00->6.00 safety=0+0.03sigma scale=0.00->0.00 pass_reference_only=0.0%
  Synthetic K=56: n=40, dense=0.0%, deployment=0.0%
  Synthetic: dense=72.7%, deployment=68.3%, MSE=1.998e-04, K=43.58, targetK=33.94, count_MAE=9.64, bias=+9.64, knot_F1@0.01=0.762, param_RMSE=3.542e-02
  uji_pen_characters_v2: dense=100.0%, deployment=94.0%, MSE=3.741e-05, K=9.18
  natural_earth_10m_coastline: dense=96.0%, deployment=90.0%, MSE=6.999e-05, K=22.66
  usgs_tnm_contours_large_scale: dense=100.0%, deployment=86.0%, MSE=4.547e-05, K=20.94
Epoch 085/86 joint [=.......................] 1/24 MSE=9.374e-05 pass=78.1% K=35.4 teacherK=33.5 countMAE=11.20
Epoch 085/86 joint [====================....] 20/24 MSE=7.954e-05 pass=78.1% K=35.2 teacherK=33.3 countMAE=12.06
Epoch 085/86 joint [========================] 24/24 MSE=1.432e-04 pass=75.0% K=36.1 teacherK=33.9 countMAE=10.29
  validation [======..................] 1/4 
  validation [========================] 4/4 
Epoch 085 val dense=81.3% deployment=79.1% worst-source=72.0% qualification=0.0% MSE=1.470e-04 K=35.29 mass=34.85 beta=-2.24 soft_cost=1.1085 selection_score=-1.1085 complexity=6.00->6.00 safety=0+0.03sigma scale=0.00->0.00 pass_reference_only=0.0%
  Synthetic K=56: n=40, dense=0.0%, deployment=0.0%
  Synthetic: dense=72.7%, deployment=72.0%, MSE=1.964e-04, K=43.93, targetK=33.94, count_MAE=9.99, bias=+9.99, knot_F1@0.01=0.763, param_RMSE=3.482e-02
  uji_pen_characters_v2: dense=100.0%, deployment=98.0%, MSE=3.592e-05, K=9.36
  natural_earth_10m_coastline: dense=96.0%, deployment=92.0%, MSE=6.673e-05, K=23.20
  usgs_tnm_contours_large_scale: dense=100.0%, deployment=90.0%, MSE=4.236e-05, K=21.42
Epoch 086/86 joint [=.......................] 1/24 MSE=9.365e-05 pass=80.5% K=30.7 teacherK=28.8 countMAE=10.72
Epoch 086/86 joint [====================....] 20/24 MSE=8.248e-05 pass=77.3% K=31.4 teacherK=29.9 countMAE=10.26
Epoch 086/86 joint [========================] 24/24 MSE=9.707e-05 pass=85.7% K=35.1 teacherK=32.2 countMAE=11.53
  validation [======..................] 1/4 
  validation [========================] 4/4 
Epoch 086 val dense=82.0% deployment=82.2% worst-source=76.0% qualification=0.0% MSE=1.436e-04 K=36.10 mass=35.67 beta=-2.60 soft_cost=1.0718 selection_score=-1.0718 complexity=6.00->6.00 safety=0+0.03sigma scale=0.00->0.00 pass_reference_only=0.0%
  Synthetic K=56: n=40, dense=0.0%, deployment=0.0%
  Synthetic: dense=73.7%, deployment=76.0%, MSE=1.932e-04, K=44.66, targetK=33.94, count_MAE=10.72, bias=+10.72, knot_F1@0.01=0.760, param_RMSE=3.382e-02
  uji_pen_characters_v2: dense=100.0%, deployment=96.0%, MSE=3.755e-05, K=9.52
  natural_earth_10m_coastline: dense=96.0%, deployment=94.0%, MSE=6.080e-05, K=24.50
  usgs_tnm_contours_large_scale: dense=100.0%, deployment=94.0%, MSE=3.519e-05, K=22.92
Saved best v16: /home/feng/HouCode/SplineSurpervisedFitting/outputs/checkpoints/candidate_selection_v16_r2_full_resume_e86_boundary32.pt; quality=soft_fit_complexity_selected. Last/resume: /home/feng/HouCode/SplineSurpervisedFitting/outputs/checkpoints/candidate_selection_v16_r2_full_resume_e86_boundary32.last.pt
