Checking real manifests and train/val/test group separation...
  Reading manifest: /home/feng/HouCode/SplineSurpervisedFitting/data/splits/uji_pen_v2.jsonl
  Checking groups/files: 2000/18219
  Checking groups/files: 4000/18219
  Checking groups/files: 6000/18219
  Checking groups/files: 8000/18219
  Checking groups/files: 10000/18219
  Checking groups/files: 12000/18219
  Checking groups/files: 14000/18219
  Checking groups/files: 16000/18219
  Checking groups/files: 18000/18219
  Checking groups/files: 18219/18219
  Ready uji_pen_characters_v2: train=9670, val=2456 (test excluded from training)
  Reading manifest: /home/feng/HouCode/SplineSurpervisedFitting/data/processed/natural_earth/v5.1.2_10m_coastline/manifest.jsonl
  Checking groups/files: 2000/3908
  Checking groups/files: 3908/3908
  Ready natural_earth_10m_coastline: train=2625, val=750 (test excluded from training)
  Reading manifest: /home/feng/HouCode/SplineSurpervisedFitting/data/processed/usgs_contours/large_scale/manifest.jsonl
  Checking groups/files: 2000/6654
  Checking groups/files: 4000/6654
  Checking groups/files: 6000/6654
  Checking groups/files: 6654/6654
  Ready usgs_tnm_contours_large_scale: train=4024, val=1210 (test excluded from training)
Transferred 41 proposal tensors (41 exact, 0 rank-resized); retained 1 target anchor buffer(s), skipped 0 other shape mismatch(es). Selector and subset decoder start fresh.
v16 adaptive mass_topk: cuda, Kc=56 internal (full cubic knot vector at all-keep=64), MSE tolerance=0.0001; 3000 train draws, 450 validation curves; real sources=3
Synthetic source contract: clean source-subset threshold-minimal certificate at RMS=0.01, margin=20%, audit_points=512
Simplification curriculum: training-only ranked-prefix teacher steps=7, exact low-K sweep through K=16; certified source K role=upper_bound; geometry-oracle bootstrap=True (+2); certified over-count weight=1, symmetric true-count weight=1; deterministic Joint-epoch complexity multiplier 0..6; safety 2+0.2sigma -> 0+0.03sigma. Deployment still uses one network forward and one final refit.
Checkpoint selection minimizes mean per-curve subset cost: feasible curves trade K against a bounded MSE tie-break; infeasible curves use a logarithmic MSE penalty. Aggregate pass rates and the explicit K=56 boundary audit (n=32) are reported but never gate training. Additional subset fits run only during training.
Proposal-stage synthetic stratification: 50.0% from K>=40; the remainder uses K=4..39. Joint training always uses the original K=4..56 distribution.
Epoch 001/6 proposal [=.......................] 1/24 MSE=6.006e-05 pass=79.7% K=56.0 teacherK=56.0 countMAE=0.00
Epoch 001/6 proposal [====================....] 20/24 MSE=6.294e-05 pass=78.1% K=56.0 teacherK=56.0 countMAE=0.00
Epoch 001/6 proposal [========================] 24/24 MSE=6.292e-05 pass=78.6% K=56.0 teacherK=56.0 countMAE=0.00
  validation [======..................] 1/4 
  validation [========================] 4/4 
Epoch 001 val dense=82.0% deployment=82.0% worst-source=73.7% qualification=0.0% MSE=1.448e-04 K=56.00 mass=30.92 beta=-0.21 soft_cost=1.4512 selection_score=-1.4512 complexity=0.00->0.00 safety=2+0.20sigma scale=1.00->1.00 pass_reference_only=0.0%
  Proposal train geometry: coverage_MAE=4.3702e-03, ordered_assignment_MAE=4.5080e-03, matched_K=34.92
  Synthetic K=56: n=40, dense=0.0%, deployment=0.0%
  Synthetic: dense=73.7%, deployment=73.7%, MSE=2.132e-04, K=56.00, targetK=33.94, count_MAE=22.06, bias=+22.06, knot_F1@0.01=0.703, param_RMSE=2.527e-02
  uji_pen_characters_v2: dense=100.0%, deployment=100.0%, MSE=1.129e-06, K=56.00
  natural_earth_10m_coastline: dense=96.0%, deployment=96.0%, MSE=1.668e-05, K=56.00
  usgs_tnm_contours_large_scale: dense=100.0%, deployment=100.0%, MSE=6.273e-06, K=56.00
Proposal schedule complete; loading the lowest-cost dense initializer (pass=0.0%, reporting reference=90.0%). Joint training starts unconditionally.
Epoch 002/6 joint [=.......................] 1/24 MSE=1.589e-03 pass=14.1% K=34.1 teacherK=45.7 countMAE=12.76
