
[inspect_checkpoint] /home/feng/anaconda3/bin/python scripts/inspect_v16_checkpoint.py --checkpoint /home/feng/HouCode/SplineFitting_1070_overnight/outputs/checkpoints/universal_m16_m32_3090_r1_m32.pt --mse-tolerance 5e-5
v16 checkpoint inspection
  checkpoint: /home/feng/HouCode/SplineFitting_1070_overnight/outputs/checkpoints/universal_m16_m32_3090_r1_m32.pt
  stage: joint
  epoch: 5
Selection architecture
  revision: v16_ranked_prefix_count_coupled_mass_topk
  policy: mass_topk
  internal candidate capacity: 32
  full knot-vector size at all-keep: 40
  adaptive beta: True
  simplification contract: ranked_prefix_certified_cardinality_adaptive_complexity_v1
  simplification curriculum mature: False
Synthetic data contract
  revision: source_subset_threshold_minimal_v1
  certified minimal source: True
  certificate RMS tolerance: 7.071068e-03
Configured targets
  proposal pass: 90.000% (0.900000)
  deployment pass: 90.000% (0.900000)
  recorded MSE tolerance: 5.000000e-05
Observed validation
  overall dense: 85.906% (0.859060)
  overall deployment: 68.960% (0.689597)
  worst-source dense: 81.250% (0.812500)
  worst-source deployment: 53.125% (0.531250)
  certified synthetic count MAE: 12.71
  certified synthetic knot F1 / matched MAE: 0.51796 / 4.602667e-03
  by source:
    Synthetic: dense=85.400% (0.854000), deployment=67.800% (0.678000), dense_MSE=2.358475e-05, deployment_MSE=4.282063e-05, K=26.928, target_K=14.218, count_MAE=12.71, count_bias=12.71, knot_F1=0.51796, matched_MAE=4.602667e-03
    natural_earth_10m_coastline: dense=81.250% (0.812500), deployment=53.125% (0.531250), dense_MSE=8.691198e-05, deployment_MSE=1.230404e-04, K=27.6562
    uji_pen_characters_v2: dense=100.000% (1.000000), deployment=93.750% (0.937500), dense_MSE=3.880296e-06, deployment_MSE=1.908129e-05, K=20.6562
    usgs_tnm_contours_large_scale: dense=84.375% (0.843750), deployment=78.125% (0.781250), dense_MSE=3.370771e-05, deployment_MSE=4.461041e-05, K=26.5
Formal qualification
  required pass rate: 90.000% (0.900000)
  required MSE tolerance: 5.000000e-05
  Synthetic count MAE <= 2, knot F1 >= 0.6, matched MAE <= 5.000000e-03
  eligible: NO
  reasons:
    - joint simplification curriculum was not mature when saved
    - certified synthetic count MAE exceeds the formal limit 2
    - certified synthetic knot-match F1 is below the formal minimum 0.6
    - observed worst-source deployment pass rate 53.125% is below the required 90.000%
    - observed worst-source dense proposal pass rate 81.250% is below the required 90.000%
    - proposal feasibility gate was not satisfied
    - infeasible-proposal ablation was enabled
