
[plot_six_method_real_cases] /home/feng/anaconda3/bin/python scripts/visualize_v16_real_deployments.py --checkpoint /home/feng/HouCode/SplineFitting_1070_overnight/outputs/checkpoints/universal_m16_m32_3090_r1_m32.pt --real-samples-per-dataset 6 --selection-seed 20260909 --mse-tolerance 5e-5 --manifest UJI=/home/feng/HouCode/SplineSurpervisedFitting/data/splits/uji_pen_v2.jsonl --manifest NaturalEarth=/home/feng/HouCode/SplineSurpervisedFitting/data/processed/natural_earth/v5.1.2_10m_coastline/manifest.jsonl --manifest USGS=/home/feng/HouCode/SplineSurpervisedFitting/data/processed/usgs_contours/large_scale/manifest.jsonl --manifest IndustrialOffset=/home/feng/HouCode/SplineSurpervisedFitting/data/processed/industrial_offsets/v1/manifest.jsonl --max-internal-knots 32 --paper-initial-knots 32 --liang-dense-knots 32 --gradient-steps 12 --paper-admm-iterations 400 --paper-lambda-bisections 8 --paper-relocation-iterations 8 --liang-feature-samples 1025 --dung-scan-intervals 10 --dung-optimization-iterations 10 --luo-de-population 10 --luo-de-iterations 50 --published-feasibility-safeguard --network-warmups 3 --network-repeats 100 --end-to-end-repeats 3 --torch-num-threads 4 --device cuda --dpi 240 --allow-unqualified-diagnostic --method-set published --output-dir /home/feng/HouCode/SplineFitting_1070_overnight/outputs/figures/universal_m16_m32_3090_r1_m32/six_method_real_cases
[1/24] UJI / uji2_07455_stroke_00
  Ours v16: MSE=1.986e-05, max SE=4.471e-04, K=20, time=15.50 ms
  Park & Lee 2007 (DOM adaptation): MSE=1.206e-05, max SE=2.945e-04, K=10, time=12.79 ms
  Liang et al. 2017 (feature-IKI adaptation): MSE=3.513e-05, max SE=5.427e-04, K=9, time=9.42 ms
  Dung & Tjahjowidodo 2017 (serial adaptation) [threshold-safe adaptation]: MSE=3.230e-05, max SE=4.060e-04, K=6, time=112.35 ms
  Kang 2015 (ADMM adaptation) [threshold-safe adaptation]: MSE=1.171e-05, max SE=4.496e-04, K=17, time=860.38 ms
  Luo et al. 2022 (l-infinity,1 + DE adaptation) [threshold-safe adaptation]: MSE=2.905e-05, max SE=5.258e-04, K=7, time=2936.86 ms
[2/24] UJI / uji2_05088_stroke_00
  Ours v16: MSE=3.686e-06, max SE=8.080e-05, K=25, time=15.53 ms
  Park & Lee 2007 (DOM adaptation): MSE=3.406e-05, max SE=8.274e-04, K=26, time=33.76 ms
  Liang et al. 2017 (feature-IKI adaptation): MSE=2.160e-05, max SE=3.672e-04, K=17, time=17.38 ms
  Dung & Tjahjowidodo 2017 (serial adaptation) [threshold-safe adaptation]: MSE=3.569e-05, max SE=2.738e-04, K=11, time=156.01 ms
  Kang 2015 (ADMM adaptation) [threshold-safe adaptation]: MSE=1.015e-05, max SE=2.726e-04, K=32, time=433.98 ms
  Luo et al. 2022 (l-infinity,1 + DE adaptation) [threshold-safe adaptation]: MSE=4.472e-05, max SE=6.094e-04, K=13, time=2585.19 ms
[3/24] UJI / uji2_07958_stroke_00
  Ours v16: MSE=2.060e-05, max SE=1.833e-04, K=23, time=15.40 ms
  Park & Lee 2007 (DOM adaptation): MSE=2.109e-05, max SE=1.033e-04, K=6, time=8.40 ms
  Liang et al. 2017 (feature-IKI adaptation): MSE=1.758e-05, max SE=6.279e-05, K=5, time=4.74 ms
  Dung & Tjahjowidodo 2017 (serial adaptation) [threshold-safe adaptation]: MSE=1.741e-05, max SE=8.559e-05, K=6, time=96.95 ms
  Kang 2015 (ADMM adaptation) [threshold-safe adaptation]: MSE=7.783e-06, max SE=7.699e-05, K=12, time=1133.69 ms
  Luo et al. 2022 (l-infinity,1 + DE adaptation) [threshold-safe adaptation]: MSE=8.336e-06, max SE=4.186e-05, K=7, time=2753.08 ms
[4/24] UJI / uji2_10873_stroke_00
  Ours v16: MSE=1.196e-05, max SE=7.005e-05, K=28, time=15.41 ms
  Park & Lee 2007 (DOM adaptation): MSE=2.140e-05, max SE=1.211e-04, K=14, time=17.30 ms
  Liang et al. 2017 (feature-IKI adaptation): MSE=2.569e-05, max SE=1.662e-04, K=9, time=8.77 ms
  Dung & Tjahjowidodo 2017 (serial adaptation) [threshold-safe adaptation]: MSE=4.510e-05, max SE=2.371e-04, K=9, time=161.31 ms
  Kang 2015 (ADMM adaptation) [threshold-safe adaptation]: MSE=7.868e-06, max SE=1.269e-04, K=24, time=898.53 ms
  Luo et al. 2022 (l-infinity,1 + DE adaptation) [threshold-safe adaptation]: MSE=4.307e-05, max SE=2.554e-04, K=8, time=2632.24 ms
[5/24] UJI / uji2_10402_stroke_02
  Ours v16: MSE=1.218e-05, max SE=1.084e-04, K=14, time=15.30 ms
  Park & Lee 2007 (DOM adaptation): MSE=3.264e-05, max SE=2.778e-04, K=1, time=3.26 ms
  Liang et al. 2017 (feature-IKI adaptation): MSE=9.093e-06, max SE=8.306e-05, K=4, time=3.75 ms
  Dung & Tjahjowidodo 2017 (serial adaptation) [threshold-safe adaptation]: MSE=2.541e-05, max SE=2.950e-04, K=2, time=39.78 ms
  Kang 2015 (ADMM adaptation) [threshold-safe adaptation]: MSE=2.521e-05, max SE=1.233e-04, K=1, time=10.07 ms
  Luo et al. 2022 (l-infinity,1 + DE adaptation) [threshold-safe adaptation]: MSE=2.508e-05, max SE=1.211e-04, K=2, time=2936.68 ms
[6/24] UJI / uji2_02386_stroke_01
  Ours v16: MSE=1.826e-05, max SE=1.180e-04, K=12, time=15.18 ms
  Park & Lee 2007 (DOM adaptation): MSE=2.124e-05, max SE=1.668e-04, K=0, time=2.31 ms
  Liang et al. 2017 (feature-IKI adaptation): MSE=1.576e-05, max SE=1.266e-04, K=4, time=3.73 ms
  Dung & Tjahjowidodo 2017 (serial adaptation) [threshold-safe adaptation]: MSE=1.668e-05, max SE=1.178e-04, K=2, time=40.30 ms
  Kang 2015 (ADMM adaptation) [threshold-safe adaptation]: MSE=2.124e-05, max SE=1.668e-04, K=0, time=3.69 ms
  Luo et al. 2022 (l-infinity,1 + DE adaptation) [threshold-safe adaptation]: MSE=4.242e-06, max SE=2.343e-05, K=9, time=2995.69 ms
[7/24] NaturalEarth / natural_earth_10m_coastline_6f39c8d2074b_w000_6f39c8d2
  Ours v16: MSE=2.619e-05, max SE=2.856e-04, K=28, time=15.52 ms
  Park & Lee 2007 (DOM adaptation): MSE=4.969e-05, max SE=5.633e-04, K=20, time=25.00 ms
  Liang et al. 2017 (feature-IKI adaptation): MSE=4.474e-05, max SE=3.521e-04, K=17, time=17.23 ms
  Dung & Tjahjowidodo 2017 (serial adaptation) [threshold-safe adaptation]: MSE=4.444e-05, max SE=3.142e-04, K=14, time=279.67 ms
  Kang 2015 (ADMM adaptation) [threshold-safe adaptation]: MSE=2.585e-05, max SE=4.613e-04, K=32, time=435.26 ms
  Luo et al. 2022 (l-infinity,1 + DE adaptation) [threshold-safe adaptation]: MSE=4.867e-05, max SE=4.713e-04, K=16, time=2368.37 ms
[8/24] NaturalEarth / natural_earth_10m_coastline_08e9fecdd118_w000_08e9fecd
  Ours v16: MSE=7.732e-04, max SE=4.340e-03, K=31, time=15.48 ms
  Park & Lee 2007 (DOM adaptation): MSE=9.649e-04, max SE=7.180e-03, K=32, time=43.15 ms
  Liang et al. 2017 (feature-IKI adaptation): MSE=5.360e-04, max SE=2.442e-03, K=32, time=36.25 ms
  Dung & Tjahjowidodo 2017 (serial adaptation) [threshold-safe adaptation]: MSE=7.640e-04, max SE=3.374e-03, K=32, time=822.67 ms
  Kang 2015 (ADMM adaptation) [threshold-safe adaptation]: MSE=8.571e-04, max SE=5.460e-03, K=32, time=11.32 ms
  Luo et al. 2022 (l-infinity,1 + DE adaptation) [threshold-safe adaptation]: MSE=6.300e-04, max SE=5.537e-03, K=32, time=758.04 ms
[9/24] NaturalEarth / natural_earth_10m_coastline_8a97d7af70b1_w000_8a97d7af
  Ours v16: MSE=3.675e-05, max SE=6.620e-04, K=24, time=15.43 ms
  Park & Lee 2007 (DOM adaptation): MSE=4.603e-05, max SE=4.165e-04, K=11, time=14.84 ms
  Liang et al. 2017 (feature-IKI adaptation): MSE=4.926e-05, max SE=4.218e-04, K=11, time=10.86 ms
  Dung & Tjahjowidodo 2017 (serial adaptation) [threshold-safe adaptation]: MSE=4.863e-05, max SE=4.645e-04, K=10, time=152.27 ms
  Kang 2015 (ADMM adaptation) [threshold-safe adaptation]: MSE=9.287e-06, max SE=2.493e-04, K=29, time=764.17 ms
  Luo et al. 2022 (l-infinity,1 + DE adaptation) [threshold-safe adaptation]: MSE=4.417e-05, max SE=5.030e-04, K=11, time=2732.79 ms
[10/24] NaturalEarth / natural_earth_10m_coastline_48ef53b7a2ac_w000_48ef53b7
  Ours v16: MSE=8.680e-05, max SE=6.322e-04, K=30, time=15.47 ms
  Park & Lee 2007 (DOM adaptation): MSE=4.581e-05, max SE=5.575e-04, K=30, time=42.60 ms
  Liang et al. 2017 (feature-IKI adaptation): MSE=4.913e-05, max SE=3.109e-04, K=26, time=28.28 ms
  Dung & Tjahjowidodo 2017 (serial adaptation) [threshold-safe adaptation]: MSE=4.715e-05, max SE=3.862e-04, K=25, time=442.58 ms
  Kang 2015 (ADMM adaptation) [threshold-safe adaptation]: MSE=5.678e-05, max SE=5.951e-04, K=32, time=11.26 ms
  Luo et al. 2022 (l-infinity,1 + DE adaptation) [threshold-safe adaptation]: MSE=4.966e-05, max SE=5.951e-04, K=32, time=666.50 ms
[11/24] NaturalEarth / natural_earth_10m_coastline_e798af85b73b_w000_e798af85
  Ours v16: MSE=2.541e-05, max SE=1.450e-04, K=27, time=15.42 ms
  Park & Lee 2007 (DOM adaptation): MSE=4.748e-05, max SE=4.085e-04, K=13, time=16.21 ms
  Liang et al. 2017 (feature-IKI adaptation): MSE=4.678e-05, max SE=2.645e-04, K=11, time=10.95 ms
  Dung & Tjahjowidodo 2017 (serial adaptation) [threshold-safe adaptation]: MSE=4.562e-05, max SE=2.991e-04, K=10, time=180.61 ms
  Kang 2015 (ADMM adaptation) [threshold-safe adaptation]: MSE=1.494e-05, max SE=3.004e-04, K=21, time=876.72 ms
  Luo et al. 2022 (l-infinity,1 + DE adaptation) [threshold-safe adaptation]: MSE=4.695e-05, max SE=3.839e-04, K=11, time=2942.44 ms
[12/24] NaturalEarth / natural_earth_10m_coastline_933eab98f709_w000_933eab98
  Ours v16: MSE=3.554e-05, max SE=3.611e-04, K=26, time=15.41 ms
  Park & Lee 2007 (DOM adaptation): MSE=4.728e-05, max SE=9.597e-04, K=21, time=26.27 ms
  Liang et al. 2017 (feature-IKI adaptation): MSE=4.816e-05, max SE=3.352e-04, K=15, time=15.04 ms
  Dung & Tjahjowidodo 2017 (serial adaptation) [threshold-safe adaptation]: MSE=3.475e-05, max SE=3.659e-04, K=14, time=240.73 ms
  Kang 2015 (ADMM adaptation) [threshold-safe adaptation]: MSE=1.922e-05, max SE=3.689e-04, K=30, time=775.06 ms
  Luo et al. 2022 (l-infinity,1 + DE adaptation) [threshold-safe adaptation]: MSE=4.570e-05, max SE=3.894e-04, K=15, time=2683.04 ms
[13/24] USGS / usgs_tnm_contours_large_scale_3eb19dbb6d67_w000_3eb19dbb
  Ours v16: MSE=1.360e-05, max SE=1.936e-04, K=28, time=15.56 ms
  Park & Lee 2007 (DOM adaptation): MSE=1.126e-05, max SE=8.570e-05, K=15, time=18.70 ms
  Liang et al. 2017 (feature-IKI adaptation): MSE=2.158e-05, max SE=8.977e-05, K=9, time=8.86 ms
  Dung & Tjahjowidodo 2017 (serial adaptation) [threshold-safe adaptation]: MSE=3.224e-05, max SE=1.568e-04, K=8, time=117.83 ms
  Kang 2015 (ADMM adaptation) [threshold-safe adaptation]: MSE=4.461e-05, max SE=2.564e-04, K=7, time=1100.75 ms
  Luo et al. 2022 (l-infinity,1 + DE adaptation) [threshold-safe adaptation]: MSE=4.233e-05, max SE=1.856e-04, K=9, time=2743.95 ms
[14/24] USGS / usgs_tnm_contours_large_scale_2cadfb668fb4_w000_2cadfb66
  Ours v16: MSE=1.345e-05, max SE=1.008e-04, K=16, time=15.27 ms
  Park & Lee 2007 (DOM adaptation): MSE=4.945e-05, max SE=4.692e-04, K=3, time=5.28 ms
  Liang et al. 2017 (feature-IKI adaptation): MSE=2.225e-05, max SE=1.720e-04, K=4, time=3.77 ms
  Dung & Tjahjowidodo 2017 (serial adaptation) [threshold-safe adaptation]: MSE=1.252e-05, max SE=6.423e-05, K=5, time=51.13 ms
  Kang 2015 (ADMM adaptation) [threshold-safe adaptation]: MSE=4.192e-05, max SE=2.430e-04, K=3, time=1156.44 ms
  Luo et al. 2022 (l-infinity,1 + DE adaptation) [threshold-safe adaptation]: MSE=1.011e-05, max SE=4.076e-05, K=5, time=2832.63 ms
[15/24] USGS / usgs_tnm_contours_large_scale_ddfe427e4dda_w000_ddfe427e
  Ours v16: MSE=5.686e-06, max SE=8.865e-05, K=25, time=15.53 ms
  Park & Lee 2007 (DOM adaptation): MSE=4.881e-05, max SE=5.420e-04, K=16, time=19.96 ms
  Liang et al. 2017 (feature-IKI adaptation): MSE=4.358e-05, max SE=1.793e-04, K=12, time=12.02 ms
  Dung & Tjahjowidodo 2017 (serial adaptation) [threshold-safe adaptation]: MSE=4.541e-05, max SE=2.914e-04, K=11, time=179.06 ms
  Kang 2015 (ADMM adaptation) [threshold-safe adaptation]: MSE=2.492e-06, max SE=2.142e-05, K=26, time=820.02 ms
  Luo et al. 2022 (l-infinity,1 + DE adaptation) [threshold-safe adaptation]: MSE=4.216e-05, max SE=2.632e-04, K=11, time=2748.60 ms
[16/24] USGS / usgs_tnm_contours_large_scale_8e652f54e742_w000_8e652f54
  Ours v16: MSE=4.084e-05, max SE=2.542e-04, K=31, time=15.51 ms
  Park & Lee 2007 (DOM adaptation): MSE=5.797e-05, max SE=5.542e-04, K=32, time=43.29 ms
  Liang et al. 2017 (feature-IKI adaptation): MSE=4.377e-05, max SE=2.609e-04, K=24, time=25.85 ms
  Dung & Tjahjowidodo 2017 (serial adaptation) [threshold-safe adaptation]: MSE=4.874e-05, max SE=2.867e-04, K=21, time=385.19 ms
  Kang 2015 (ADMM adaptation) [threshold-safe adaptation]: MSE=4.756e-05, max SE=4.370e-04, K=32, time=435.67 ms
  Luo et al. 2022 (l-infinity,1 + DE adaptation) [threshold-safe adaptation]: MSE=4.758e-05, max SE=2.250e-04, K=25, time=1394.09 ms
[17/24] USGS / usgs_tnm_contours_large_scale_f0e01325c640_w002_0eb6b787
  Ours v16: MSE=9.078e-05, max SE=7.827e-04, K=30, time=15.38 ms
  Park & Lee 2007 (DOM adaptation): MSE=9.854e-05, max SE=8.836e-04, K=32, time=43.67 ms
  Liang et al. 2017 (feature-IKI adaptation): MSE=5.518e-05, max SE=2.795e-04, K=32, time=36.74 ms
  Dung & Tjahjowidodo 2017 (serial adaptation) [threshold-safe adaptation]: MSE=4.889e-05, max SE=3.287e-04, K=31, time=499.55 ms
  Kang 2015 (ADMM adaptation) [threshold-safe adaptation]: MSE=7.365e-05, max SE=4.561e-04, K=32, time=11.30 ms
  Luo et al. 2022 (l-infinity,1 + DE adaptation) [threshold-safe adaptation]: MSE=7.228e-05, max SE=4.578e-04, K=32, time=691.42 ms
[18/24] USGS / usgs_tnm_contours_large_scale_f25cc5317711_w000_f25cc531
  Ours v16: MSE=3.232e-05, max SE=1.873e-04, K=31, time=15.55 ms
  Park & Lee 2007 (DOM adaptation): MSE=3.959e-05, max SE=2.939e-04, K=32, time=43.31 ms
  Liang et al. 2017 (feature-IKI adaptation): MSE=4.318e-05, max SE=3.035e-04, K=23, time=24.59 ms
  Dung & Tjahjowidodo 2017 (serial adaptation) [threshold-safe adaptation]: MSE=4.657e-05, max SE=3.131e-04, K=23, time=413.99 ms
  Kang 2015 (ADMM adaptation) [threshold-safe adaptation]: MSE=3.942e-05, max SE=3.381e-04, K=32, time=433.55 ms
  Luo et al. 2022 (l-infinity,1 + DE adaptation) [threshold-safe adaptation]: MSE=4.226e-05, max SE=2.960e-04, K=31, time=1595.43 ms
[19/24] IndustrialOffset / industrial_offset_keyway_bore_v007_o01_m0p0400
  Ours v16: MSE=6.063e-06, max SE=7.932e-05, K=28, time=15.51 ms
  Park & Lee 2007 (DOM adaptation): MSE=1.360e-04, max SE=1.674e-03, K=32, time=43.28 ms
  Liang et al. 2017 (feature-IKI adaptation): MSE=1.770e-05, max SE=2.209e-04, K=19, time=19.71 ms
  Dung & Tjahjowidodo 2017 (serial adaptation) [threshold-safe adaptation]: MSE=4.946e-05, max SE=2.704e-04, K=13, time=187.57 ms
  Kang 2015 (ADMM adaptation) [threshold-safe adaptation]: MSE=3.787e-05, max SE=6.925e-04, K=31, time=433.12 ms
  Luo et al. 2022 (l-infinity,1 + DE adaptation) [threshold-safe adaptation]: MSE=4.915e-05, max SE=7.115e-04, K=23, time=2278.92 ms
[20/24] IndustrialOffset / industrial_offset_elliptic_bore_v008_o03_p0p0200
  Ours v16: MSE=1.897e-06, max SE=1.232e-05, K=16, time=15.29 ms
  Park & Lee 2007 (DOM adaptation): MSE=4.998e-05, max SE=2.761e-04, K=10, time=12.75 ms
  Liang et al. 2017 (feature-IKI adaptation): MSE=4.785e-05, max SE=1.444e-04, K=5, time=4.76 ms
  Dung & Tjahjowidodo 2017 (serial adaptation) [threshold-safe adaptation]: MSE=3.310e-05, max SE=1.962e-04, K=7, time=80.19 ms
  Kang 2015 (ADMM adaptation) [threshold-safe adaptation]: MSE=2.848e-06, max SE=1.985e-05, K=16, time=1068.16 ms
  Luo et al. 2022 (l-infinity,1 + DE adaptation) [threshold-safe adaptation]: MSE=3.128e-05, max SE=1.331e-04, K=7, time=3117.06 ms
[21/24] IndustrialOffset / industrial_offset_keyway_bore_v008_o03_p0p0200
  Ours v16: MSE=5.232e-05, max SE=1.403e-03, K=27, time=15.52 ms
  Park & Lee 2007 (DOM adaptation): MSE=9.890e-05, max SE=1.625e-03, K=32, time=43.21 ms
  Liang et al. 2017 (feature-IKI adaptation): MSE=1.631e-05, max SE=1.498e-04, K=18, time=18.62 ms
  Dung & Tjahjowidodo 2017 (serial adaptation) [threshold-safe adaptation]: MSE=4.209e-05, max SE=2.570e-04, K=15, time=203.56 ms
  Kang 2015 (ADMM adaptation) [threshold-safe adaptation]: MSE=1.503e-05, max SE=3.216e-04, K=30, time=438.31 ms
  Luo et al. 2022 (l-infinity,1 + DE adaptation) [threshold-safe adaptation]: MSE=3.567e-05, max SE=3.161e-04, K=12, time=2536.60 ms
[22/24] IndustrialOffset / industrial_offset_naca_airfoil_v005_o04_p0p0400
  Ours v16: MSE=3.224e-06, max SE=7.272e-05, K=20, time=15.45 ms
  Park & Lee 2007 (DOM adaptation): MSE=1.949e-05, max SE=5.585e-04, K=15, time=23.15 ms
  Liang et al. 2017 (feature-IKI adaptation): MSE=2.744e-05, max SE=3.719e-04, K=7, time=6.83 ms
  Dung & Tjahjowidodo 2017 (serial adaptation) [threshold-safe adaptation]: MSE=1.430e-05, max SE=2.543e-04, K=6, time=97.48 ms
  Kang 2015 (ADMM adaptation) [threshold-safe adaptation]: MSE=6.371e-06, max SE=3.207e-04, K=22, time=823.46 ms
  Luo et al. 2022 (l-infinity,1 + DE adaptation) [threshold-safe adaptation]: MSE=3.999e-05, max SE=6.819e-04, K=8, time=2975.90 ms
[23/24] IndustrialOffset / industrial_offset_lobed_rotor_v001_o00_m0p0800
  Ours v16: MSE=3.055e-04, max SE=2.164e-03, K=21, time=15.47 ms
  Park & Lee 2007 (DOM adaptation): MSE=4.640e-05, max SE=2.309e-04, K=19, time=27.57 ms
  Liang et al. 2017 (feature-IKI adaptation): MSE=3.975e-05, max SE=1.984e-04, K=22, time=23.53 ms
  Dung & Tjahjowidodo 2017 (serial adaptation) [threshold-safe adaptation]: MSE=4.768e-05, max SE=2.986e-04, K=18, time=237.70 ms
  Kang 2015 (ADMM adaptation) [threshold-safe adaptation]: MSE=4.013e-06, max SE=2.378e-05, K=32, time=439.17 ms
  Luo et al. 2022 (l-infinity,1 + DE adaptation) [threshold-safe adaptation]: MSE=3.209e-05, max SE=1.886e-04, K=19, time=2747.51 ms
[24/24] IndustrialOffset / industrial_offset_naca_airfoil_v011_o03_p0p0200
  Ours v16: MSE=2.684e-06, max SE=8.564e-05, K=20, time=15.43 ms
  Park & Lee 2007 (DOM adaptation): MSE=2.084e-05, max SE=5.718e-04, K=10, time=21.25 ms
  Liang et al. 2017 (feature-IKI adaptation): MSE=3.767e-05, max SE=4.089e-04, K=6, time=5.82 ms
  Dung & Tjahjowidodo 2017 (serial adaptation) [threshold-safe adaptation]: MSE=1.830e-05, max SE=6.030e-04, K=6, time=82.17 ms
  Kang 2015 (ADMM adaptation) [threshold-safe adaptation]: MSE=9.567e-06, max SE=2.756e-04, K=23, time=780.35 ms
  Luo et al. 2022 (l-infinity,1 + DE adaptation) [threshold-safe adaptation]: MSE=1.554e-05, max SE=4.617e-04, K=6, time=2811.16 ms
Saved 24 PNG files and /home/feng/HouCode/SplineFitting_1070_overnight/outputs/figures/universal_m16_m32_3090_r1_m32/six_method_real_cases/deployment_visualizations.json
