v16 checkpoint inspection
  checkpoint: /home/feng/HouCode/SplineSurpervisedFitting/outputs/checkpoints/candidate_selection_v16_mse1e-4_sourcek56_kc72_decoupled_r1.pt
  objective: candidate_selection_supervised_bspline_v16
  stage: joint
  epoch: 128
Training supervision
  optimizer data: certified Synthetic only
  real-data fraction: 0
  Joint target: synthetic_ground_truth
  exact knot-count label: exact
  online Teacher: False
  certified fine teacher: certified_source_single_deletion_mse
  fine-teacher unit / online solves: mean_squared_euclidean / 0
Selection architecture
  revision: v16_decoupled_keep_count_kc72_mass_topk
  policy: mass_topk
  internal candidate capacity: 72
  full knot-vector size at all-keep: 80
  adaptive beta: True
  simplification contract: synthetic_ground_truth_ordered_keep_and_relocation_v4
  simplification curriculum mature: True
  aggregate pass feedback: False (must be False)
  checkpoint selection: mean_per_curve_subset_cost_v1
  checkpoint quality: supervised_fit_count_selected
Proposal curriculum
  high-K synthetic allocation: 50.000% (0.500000)
  high-K stratum begins at internal K: 40
  ordered assignment weight: 1
Synthetic data contract
  revision: source_subset_threshold_minimal_k4_56_span001_v2
  certified minimal source: True
  source control-point range: 8..60 (formal: 8..60)
  source internal-knot range: K=4..56
  knot min span: 0.01 (formal: 0.01)
  certificate RMS tolerance: 1.000000e-02
Configured targets
  proposal pass: 90.000% (0.900000)
  deployment pass: 90.000% (0.900000)
  recorded MSE tolerance: 1.000000e-04
Observed validation
  overall dense: 99.799% (0.997986)
  overall deployment: 14.199% (0.141994)
  worst-source dense: 98.000% (0.980000)
  worst-source deployment: 0.000% (0.000000)
  qualification dense/deployment (min of worst-source and K=56): 98.000% (0.980000) / 0.000% (0.000000)
  certified synthetic count MAE: 11.655
  certified synthetic knot F1 / matched MAE: 0.622714 / 4.258513e-03
  synthetic boundary: K=56, n=46, dense=100.000% (1.000000), deployment=0.000% (0.000000)
  by source:
    Synthetic: dense=100.000% (1.000000), deployment=5.000% (0.050000), dense_MSE=1.033789e-05, deployment_MSE=1.620012e-03, K=37.8083, target_K=31.7367, count_MAE=11.655, count_bias=6.07167, knot_F1=0.622714, matched_MAE=4.258513e-03
    industrial_model_offset_curves: dense=100.000% (1.000000), deployment=83.871% (0.838710), dense_MSE=3.892659e-06, deployment_MSE=4.950653e-05, K=54.3011
    natural_earth_10m_coastline: dense=98.000% (0.980000), deployment=0.000% (0.000000), dense_MSE=1.337305e-05, deployment_MSE=4.679583e-03, K=11.18
    uji_pen_characters_v2: dense=100.000% (1.000000), deployment=16.000% (0.160000), dense_MSE=4.000811e-06, deployment_MSE=6.492657e-03, K=6.47
    usgs_tnm_contours_large_scale: dense=100.000% (1.000000), deployment=17.000% (0.170000), dense_MSE=8.470659e-06, deployment_MSE=3.667688e-03, K=15.35
Formal benchmark integrity
  pass-rate reference (diagnostic only): 90.000% (0.900000)
  pass-rate reference met: False (does not affect eligibility)
  required MSE tolerance: 1.000000e-04
  historical diagnostics only: Synthetic count MAE <= 2, knot F1 >= 0.6, matched MAE <= 5.000000e-03
  structurally eligible: YES
  eligible: YES
  reasons: none
