v16 checkpoint inspection
  checkpoint: /home/feng/HouCode/SplineSurpervisedFitting/outputs/checkpoints/v16_small_medium_k24_r1.pt
  objective: candidate_selection_feasible_teacher_bspline_v16
  stage: joint
  epoch: 48
Training supervision
  optimizer data: certified Synthetic only
  real-data fraction: 0
  Joint target: offline_feasible_teacher
  exact knot-count label: reference_only
  online Teacher: False
  certified fine teacher: frozen_proposal_feasible_subset_risk
  fine-teacher unit / online solves: mean_squared_euclidean / 0
Selection architecture
  revision: v16_count_structure_coupled_mass_topk_pilot_v1
  policy: mass_topk
  internal candidate capacity: 24
  full knot-vector size at all-keep: 32
  adaptive beta: True
  simplification contract: fixed_proposal_offline_feasible_subset_v1
  simplification curriculum mature: True
  aggregate pass feedback: False (must be False)
  checkpoint selection: mean_per_curve_subset_cost_v1
  checkpoint quality: supervised_fit_count_selected
Proposal curriculum
  high-K synthetic allocation: 0.000% (0.000000)
  high-K stratum begins at internal K: 20
  ordered assignment weight: 1
Synthetic data contract
  revision: certified_source_subset_threshold_minimal_k4_20_kc24_span001_v1
  certified minimal source: True
  source control-point range: 8..24 (formal: 8..60)
  source internal-knot range: K=4..56
  knot min span: 0.01 (formal: 0.01)
  certificate RMS tolerance: 1.000000e-02
Configured targets
  proposal pass: 90.000% (0.900000)
  deployment pass: 90.000% (0.900000)
  recorded MSE tolerance: 1.000000e-04
Observed validation
  overall dense: 81.250% (0.812500)
  overall deployment: 13.750% (0.137500)
  worst-source dense: 60.000% (0.600000)
  worst-source deployment: 0.000% (0.000000)
  qualification dense/deployment (min of worst-source and K=56): 9.524% (0.095238) / 0.000% (0.000000)
  certified synthetic count MAE: 2.7
  certified synthetic knot F1 / matched MAE: 0.417158 / 4.743485e-03
  synthetic boundary: K=20, n=21, dense=9.524% (0.095238), deployment=0.000% (0.000000)
  by source:
    Synthetic: dense=80.625% (0.806250), deployment=0.000% (0.000000), dense_MSE=6.414276e-05, deployment_MSE=1.654911e-03, K=14.9375, target_K=12.6, count_MAE=2.7, count_bias=2.3375, knot_F1=0.417158, matched_MAE=4.743485e-03
    industrial_model_offset_curves: dense=85.000% (0.850000), deployment=40.000% (0.400000), dense_MSE=3.692729e-05, deployment_MSE=3.267813e-04, K=16.05
    natural_earth_10m_coastline: dense=60.000% (0.600000), deployment=0.000% (0.000000), dense_MSE=1.745438e-04, deployment_MSE=8.947010e-04, K=15.5
    uji_pen_characters_v2: dense=100.000% (1.000000), deployment=80.000% (0.800000), dense_MSE=1.491078e-05, deployment_MSE=1.352947e-04, K=15.6
    usgs_tnm_contours_large_scale: dense=85.000% (0.850000), deployment=45.000% (0.450000), dense_MSE=7.728297e-05, deployment_MSE=3.796203e-04, K=16.25
Formal benchmark integrity
  pass-rate reference (diagnostic only): 90.000% (0.900000)
  pass-rate reference met: False (does not affect eligibility)
  required MSE tolerance: 1.000000e-04
  historical diagnostics only: Synthetic count MAE <= 2, knot F1 >= 0.6, matched MAE <= 5.000000e-03
  structurally eligible: NO
  eligible: NO
  reasons:
    - checkpoint is not the current v16 adaptive-beta mass-TopK revision
    - formal proposal training must allocate exactly 50% of synthetic draws to the high-K stratum
    - formal proposal high-K stratum must start at K=40
    - synthetic data contract is not the certified K=4..56 source-subset minimality revision
    - formal synthetic source maximum must be 60 control points (56 internal knots)
    - formal v16 candidate-knot capacity must equal 72 internal knots
    - formal validation boundary must be the K=56 synthetic stratum
    - formal validation K=56 boundary audit must contain at least 32 synthetic samples
