
[benchmark_six_methods] /e/ProgramData/anaconda3/python.exe scripts/benchmark_v16_datasets.py --checkpoint /e/SelfSurpervisedSplineFitting/outputs/checkpoints/overnight_compact_pipeline_smoke_20260919_r1.pt --output-dir /e/SelfSurpervisedSplineFitting/outputs/comparisons/overnight_compact_pipeline_smoke_20260919_r1 --method-set published --samples-per-knot-count 1 --min-knot-count 4 --max-knot-count 24 --real-samples-per-dataset 1 --mse-tolerance 5e-5 --manifest UJI=/e/SelfSurpervisedSplineFitting/data/splits/uji_pen_v2.jsonl --manifest NaturalEarth=/e/SelfSurpervisedSplineFitting/data/processed/natural_earth/v5.1.2_10m_coastline/manifest.jsonl --manifest USGS=/e/SelfSurpervisedSplineFitting/data/processed/usgs_contours/large_scale/manifest.jsonl --max-internal-knots 64 --paper-initial-knots 64 --liang-dense-knots 64 --gradient-steps 12 --paper-admm-iterations 100 --paper-lambda-bisections 8 --paper-relocation-iterations 8 --liang-feature-samples 1025 --dung-scan-intervals 10 --dung-optimization-iterations 10 --luo-de-population 10 --luo-de-iterations 10 --published-feasibility-safeguard --network-warmups 3 --network-repeats 1 --end-to-end-repeats 1 --torch-num-threads 4 --device cpu --allow-unqualified-diagnostic --force-diagnostic
DIAGNOSTIC NOT FINAL — joint simplification curriculum was not mature when saved; certified synthetic count MAE exceeds the formal limit 2; certified synthetic knot-match F1 is below the formal minimum 0.6; observed worst-source deployment pass rate 0.000% is below the required 90.000%; infeasible-proposal ablation was enabled; Forced diagnostic: quick or reduced benchmark protocol
Preparing fixed paired test samples...
Warming numerical solvers (excluded from timing)...
24 curves x 6 methods; device=cpu; MSE tolerance=5e-05
[1/24] Synthetic seed20000_sample2679 ours: K=9 MSE=2.433791248951099e-05 time=21.8 ms ok
[1/24] Synthetic seed20000_sample2679 park_dominant_point_2007_adaptation: K=26 MSE=1.6183826934606213e-05 time=139.2 ms ok
[1/24] Synthetic seed20000_sample2679 liang_feature_iki_2017_adaptation: K=14 MSE=3.9520651152389015e-05 time=42.6 ms ok
[1/24] Synthetic seed20000_sample2679 dung_direct_knot_2017_adaptation: K=9 MSE=4.095534412096115e-05 time=764.4 ms ok
[1/24] Synthetic seed20000_sample2679 kang_sparse_2015_adaptation: K=8 MSE=2.9680286000714485e-05 time=2188.4 ms ok
[1/24] Synthetic seed20000_sample2679 luo_linf_de_2022_adaptation: K=17 MSE=3.4687552030484524e-05 time=2999.0 ms ok
[2/24] Synthetic seed20000_sample2344 ours: K=10 MSE=2.5676970254172706e-05 time=57.5 ms ok
[2/24] Synthetic seed20000_sample2344 park_dominant_point_2007_adaptation: K=23 MSE=4.3824752996796846e-05 time=112.0 ms ok
[2/24] Synthetic seed20000_sample2344 liang_feature_iki_2017_adaptation: K=17 MSE=4.678775791833964e-05 time=60.3 ms ok
[2/24] Synthetic seed20000_sample2344 dung_direct_knot_2017_adaptation: K=11 MSE=4.932516479107081e-05 time=543.4 ms ok
[2/24] Synthetic seed20000_sample2344 kang_sparse_2015_adaptation: K=9 MSE=4.491391450614171e-05 time=1638.2 ms ok
[2/24] Synthetic seed20000_sample2344 luo_linf_de_2022_adaptation: K=13 MSE=4.111009402121146e-05 time=2762.8 ms ok
[3/24] Synthetic seed20000_sample3602 ours: K=10 MSE=2.960557182221009e-05 time=16.6 ms ok
[3/24] Synthetic seed20000_sample3602 park_dominant_point_2007_adaptation: K=25 MSE=4.147229870272867e-05 time=81.6 ms ok
[3/24] Synthetic seed20000_sample3602 liang_feature_iki_2017_adaptation: K=22 MSE=3.592219699517099e-05 time=67.4 ms ok
[3/24] Synthetic seed20000_sample3602 dung_direct_knot_2017_adaptation: K=12 MSE=4.1916218438485416e-05 time=458.2 ms ok
[3/24] Synthetic seed20000_sample3602 kang_sparse_2015_adaptation: K=9 MSE=4.8944007434135e-05 time=1396.0 ms ok
[3/24] Synthetic seed20000_sample3602 luo_linf_de_2022_adaptation: K=15 MSE=4.8411085306704864e-05 time=3763.5 ms ok
[4/24] Synthetic seed20000_sample3494 ours: K=14 MSE=4.615210892391669e-05 time=69.9 ms ok
[4/24] Synthetic seed20000_sample3494 park_dominant_point_2007_adaptation: K=22 MSE=4.5662908994430824e-05 time=655.5 ms ok
[4/24] Synthetic seed20000_sample3494 liang_feature_iki_2017_adaptation: K=21 MSE=4.621593359759228e-05 time=441.6 ms ok
[4/24] Synthetic seed20000_sample3494 dung_direct_knot_2017_adaptation: K=15 MSE=4.742731068886672e-05 time=755.9 ms ok
[4/24] Synthetic seed20000_sample3494 kang_sparse_2015_adaptation: K=14 MSE=4.9897220637990334e-05 time=2511.4 ms ok
[4/24] Synthetic seed20000_sample3494 luo_linf_de_2022_adaptation: K=21 MSE=4.225474549781054e-05 time=3994.9 ms ok
[5/24] Synthetic seed20000_sample1236 ours: K=15 MSE=4.545146217801227e-05 time=31.0 ms ok
[5/24] Synthetic seed20000_sample1236 park_dominant_point_2007_adaptation: K=32 MSE=3.672233198103458e-05 time=130.4 ms ok
[5/24] Synthetic seed20000_sample1236 liang_feature_iki_2017_adaptation: K=23 MSE=4.97391723508276e-05 time=64.2 ms ok
[5/24] Synthetic seed20000_sample1236 dung_direct_knot_2017_adaptation: K=17 MSE=4.952112952761158e-05 time=608.0 ms ok
[5/24] Synthetic seed20000_sample1236 kang_sparse_2015_adaptation: K=15 MSE=4.76322380445879e-05 time=1408.0 ms ok
[5/24] Synthetic seed20000_sample1236 luo_linf_de_2022_adaptation: K=20 MSE=4.5499254680058055e-05 time=2746.5 ms ok
[6/24] Synthetic seed20000_sample365 ours: K=16 MSE=8.20470727860392e-05 time=21.2 ms ok
[6/24] Synthetic seed20000_sample365 park_dominant_point_2007_adaptation: K=28 MSE=4.181495806023598e-05 time=121.9 ms ok
[6/24] Synthetic seed20000_sample365 liang_feature_iki_2017_adaptation: K=25 MSE=4.41238305095272e-05 time=75.7 ms ok
[6/24] Synthetic seed20000_sample365 dung_direct_knot_2017_adaptation: K=21 MSE=4.4199988157102214e-05 time=705.8 ms ok
[6/24] Synthetic seed20000_sample365 kang_sparse_2015_adaptation: K=15 MSE=4.482372092138413e-05 time=1799.5 ms ok
[6/24] Synthetic seed20000_sample365 luo_linf_de_2022_adaptation: K=21 MSE=4.5783312821448173e-05 time=2774.3 ms ok
[7/24] Synthetic seed20000_sample2797 ours: K=18 MSE=4.5749744481831365e-05 time=18.9 ms ok
[7/24] Synthetic seed20000_sample2797 park_dominant_point_2007_adaptation: K=48 MSE=3.230990412262508e-05 time=185.4 ms ok
[7/24] Synthetic seed20000_sample2797 liang_feature_iki_2017_adaptation: K=25 MSE=4.747688260088083e-05 time=68.9 ms ok
[7/24] Synthetic seed20000_sample2797 dung_direct_knot_2017_adaptation: K=20 MSE=4.851633779570622e-05 time=740.1 ms ok
[7/24] Synthetic seed20000_sample2797 kang_sparse_2015_adaptation: K=18 MSE=4.4943033266034783e-05 time=1433.6 ms ok
[7/24] Synthetic seed20000_sample2797 luo_linf_de_2022_adaptation: K=20 MSE=4.688324418880233e-05 time=2644.8 ms ok
[8/24] Synthetic seed20000_sample2097 ours: K=24 MSE=9.345900282742415e-06 time=26.2 ms ok
[8/24] Synthetic seed20000_sample2097 park_dominant_point_2007_adaptation: K=35 MSE=4.7120948391268326e-05 time=220.3 ms ok
[8/24] Synthetic seed20000_sample2097 liang_feature_iki_2017_adaptation: K=29 MSE=4.96034498421211e-05 time=83.0 ms ok
[8/24] Synthetic seed20000_sample2097 dung_direct_knot_2017_adaptation: K=24 MSE=4.789160463877702e-05 time=772.4 ms ok
[8/24] Synthetic seed20000_sample2097 kang_sparse_2015_adaptation: K=63 MSE=2.8089757143734373e-06 time=409.5 ms ok
[8/24] Synthetic seed20000_sample2097 luo_linf_de_2022_adaptation: K=27 MSE=4.998837491950282e-05 time=2944.0 ms ok
[9/24] Synthetic seed20000_sample1601 ours: K=23 MSE=1.59324866648848e-05 time=14.6 ms ok
[9/24] Synthetic seed20000_sample1601 park_dominant_point_2007_adaptation: K=45 MSE=3.9910654113142715e-05 time=177.7 ms ok
[9/24] Synthetic seed20000_sample1601 liang_feature_iki_2017_adaptation: K=30 MSE=4.6995168736091844e-05 time=86.2 ms ok
[9/24] Synthetic seed20000_sample1601 dung_direct_knot_2017_adaptation: K=21 MSE=4.8708871669271636e-05 time=991.3 ms ok
[9/24] Synthetic seed20000_sample1601 kang_sparse_2015_adaptation: K=35 MSE=4.266158582931019e-05 time=677.7 ms ok
[9/24] Synthetic seed20000_sample1601 luo_linf_de_2022_adaptation: K=27 MSE=4.939681862502866e-05 time=2671.4 ms ok
[10/24] Synthetic seed20000_sample3366 ours: K=25 MSE=3.968286676486477e-05 time=26.0 ms ok
[10/24] Synthetic seed20000_sample3366 park_dominant_point_2007_adaptation: K=35 MSE=4.690888805729564e-05 time=160.7 ms ok
[10/24] Synthetic seed20000_sample3366 liang_feature_iki_2017_adaptation: K=33 MSE=4.7611174514564565e-05 time=105.9 ms ok
[10/24] Synthetic seed20000_sample3366 dung_direct_knot_2017_adaptation: K=19 MSE=4.848023518486629e-05 time=921.3 ms ok
[10/24] Synthetic seed20000_sample3366 kang_sparse_2015_adaptation: K=29 MSE=4.926167373015929e-05 time=722.4 ms ok
[10/24] Synthetic seed20000_sample3366 luo_linf_de_2022_adaptation: K=28 MSE=4.550493443787175e-05 time=2778.0 ms ok
[11/24] Synthetic seed20000_sample2204 ours: K=27 MSE=2.806094684224122e-05 time=19.2 ms ok
[11/24] Synthetic seed20000_sample2204 park_dominant_point_2007_adaptation: K=33 MSE=4.691020683406707e-05 time=124.0 ms ok
[11/24] Synthetic seed20000_sample2204 liang_feature_iki_2017_adaptation: K=31 MSE=4.8978258195705346e-05 time=99.7 ms ok
[11/24] Synthetic seed20000_sample2204 dung_direct_knot_2017_adaptation: K=23 MSE=4.710643587666469e-05 time=1023.8 ms ok
[11/24] Synthetic seed20000_sample2204 kang_sparse_2015_adaptation: K=30 MSE=4.7880540968290924e-05 time=750.7 ms ok
[11/24] Synthetic seed20000_sample2204 luo_linf_de_2022_adaptation: K=30 MSE=4.818816088120342e-05 time=2716.0 ms ok
[12/24] Synthetic seed20000_sample961 ours: K=29 MSE=6.563435435696112e-05 time=16.1 ms ok
[12/24] Synthetic seed20000_sample961 park_dominant_point_2007_adaptation: K=47 MSE=4.671473609456302e-05 time=190.7 ms ok
[12/24] Synthetic seed20000_sample961 liang_feature_iki_2017_adaptation: K=40 MSE=4.882537874477237e-05 time=140.0 ms ok
[12/24] Synthetic seed20000_sample961 dung_direct_knot_2017_adaptation: K=28 MSE=4.9924503989695286e-05 time=1557.4 ms ok
[12/24] Synthetic seed20000_sample961 kang_sparse_2015_adaptation: K=37 MSE=4.708353293848261e-05 time=767.9 ms ok
[12/24] Synthetic seed20000_sample961 luo_linf_de_2022_adaptation: K=35 MSE=4.999928110114285e-05 time=3065.5 ms ok
[13/24] Synthetic seed20000_sample3248 ours: K=32 MSE=4.593082188822571e-05 time=14.8 ms ok
[13/24] Synthetic seed20000_sample3248 park_dominant_point_2007_adaptation: K=40 MSE=4.920329111612818e-05 time=244.1 ms ok
[13/24] Synthetic seed20000_sample3248 liang_feature_iki_2017_adaptation: K=44 MSE=4.578175589162149e-05 time=179.6 ms ok
[13/24] Synthetic seed20000_sample3248 dung_direct_knot_2017_adaptation: K=32 MSE=4.869271886928623e-05 time=1687.1 ms ok
[13/24] Synthetic seed20000_sample3248 kang_sparse_2015_adaptation: K=36 MSE=4.675093150959713e-05 time=795.5 ms ok
[13/24] Synthetic seed20000_sample3248 luo_linf_de_2022_adaptation: K=36 MSE=4.92063613187082e-05 time=2696.8 ms ok
[14/24] Synthetic seed20000_sample2753 ours: K=32 MSE=5.1969156536268014e-05 time=18.0 ms ok
[14/24] Synthetic seed20000_sample2753 park_dominant_point_2007_adaptation: K=44 MSE=4.7820407121301365e-05 time=200.7 ms ok
[14/24] Synthetic seed20000_sample2753 liang_feature_iki_2017_adaptation: K=34 MSE=4.9237103880904404e-05 time=142.3 ms ok
[14/24] Synthetic seed20000_sample2753 dung_direct_knot_2017_adaptation: K=30 MSE=4.837314999062886e-05 time=1486.0 ms ok
[14/24] Synthetic seed20000_sample2753 kang_sparse_2015_adaptation: K=39 MSE=4.7452088306757054e-05 time=1000.0 ms ok
[14/24] Synthetic seed20000_sample2753 luo_linf_de_2022_adaptation: K=39 MSE=4.660402091099939e-05 time=3059.2 ms ok
[15/24] Synthetic seed20000_sample731 ours: K=35 MSE=5.013339908489526e-05 time=22.9 ms ok
[15/24] Synthetic seed20000_sample731 park_dominant_point_2007_adaptation: K=44 MSE=4.8735377354804976e-05 time=212.9 ms ok
[15/24] Synthetic seed20000_sample731 liang_feature_iki_2017_adaptation: K=42 MSE=4.839456195142802e-05 time=188.1 ms ok
[15/24] Synthetic seed20000_sample731 dung_direct_knot_2017_adaptation: K=34 MSE=4.770148235184915e-05 time=2010.4 ms ok
[15/24] Synthetic seed20000_sample731 kang_sparse_2015_adaptation: K=41 MSE=4.8631011527965034e-05 time=1167.7 ms ok
[15/24] Synthetic seed20000_sample731 luo_linf_de_2022_adaptation: K=38 MSE=4.994067718985297e-05 time=3248.6 ms ok
[16/24] Synthetic seed20000_sample937 ours: K=37 MSE=2.198437397818661e-05 time=17.1 ms ok
[16/24] Synthetic seed20000_sample937 park_dominant_point_2007_adaptation: K=44 MSE=4.854316961456875e-05 time=237.4 ms ok
[16/24] Synthetic seed20000_sample937 liang_feature_iki_2017_adaptation: K=42 MSE=4.3797635831692426e-05 time=173.9 ms ok
[16/24] Synthetic seed20000_sample937 dung_direct_knot_2017_adaptation: K=31 MSE=4.785063099181486e-05 time=1713.2 ms ok
[16/24] Synthetic seed20000_sample937 kang_sparse_2015_adaptation: K=42 MSE=4.8564353106059906e-05 time=954.6 ms ok
[16/24] Synthetic seed20000_sample937 luo_linf_de_2022_adaptation: K=40 MSE=4.629019571374146e-05 time=2728.5 ms ok
[17/24] Synthetic seed20000_sample496 ours: K=38 MSE=6.81997484312519e-05 time=28.5 ms ok
[17/24] Synthetic seed20000_sample496 park_dominant_point_2007_adaptation: K=40 MSE=4.961606208024115e-05 time=185.8 ms ok
[17/24] Synthetic seed20000_sample496 liang_feature_iki_2017_adaptation: K=49 MSE=4.5859884870202274e-05 time=235.7 ms ok
[17/24] Synthetic seed20000_sample496 dung_direct_knot_2017_adaptation: K=35 MSE=4.918808100207245e-05 time=1565.7 ms ok
[17/24] Synthetic seed20000_sample496 kang_sparse_2015_adaptation: K=45 MSE=4.829764374173202e-05 time=829.2 ms ok
[17/24] Synthetic seed20000_sample496 luo_linf_de_2022_adaptation: K=41 MSE=4.9030744173483554e-05 time=2644.2 ms ok
[18/24] Synthetic seed20000_sample3769 ours: K=40 MSE=4.673811294663406e-05 time=32.7 ms ok
[18/24] Synthetic seed20000_sample3769 park_dominant_point_2007_adaptation: K=50 MSE=4.905499537846261e-05 time=298.5 ms ok
[18/24] Synthetic seed20000_sample3769 liang_feature_iki_2017_adaptation: K=48 MSE=4.88636468206648e-05 time=153.7 ms ok
[18/24] Synthetic seed20000_sample3769 dung_direct_knot_2017_adaptation: K=44 MSE=4.7694480576996534e-05 time=1985.9 ms ok
[18/24] Synthetic seed20000_sample3769 kang_sparse_2015_adaptation: K=64 MSE=3.7327394170559044e-05 time=399.7 ms ok
[18/24] Synthetic seed20000_sample3769 luo_linf_de_2022_adaptation: K=50 MSE=4.893933684160392e-05 time=2746.1 ms ok
[19/24] Synthetic seed20000_sample1306 ours: K=41 MSE=6.232315792554243e-05 time=32.6 ms ok
[19/24] Synthetic seed20000_sample1306 park_dominant_point_2007_adaptation: K=53 MSE=4.887702524170969e-05 time=277.1 ms ok
[19/24] Synthetic seed20000_sample1306 liang_feature_iki_2017_adaptation: K=55 MSE=4.7823749827785995e-05 time=242.6 ms ok
[19/24] Synthetic seed20000_sample1306 dung_direct_knot_2017_adaptation: K=43 MSE=4.954672093912807e-05 time=1936.1 ms ok
[19/24] Synthetic seed20000_sample1306 kang_sparse_2015_adaptation: K=54 MSE=4.899680862269107e-05 time=970.4 ms ok
[19/24] Synthetic seed20000_sample1306 luo_linf_de_2022_adaptation: K=54 MSE=4.887642439504447e-05 time=2609.5 ms ok
[20/24] Synthetic seed20000_sample2880 ours: K=44 MSE=3.963131620688909e-05 time=17.6 ms ok
[20/24] Synthetic seed20000_sample2880 park_dominant_point_2007_adaptation: K=52 MSE=4.805303243730324e-05 time=240.5 ms ok
[20/24] Synthetic seed20000_sample2880 liang_feature_iki_2017_adaptation: K=61 MSE=4.928703798199629e-05 time=200.7 ms ok
[20/24] Synthetic seed20000_sample2880 dung_direct_knot_2017_adaptation: K=44 MSE=4.841491592446558e-05 time=2231.7 ms ok
[20/24] Synthetic seed20000_sample2880 kang_sparse_2015_adaptation: K=57 MSE=4.7961908616830664e-05 time=927.3 ms ok
[20/24] Synthetic seed20000_sample2880 luo_linf_de_2022_adaptation: K=51 MSE=4.985727855632772e-05 time=2491.1 ms ok
[21/24] Synthetic seed20000_sample650 ours: K=43 MSE=3.165854450410841e-05 time=20.8 ms ok
[21/24] Synthetic seed20000_sample650 park_dominant_point_2007_adaptation: K=50 MSE=4.8916377271699365e-05 time=320.6 ms ok
[21/24] Synthetic seed20000_sample650 liang_feature_iki_2017_adaptation: K=55 MSE=4.978494175494927e-05 time=187.2 ms ok
[21/24] Synthetic seed20000_sample650 dung_direct_knot_2017_adaptation: K=45 MSE=4.888889629479589e-05 time=2064.4 ms ok
[21/24] Synthetic seed20000_sample650 kang_sparse_2015_adaptation: K=61 MSE=4.8104339766436705e-05 time=345.5 ms ok
[21/24] Synthetic seed20000_sample650 luo_linf_de_2022_adaptation: K=61 MSE=4.781234047013228e-05 time=2561.1 ms ok
[22/24] UJI uji2_07539_stroke_00 ours: K=20 MSE=6.445231780130907e-06 time=19.1 ms ok
[22/24] UJI uji2_07539_stroke_00 park_dominant_point_2007_adaptation: K=5 MSE=2.6974677916307257e-05 time=95.1 ms ok
[22/24] UJI uji2_07539_stroke_00 liang_feature_iki_2017_adaptation: K=4 MSE=4.13237503376755e-05 time=17.1 ms ok
[22/24] UJI uji2_07539_stroke_00 dung_direct_knot_2017_adaptation: K=5 MSE=2.8642073674056752e-05 time=278.8 ms ok
[22/24] UJI uji2_07539_stroke_00 kang_sparse_2015_adaptation: K=53 MSE=3.67765658839345e-06 time=1006.8 ms ok
[22/24] UJI uji2_07539_stroke_00 luo_linf_de_2022_adaptation: K=5 MSE=4.204360870219401e-05 time=2619.7 ms ok
[23/24] NaturalEarth natural_earth_10m_coastline_625e1d04cc46_w000_625e1d04 ours: K=22 MSE=9.022358887604498e-05 time=22.0 ms ok
[23/24] NaturalEarth natural_earth_10m_coastline_625e1d04cc46_w000_625e1d04 park_dominant_point_2007_adaptation: K=25 MSE=3.522310160465074e-05 time=192.7 ms ok
[23/24] NaturalEarth natural_earth_10m_coastline_625e1d04cc46_w000_625e1d04 liang_feature_iki_2017_adaptation: K=24 MSE=4.81075951809369e-05 time=108.7 ms ok
[23/24] NaturalEarth natural_earth_10m_coastline_625e1d04cc46_w000_625e1d04 dung_direct_knot_2017_adaptation: K=19 MSE=4.7749138554959315e-05 time=757.9 ms ok
[23/24] NaturalEarth natural_earth_10m_coastline_625e1d04cc46_w000_625e1d04 kang_sparse_2015_adaptation: K=64 MSE=4.4204995873725706e-06 time=356.7 ms ok
[23/24] NaturalEarth natural_earth_10m_coastline_625e1d04cc46_w000_625e1d04 luo_linf_de_2022_adaptation: K=21 MSE=4.332324015276308e-05 time=2308.5 ms ok
[24/24] USGS usgs_tnm_contours_large_scale_9f99fb041980_w000_9f99fb04 ours: K=25 MSE=2.830674359391551e-05 time=14.7 ms ok
[24/24] USGS usgs_tnm_contours_large_scale_9f99fb041980_w000_9f99fb04 park_dominant_point_2007_adaptation: K=9 MSE=4.0762246163773244e-05 time=29.2 ms ok
[24/24] USGS usgs_tnm_contours_large_scale_9f99fb041980_w000_9f99fb04 liang_feature_iki_2017_adaptation: K=11 MSE=4.660108317310237e-05 time=26.3 ms ok
[24/24] USGS usgs_tnm_contours_large_scale_9f99fb041980_w000_9f99fb04 dung_direct_knot_2017_adaptation: K=9 MSE=2.7834054219123103e-05 time=333.4 ms ok
[24/24] USGS usgs_tnm_contours_large_scale_9f99fb041980_w000_9f99fb04 kang_sparse_2015_adaptation: K=24 MSE=5.3241583422995435e-06 time=966.0 ms ok
[24/24] USGS usgs_tnm_contours_large_scale_9f99fb041980_w000_9f99fb04 luo_linf_de_2022_adaptation: K=8 MSE=4.252622208161141e-05 time=2227.7 ms ok
Saved E:\SelfSurpervisedSplineFitting\outputs\comparisons\overnight_compact_pipeline_smoke_20260919_r1\report.md
