
[inspect_checkpoint] /e/ProgramData/anaconda3/python.exe scripts/inspect_v16_checkpoint.py --checkpoint /e/SelfSurpervisedSplineFitting/outputs/checkpoints/overnight_compact_pipeline_smoke_20260919_r1.pt --mse-tolerance 5e-5
v16 checkpoint inspection
  checkpoint: E:\SelfSurpervisedSplineFitting\outputs\checkpoints\overnight_compact_pipeline_smoke_20260919_r1.pt
  stage: joint
  epoch: 3
Selection architecture
  revision: v16_ranked_prefix_count_coupled_mass_topk
  policy: mass_topk
  internal candidate capacity: 64
  full knot-vector size at all-keep: 72
  adaptive beta: True
  simplification contract: ranked_prefix_certified_cardinality_adaptive_complexity_v1
  simplification curriculum mature: False
Synthetic data contract
  revision: source_subset_threshold_minimal_v1
  certified minimal source: True
  certificate RMS tolerance: 7.071068e-03
Configured targets
  proposal pass: 90.000% (0.900000)
  deployment pass: 90.000% (0.900000)
  recorded MSE tolerance: 5.000000e-05
Observed validation
  overall dense: 100.000% (1.000000)
  overall deployment: 60.000% (0.600000)
  worst-source dense: 100.000% (1.000000)
  worst-source deployment: 0.000% (0.000000)
  certified synthetic count MAE: 13
  certified synthetic knot F1 / matched MAE: 0.282051 / 4.265775e-03
  by source:
    Synthetic: dense=100.000% (1.000000), deployment=50.000% (0.500000), dense_MSE=1.192102e-06, deployment_MSE=4.442109e-05, K=26, target_K=13, count_MAE=13, count_bias=13, knot_F1=0.282051, matched_MAE=4.265775e-03
    natural_earth_10m_coastline: dense=100.000% (1.000000), deployment=0.000% (0.000000), dense_MSE=2.247116e-06, deployment_MSE=5.874363e-05, K=28
    uji_pen_characters_v2: dense=100.000% (1.000000), deployment=100.000% (1.000000), dense_MSE=1.435897e-07, deployment_MSE=6.917247e-06, K=20
    usgs_tnm_contours_large_scale: dense=100.000% (1.000000), deployment=100.000% (1.000000), dense_MSE=7.847667e-07, deployment_MSE=7.739510e-06, K=30
Formal qualification
  required pass rate: 90.000% (0.900000)
  required MSE tolerance: 5.000000e-05
  Synthetic count MAE <= 2, knot F1 >= 0.6, matched MAE <= 5.000000e-03
  eligible: NO
  reasons:
    - joint simplification curriculum was not mature when saved
    - certified synthetic count MAE exceeds the formal limit 2
    - certified synthetic knot-match F1 is below the formal minimum 0.6
    - observed worst-source deployment pass rate 0.000% is below the required 90.000%
    - infeasible-proposal ablation was enabled
