
[plot_six_method_real_cases] /e/ProgramData/anaconda3/python.exe scripts/visualize_v16_real_deployments.py --checkpoint /e/SelfSurpervisedSplineFitting/outputs/checkpoints/overnight_compact_pipeline_smoke_20260919_r1.pt --real-samples-per-dataset 1 --selection-seed 20260909 --mse-tolerance 5e-5 --manifest UJI=/e/SelfSurpervisedSplineFitting/data/splits/uji_pen_v2.jsonl --manifest NaturalEarth=/e/SelfSurpervisedSplineFitting/data/processed/natural_earth/v5.1.2_10m_coastline/manifest.jsonl --manifest USGS=/e/SelfSurpervisedSplineFitting/data/processed/usgs_contours/large_scale/manifest.jsonl --max-internal-knots 64 --paper-initial-knots 64 --liang-dense-knots 64 --gradient-steps 12 --paper-admm-iterations 100 --paper-lambda-bisections 8 --paper-relocation-iterations 8 --liang-feature-samples 1025 --dung-scan-intervals 10 --dung-optimization-iterations 10 --luo-de-population 10 --luo-de-iterations 10 --published-feasibility-safeguard --network-warmups 3 --network-repeats 1 --end-to-end-repeats 1 --torch-num-threads 4 --device cpu --dpi 240 --allow-unqualified-diagnostic --force-diagnostic --method-set published --output-dir /e/SelfSurpervisedSplineFitting/outputs/figures/overnight_compact_pipeline_smoke_20260919_r1/six_method_real_cases
[1/3] UJI / uji2_07455_stroke_00
  Ours v16: MSE=8.889e-06, K=20, time=15.34 ms
  Park & Lee 2007 (DOM adaptation): MSE=1.206e-05, K=10, time=33.43 ms
  Liang et al. 2017 (feature-IKI adaptation): MSE=4.680e-05, K=8, time=20.43 ms
  Dung & Tjahjowidodo 2017 (serial adaptation) [threshold-safe adaptation]: MSE=3.167e-05, K=6, time=301.71 ms
  Kang 2015 (ADMM adaptation) [threshold-safe adaptation]: MSE=2.705e-05, K=8, time=1023.23 ms
  Luo et al. 2022 (l-infinity,1 + DE adaptation) [threshold-safe adaptation]: MSE=4.900e-05, K=6, time=2095.73 ms
[2/3] NaturalEarth / natural_earth_10m_coastline_6f39c8d2074b_w000_6f39c8d2
  Ours v16: MSE=2.804e-05, K=27, time=18.84 ms
  Park & Lee 2007 (DOM adaptation): MSE=4.969e-05, K=20, time=68.60 ms
  Liang et al. 2017 (feature-IKI adaptation): MSE=3.475e-05, K=16, time=44.38 ms
  Dung & Tjahjowidodo 2017 (serial adaptation) [threshold-safe adaptation]: MSE=4.440e-05, K=14, time=688.87 ms
  Kang 2015 (ADMM adaptation) [threshold-safe adaptation]: MSE=3.119e-06, K=64, time=335.58 ms
  Luo et al. 2022 (l-infinity,1 + DE adaptation) [threshold-safe adaptation]: MSE=4.762e-05, K=16, time=2190.55 ms
[3/3] USGS / usgs_tnm_contours_large_scale_475ea687e55e_w000_475ea687
  Ours v16: MSE=6.001e-05, K=28, time=16.76 ms
  Park & Lee 2007 (DOM adaptation): MSE=4.881e-05, K=29, time=113.07 ms
  Liang et al. 2017 (feature-IKI adaptation): MSE=4.855e-05, K=28, time=83.72 ms
  Dung & Tjahjowidodo 2017 (serial adaptation) [threshold-safe adaptation]: MSE=4.840e-05, K=26, time=894.76 ms
  Kang 2015 (ADMM adaptation) [threshold-safe adaptation]: MSE=5.842e-06, K=64, time=356.47 ms
  Luo et al. 2022 (l-infinity,1 + DE adaptation) [threshold-safe adaptation]: MSE=4.496e-05, K=24, time=2492.63 ms
Saved 3 PNG files and E:\SelfSurpervisedSplineFitting\outputs\figures\overnight_compact_pipeline_smoke_20260919_r1\six_method_real_cases\deployment_visualizations.json
