
[benchmark_six_methods] /e/ProgramData/anaconda3/python.exe scripts/benchmark_v16_datasets.py --checkpoint /e/SelfSurpervisedSplineFitting/outputs/checkpoints/overnight_stable_k32_pipeline_smoke_20260919.pt --output-dir /e/SelfSurpervisedSplineFitting/outputs/comparisons/overnight_stable_k32_pipeline_smoke_20260919 --method-set published --samples-per-knot-count 1 --min-knot-count 4 --max-knot-count 24 --real-samples-per-dataset 1 --mse-tolerance 5e-5 --manifest UJI=/e/SelfSurpervisedSplineFitting/data/splits/uji_pen_v2.jsonl --manifest NaturalEarth=/e/SelfSurpervisedSplineFitting/data/processed/natural_earth/v5.1.2_10m_coastline/manifest.jsonl --manifest USGS=/e/SelfSurpervisedSplineFitting/data/processed/usgs_contours/large_scale/manifest.jsonl --manifest IndustrialOffset=/e/SelfSurpervisedSplineFitting/data/processed/industrial_offsets/v1/manifest.jsonl --max-internal-knots 32 --paper-initial-knots 32 --liang-dense-knots 32 --gradient-steps 12 --paper-admm-iterations 100 --paper-lambda-bisections 8 --paper-relocation-iterations 8 --liang-feature-samples 1025 --dung-scan-intervals 10 --dung-optimization-iterations 10 --luo-de-population 10 --luo-de-iterations 10 --published-feasibility-safeguard --network-warmups 3 --network-repeats 1 --end-to-end-repeats 1 --torch-num-threads 4 --device cpu --allow-unqualified-diagnostic --force-diagnostic
DIAGNOSTIC NOT FINAL — joint simplification curriculum was not mature when saved; certified synthetic count MAE exceeds the formal limit 2; certified synthetic knot-match F1 is below the formal minimum 0.6; certified synthetic matched-knot MAE exceeds the formal limit 0.005; observed worst-source deployment pass rate 0.000% is below the required 90.000%; infeasible-proposal ablation was enabled; Forced diagnostic: quick or reduced benchmark protocol
Preparing fixed paired test samples...
Warming numerical solvers (excluded from timing)...
25 curves x 6 methods; device=cpu; MSE tolerance=5e-05
[1/25] Synthetic seed20000_sample2679 ours: K=6 MSE=0.0005560205663207482 MaxSqErr=0.0016996052850746413 time=18.2 ms ok
[1/25] Synthetic seed20000_sample2679 park_dominant_point_2007_adaptation: K=26 MSE=1.6183826934606213e-05 MaxSqErr=0.0001383083536858267 time=97.4 ms ok
[1/25] Synthetic seed20000_sample2679 liang_feature_iki_2017_adaptation: K=13 MSE=2.6633378783066935e-05 MaxSqErr=8.035457403368679e-05 time=34.9 ms ok
[1/25] Synthetic seed20000_sample2679 dung_direct_knot_2017_adaptation: K=9 MSE=3.527028937673089e-05 MaxSqErr=0.0003396386489949132 time=346.7 ms ok
[1/25] Synthetic seed20000_sample2679 kang_sparse_2015_adaptation: K=9 MSE=4.9782511272095866e-05 MaxSqErr=0.00022623047872444266 time=963.1 ms ok
[1/25] Synthetic seed20000_sample2679 luo_linf_de_2022_adaptation: K=8 MSE=3.3453774340857046e-05 MaxSqErr=0.00010184326871679864 time=2179.0 ms ok
[2/25] Synthetic seed20000_sample2344 ours: K=5 MSE=0.0022061443928109562 MaxSqErr=0.008339437473828398 time=15.5 ms ok
[2/25] Synthetic seed20000_sample2344 park_dominant_point_2007_adaptation: K=23 MSE=4.3824752996796846e-05 MaxSqErr=0.0003148289307436641 time=76.7 ms ok
[2/25] Synthetic seed20000_sample2344 liang_feature_iki_2017_adaptation: K=16 MSE=3.819733332766986e-05 MaxSqErr=0.00021147782489261885 time=42.7 ms ok
[2/25] Synthetic seed20000_sample2344 dung_direct_knot_2017_adaptation: K=11 MSE=4.037886306523018e-05 MaxSqErr=0.0001326784964819132 time=337.2 ms ok
[2/25] Synthetic seed20000_sample2344 kang_sparse_2015_adaptation: K=25 MSE=2.0170272986358825e-06 MaxSqErr=1.8288724274128307e-05 time=730.9 ms ok
[2/25] Synthetic seed20000_sample2344 luo_linf_de_2022_adaptation: K=9 MSE=4.9698976334118876e-05 MaxSqErr=0.00018376242264748135 time=1971.7 ms ok
[3/25] Synthetic seed20000_sample3602 ours: K=5 MSE=0.0022940027050277058 MaxSqErr=0.008320582240361557 time=15.5 ms ok
[3/25] Synthetic seed20000_sample3602 park_dominant_point_2007_adaptation: K=25 MSE=4.147229870272867e-05 MaxSqErr=0.00036076055582158126 time=78.6 ms ok
[3/25] Synthetic seed20000_sample3602 liang_feature_iki_2017_adaptation: K=18 MSE=4.304408555721e-05 MaxSqErr=0.0002555187729315804 time=41.2 ms ok
[3/25] Synthetic seed20000_sample3602 dung_direct_knot_2017_adaptation: K=12 MSE=4.2134903252856496e-05 MaxSqErr=0.00016980583500467234 time=419.3 ms ok
[3/25] Synthetic seed20000_sample3602 kang_sparse_2015_adaptation: K=26 MSE=3.7220401445379875e-06 MaxSqErr=4.0859191907112796e-05 time=748.1 ms ok
[3/25] Synthetic seed20000_sample3602 luo_linf_de_2022_adaptation: K=15 MSE=4.547665317540192e-05 MaxSqErr=0.0003465826010783355 time=2091.0 ms ok
[4/25] Synthetic seed20000_sample3494 ours: K=8 MSE=0.0018207013297532966 MaxSqErr=0.008288595745882775 time=17.1 ms ok
[4/25] Synthetic seed20000_sample3494 park_dominant_point_2007_adaptation: K=22 MSE=4.5662908994430824e-05 MaxSqErr=0.0002756507524835316 time=72.2 ms ok
[4/25] Synthetic seed20000_sample3494 liang_feature_iki_2017_adaptation: K=17 MSE=4.645075453600464e-05 MaxSqErr=0.00028042686479908506 time=49.6 ms ok
[4/25] Synthetic seed20000_sample3494 dung_direct_knot_2017_adaptation: K=15 MSE=4.732078263809756e-05 MaxSqErr=0.00014328417322679256 time=543.7 ms ok
[4/25] Synthetic seed20000_sample3494 kang_sparse_2015_adaptation: K=32 MSE=6.523750211224226e-06 MaxSqErr=3.3530388359355375e-05 time=337.7 ms ok
[4/25] Synthetic seed20000_sample3494 luo_linf_de_2022_adaptation: K=18 MSE=3.79886054908544e-05 MaxSqErr=0.0002476028278110902 time=2381.2 ms ok
[5/25] Synthetic seed20000_sample1236 ours: K=8 MSE=0.0017711633793754307 MaxSqErr=0.007364250697268758 time=13.5 ms ok
[5/25] Synthetic seed20000_sample1236 park_dominant_point_2007_adaptation: K=32 MSE=3.672233198103458e-05 MaxSqErr=0.0003920981953610809 time=104.3 ms ok
[5/25] Synthetic seed20000_sample1236 liang_feature_iki_2017_adaptation: K=19 MSE=4.477758846402157e-05 MaxSqErr=0.00021985848949099312 time=54.6 ms ok
[5/25] Synthetic seed20000_sample1236 dung_direct_knot_2017_adaptation: K=17 MSE=3.955863666104373e-05 MaxSqErr=0.00015123636483451336 time=563.7 ms ok
[5/25] Synthetic seed20000_sample1236 kang_sparse_2015_adaptation: K=32 MSE=1.262159027693726e-05 MaxSqErr=7.302826068004621e-05 time=345.4 ms ok
[5/25] Synthetic seed20000_sample1236 luo_linf_de_2022_adaptation: K=21 MSE=3.987053404429708e-05 MaxSqErr=0.00022411618030122762 time=2277.7 ms ok
[6/25] Synthetic seed20000_sample365 ours: K=9 MSE=0.0020359018025522 MaxSqErr=0.011394599243802681 time=30.8 ms ok
[6/25] Synthetic seed20000_sample365 park_dominant_point_2007_adaptation: K=28 MSE=4.181495806023598e-05 MaxSqErr=0.0003095891687335639 time=182.8 ms ok
[6/25] Synthetic seed20000_sample365 liang_feature_iki_2017_adaptation: K=22 MSE=4.202387624076243e-05 MaxSqErr=0.0002692227283868406 time=69.2 ms ok
[6/25] Synthetic seed20000_sample365 dung_direct_knot_2017_adaptation: K=19 MSE=4.5509434531879426e-05 MaxSqErr=0.00016642308064980735 time=760.5 ms ok
[6/25] Synthetic seed20000_sample365 kang_sparse_2015_adaptation: K=32 MSE=1.6548195302986018e-05 MaxSqErr=9.218893242819979e-05 time=462.3 ms ok
[6/25] Synthetic seed20000_sample365 luo_linf_de_2022_adaptation: K=21 MSE=4.343811577586518e-05 MaxSqErr=0.00026739904066414374 time=2207.0 ms ok
[7/25] Synthetic seed20000_sample2797 ours: K=9 MSE=0.001989971622060647 MaxSqErr=0.012936619639242992 time=17.7 ms ok
[7/25] Synthetic seed20000_sample2797 park_dominant_point_2007_adaptation: K=32 MSE=0.0005497785157870331 MaxSqErr=0.0064247937241693216 time=123.1 ms ok
[7/25] Synthetic seed20000_sample2797 liang_feature_iki_2017_adaptation: K=25 MSE=4.7374901139884505e-05 MaxSqErr=0.00021642602316994928 time=87.0 ms ok
[7/25] Synthetic seed20000_sample2797 dung_direct_knot_2017_adaptation: K=18 MSE=4.683589917451672e-05 MaxSqErr=0.00016343936347714433 time=589.5 ms ok
[7/25] Synthetic seed20000_sample2797 kang_sparse_2015_adaptation: K=32 MSE=2.280243019900477e-05 MaxSqErr=0.00012680408376268171 time=358.7 ms ok
[7/25] Synthetic seed20000_sample2797 luo_linf_de_2022_adaptation: K=22 MSE=4.732711249965172e-05 MaxSqErr=0.00021488470955900984 time=2500.0 ms ok
[8/25] Synthetic seed20000_sample2097 ours: K=13 MSE=0.0015403134480982102 MaxSqErr=0.01037393783726375 time=16.1 ms ok
[8/25] Synthetic seed20000_sample2097 park_dominant_point_2007_adaptation: K=32 MSE=5.4455748748292825e-05 MaxSqErr=0.0005362222378090334 time=110.9 ms ok
[8/25] Synthetic seed20000_sample2097 liang_feature_iki_2017_adaptation: K=27 MSE=4.5469034099549323e-05 MaxSqErr=0.00021247570687401283 time=71.5 ms ok
[8/25] Synthetic seed20000_sample2097 dung_direct_knot_2017_adaptation: K=20 MSE=4.448620423913156e-05 MaxSqErr=0.000174079623001635 time=713.2 ms ok
[8/25] Synthetic seed20000_sample2097 kang_sparse_2015_adaptation: K=32 MSE=3.387498046893306e-05 MaxSqErr=0.00019653621119982518 time=336.4 ms ok
[8/25] Synthetic seed20000_sample2097 luo_linf_de_2022_adaptation: K=26 MSE=4.901603657090277e-05 MaxSqErr=0.0003339005339378997 time=2100.4 ms ok
[9/25] Synthetic seed20000_sample1601 ours: K=13 MSE=0.0018486185965196035 MaxSqErr=0.010154317884386635 time=16.5 ms ok
[9/25] Synthetic seed20000_sample1601 park_dominant_point_2007_adaptation: K=32 MSE=8.734643063320554e-05 MaxSqErr=0.0012817465475709324 time=110.0 ms ok
[9/25] Synthetic seed20000_sample1601 liang_feature_iki_2017_adaptation: K=32 MSE=6.317466358685913e-05 MaxSqErr=0.00036405321162878696 time=236.2 ms ok
[9/25] Synthetic seed20000_sample1601 dung_direct_knot_2017_adaptation: K=21 MSE=4.7952698982292685e-05 MaxSqErr=0.00015492990850280981 time=1045.5 ms ok
[9/25] Synthetic seed20000_sample1601 kang_sparse_2015_adaptation: K=32 MSE=4.3339790231967576e-05 MaxSqErr=0.0002128399904277854 time=358.1 ms ok
[9/25] Synthetic seed20000_sample1601 luo_linf_de_2022_adaptation: K=25 MSE=4.9018438886966446e-05 MaxSqErr=0.00019112535650211632 time=1869.2 ms ok
[10/25] Synthetic seed20000_sample3366 ours: K=16 MSE=0.0005987912675816865 MaxSqErr=0.0047612274482009345 time=17.9 ms ok
[10/25] Synthetic seed20000_sample3366 park_dominant_point_2007_adaptation: K=32 MSE=0.00021910993754909098 MaxSqErr=0.005170536285211471 time=112.6 ms ok
[10/25] Synthetic seed20000_sample3366 liang_feature_iki_2017_adaptation: K=32 MSE=5.853881985427608e-05 MaxSqErr=0.00031608866220967594 time=83.7 ms ok
[10/25] Synthetic seed20000_sample3366 dung_direct_knot_2017_adaptation: K=19 MSE=4.754477567291273e-05 MaxSqErr=0.0001982206704765737 time=816.0 ms ok
[10/25] Synthetic seed20000_sample3366 kang_sparse_2015_adaptation: K=30 MSE=4.9754975822504254e-05 MaxSqErr=0.0003694729732588078 time=496.4 ms ok
[10/25] Synthetic seed20000_sample3366 luo_linf_de_2022_adaptation: K=30 MSE=4.609312071650061e-05 MaxSqErr=0.00019474442727769516 time=2167.9 ms ok
[11/25] Synthetic seed20000_sample2204 ours: K=15 MSE=0.0009783451727372885 MaxSqErr=0.006201820200976757 time=14.3 ms ok
[11/25] Synthetic seed20000_sample2204 park_dominant_point_2007_adaptation: K=32 MSE=5.0528372482879184e-05 MaxSqErr=0.0006305832435099933 time=177.2 ms ok
[11/25] Synthetic seed20000_sample2204 liang_feature_iki_2017_adaptation: K=32 MSE=4.6428710255371e-05 MaxSqErr=0.00021604422470326327 time=108.8 ms ok
[11/25] Synthetic seed20000_sample2204 dung_direct_knot_2017_adaptation: K=23 MSE=4.855757551290808e-05 MaxSqErr=0.00023226017729404837 time=1023.2 ms ok
[11/25] Synthetic seed20000_sample2204 kang_sparse_2015_adaptation: K=32 MSE=4.325848551640904e-05 MaxSqErr=0.00015951360755147705 time=339.4 ms ok
[11/25] Synthetic seed20000_sample2204 luo_linf_de_2022_adaptation: K=28 MSE=4.913284604174457e-05 MaxSqErr=0.00026721317382532775 time=2028.1 ms ok
[12/25] Synthetic seed20000_sample961 ours: K=18 MSE=0.0008250624664239729 MaxSqErr=0.006027075676005904 time=15.7 ms ok
[12/25] Synthetic seed20000_sample961 park_dominant_point_2007_adaptation: K=32 MSE=0.00021675202639957 MaxSqErr=0.002340698779960142 time=189.0 ms ok
[12/25] Synthetic seed20000_sample961 liang_feature_iki_2017_adaptation: K=32 MSE=7.574505728649704e-05 MaxSqErr=0.00030768986083030606 time=121.8 ms ok
[12/25] Synthetic seed20000_sample961 dung_direct_knot_2017_adaptation: K=29 MSE=4.858954420161693e-05 MaxSqErr=0.00017278970963385926 time=1134.9 ms ok
[12/25] Synthetic seed20000_sample961 kang_sparse_2015_adaptation: K=32 MSE=5.8906874343276235e-05 MaxSqErr=0.00021373937239037603 time=422.9 ms ok
[12/25] Synthetic seed20000_sample961 luo_linf_de_2022_adaptation: K=32 MSE=6.267433026197437e-05 MaxSqErr=0.00021895107223543866 time=542.0 ms ok
[13/25] Synthetic seed20000_sample3248 ours: K=20 MSE=0.0006907017476754381 MaxSqErr=0.009847020551652904 time=22.5 ms ok
[13/25] Synthetic seed20000_sample3248 park_dominant_point_2007_adaptation: K=32 MSE=0.00018008068586082177 MaxSqErr=0.0035699690254922373 time=110.4 ms ok
[13/25] Synthetic seed20000_sample3248 liang_feature_iki_2017_adaptation: K=32 MSE=0.00011614832658349981 MaxSqErr=0.0006260506149834343 time=85.8 ms ok
[13/25] Synthetic seed20000_sample3248 dung_direct_knot_2017_adaptation: K=29 MSE=4.761855881255106e-05 MaxSqErr=0.000192427468181887 time=1240.1 ms ok
[13/25] Synthetic seed20000_sample3248 kang_sparse_2015_adaptation: K=32 MSE=8.534925640853663e-05 MaxSqErr=0.00034988470215804765 time=32.7 ms ok
[13/25] Synthetic seed20000_sample3248 luo_linf_de_2022_adaptation: K=32 MSE=8.531519363844495e-05 MaxSqErr=0.00034984943199346395 time=577.6 ms ok
[14/25] Synthetic seed20000_sample2753 ours: K=21 MSE=0.0009304859731261187 MaxSqErr=0.0069073512467979 time=24.2 ms ok
[14/25] Synthetic seed20000_sample2753 park_dominant_point_2007_adaptation: K=32 MSE=0.00019310997100958297 MaxSqErr=0.005158879467056154 time=176.2 ms ok
[14/25] Synthetic seed20000_sample2753 liang_feature_iki_2017_adaptation: K=32 MSE=0.00010137661160815949 MaxSqErr=0.0007071989550638601 time=103.2 ms ok
[14/25] Synthetic seed20000_sample2753 dung_direct_knot_2017_adaptation: K=31 MSE=4.8487589674039596e-05 MaxSqErr=0.00019038012690993344 time=1251.0 ms ok
[14/25] Synthetic seed20000_sample2753 kang_sparse_2015_adaptation: K=32 MSE=7.408643819876586e-05 MaxSqErr=0.0004745224164889018 time=37.3 ms ok
[14/25] Synthetic seed20000_sample2753 luo_linf_de_2022_adaptation: K=32 MSE=7.280995038391867e-05 MaxSqErr=0.0004740450337240729 time=533.4 ms ok
[15/25] Synthetic seed20000_sample731 ours: K=22 MSE=0.0006619101104283533 MaxSqErr=0.004564829358122731 time=18.7 ms ok
[15/25] Synthetic seed20000_sample731 park_dominant_point_2007_adaptation: K=32 MSE=0.0002997833041419445 MaxSqErr=0.009556878702705648 time=108.0 ms ok
[15/25] Synthetic seed20000_sample731 liang_feature_iki_2017_adaptation: K=32 MSE=7.120585631105522e-05 MaxSqErr=0.00034114888240481474 time=88.9 ms ok
[15/25] Synthetic seed20000_sample731 dung_direct_knot_2017_adaptation: K=32 MSE=5.6132182839045435e-05 MaxSqErr=0.00020348776176528299 time=1491.1 ms ok
[15/25] Synthetic seed20000_sample731 kang_sparse_2015_adaptation: K=32 MSE=0.00010065774593318362 MaxSqErr=0.00058178953288777 time=32.7 ms ok
[15/25] Synthetic seed20000_sample731 luo_linf_de_2022_adaptation: K=32 MSE=9.302173601916092e-05 MaxSqErr=0.000575065361793172 time=581.5 ms ok
[16/25] Synthetic seed20000_sample937 ours: K=24 MSE=0.0013595986493706088 MaxSqErr=0.006584238637653943 time=15.1 ms ok
[16/25] Synthetic seed20000_sample937 park_dominant_point_2007_adaptation: K=32 MSE=0.0002933987910763746 MaxSqErr=0.004272995407451413 time=95.8 ms ok
[16/25] Synthetic seed20000_sample937 liang_feature_iki_2017_adaptation: K=32 MSE=0.000217317583916222 MaxSqErr=0.0012801656663671862 time=84.8 ms ok
[16/25] Synthetic seed20000_sample937 dung_direct_knot_2017_adaptation: K=32 MSE=6.15770780181306e-05 MaxSqErr=0.00028090724425125567 time=1451.8 ms ok
[16/25] Synthetic seed20000_sample937 kang_sparse_2015_adaptation: K=32 MSE=9.69330020746067e-05 MaxSqErr=0.0006572849484357201 time=29.3 ms ok
[16/25] Synthetic seed20000_sample937 luo_linf_de_2022_adaptation: K=32 MSE=9.689470539330973e-05 MaxSqErr=0.0006584043952237379 time=523.2 ms ok
[17/25] Synthetic seed20000_sample496 ours: K=24 MSE=0.001350416073150897 MaxSqErr=0.007685076363810691 time=16.0 ms ok
[17/25] Synthetic seed20000_sample496 park_dominant_point_2007_adaptation: K=32 MSE=9.20657204276765e-05 MaxSqErr=0.0012602476828030436 time=116.8 ms ok
[17/25] Synthetic seed20000_sample496 liang_feature_iki_2017_adaptation: K=32 MSE=0.00011343172352318736 MaxSqErr=0.000990383772656199 time=85.0 ms ok
[17/25] Synthetic seed20000_sample496 dung_direct_knot_2017_adaptation: K=32 MSE=5.5819936274264995e-05 MaxSqErr=0.0002323168112964746 time=1414.5 ms ok
[17/25] Synthetic seed20000_sample496 kang_sparse_2015_adaptation: K=32 MSE=0.00013637343336304688 MaxSqErr=0.0009031217885293328 time=30.4 ms ok
[17/25] Synthetic seed20000_sample496 luo_linf_de_2022_adaptation: K=32 MSE=0.00012725208153704088 MaxSqErr=0.0009030939677510423 time=561.8 ms ok
[18/25] Synthetic seed20000_sample3769 ours: K=24 MSE=0.001190874981088849 MaxSqErr=0.0072945039614854225 time=16.9 ms ok
[18/25] Synthetic seed20000_sample3769 park_dominant_point_2007_adaptation: K=32 MSE=0.00010910434979283369 MaxSqErr=0.001187886617756287 time=108.5 ms ok
[18/25] Synthetic seed20000_sample3769 liang_feature_iki_2017_adaptation: K=32 MSE=0.00018602866982822864 MaxSqErr=0.0020406171980407056 time=93.3 ms ok
[18/25] Synthetic seed20000_sample3769 dung_direct_knot_2017_adaptation: K=32 MSE=8.48824922907018e-05 MaxSqErr=0.000481804155800427 time=1739.9 ms ok
[18/25] Synthetic seed20000_sample3769 kang_sparse_2015_adaptation: K=32 MSE=0.00018007674629121238 MaxSqErr=0.0013256780898555196 time=39.1 ms ok
[18/25] Synthetic seed20000_sample3769 luo_linf_de_2022_adaptation: K=32 MSE=0.00014513602251972426 MaxSqErr=0.0011285713449887774 time=477.6 ms ok
[19/25] Synthetic seed20000_sample1306 ours: K=25 MSE=0.0008698277588521493 MaxSqErr=0.006504466598024388 time=16.6 ms ok
[19/25] Synthetic seed20000_sample1306 park_dominant_point_2007_adaptation: K=32 MSE=0.00010605436774821624 MaxSqErr=0.0004587507406842894 time=173.9 ms ok
[19/25] Synthetic seed20000_sample1306 liang_feature_iki_2017_adaptation: K=32 MSE=0.0005550107601518499 MaxSqErr=0.003234626334248258 time=91.3 ms ok
[19/25] Synthetic seed20000_sample1306 dung_direct_knot_2017_adaptation: K=32 MSE=7.94876007589525e-05 MaxSqErr=0.0007083899063139433 time=1645.9 ms ok
[19/25] Synthetic seed20000_sample1306 kang_sparse_2015_adaptation: K=32 MSE=0.0002789909380123449 MaxSqErr=0.0033879018720676065 time=36.3 ms ok
[19/25] Synthetic seed20000_sample1306 luo_linf_de_2022_adaptation: K=32 MSE=0.0002633295991789541 MaxSqErr=0.003351729017578202 time=629.2 ms ok
[20/25] Synthetic seed20000_sample2880 ours: K=25 MSE=0.0021619464353422884 MaxSqErr=0.009910887130720728 time=19.5 ms ok
[20/25] Synthetic seed20000_sample2880 park_dominant_point_2007_adaptation: K=32 MSE=9.729709946717007e-05 MaxSqErr=0.0007211222137693773 time=116.0 ms ok
[20/25] Synthetic seed20000_sample2880 liang_feature_iki_2017_adaptation: K=32 MSE=0.0002155646557020843 MaxSqErr=0.0018233641070871086 time=84.1 ms ok
[20/25] Synthetic seed20000_sample2880 dung_direct_knot_2017_adaptation: K=32 MSE=8.153064023222543e-05 MaxSqErr=0.0003263915600592019 time=1936.5 ms ok
[20/25] Synthetic seed20000_sample2880 kang_sparse_2015_adaptation: K=32 MSE=0.00025405441037093263 MaxSqErr=0.0013698786551733118 time=354.1 ms ok
[20/25] Synthetic seed20000_sample2880 luo_linf_de_2022_adaptation: K=32 MSE=0.00025432846955690584 MaxSqErr=0.0014767236092117775 time=580.4 ms ok
[21/25] Synthetic seed20000_sample650 ours: K=26 MSE=0.0011585342977406543 MaxSqErr=0.010195957407425366 time=18.3 ms ok
[21/25] Synthetic seed20000_sample650 park_dominant_point_2007_adaptation: K=32 MSE=8.451345461139533e-05 MaxSqErr=0.0004533043372453978 time=163.7 ms ok
[21/25] Synthetic seed20000_sample650 liang_feature_iki_2017_adaptation: K=32 MSE=0.00047984577145295356 MaxSqErr=0.0034832250904250637 time=82.0 ms ok
[21/25] Synthetic seed20000_sample650 dung_direct_knot_2017_adaptation: K=32 MSE=9.989591017813106e-05 MaxSqErr=0.00046183043497681383 time=1642.1 ms ok
[21/25] Synthetic seed20000_sample650 kang_sparse_2015_adaptation: K=32 MSE=0.00039870937502238453 MaxSqErr=0.0031348020037386326 time=61.7 ms ok
[21/25] Synthetic seed20000_sample650 luo_linf_de_2022_adaptation: K=32 MSE=0.00036006052651036904 MaxSqErr=0.003129215088549735 time=516.7 ms ok
[22/25] UJI uji2_07539_stroke_00 ours: K=12 MSE=5.466918204607849e-05 MaxSqErr=0.0009560098136993795 time=18.0 ms ok
[22/25] UJI uji2_07539_stroke_00 park_dominant_point_2007_adaptation: K=5 MSE=2.6974677916307257e-05 MaxSqErr=0.00030998474643660005 time=19.6 ms ok
[22/25] UJI uji2_07539_stroke_00 liang_feature_iki_2017_adaptation: K=4 MSE=3.931413665854603e-05 MaxSqErr=0.0008125378900212554 time=10.9 ms ok
[22/25] UJI uji2_07539_stroke_00 dung_direct_knot_2017_adaptation: K=4 MSE=4.4902215862452816e-05 MaxSqErr=0.0003700283805656464 time=230.4 ms ok
[22/25] UJI uji2_07539_stroke_00 kang_sparse_2015_adaptation: K=6 MSE=2.921867377904972e-05 MaxSqErr=0.0006198234159095276 time=1096.5 ms ok
[22/25] UJI uji2_07539_stroke_00 luo_linf_de_2022_adaptation: K=5 MSE=3.1240121016769304e-05 MaxSqErr=0.0002921983035307779 time=1863.7 ms ok
[23/25] NaturalEarth natural_earth_10m_coastline_625e1d04cc46_w000_625e1d04 ours: K=13 MSE=0.0004246452759285673 MaxSqErr=0.0022206439207746115 time=13.6 ms ok
[23/25] NaturalEarth natural_earth_10m_coastline_625e1d04cc46_w000_625e1d04 park_dominant_point_2007_adaptation: K=25 MSE=3.522310160465074e-05 MaxSqErr=0.0008083802847000217 time=129.7 ms ok
[23/25] NaturalEarth natural_earth_10m_coastline_625e1d04cc46_w000_625e1d04 liang_feature_iki_2017_adaptation: K=24 MSE=4.281806490504018e-05 MaxSqErr=0.0004357785705223857 time=58.0 ms ok
[23/25] NaturalEarth natural_earth_10m_coastline_625e1d04cc46_w000_625e1d04 dung_direct_knot_2017_adaptation: K=20 MSE=4.358175389168596e-05 MaxSqErr=0.00043822963904593086 time=683.9 ms ok
[23/25] NaturalEarth natural_earth_10m_coastline_625e1d04cc46_w000_625e1d04 kang_sparse_2015_adaptation: K=32 MSE=4.9686855170457165e-05 MaxSqErr=0.0005701570885983185 time=343.9 ms ok
[23/25] NaturalEarth natural_earth_10m_coastline_625e1d04cc46_w000_625e1d04 luo_linf_de_2022_adaptation: K=23 MSE=4.702140582498474e-05 MaxSqErr=0.0004476750359751138 time=1740.9 ms ok
[24/25] USGS usgs_tnm_contours_large_scale_9f99fb041980_w000_9f99fb04 ours: K=14 MSE=7.221234286512867e-05 MaxSqErr=0.0005268261755982707 time=15.4 ms ok
[24/25] USGS usgs_tnm_contours_large_scale_9f99fb041980_w000_9f99fb04 park_dominant_point_2007_adaptation: K=9 MSE=4.0762246163773244e-05 MaxSqErr=0.000336001889678438 time=25.5 ms ok
[24/25] USGS usgs_tnm_contours_large_scale_9f99fb041980_w000_9f99fb04 liang_feature_iki_2017_adaptation: K=11 MSE=3.389739958048723e-05 MaxSqErr=0.00023986757773936885 time=27.2 ms ok
[24/25] USGS usgs_tnm_contours_large_scale_9f99fb041980_w000_9f99fb04 dung_direct_knot_2017_adaptation: K=9 MSE=2.5155779679932876e-05 MaxSqErr=0.00014689794373560084 time=370.9 ms ok
[24/25] USGS usgs_tnm_contours_large_scale_9f99fb041980_w000_9f99fb04 kang_sparse_2015_adaptation: K=23 MSE=3.832879488277952e-06 MaxSqErr=3.303503647453868e-05 time=685.9 ms ok
[24/25] USGS usgs_tnm_contours_large_scale_9f99fb041980_w000_9f99fb04 luo_linf_de_2022_adaptation: K=10 MSE=2.605188110459838e-05 MaxSqErr=0.00020020906079797345 time=2122.5 ms ok
[25/25] IndustrialOffset industrial_offset_naca_airfoil_v011_o04_p0p0400 ours: K=10 MSE=2.158230507314887e-05 MaxSqErr=0.00021071226705488938 time=16.0 ms ok
[25/25] IndustrialOffset industrial_offset_naca_airfoil_v011_o04_p0p0400 park_dominant_point_2007_adaptation: K=10 MSE=2.381573674028621e-05 MaxSqErr=0.000591138974103891 time=55.2 ms ok
[25/25] IndustrialOffset industrial_offset_naca_airfoil_v011_o04_p0p0400 liang_feature_iki_2017_adaptation: K=7 MSE=2.1982768611996353e-05 MaxSqErr=0.00041436969210038757 time=18.7 ms ok
[25/25] IndustrialOffset industrial_offset_naca_airfoil_v011_o04_p0p0400 dung_direct_knot_2017_adaptation: K=6 MSE=1.5289003566665232e-05 MaxSqErr=0.0002707087788373663 time=212.6 ms ok
[25/25] IndustrialOffset industrial_offset_naca_airfoil_v011_o04_p0p0400 kang_sparse_2015_adaptation: K=32 MSE=5.8478728797685875e-06 MaxSqErr=0.00017754789212136873 time=306.1 ms ok
[25/25] IndustrialOffset industrial_offset_naca_airfoil_v011_o04_p0p0400 luo_linf_de_2022_adaptation: K=6 MSE=2.137301424742457e-05 MaxSqErr=0.0005752614148867045 time=2079.3 ms ok
Saved E:\SelfSurpervisedSplineFitting\outputs\comparisons\overnight_stable_k32_pipeline_smoke_20260919\report.md
