
[inspect_checkpoint] /e/ProgramData/anaconda3/python.exe scripts/inspect_v16_checkpoint.py --checkpoint /e/SelfSurpervisedSplineFitting/outputs/checkpoints/overnight_stable_k32_pipeline_smoke_20260919.pt --mse-tolerance 5e-5
v16 checkpoint inspection
  checkpoint: E:\SelfSurpervisedSplineFitting\outputs\checkpoints\overnight_stable_k32_pipeline_smoke_20260919.pt
  stage: joint
  epoch: 2
Selection architecture
  revision: v16_ranked_prefix_count_coupled_mass_topk
  policy: mass_topk
  internal candidate capacity: 32
  full knot-vector size at all-keep: 40
  adaptive beta: True
  simplification contract: ranked_prefix_certified_cardinality_adaptive_complexity_v1
  simplification curriculum mature: False
Synthetic data contract
  revision: source_subset_threshold_minimal_v1
  certified minimal source: True
  certificate RMS tolerance: 7.071068e-03
Configured targets
  proposal pass: 90.000% (0.900000)
  deployment pass: 90.000% (0.900000)
  recorded MSE tolerance: 5.000000e-05
Observed validation
  overall dense: 100.000% (1.000000)
  overall deployment: 20.000% (0.200000)
  worst-source dense: 100.000% (1.000000)
  worst-source deployment: 0.000% (0.000000)
  certified synthetic count MAE: 2.5
  certified synthetic knot F1 / matched MAE: 0.385965 / 6.534425e-03
  by source:
    Synthetic: dense=100.000% (1.000000), deployment=0.000% (0.000000), dense_MSE=1.357916e-05, deployment_MSE=1.381093e-03, K=15.5, target_K=13, count_MAE=2.5, count_bias=2.5, knot_F1=0.385965, matched_MAE=6.534425e-03
    natural_earth_10m_coastline: dense=100.000% (1.000000), deployment=0.000% (0.000000), dense_MSE=3.519683e-05, deployment_MSE=3.027305e-04, K=14
    uji_pen_characters_v2: dense=100.000% (1.000000), deployment=100.000% (1.000000), dense_MSE=1.178309e-06, deployment_MSE=2.022181e-05, K=8
    usgs_tnm_contours_large_scale: dense=100.000% (1.000000), deployment=0.000% (0.000000), dense_MSE=8.539455e-06, deployment_MSE=7.548696e-05, K=17
Formal qualification
  required pass rate: 90.000% (0.900000)
  required MSE tolerance: 5.000000e-05
  Synthetic count MAE <= 2, knot F1 >= 0.6, matched MAE <= 5.000000e-03
  eligible: NO
  reasons:
    - joint simplification curriculum was not mature when saved
    - certified synthetic count MAE exceeds the formal limit 2
    - certified synthetic knot-match F1 is below the formal minimum 0.6
    - certified synthetic matched-knot MAE exceeds the formal limit 0.005
    - observed worst-source deployment pass rate 0.000% is below the required 90.000%
    - infeasible-proposal ablation was enabled
