Checking real manifests and train/val/test group separation...
  Reading manifest: /home/feng/HouCode/SplineSurpervisedFitting/data/splits/uji_pen_v2.jsonl
  Checking groups/files: 2000/18219
  Checking groups/files: 4000/18219
  Checking groups/files: 6000/18219
  Checking groups/files: 8000/18219
  Checking groups/files: 10000/18219
  Checking groups/files: 12000/18219
  Checking groups/files: 14000/18219
  Checking groups/files: 16000/18219
  Checking groups/files: 18000/18219
  Checking groups/files: 18219/18219
  Ready uji_pen_characters_v2: train=9670, val=2456 (test excluded from training)
  Reading manifest: /home/feng/HouCode/SplineSurpervisedFitting/data/processed/natural_earth/v5.1.2_10m_coastline/manifest.jsonl
  Checking groups/files: 2000/3908
  Checking groups/files: 3908/3908
  Ready natural_earth_10m_coastline: train=2625, val=750 (test excluded from training)
  Reading manifest: /home/feng/HouCode/SplineSurpervisedFitting/data/processed/usgs_contours/large_scale/manifest.jsonl
  Checking groups/files: 2000/6654
  Checking groups/files: 4000/6654
  Checking groups/files: 6000/6654
  Checking groups/files: 6654/6654
  Ready usgs_tnm_contours_large_scale: train=4024, val=1210 (test excluded from training)
  Reading manifest: /home/feng/HouCode/SplineSurpervisedFitting/data/processed/industrial_offsets/v1/manifest.jsonl
  Checking groups/files: 453/453
  Ready industrial_model_offset_curves: train=293, val=93 (test excluded from training)
v16 adaptive mass_topk: cuda, Kc=56 internal (full cubic knot vector at all-keep=64), MSE tolerance=0.0001; 3000 train draws, 993 validation curves; real sources=4
Synthetic source contract: clean source-subset threshold-minimal certificate at RMS=0.01, margin=20%, audit_points=512
Joint supervision: certified synthetic ground truth only; ordered one-to-one candidate assignment directly labels KeepMask, exact K, parameters and survivor relocation. Certified per-knot deletion MSE provides fine-grained criticality, multi-scale recall and log-gap/bias losses refine Proposal/Parameter learning. Online prefix/counterfactual Teacher is disabled. Real manifests are validation/test only. Deployment uses one network forward and one final refit.
Checkpoint selection minimizes mean per-curve subset cost: feasible curves trade K against a bounded MSE tie-break; infeasible curves use a logarithmic MSE penalty. Aggregate pass rates and the explicit K=56 boundary audit (n=32) are reported but never gate training. Formal supervised Joint performs only dense, deployed-mask and labelled-mask fits per batch.
Proposal-stage synthetic stratification: 50.0% from K>=40; the remainder uses K=4..39. Joint training always uses the original K=4..56 distribution.
Epoch 001/104 proposal [........................] 1/47 MSE=3.854e-04 pass=45.3% K=56.0 denseK=56.0 countMAE=0.00
Epoch 001/104 proposal [=====...................] 10/47 MSE=3.885e-04 pass=42.2% K=56.0 denseK=56.0 countMAE=0.00
Epoch 001/104 proposal [==========..............] 20/47 MSE=4.604e-04 pass=42.2% K=56.0 denseK=56.0 countMAE=0.00
Epoch 001/104 proposal [===============.........] 30/47 MSE=5.116e-04 pass=40.6% K=56.0 denseK=56.0 countMAE=0.00
Epoch 001/104 proposal [====================....] 40/47 MSE=3.678e-04 pass=50.0% K=56.0 denseK=56.0 countMAE=0.00
Epoch 001/104 proposal [========================] 47/47 MSE=4.958e-04 pass=33.9% K=56.0 denseK=56.0 countMAE=0.00
  validation [=.......................] 1/16 
  validation [===============.........] 10/16 
  validation [========================] 16/16 
Epoch 001 val dense=72.8% deployment=72.8% worst-source=55.8% qualification=0.0% MSE=2.245e-04 K=56.00 mass=30.25 beta=-0.16 soft_cost=1.6808 selection_score=-1.6808 complexity=0.00->0.00 safety=0+0.00sigma scale=1.00->1.00 pass_reference_only=0.0%
  Proposal train geometry: coverage_MAE=5.5671e-03, ordered_assignment_MAE=6.1845e-03, matched_K=34.59, R@.005/.01/.02=0.425/0.939/1.000, parameter_bias=1.145e-02
  Synthetic K=56: n=46, dense=0.0%, deployment=0.0%
  Synthetic: dense=55.8%, deployment=55.8%, MSE=3.668e-04, K=56.00, targetK=31.74, count_MAE=24.26, bias=+24.26, knot_F1@0.01=0.668, param_RMSE=2.976e-02
  uji_pen_characters_v2: dense=100.0%, deployment=100.0%, MSE=6.988e-07, K=56.00
  natural_earth_10m_coastline: dense=96.0%, deployment=96.0%, MSE=1.665e-05, K=56.00
  usgs_tnm_contours_large_scale: dense=99.0%, deployment=99.0%, MSE=1.068e-05, K=56.00
  industrial_model_offset_curves: dense=100.0%, deployment=100.0%, MSE=5.404e-07, K=56.00
Epoch 002/104 proposal [........................] 1/47 MSE=4.021e-04 pass=50.0% K=56.0 denseK=56.0 countMAE=0.00
Epoch 002/104 proposal [=====...................] 10/47 MSE=4.357e-04 pass=45.3% K=56.0 denseK=56.0 countMAE=0.00
Epoch 002/104 proposal [==========..............] 20/47 MSE=4.111e-04 pass=43.8% K=56.0 denseK=56.0 countMAE=0.00
Epoch 002/104 proposal [===============.........] 30/47 MSE=3.584e-04 pass=39.1% K=56.0 denseK=56.0 countMAE=0.00
Epoch 002/104 proposal [====================....] 40/47 MSE=3.583e-04 pass=50.0% K=56.0 denseK=56.0 countMAE=0.00
Epoch 002/104 proposal [========================] 47/47 MSE=3.948e-04 pass=48.2% K=56.0 denseK=56.0 countMAE=0.00
  validation [=.......................] 1/16 
  validation [===============.........] 10/16 
  validation [========================] 16/16 
Epoch 002 val dense=76.9% deployment=76.9% worst-source=62.5% qualification=0.0% MSE=2.028e-04 K=56.00 mass=30.36 beta=-0.17 soft_cost=1.5999 selection_score=-1.5999 complexity=0.00->0.00 safety=0+0.00sigma scale=1.00->1.00 pass_reference_only=0.0%
  Proposal train geometry: coverage_MAE=5.3326e-03, ordered_assignment_MAE=5.7718e-03, matched_K=34.95, R@.005/.01/.02=0.447/0.960/1.000, parameter_bias=1.021e-02
  Synthetic K=56: n=46, dense=0.0%, deployment=0.0%
  Synthetic: dense=62.5%, deployment=62.5%, MSE=3.308e-04, K=56.00, targetK=31.74, count_MAE=24.26, bias=+24.26, knot_F1@0.01=0.686, param_RMSE=2.684e-02
  uji_pen_characters_v2: dense=100.0%, deployment=100.0%, MSE=1.484e-06, K=56.00
  natural_earth_10m_coastline: dense=96.0%, deployment=96.0%, MSE=1.657e-05, K=56.00
  usgs_tnm_contours_large_scale: dense=100.0%, deployment=100.0%, MSE=1.022e-05, K=56.00
  industrial_model_offset_curves: dense=100.0%, deployment=100.0%, MSE=1.020e-06, K=56.00
Epoch 003/104 proposal [........................] 1/47 MSE=3.747e-04 pass=51.6% K=56.0 denseK=56.0 countMAE=0.00
Epoch 003/104 proposal [=====...................] 10/47 MSE=4.246e-04 pass=56.2% K=56.0 denseK=56.0 countMAE=0.00
Epoch 003/104 proposal [==========..............] 20/47 MSE=3.851e-04 pass=42.2% K=56.0 denseK=56.0 countMAE=0.00
Epoch 003/104 proposal [===============.........] 30/47 MSE=4.209e-04 pass=32.8% K=56.0 denseK=56.0 countMAE=0.00
Epoch 003/104 proposal [====================....] 40/47 MSE=3.796e-04 pass=43.8% K=56.0 denseK=56.0 countMAE=0.00
Epoch 003/104 proposal [========================] 47/47 MSE=4.888e-04 pass=42.9% K=56.0 denseK=56.0 countMAE=0.00
  validation [=.......................] 1/16 
  validation [===============.........] 10/16 
  validation [========================] 16/16 
Epoch 003 val dense=76.8% deployment=76.8% worst-source=62.3% qualification=0.0% MSE=1.991e-04 K=56.00 mass=30.28 beta=-0.16 soft_cost=1.5972 selection_score=-1.5972 complexity=0.00->0.00 safety=0+0.00sigma scale=1.00->1.00 pass_reference_only=0.0%
  Proposal train geometry: coverage_MAE=5.1522e-03, ordered_assignment_MAE=5.4658e-03, matched_K=34.74, R@.005/.01/.02=0.468/0.971/1.000, parameter_bias=1.044e-02
  Synthetic K=56: n=46, dense=0.0%, deployment=0.0%
  Synthetic: dense=62.3%, deployment=62.3%, MSE=3.240e-04, K=56.00, targetK=31.74, count_MAE=24.26, bias=+24.26, knot_F1@0.01=0.689, param_RMSE=2.744e-02
  uji_pen_characters_v2: dense=100.0%, deployment=100.0%, MSE=2.396e-06, K=56.00
  natural_earth_10m_coastline: dense=96.0%, deployment=96.0%, MSE=1.763e-05, K=56.00
  usgs_tnm_contours_large_scale: dense=100.0%, deployment=100.0%, MSE=1.116e-05, K=56.00
  industrial_model_offset_curves: dense=100.0%, deployment=100.0%, MSE=1.260e-06, K=56.00
Epoch 004/104 proposal [........................] 1/47 MSE=3.865e-04 pass=57.8% K=56.0 denseK=56.0 countMAE=0.00
Epoch 004/104 proposal [=====...................] 10/47 MSE=3.883e-04 pass=45.3% K=56.0 denseK=56.0 countMAE=0.00
Epoch 004/104 proposal [==========..............] 20/47 MSE=3.182e-04 pass=46.9% K=56.0 denseK=56.0 countMAE=0.00
Epoch 004/104 proposal [===============.........] 30/47 MSE=3.567e-04 pass=56.2% K=56.0 denseK=56.0 countMAE=0.00
Epoch 004/104 proposal [====================....] 40/47 MSE=3.831e-04 pass=50.0% K=56.0 denseK=56.0 countMAE=0.00
Epoch 004/104 proposal [========================] 47/47 MSE=4.268e-04 pass=41.1% K=56.0 denseK=56.0 countMAE=0.00
  validation [=.......................] 1/16 
  validation [===============.........] 10/16 
  validation [========================] 16/16 
Epoch 004 val dense=78.0% deployment=78.0% worst-source=64.3% qualification=0.0% MSE=1.968e-04 K=56.00 mass=30.34 beta=-0.17 soft_cost=1.5836 selection_score=-1.5836 complexity=0.00->0.00 safety=0+0.00sigma scale=1.00->1.00 pass_reference_only=0.0%
  Proposal train geometry: coverage_MAE=5.0030e-03, ordered_assignment_MAE=5.2816e-03, matched_K=34.64, R@.005/.01/.02=0.489/0.976/1.000, parameter_bias=1.044e-02
  Synthetic K=56: n=46, dense=0.0%, deployment=0.0%
  Synthetic: dense=64.3%, deployment=64.3%, MSE=3.197e-04, K=56.00, targetK=31.74, count_MAE=24.26, bias=+24.26, knot_F1@0.01=0.699, param_RMSE=2.413e-02
  uji_pen_characters_v2: dense=100.0%, deployment=100.0%, MSE=3.033e-06, K=56.00
  natural_earth_10m_coastline: dense=96.0%, deployment=96.0%, MSE=1.824e-05, K=56.00
  usgs_tnm_contours_large_scale: dense=100.0%, deployment=100.0%, MSE=1.150e-05, K=56.00
  industrial_model_offset_curves: dense=100.0%, deployment=100.0%, MSE=3.075e-06, K=56.00
Epoch 005/104 proposal [........................] 1/47 MSE=4.047e-04 pass=57.8% K=56.0 denseK=56.0 countMAE=0.00
Epoch 005/104 proposal [=====...................] 10/47 MSE=3.350e-04 pass=59.4% K=56.0 denseK=56.0 countMAE=0.00
Epoch 005/104 proposal [==========..............] 20/47 MSE=2.615e-04 pass=43.8% K=56.0 denseK=56.0 countMAE=0.00
Epoch 005/104 proposal [===============.........] 30/47 MSE=4.298e-04 pass=54.7% K=56.0 denseK=56.0 countMAE=0.00
Epoch 005/104 proposal [====================....] 40/47 MSE=3.199e-04 pass=53.1% K=56.0 denseK=56.0 countMAE=0.00
Epoch 005/104 proposal [========================] 47/47 MSE=3.932e-04 pass=46.4% K=56.0 denseK=56.0 countMAE=0.00
  validation [=.......................] 1/16 
  validation [===============.........] 10/16 
  validation [========================] 16/16 
Epoch 005 val dense=79.2% deployment=79.2% worst-source=66.2% qualification=0.0% MSE=1.916e-04 K=56.00 mass=30.35 beta=-0.17 soft_cost=1.5616 selection_score=-1.5616 complexity=0.00->0.00 safety=0+0.00sigma scale=1.00->1.00 pass_reference_only=0.0%
  Proposal train geometry: coverage_MAE=4.9496e-03, ordered_assignment_MAE=5.1494e-03, matched_K=34.78, R@.005/.01/.02=0.497/0.980/1.000, parameter_bias=1.010e-02
  Synthetic K=56: n=46, dense=0.0%, deployment=0.0%
  Synthetic: dense=66.2%, deployment=66.2%, MSE=3.106e-04, K=56.00, targetK=31.74, count_MAE=24.26, bias=+24.26, knot_F1@0.01=0.703, param_RMSE=2.443e-02
  uji_pen_characters_v2: dense=100.0%, deployment=100.0%, MSE=4.108e-06, K=56.00
  natural_earth_10m_coastline: dense=96.0%, deployment=96.0%, MSE=1.874e-05, K=56.00
  usgs_tnm_contours_large_scale: dense=100.0%, deployment=100.0%, MSE=1.288e-05, K=56.00
  industrial_model_offset_curves: dense=100.0%, deployment=100.0%, MSE=3.736e-06, K=56.00
Epoch 006/104 proposal [........................] 1/47 MSE=4.488e-04 pass=42.2% K=56.0 denseK=56.0 countMAE=0.00
Epoch 006/104 proposal [=====...................] 10/47 MSE=4.139e-04 pass=46.9% K=56.0 denseK=56.0 countMAE=0.00
Epoch 006/104 proposal [==========..............] 20/47 MSE=3.358e-04 pass=35.9% K=56.0 denseK=56.0 countMAE=0.00
Epoch 006/104 proposal [===============.........] 30/47 MSE=3.593e-04 pass=54.7% K=56.0 denseK=56.0 countMAE=0.00
Epoch 006/104 proposal [====================....] 40/47 MSE=3.397e-04 pass=48.4% K=56.0 denseK=56.0 countMAE=0.00
Epoch 006/104 proposal [========================] 47/47 MSE=4.347e-04 pass=41.1% K=56.0 denseK=56.0 countMAE=0.00
  validation [=.......................] 1/16 
  validation [===============.........] 10/16 
  validation [========================] 16/16 
Epoch 006 val dense=78.4% deployment=78.4% worst-source=65.0% qualification=0.0% MSE=1.865e-04 K=56.00 mass=30.37 beta=-0.17 soft_cost=1.5628 selection_score=-1.5628 complexity=0.00->0.00 safety=0+0.00sigma scale=1.00->1.00 pass_reference_only=0.0%
  Proposal train geometry: coverage_MAE=4.9491e-03, ordered_assignment_MAE=5.1505e-03, matched_K=34.80, R@.005/.01/.02=0.496/0.980/1.000, parameter_bias=1.055e-02
  Synthetic K=56: n=46, dense=0.0%, deployment=0.0%
  Synthetic: dense=65.0%, deployment=65.0%, MSE=3.025e-04, K=56.00, targetK=31.74, count_MAE=24.26, bias=+24.26, knot_F1@0.01=0.699, param_RMSE=2.460e-02
  uji_pen_characters_v2: dense=100.0%, deployment=100.0%, MSE=3.917e-06, K=56.00
  natural_earth_10m_coastline: dense=96.0%, deployment=96.0%, MSE=1.791e-05, K=56.00
  usgs_tnm_contours_large_scale: dense=100.0%, deployment=100.0%, MSE=1.275e-05, K=56.00
  industrial_model_offset_curves: dense=100.0%, deployment=100.0%, MSE=2.755e-06, K=56.00
Epoch 007/104 proposal [........................] 1/47 MSE=4.019e-04 pass=42.2% K=56.0 denseK=56.0 countMAE=0.00
Epoch 007/104 proposal [=====...................] 10/47 MSE=3.426e-04 pass=45.3% K=56.0 denseK=56.0 countMAE=0.00
Epoch 007/104 proposal [==========..............] 20/47 MSE=3.017e-04 pass=56.2% K=56.0 denseK=56.0 countMAE=0.00
Epoch 007/104 proposal [===============.........] 30/47 MSE=4.189e-04 pass=45.3% K=56.0 denseK=56.0 countMAE=0.00
Epoch 007/104 proposal [====================....] 40/47 MSE=2.266e-04 pass=48.4% K=56.0 denseK=56.0 countMAE=0.00
Epoch 007/104 proposal [========================] 47/47 MSE=2.785e-04 pass=53.6% K=56.0 denseK=56.0 countMAE=0.00
  validation [=.......................] 1/16 
  validation [===============.........] 10/16 
  validation [========================] 16/16 
Epoch 007 val dense=79.4% deployment=79.4% worst-source=66.5% qualification=0.0% MSE=1.835e-04 K=56.00 mass=30.34 beta=-0.17 soft_cost=1.5479 selection_score=-1.5479 complexity=0.00->0.00 safety=0+0.00sigma scale=1.00->1.00 pass_reference_only=0.0%
  Proposal train geometry: coverage_MAE=4.9245e-03, ordered_assignment_MAE=5.0915e-03, matched_K=34.83, R@.005/.01/.02=0.500/0.980/1.000, parameter_bias=1.009e-02
  Synthetic K=56: n=46, dense=0.0%, deployment=0.0%
  Synthetic: dense=66.5%, deployment=66.5%, MSE=2.970e-04, K=56.00, targetK=31.74, count_MAE=24.26, bias=+24.26, knot_F1@0.01=0.704, param_RMSE=2.436e-02
  uji_pen_characters_v2: dense=100.0%, deployment=100.0%, MSE=4.471e-06, K=56.00
  natural_earth_10m_coastline: dense=96.0%, deployment=96.0%, MSE=1.896e-05, K=56.00
  usgs_tnm_contours_large_scale: dense=100.0%, deployment=100.0%, MSE=1.335e-05, K=56.00
  industrial_model_offset_curves: dense=100.0%, deployment=100.0%, MSE=3.613e-06, K=56.00
Epoch 008/104 proposal [........................] 1/47 MSE=4.072e-04 pass=48.4% K=56.0 denseK=56.0 countMAE=0.00
Epoch 008/104 proposal [=====...................] 10/47 MSE=3.629e-04 pass=54.7% K=56.0 denseK=56.0 countMAE=0.00
Epoch 008/104 proposal [==========..............] 20/47 MSE=3.937e-04 pass=51.6% K=56.0 denseK=56.0 countMAE=0.00
Epoch 008/104 proposal [===============.........] 30/47 MSE=4.061e-04 pass=56.2% K=56.0 denseK=56.0 countMAE=0.00
Epoch 008/104 proposal [====================....] 40/47 MSE=5.344e-04 pass=45.3% K=56.0 denseK=56.0 countMAE=0.00
Epoch 008/104 proposal [========================] 47/47 MSE=3.335e-04 pass=53.6% K=56.0 denseK=56.0 countMAE=0.00
  validation [=.......................] 1/16 
  validation [===============.........] 10/16 
  validation [========================] 16/16 
Epoch 008 val dense=79.1% deployment=79.1% worst-source=66.0% qualification=0.0% MSE=1.841e-04 K=56.00 mass=30.36 beta=-0.17 soft_cost=1.5514 selection_score=-1.5514 complexity=0.00->0.00 safety=0+0.00sigma scale=1.00->1.00 pass_reference_only=0.0%
  Proposal train geometry: coverage_MAE=4.9077e-03, ordered_assignment_MAE=5.1059e-03, matched_K=34.80, R@.005/.01/.02=0.501/0.982/1.000, parameter_bias=1.027e-02
  Synthetic K=56: n=46, dense=0.0%, deployment=0.0%
  Synthetic: dense=66.0%, deployment=66.0%, MSE=2.982e-04, K=56.00, targetK=31.74, count_MAE=24.26, bias=+24.26, knot_F1@0.01=0.703, param_RMSE=2.427e-02
  uji_pen_characters_v2: dense=100.0%, deployment=100.0%, MSE=4.180e-06, K=56.00
  natural_earth_10m_coastline: dense=96.0%, deployment=96.0%, MSE=1.864e-05, K=56.00
  usgs_tnm_contours_large_scale: dense=100.0%, deployment=100.0%, MSE=1.298e-05, K=56.00
  industrial_model_offset_curves: dense=100.0%, deployment=100.0%, MSE=3.029e-06, K=56.00
Epoch 009/104 proposal [........................] 1/47 MSE=3.987e-04 pass=42.2% K=56.0 denseK=56.0 countMAE=0.00
Epoch 009/104 proposal [=====...................] 10/47 MSE=3.778e-04 pass=50.0% K=56.0 denseK=56.0 countMAE=0.00
Epoch 009/104 proposal [==========..............] 20/47 MSE=3.061e-04 pass=51.6% K=56.0 denseK=56.0 countMAE=0.00
Epoch 009/104 proposal [===============.........] 30/47 MSE=2.902e-04 pass=59.4% K=56.0 denseK=56.0 countMAE=0.00
Epoch 009/104 proposal [====================....] 40/47 MSE=4.301e-04 pass=46.9% K=56.0 denseK=56.0 countMAE=0.00
Epoch 009/104 proposal [========================] 47/47 MSE=3.585e-04 pass=53.6% K=56.0 denseK=56.0 countMAE=0.00
  validation [=.......................] 1/16 
  validation [===============.........] 10/16 
  validation [========================] 16/16 
Epoch 009 val dense=79.3% deployment=79.3% worst-source=66.3% qualification=0.0% MSE=1.758e-04 K=56.00 mass=30.34 beta=-0.17 soft_cost=1.5420 selection_score=-1.5420 complexity=0.00->0.00 safety=0+0.00sigma scale=1.00->1.00 pass_reference_only=0.0%
  Proposal train geometry: coverage_MAE=4.9362e-03, ordered_assignment_MAE=5.0912e-03, matched_K=34.64, R@.005/.01/.02=0.499/0.979/1.000, parameter_bias=1.033e-02
  Synthetic K=56: n=46, dense=0.0%, deployment=0.0%
  Synthetic: dense=66.3%, deployment=66.3%, MSE=2.842e-04, K=56.00, targetK=31.74, count_MAE=24.26, bias=+24.26, knot_F1@0.01=0.703, param_RMSE=2.450e-02
  uji_pen_characters_v2: dense=100.0%, deployment=100.0%, MSE=4.313e-06, K=56.00
  natural_earth_10m_coastline: dense=96.0%, deployment=96.0%, MSE=1.921e-05, K=56.00
  usgs_tnm_contours_large_scale: dense=100.0%, deployment=100.0%, MSE=1.406e-05, K=56.00
  industrial_model_offset_curves: dense=100.0%, deployment=100.0%, MSE=3.037e-06, K=56.00
Epoch 010/104 proposal [........................] 1/47 MSE=3.829e-04 pass=46.9% K=56.0 denseK=56.0 countMAE=0.00
Epoch 010/104 proposal [=====...................] 10/47 MSE=3.415e-04 pass=50.0% K=56.0 denseK=56.0 countMAE=0.00
Epoch 010/104 proposal [==========..............] 20/47 MSE=3.887e-04 pass=40.6% K=56.0 denseK=56.0 countMAE=0.00
Epoch 010/104 proposal [===============.........] 30/47 MSE=4.085e-04 pass=45.3% K=56.0 denseK=56.0 countMAE=0.00
Epoch 010/104 proposal [====================....] 40/47 MSE=3.279e-04 pass=45.3% K=56.0 denseK=56.0 countMAE=0.00
Epoch 010/104 proposal [========================] 47/47 MSE=4.269e-04 pass=57.1% K=56.0 denseK=56.0 countMAE=0.00
  validation [=.......................] 1/16 
  validation [===============.........] 10/16 
  validation [========================] 16/16 
Epoch 010 val dense=79.5% deployment=79.5% worst-source=66.7% qualification=0.0% MSE=1.828e-04 K=56.00 mass=30.48 beta=-0.18 soft_cost=1.5481 selection_score=-1.5481 complexity=0.00->0.00 safety=0+0.00sigma scale=1.00->1.00 pass_reference_only=0.0%
  Proposal train geometry: coverage_MAE=4.8922e-03, ordered_assignment_MAE=5.0764e-03, matched_K=34.91, R@.005/.01/.02=0.504/0.983/1.000, parameter_bias=1.010e-02
  Synthetic K=56: n=46, dense=0.0%, deployment=0.0%
  Synthetic: dense=66.7%, deployment=66.7%, MSE=2.960e-04, K=56.00, targetK=31.74, count_MAE=24.26, bias=+24.26, knot_F1@0.01=0.705, param_RMSE=2.395e-02
  uji_pen_characters_v2: dense=100.0%, deployment=100.0%, MSE=3.960e-06, K=56.00
  natural_earth_10m_coastline: dense=96.0%, deployment=96.0%, MSE=1.816e-05, K=56.00
  usgs_tnm_contours_large_scale: dense=100.0%, deployment=100.0%, MSE=1.337e-05, K=56.00
  industrial_model_offset_curves: dense=100.0%, deployment=100.0%, MSE=3.565e-06, K=56.00
Epoch 011/104 proposal [........................] 1/47 MSE=2.834e-04 pass=50.0% K=56.0 denseK=56.0 countMAE=0.00
Epoch 011/104 proposal [=====...................] 10/47 MSE=2.916e-04 pass=53.1% K=56.0 denseK=56.0 countMAE=0.00
Epoch 011/104 proposal [==========..............] 20/47 MSE=3.662e-04 pass=54.7% K=56.0 denseK=56.0 countMAE=0.00
Epoch 011/104 proposal [===============.........] 30/47 MSE=3.542e-04 pass=43.8% K=56.0 denseK=56.0 countMAE=0.00
Epoch 011/104 proposal [====================....] 40/47 MSE=2.427e-04 pass=62.5% K=56.0 denseK=56.0 countMAE=0.00
Epoch 011/104 proposal [========================] 47/47 MSE=3.044e-04 pass=60.7% K=56.0 denseK=56.0 countMAE=0.00
  validation [=.......................] 1/16 
  validation [===============.........] 10/16 
  validation [========================] 16/16 
Epoch 011 val dense=79.0% deployment=79.0% worst-source=65.8% qualification=0.0% MSE=1.829e-04 K=56.00 mass=30.32 beta=-0.17 soft_cost=1.5531 selection_score=-1.5531 complexity=0.00->0.00 safety=0+0.00sigma scale=1.00->1.00 pass_reference_only=0.0%
  Proposal train geometry: coverage_MAE=4.9249e-03, ordered_assignment_MAE=5.0669e-03, matched_K=34.95, R@.005/.01/.02=0.500/0.981/1.000, parameter_bias=1.018e-02
  Synthetic K=56: n=46, dense=0.0%, deployment=0.0%
  Synthetic: dense=65.8%, deployment=65.8%, MSE=2.963e-04, K=56.00, targetK=31.74, count_MAE=24.26, bias=+24.26, knot_F1@0.01=0.706, param_RMSE=2.369e-02
  uji_pen_characters_v2: dense=100.0%, deployment=100.0%, MSE=3.732e-06, K=56.00
  natural_earth_10m_coastline: dense=96.0%, deployment=96.0%, MSE=1.791e-05, K=56.00
  usgs_tnm_contours_large_scale: dense=100.0%, deployment=100.0%, MSE=1.304e-05, K=56.00
  industrial_model_offset_curves: dense=100.0%, deployment=100.0%, MSE=4.085e-06, K=56.00
Epoch 012/104 proposal [........................] 1/47 MSE=4.350e-04 pass=45.3% K=56.0 denseK=56.0 countMAE=0.00
Epoch 012/104 proposal [=====...................] 10/47 MSE=3.709e-04 pass=48.4% K=56.0 denseK=56.0 countMAE=0.00
Epoch 012/104 proposal [==========..............] 20/47 MSE=2.940e-04 pass=48.4% K=56.0 denseK=56.0 countMAE=0.00
Epoch 012/104 proposal [===============.........] 30/47 MSE=2.362e-04 pass=57.8% K=56.0 denseK=56.0 countMAE=0.00
Epoch 012/104 proposal [====================....] 40/47 MSE=3.682e-04 pass=45.3% K=56.0 denseK=56.0 countMAE=0.00
Epoch 012/104 proposal [========================] 47/47 MSE=3.147e-04 pass=46.4% K=56.0 denseK=56.0 countMAE=0.00
  validation [=.......................] 1/16 
  validation [===============.........] 10/16 
  validation [========================] 16/16 
Epoch 012 val dense=79.1% deployment=79.1% worst-source=66.0% qualification=0.0% MSE=1.711e-04 K=56.00 mass=30.31 beta=-0.17 soft_cost=1.5407 selection_score=-1.5407 complexity=0.00->0.00 safety=0+0.00sigma scale=1.00->1.00 pass_reference_only=0.0%
  Proposal train geometry: coverage_MAE=4.8845e-03, ordered_assignment_MAE=5.0319e-03, matched_K=34.68, R@.005/.01/.02=0.504/0.982/1.000, parameter_bias=9.952e-03
  Synthetic K=56: n=46, dense=0.0%, deployment=0.0%
  Synthetic: dense=66.0%, deployment=66.0%, MSE=2.763e-04, K=56.00, targetK=31.74, count_MAE=24.26, bias=+24.26, knot_F1@0.01=0.704, param_RMSE=2.378e-02
  uji_pen_characters_v2: dense=100.0%, deployment=100.0%, MSE=4.671e-06, K=56.00
  natural_earth_10m_coastline: dense=96.0%, deployment=96.0%, MSE=1.952e-05, K=56.00
  usgs_tnm_contours_large_scale: dense=100.0%, deployment=100.0%, MSE=1.419e-05, K=56.00
  industrial_model_offset_curves: dense=100.0%, deployment=100.0%, MSE=3.059e-06, K=56.00
Epoch 013/104 proposal [........................] 1/47 MSE=2.652e-04 pass=60.9% K=56.0 denseK=56.0 countMAE=0.00
Epoch 013/104 proposal [=====...................] 10/47 MSE=2.672e-04 pass=57.8% K=56.0 denseK=56.0 countMAE=0.00
Epoch 013/104 proposal [==========..............] 20/47 MSE=2.006e-04 pass=60.9% K=56.0 denseK=56.0 countMAE=0.00
Epoch 013/104 proposal [===============.........] 30/47 MSE=4.151e-04 pass=45.3% K=56.0 denseK=56.0 countMAE=0.00
Epoch 013/104 proposal [====================....] 40/47 MSE=4.012e-04 pass=56.2% K=56.0 denseK=56.0 countMAE=0.00
Epoch 013/104 proposal [========================] 47/47 MSE=3.130e-04 pass=50.0% K=56.0 denseK=56.0 countMAE=0.00
  validation [=.......................] 1/16 
  validation [===============.........] 10/16 
  validation [========================] 16/16 
Epoch 013 val dense=79.7% deployment=79.7% worst-source=67.0% qualification=0.0% MSE=1.749e-04 K=56.00 mass=30.32 beta=-0.17 soft_cost=1.5379 selection_score=-1.5379 complexity=0.00->0.00 safety=0+0.00sigma scale=1.00->1.00 pass_reference_only=0.0%
  Proposal train geometry: coverage_MAE=4.8941e-03, ordered_assignment_MAE=5.0385e-03, matched_K=34.67, R@.005/.01/.02=0.504/0.982/1.000, parameter_bias=1.024e-02
  Synthetic K=56: n=46, dense=0.0%, deployment=0.0%
  Synthetic: dense=67.0%, deployment=67.0%, MSE=2.826e-04, K=56.00, targetK=31.74, count_MAE=24.26, bias=+24.26, knot_F1@0.01=0.704, param_RMSE=2.361e-02
  uji_pen_characters_v2: dense=100.0%, deployment=100.0%, MSE=4.204e-06, K=56.00
  natural_earth_10m_coastline: dense=96.0%, deployment=96.0%, MSE=1.892e-05, K=56.00
  usgs_tnm_contours_large_scale: dense=100.0%, deployment=100.0%, MSE=1.402e-05, K=56.00
  industrial_model_offset_curves: dense=100.0%, deployment=100.0%, MSE=3.721e-06, K=56.00
Epoch 014/104 proposal [........................] 1/47 MSE=4.162e-04 pass=46.9% K=56.0 denseK=56.0 countMAE=0.00
Epoch 014/104 proposal [=====...................] 10/47 MSE=3.965e-04 pass=42.2% K=56.0 denseK=56.0 countMAE=0.00
Epoch 014/104 proposal [==========..............] 20/47 MSE=4.053e-04 pass=50.0% K=56.0 denseK=56.0 countMAE=0.00
Epoch 014/104 proposal [===============.........] 30/47 MSE=2.864e-04 pass=57.8% K=56.0 denseK=56.0 countMAE=0.00
Epoch 014/104 proposal [====================....] 40/47 MSE=3.365e-04 pass=53.1% K=56.0 denseK=56.0 countMAE=0.00
Epoch 014/104 proposal [========================] 47/47 MSE=2.752e-04 pass=66.1% K=56.0 denseK=56.0 countMAE=0.00
  validation [=.......................] 1/16 
  validation [===============.........] 10/16 
  validation [========================] 16/16 
Epoch 014 val dense=79.5% deployment=79.5% worst-source=66.7% qualification=0.0% MSE=1.713e-04 K=56.00 mass=30.30 beta=-0.16 soft_cost=1.5381 selection_score=-1.5381 complexity=0.00->0.00 safety=0+0.00sigma scale=1.00->1.00 pass_reference_only=0.0%
  Proposal train geometry: coverage_MAE=4.8541e-03, ordered_assignment_MAE=4.9706e-03, matched_K=34.82, R@.005/.01/.02=0.508/0.983/1.000, parameter_bias=1.001e-02
  Synthetic K=56: n=46, dense=0.0%, deployment=0.0%
  Synthetic: dense=66.7%, deployment=66.7%, MSE=2.766e-04, K=56.00, targetK=31.74, count_MAE=24.26, bias=+24.26, knot_F1@0.01=0.705, param_RMSE=2.351e-02
  uji_pen_characters_v2: dense=100.0%, deployment=100.0%, MSE=4.422e-06, K=56.00
  natural_earth_10m_coastline: dense=96.0%, deployment=96.0%, MSE=1.881e-05, K=56.00
  usgs_tnm_contours_large_scale: dense=100.0%, deployment=100.0%, MSE=1.413e-05, K=56.00
  industrial_model_offset_curves: dense=100.0%, deployment=100.0%, MSE=3.943e-06, K=56.00
Epoch 015/104 proposal [........................] 1/47 MSE=3.568e-04 pass=56.2% K=56.0 denseK=56.0 countMAE=0.00
Epoch 015/104 proposal [=====...................] 10/47 MSE=2.997e-04 pass=54.7% K=56.0 denseK=56.0 countMAE=0.00
Epoch 015/104 proposal [==========..............] 20/47 MSE=3.057e-04 pass=57.8% K=56.0 denseK=56.0 countMAE=0.00
Epoch 015/104 proposal [===============.........] 30/47 MSE=3.692e-04 pass=54.7% K=56.0 denseK=56.0 countMAE=0.00
Epoch 015/104 proposal [====================....] 40/47 MSE=2.822e-04 pass=53.1% K=56.0 denseK=56.0 countMAE=0.00
Epoch 015/104 proposal [========================] 47/47 MSE=2.333e-04 pass=55.4% K=56.0 denseK=56.0 countMAE=0.00
  validation [=.......................] 1/16 
  validation [===============.........] 10/16 
  validation [========================] 16/16 
Epoch 015 val dense=79.4% deployment=79.4% worst-source=66.5% qualification=0.0% MSE=1.660e-04 K=56.00 mass=30.37 beta=-0.17 soft_cost=1.5334 selection_score=-1.5334 complexity=0.00->0.00 safety=0+0.00sigma scale=1.00->1.00 pass_reference_only=0.0%
  Proposal train geometry: coverage_MAE=4.8941e-03, ordered_assignment_MAE=5.0585e-03, matched_K=34.80, R@.005/.01/.02=0.503/0.984/1.000, parameter_bias=1.014e-02
  Synthetic K=56: n=46, dense=0.0%, deployment=0.0%
  Synthetic: dense=66.5%, deployment=66.5%, MSE=2.676e-04, K=56.00, targetK=31.74, count_MAE=24.26, bias=+24.26, knot_F1@0.01=0.704, param_RMSE=2.391e-02
  uji_pen_characters_v2: dense=100.0%, deployment=100.0%, MSE=5.052e-06, K=56.00
  natural_earth_10m_coastline: dense=96.0%, deployment=96.0%, MSE=1.955e-05, K=56.00
  usgs_tnm_contours_large_scale: dense=100.0%, deployment=100.0%, MSE=1.496e-05, K=56.00
  industrial_model_offset_curves: dense=100.0%, deployment=100.0%, MSE=3.561e-06, K=56.00
Epoch 016/104 proposal [........................] 1/47 MSE=2.804e-04 pass=39.1% K=56.0 denseK=56.0 countMAE=0.00
