DIAGNOSTIC NOT FINAL — checkpoint is not the current v16 adaptive-beta mass-TopK revision; formal proposal training must allocate exactly 50% of synthetic draws to the high-K stratum
usage: benchmark_v16_datasets.py [-h] [--checkpoint CHECKPOINT]
                                 [--output-dir OUTPUT_DIR]
                                 [--samples-per-knot-count SAMPLES_PER_KNOT_COUNT]
                                 [--min-knot-count MIN_KNOT_COUNT]
                                 [--max-knot-count MAX_KNOT_COUNT]
                                 [--synthetic-test-max-control-points SYNTHETIC_TEST_MAX_CONTROL_POINTS]
                                 [--scan-size SCAN_SIZE] [--seed SEED]
                                 [--selection-seed SELECTION_SEED]
                                 [--real-samples-per-dataset REAL_SAMPLES_PER_DATASET]
                                 [--method-set {published,all}]
                                 [--include-verified-ours]
                                 [--manifest NAME=PATH] [--skip-synthetic]
                                 [--skip-real] [--mse-tolerance MSE_TOLERANCE]
                                 [--max-internal-knots MAX_INTERNAL_KNOTS]
                                 [--full-knot-vector-size FULL_KNOT_VECTOR_SIZE]
                                 [--allow-unequal-capacity]
                                 [--gradient-steps GRADIENT_STEPS]
                                 [--paper-initial-knots PAPER_INITIAL_KNOTS]
                                 [--paper-admm-iterations PAPER_ADMM_ITERATIONS]
                                 [--paper-lambda-bisections PAPER_LAMBDA_BISECTIONS]
                                 [--paper-relocation-iterations PAPER_RELOCATION_ITERATIONS]
                                 [--park-shape-weight PARK_SHAPE_WEIGHT]
                                 [--liang-dense-knots LIANG_DENSE_KNOTS]
                                 [--liang-initial-knots LIANG_INITIAL_KNOTS]
                                 [--liang-curvature-weight LIANG_CURVATURE_WEIGHT]
                                 [--liang-feature-samples LIANG_FEATURE_SAMPLES]
                                 [--dung-max-error DUNG_MAX_ERROR]
                                 [--dung-scan-intervals DUNG_SCAN_INTERVALS]
                                 [--dung-optimization-iterations DUNG_OPTIMIZATION_ITERATIONS]
                                 [--luo-eta LUO_ETA]
                                 [--luo-de-population LUO_DE_POPULATION]
                                 [--luo-de-iterations LUO_DE_ITERATIONS]
                                 [--luo-seed LUO_SEED]
                                 [--published-feasibility-safeguard | --no-published-feasibility-safeguard]
                                 [--network-warmups NETWORK_WARMUPS]
                                 [--network-repeats NETWORK_REPEATS]
                                 [--end-to-end-repeats END_TO_END_REPEATS]
                                 [--torch-num-threads TORCH_NUM_THREADS]
                                 [--device {auto,cpu,cuda}]
                                 [--allow-unqualified-diagnostic]
                                 [--force-diagnostic] [--resume]
benchmark_v16_datasets.py: error: v16 capacity contract mismatch: formal Kc=72 comparisons require numerical baselines at the common source maximum K=56; other v16 checkpoints require equal network/numerical caps. Correct the caps or add --allow-unequal-capacity for a disclosed ablation
