v16 checkpoint inspection
  checkpoint: /home/feng/HouCode/SplineSurpervisedFitting/outputs/checkpoints/candidate_selection_v16_mse1e-4_keep_swap_highk72_linux_r1.pt
  objective: candidate_selection_feasible_teacher_bspline_v16
  stage: joint
  epoch: 96
Training supervision
  optimizer data: certified Synthetic only
  real-data fraction: 0
  Joint target: offline_feasible_teacher
  exact knot-count label: reference_only
  online Teacher: False
  certified fine teacher: frozen_proposal_feasible_subset_risk
  fine-teacher unit / online solves: mean_squared_euclidean / 0
Selection architecture
  revision: v16_count_structure_coupled_mass_topk_pilot_v1
  policy: mass_topk
  internal candidate capacity: 72
  full knot-vector size at all-keep: 80
  adaptive beta: True
  simplification contract: fixed_proposal_offline_feasible_subset_v1
  simplification curriculum mature: True
  aggregate pass feedback: False (must be False)
  checkpoint selection: mean_per_curve_subset_cost_v1
  checkpoint quality: supervised_fit_count_selected
Proposal curriculum
  high-K synthetic allocation: 65.000% (0.650000)
  high-K stratum begins at internal K: 40
  ordered assignment weight: 1
Synthetic data contract
  revision: source_subset_threshold_minimal_k4_56_span001_v2
  certified minimal source: True
  source control-point range: 8..60 (formal: 8..60)
  source internal-knot range: K=4..56
  knot min span: 0.01 (formal: 0.01)
  certificate RMS tolerance: 1.000000e-02
Configured targets
  proposal pass: 90.000% (0.900000)
  deployment pass: 90.000% (0.900000)
  recorded MSE tolerance: 1.000000e-04
Observed validation
  overall dense: 90.000% (0.900000)
  overall deployment: 26.250% (0.262500)
  worst-source dense: 86.500% (0.865000)
  worst-source deployment: 11.000% (0.110000)
  qualification dense/deployment (min of worst-source and K=56): 0.000% (0.000000) / 0.000% (0.000000)
  certified synthetic count MAE: 5.6775
  certified synthetic knot F1 / matched MAE: 0.698612 / 4.879639e-03
  synthetic boundary: K=56, n=44, dense=0.000% (0.000000), deployment=0.000% (0.000000)
  by source:
    Synthetic: dense=86.500% (0.865000), deployment=11.000% (0.110000), dense_MSE=3.862874e-05, deployment_MSE=1.335025e-03, K=39.6175, target_K=34.78, count_MAE=5.6775, count_bias=4.8375, knot_F1=0.698612, matched_MAE=4.879639e-03
    industrial_model_offset_curves: dense=100.000% (1.000000), deployment=90.000% (0.900000), dense_MSE=1.106859e-06, deployment_MSE=4.219912e-05, K=33.2
    natural_earth_10m_coastline: dense=95.000% (0.950000), deployment=37.500% (0.375000), dense_MSE=1.427079e-05, deployment_MSE=3.830298e-04, K=20.7
    uji_pen_characters_v2: dense=100.000% (1.000000), deployment=80.000% (0.800000), dense_MSE=1.682230e-06, deployment_MSE=8.773329e-05, K=13.975
    usgs_tnm_contours_large_scale: dense=100.000% (1.000000), deployment=50.000% (0.500000), dense_MSE=5.351830e-06, deployment_MSE=1.826498e-04, K=21.775
Formal benchmark integrity
  pass-rate reference (diagnostic only): 90.000% (0.900000)
  pass-rate reference met: False (does not affect eligibility)
  required MSE tolerance: 1.000000e-04
  historical diagnostics only: Synthetic count MAE <= 2, knot F1 >= 0.6, matched MAE <= 5.000000e-03
  structurally eligible: NO
  eligible: NO
  reasons:
    - checkpoint is not the current v16 adaptive-beta mass-TopK revision
    - formal proposal training must allocate exactly 50% of synthetic draws to the high-K stratum
