
[benchmark_six_methods] python scripts/benchmark_v16_datasets.py --checkpoint /home/feng/HouCode/SplineFitting_1070_overnight/outputs/checkpoints/overnight_stable_3090_r1.pt --output-dir /home/feng/HouCode/SplineFitting_1070_overnight/outputs/comparisons/overnight_stable_3090_r1 --method-set published --samples-per-knot-count 2 --min-knot-count 4 --max-knot-count 24 --real-samples-per-dataset 20 --mse-tolerance 5e-5 --manifest UJI=/home/feng/HouCode/SplineSurpervisedFitting/data/splits/uji_pen_v2.jsonl --manifest NaturalEarth=/home/feng/HouCode/SplineSurpervisedFitting/data/processed/natural_earth/v5.1.2_10m_coastline/manifest.jsonl --manifest USGS=/home/feng/HouCode/SplineSurpervisedFitting/data/processed/usgs_contours/large_scale/manifest.jsonl --manifest IndustrialOffset=/home/feng/HouCode/SplineSurpervisedFitting/data/processed/industrial_offsets/v1/manifest.jsonl --max-internal-knots 64 --paper-initial-knots 64 --liang-dense-knots 64 --gradient-steps 12 --paper-admm-iterations 400 --paper-lambda-bisections 8 --paper-relocation-iterations 8 --liang-feature-samples 1025 --dung-scan-intervals 10 --dung-optimization-iterations 10 --luo-de-population 10 --luo-de-iterations 50 --published-feasibility-safeguard --network-warmups 3 --network-repeats 100 --end-to-end-repeats 3 --torch-num-threads 4 --device cuda --allow-unqualified-diagnostic
DIAGNOSTIC NOT FINAL — joint simplification curriculum was not mature when saved; certified synthetic count MAE exceeds the formal limit 2; certified synthetic knot-match F1 is below the formal minimum 0.6; certified synthetic matched-knot MAE exceeds the formal limit 0.005; observed worst-source deployment pass rate 40.625% is below the required 90.000%; infeasible-proposal ablation was enabled
Preparing fixed paired test samples...
Warming numerical solvers (excluded from timing)...
122 curves x 6 methods; device=cuda; MSE tolerance=5e-05
[1/122] Synthetic seed20000_sample2679 ours: K=10 MSE=1.601328295223718e-05 time=8.5 ms ok
[1/122] Synthetic seed20000_sample2679 park_dominant_point_2007_adaptation: K=26 MSE=1.6183824221352574e-05 time=32.5 ms ok
[1/122] Synthetic seed20000_sample2679 liang_feature_iki_2017_adaptation: K=14 MSE=3.9534951490325885e-05 time=14.1 ms ok
[1/122] Synthetic seed20000_sample2679 dung_direct_knot_2017_adaptation: K=9 MSE=4.095531342934435e-05 time=121.7 ms ok
[1/122] Synthetic seed20000_sample2679 kang_sparse_2015_adaptation: K=8 MSE=2.9680338748247488e-05 time=1344.1 ms ok
[1/122] Synthetic seed20000_sample2679 luo_linf_de_2022_adaptation: K=6 MSE=4.483896376537026e-05 time=3091.8 ms ok
[2/122] Synthetic seed20000_sample2057 ours: K=9 MSE=7.414106591357624e-06 time=8.4 ms ok
[2/122] Synthetic seed20000_sample2057 park_dominant_point_2007_adaptation: K=22 MSE=4.871682904158449e-05 time=26.7 ms ok
[2/122] Synthetic seed20000_sample2057 liang_feature_iki_2017_adaptation: K=19 MSE=4.582739119240282e-05 time=19.3 ms ok
[2/122] Synthetic seed20000_sample2057 dung_direct_knot_2017_adaptation: K=10 MSE=3.906888815213274e-05 time=105.6 ms ok
[2/122] Synthetic seed20000_sample2057 kang_sparse_2015_adaptation: K=6 MSE=2.7895407716650927e-05 time=1185.5 ms ok
[2/122] Synthetic seed20000_sample2057 luo_linf_de_2022_adaptation: K=6 MSE=3.910998324115744e-05 time=3045.2 ms ok
[3/122] Synthetic seed20000_sample2344 ours: K=11 MSE=3.3312809387138796e-05 time=8.5 ms ok
[3/122] Synthetic seed20000_sample2344 park_dominant_point_2007_adaptation: K=23 MSE=4.382477083166215e-05 time=28.2 ms ok
[3/122] Synthetic seed20000_sample2344 liang_feature_iki_2017_adaptation: K=17 MSE=4.6770338087248824e-05 time=17.1 ms ok
[3/122] Synthetic seed20000_sample2344 dung_direct_knot_2017_adaptation: K=11 MSE=4.932517563741601e-05 time=138.0 ms ok
[3/122] Synthetic seed20000_sample2344 kang_sparse_2015_adaptation: K=9 MSE=4.764698470980777e-05 time=1270.2 ms ok
[3/122] Synthetic seed20000_sample2344 luo_linf_de_2022_adaptation: K=11 MSE=3.279642329841045e-05 time=3241.2 ms ok
[4/122] Synthetic seed20000_sample3595 ours: K=12 MSE=1.6291486855742262e-05 time=8.5 ms ok
[4/122] Synthetic seed20000_sample3595 park_dominant_point_2007_adaptation: K=43 MSE=4.151151548759455e-05 time=60.2 ms ok
[4/122] Synthetic seed20000_sample3595 liang_feature_iki_2017_adaptation: K=20 MSE=4.900787803559336e-05 time=20.5 ms ok
[4/122] Synthetic seed20000_sample3595 dung_direct_knot_2017_adaptation: K=17 MSE=2.618676327411146e-05 time=158.1 ms ok
[4/122] Synthetic seed20000_sample3595 kang_sparse_2015_adaptation: K=8 MSE=3.358295403046186e-05 time=1264.2 ms ok
[4/122] Synthetic seed20000_sample3595 luo_linf_de_2022_adaptation: K=11 MSE=4.950607357326537e-05 time=2920.8 ms ok
[5/122] Synthetic seed20000_sample3602 ours: K=10 MSE=5.766966977175462e-05 time=8.4 ms ok
[5/122] Synthetic seed20000_sample3602 park_dominant_point_2007_adaptation: K=25 MSE=4.147229047651924e-05 time=31.1 ms ok
[5/122] Synthetic seed20000_sample3602 liang_feature_iki_2017_adaptation: K=22 MSE=3.59222291393476e-05 time=23.0 ms ok
[5/122] Synthetic seed20000_sample3602 dung_direct_knot_2017_adaptation: K=12 MSE=4.191622602192459e-05 time=141.9 ms ok
[5/122] Synthetic seed20000_sample3602 kang_sparse_2015_adaptation: K=8 MSE=4.5579121394990894e-05 time=1248.9 ms ok
[5/122] Synthetic seed20000_sample3602 luo_linf_de_2022_adaptation: K=15 MSE=3.113671637219891e-05 time=3353.9 ms ok
[6/122] Synthetic seed20000_sample617 ours: K=13 MSE=9.9680442354049e-06 time=8.4 ms ok
[6/122] Synthetic seed20000_sample617 park_dominant_point_2007_adaptation: K=16 MSE=4.843726423846945e-05 time=19.1 ms ok
[6/122] Synthetic seed20000_sample617 liang_feature_iki_2017_adaptation: K=19 MSE=3.571740712214115e-05 time=19.3 ms ok
[6/122] Synthetic seed20000_sample617 dung_direct_knot_2017_adaptation: K=19 MSE=3.520288865336067e-05 time=192.6 ms ok
[6/122] Synthetic seed20000_sample617 kang_sparse_2015_adaptation: K=10 MSE=4.7184117593931616e-05 time=1223.3 ms ok
[6/122] Synthetic seed20000_sample617 luo_linf_de_2022_adaptation: K=12 MSE=3.92486252444164e-05 time=3284.7 ms ok
[7/122] Synthetic seed20000_sample3494 ours: K=15 MSE=3.915516617570269e-05 time=8.5 ms ok
[7/122] Synthetic seed20000_sample3494 park_dominant_point_2007_adaptation: K=22 MSE=4.566289454264154e-05 time=26.7 ms ok
[7/122] Synthetic seed20000_sample3494 liang_feature_iki_2017_adaptation: K=25 MSE=4.6119808772159884e-05 time=26.3 ms ok
[7/122] Synthetic seed20000_sample3494 dung_direct_knot_2017_adaptation: K=15 MSE=4.7427281853733554e-05 time=207.0 ms ok
[7/122] Synthetic seed20000_sample3494 kang_sparse_2015_adaptation: K=13 MSE=4.511100521284746e-05 time=1171.5 ms ok
[7/122] Synthetic seed20000_sample3494 luo_linf_de_2022_adaptation: K=19 MSE=4.3065140848825226e-05 time=3266.9 ms ok
[8/122] Synthetic seed20000_sample1758 ours: K=14 MSE=2.498460277417173e-05 time=8.5 ms ok
[8/122] Synthetic seed20000_sample1758 park_dominant_point_2007_adaptation: K=31 MSE=3.564875603788167e-05 time=39.9 ms ok
[8/122] Synthetic seed20000_sample1758 liang_feature_iki_2017_adaptation: K=23 MSE=3.3756919057866974e-05 time=24.1 ms ok
[8/122] Synthetic seed20000_sample1758 dung_direct_knot_2017_adaptation: K=15 MSE=4.303132137533933e-05 time=193.9 ms ok
[8/122] Synthetic seed20000_sample1758 kang_sparse_2015_adaptation: K=12 MSE=4.948992310943872e-05 time=1221.2 ms ok
[8/122] Synthetic seed20000_sample1758 luo_linf_de_2022_adaptation: K=19 MSE=2.1016446930203492e-05 time=3129.9 ms ok
[9/122] Synthetic seed20000_sample1236 ours: K=15 MSE=8.927941045608328e-05 time=8.4 ms ok
[9/122] Synthetic seed20000_sample1236 park_dominant_point_2007_adaptation: K=32 MSE=3.672233684017659e-05 time=41.5 ms ok
[9/122] Synthetic seed20000_sample1236 liang_feature_iki_2017_adaptation: K=23 MSE=4.974160056862883e-05 time=24.0 ms ok
[9/122] Synthetic seed20000_sample1236 dung_direct_knot_2017_adaptation: K=17 MSE=4.952112030600857e-05 time=210.8 ms ok
[9/122] Synthetic seed20000_sample1236 kang_sparse_2015_adaptation: K=14 MSE=4.837140094280471e-05 time=1172.1 ms ok
[9/122] Synthetic seed20000_sample1236 luo_linf_de_2022_adaptation: K=18 MSE=4.269258767175743e-05 time=3253.9 ms ok
[10/122] Synthetic seed20000_sample194 ours: K=14 MSE=8.410272370863501e-05 time=8.3 ms ok
[10/122] Synthetic seed20000_sample194 park_dominant_point_2007_adaptation: K=37 MSE=3.388892005691465e-05 time=48.7 ms ok
[10/122] Synthetic seed20000_sample194 liang_feature_iki_2017_adaptation: K=21 MSE=4.5958494774607863e-05 time=21.1 ms ok
[10/122] Synthetic seed20000_sample194 dung_direct_knot_2017_adaptation: K=18 MSE=4.139633885363725e-05 time=167.0 ms ok
[10/122] Synthetic seed20000_sample194 kang_sparse_2015_adaptation: K=12 MSE=4.414018248679552e-05 time=1189.8 ms ok
[10/122] Synthetic seed20000_sample194 luo_linf_de_2022_adaptation: K=18 MSE=3.76687806412718e-05 time=3323.1 ms ok
[11/122] Synthetic seed20000_sample365 ours: K=17 MSE=2.602461321448355e-05 time=8.3 ms ok
[11/122] Synthetic seed20000_sample365 park_dominant_point_2007_adaptation: K=28 MSE=4.181496103389549e-05 time=34.9 ms ok
[11/122] Synthetic seed20000_sample365 liang_feature_iki_2017_adaptation: K=25 MSE=4.412355138496647e-05 time=26.0 ms ok
[11/122] Synthetic seed20000_sample365 dung_direct_knot_2017_adaptation: K=21 MSE=4.419999402379004e-05 time=234.7 ms ok
[11/122] Synthetic seed20000_sample365 kang_sparse_2015_adaptation: K=15 MSE=4.2900498851224386e-05 time=1180.6 ms ok
[11/122] Synthetic seed20000_sample365 luo_linf_de_2022_adaptation: K=20 MSE=4.9283904719231676e-05 time=3163.0 ms ok
[12/122] Synthetic seed20000_sample3465 ours: K=16 MSE=7.063457673478362e-05 time=8.3 ms ok
[12/122] Synthetic seed20000_sample3465 park_dominant_point_2007_adaptation: K=30 MSE=2.8114829924335586e-05 time=37.7 ms ok
[12/122] Synthetic seed20000_sample3465 liang_feature_iki_2017_adaptation: K=24 MSE=4.594617655224913e-05 time=24.6 ms ok
[12/122] Synthetic seed20000_sample3465 dung_direct_knot_2017_adaptation: K=18 MSE=4.9733848556409214e-05 time=227.6 ms ok
[12/122] Synthetic seed20000_sample3465 kang_sparse_2015_adaptation: K=19 MSE=4.487585459180227e-05 time=1164.4 ms ok
[12/122] Synthetic seed20000_sample3465 luo_linf_de_2022_adaptation: K=23 MSE=3.878742260023912e-05 time=3175.6 ms ok
[13/122] Synthetic seed20000_sample2797 ours: K=19 MSE=2.937706111088779e-05 time=8.4 ms ok
[13/122] Synthetic seed20000_sample2797 park_dominant_point_2007_adaptation: K=48 MSE=3.230990384433904e-05 time=68.6 ms ok
[13/122] Synthetic seed20000_sample2797 liang_feature_iki_2017_adaptation: K=25 MSE=4.7477108458469907e-05 time=25.9 ms ok
[13/122] Synthetic seed20000_sample2797 dung_direct_knot_2017_adaptation: K=20 MSE=4.851632982418526e-05 time=256.7 ms ok
[13/122] Synthetic seed20000_sample2797 kang_sparse_2015_adaptation: K=17 MSE=4.8457631137723044e-05 time=1205.5 ms ok
[13/122] Synthetic seed20000_sample2797 luo_linf_de_2022_adaptation: K=25 MSE=4.35271474382968e-05 time=3029.6 ms ok
[14/122] Synthetic seed20000_sample1930 ours: K=20 MSE=2.6425573179502574e-05 time=8.4 ms ok
[14/122] Synthetic seed20000_sample1930 park_dominant_point_2007_adaptation: K=30 MSE=4.4928647909754094e-05 time=37.8 ms ok
[14/122] Synthetic seed20000_sample1930 liang_feature_iki_2017_adaptation: K=29 MSE=4.61609165460771e-05 time=30.6 ms ok
[14/122] Synthetic seed20000_sample1930 dung_direct_knot_2017_adaptation: K=18 MSE=4.78826291196456e-05 time=246.2 ms ok
[14/122] Synthetic seed20000_sample1930 kang_sparse_2015_adaptation: K=16 MSE=4.359250244917375e-05 time=1175.2 ms ok
[14/122] Synthetic seed20000_sample1930 luo_linf_de_2022_adaptation: K=18 MSE=4.6894908486207414e-05 time=3277.2 ms ok
[15/122] Synthetic seed20000_sample2097 ours: K=25 MSE=1.9774833871490105e-05 time=8.5 ms ok
[15/122] Synthetic seed20000_sample2097 park_dominant_point_2007_adaptation: K=35 MSE=4.7120921146647995e-05 time=45.3 ms ok
[15/122] Synthetic seed20000_sample2097 liang_feature_iki_2017_adaptation: K=29 MSE=4.960351547745953e-05 time=30.9 ms ok
[15/122] Synthetic seed20000_sample2097 dung_direct_knot_2017_adaptation: K=24 MSE=4.7891603378545017e-05 time=293.6 ms ok
[15/122] Synthetic seed20000_sample2097 kang_sparse_2015_adaptation: K=20 MSE=4.5570792117470363e-05 time=1166.5 ms ok
[15/122] Synthetic seed20000_sample2097 luo_linf_de_2022_adaptation: K=26 MSE=4.5485198899315315e-05 time=3230.0 ms ok
[16/122] Synthetic seed20000_sample4016 ours: K=23 MSE=3.252859328112504e-05 time=8.5 ms ok
[16/122] Synthetic seed20000_sample4016 park_dominant_point_2007_adaptation: K=39 MSE=3.159983408185893e-05 time=52.0 ms ok
[16/122] Synthetic seed20000_sample4016 liang_feature_iki_2017_adaptation: K=33 MSE=4.301089474606398e-05 time=35.7 ms ok
[16/122] Synthetic seed20000_sample4016 dung_direct_knot_2017_adaptation: K=23 MSE=4.813691291057757e-05 time=327.1 ms ok
[16/122] Synthetic seed20000_sample4016 kang_sparse_2015_adaptation: K=51 MSE=5.018718582845273e-06 time=871.4 ms ok
[16/122] Synthetic seed20000_sample4016 luo_linf_de_2022_adaptation: K=28 MSE=4.705857354221667e-05 time=3367.0 ms ok
[17/122] Synthetic seed20000_sample1601 ours: K=24 MSE=1.9382670221850737e-05 time=8.5 ms ok
[17/122] Synthetic seed20000_sample1601 park_dominant_point_2007_adaptation: K=45 MSE=3.991065507018879e-05 time=62.8 ms ok
[17/122] Synthetic seed20000_sample1601 liang_feature_iki_2017_adaptation: K=30 MSE=4.7003001855668116e-05 time=32.4 ms ok
[17/122] Synthetic seed20000_sample1601 dung_direct_knot_2017_adaptation: K=21 MSE=4.8708881389652264e-05 time=334.6 ms ok
[17/122] Synthetic seed20000_sample1601 kang_sparse_2015_adaptation: K=52 MSE=6.0363675702044045e-06 time=869.3 ms ok
[17/122] Synthetic seed20000_sample1601 luo_linf_de_2022_adaptation: K=34 MSE=4.667815441977284e-05 time=3371.0 ms ok
[18/122] Synthetic seed20000_sample764 ours: K=24 MSE=2.7304542269308163e-05 time=8.5 ms ok
[18/122] Synthetic seed20000_sample764 park_dominant_point_2007_adaptation: K=37 MSE=4.828536894413847e-05 time=48.7 ms ok
[18/122] Synthetic seed20000_sample764 liang_feature_iki_2017_adaptation: K=34 MSE=4.860911857660098e-05 time=37.1 ms ok
[18/122] Synthetic seed20000_sample764 dung_direct_knot_2017_adaptation: K=24 MSE=4.918815224875963e-05 time=334.1 ms ok
[18/122] Synthetic seed20000_sample764 kang_sparse_2015_adaptation: K=50 MSE=5.709465130887736e-06 time=872.6 ms ok
[18/122] Synthetic seed20000_sample764 luo_linf_de_2022_adaptation: K=25 MSE=4.9188643537057875e-05 time=3311.7 ms ok
[19/122] Synthetic seed20000_sample3366 ours: K=26 MSE=4.333361158202017e-05 time=8.6 ms ok
[19/122] Synthetic seed20000_sample3366 park_dominant_point_2007_adaptation: K=35 MSE=4.690888385634972e-05 time=45.4 ms ok
[19/122] Synthetic seed20000_sample3366 liang_feature_iki_2017_adaptation: K=33 MSE=4.7611056230637905e-05 time=35.8 ms ok
[19/122] Synthetic seed20000_sample3366 dung_direct_knot_2017_adaptation: K=19 MSE=4.8480247982345565e-05 time=339.2 ms ok
[19/122] Synthetic seed20000_sample3366 kang_sparse_2015_adaptation: K=61 MSE=5.8115782921118795e-06 time=822.9 ms ok
[19/122] Synthetic seed20000_sample3366 luo_linf_de_2022_adaptation: K=30 MSE=4.7000915107682974e-05 time=3251.1 ms ok
[20/122] Synthetic seed20000_sample2996 ours: K=27 MSE=3.3336018480760597e-05 time=8.5 ms ok
[20/122] Synthetic seed20000_sample2996 park_dominant_point_2007_adaptation: K=47 MSE=4.567873393618622e-05 time=66.5 ms ok
[20/122] Synthetic seed20000_sample2996 liang_feature_iki_2017_adaptation: K=35 MSE=4.960119934327063e-05 time=38.5 ms ok
[20/122] Synthetic seed20000_sample2996 dung_direct_knot_2017_adaptation: K=24 MSE=4.716482673476659e-05 time=388.1 ms ok
[20/122] Synthetic seed20000_sample2996 kang_sparse_2015_adaptation: K=32 MSE=4.2937109833239345e-05 time=559.5 ms ok
[20/122] Synthetic seed20000_sample2996 luo_linf_de_2022_adaptation: K=29 MSE=4.772781848225934e-05 time=3123.8 ms ok
[21/122] Synthetic seed20000_sample2204 ours: K=26 MSE=2.5089873483679443e-05 time=8.5 ms ok
[21/122] Synthetic seed20000_sample2204 park_dominant_point_2007_adaptation: K=33 MSE=4.691020357797985e-05 time=42.4 ms ok
[21/122] Synthetic seed20000_sample2204 liang_feature_iki_2017_adaptation: K=31 MSE=4.897838181266423e-05 time=33.2 ms ok
[21/122] Synthetic seed20000_sample2204 dung_direct_knot_2017_adaptation: K=23 MSE=4.71064413478598e-05 time=354.0 ms ok
[21/122] Synthetic seed20000_sample2204 kang_sparse_2015_adaptation: K=62 MSE=7.076960650879325e-06 time=773.8 ms ok
[21/122] Synthetic seed20000_sample2204 luo_linf_de_2022_adaptation: K=33 MSE=4.703960029972386e-05 time=3295.1 ms ok
[22/122] Synthetic seed20000_sample3084 ours: K=29 MSE=1.690554147001179e-05 time=8.5 ms ok
[22/122] Synthetic seed20000_sample3084 park_dominant_point_2007_adaptation: K=43 MSE=3.935832401659854e-05 time=59.6 ms ok
[22/122] Synthetic seed20000_sample3084 liang_feature_iki_2017_adaptation: K=33 MSE=4.7340338377594916e-05 time=35.8 ms ok
[22/122] Synthetic seed20000_sample3084 dung_direct_knot_2017_adaptation: K=23 MSE=4.578775075419078e-05 time=384.4 ms ok
[22/122] Synthetic seed20000_sample3084 kang_sparse_2015_adaptation: K=31 MSE=4.796599665849293e-05 time=564.8 ms ok
[22/122] Synthetic seed20000_sample3084 luo_linf_de_2022_adaptation: K=34 MSE=4.626504300588166e-05 time=3239.9 ms ok
[23/122] Synthetic seed20000_sample961 ours: K=30 MSE=2.4685622613548474e-05 time=8.5 ms ok
[23/122] Synthetic seed20000_sample961 park_dominant_point_2007_adaptation: K=47 MSE=4.671473689740088e-05 time=67.4 ms ok
[23/122] Synthetic seed20000_sample961 liang_feature_iki_2017_adaptation: K=40 MSE=4.8832011208418406e-05 time=45.1 ms ok
[23/122] Synthetic seed20000_sample961 dung_direct_knot_2017_adaptation: K=28 MSE=4.99245163744266e-05 time=469.9 ms ok
[23/122] Synthetic seed20000_sample961 kang_sparse_2015_adaptation: K=37 MSE=4.708353374025448e-05 time=544.6 ms ok
[23/122] Synthetic seed20000_sample961 luo_linf_de_2022_adaptation: K=35 MSE=4.977100408091185e-05 time=3098.9 ms ok
[24/122] Synthetic seed20000_sample3684 ours: K=30 MSE=3.6738077951413045e-05 time=8.4 ms ok
[24/122] Synthetic seed20000_sample3684 park_dominant_point_2007_adaptation: K=41 MSE=4.645900805466397e-05 time=56.4 ms ok
[24/122] Synthetic seed20000_sample3684 liang_feature_iki_2017_adaptation: K=36 MSE=4.78430832735826e-05 time=39.7 ms ok
[24/122] Synthetic seed20000_sample3684 dung_direct_knot_2017_adaptation: K=28 MSE=4.6308010316504715e-05 time=482.1 ms ok
[24/122] Synthetic seed20000_sample3684 kang_sparse_2015_adaptation: K=38 MSE=4.449137152072268e-05 time=596.0 ms ok
[24/122] Synthetic seed20000_sample3684 luo_linf_de_2022_adaptation: K=33 MSE=4.953196408375264e-05 time=2820.4 ms ok
[25/122] Synthetic seed20000_sample3248 ours: K=32 MSE=1.746711042981464e-05 time=8.5 ms ok
[25/122] Synthetic seed20000_sample3248 park_dominant_point_2007_adaptation: K=40 MSE=4.920329012122633e-05 time=53.8 ms ok
[25/122] Synthetic seed20000_sample3248 liang_feature_iki_2017_adaptation: K=44 MSE=4.5782229521594543e-05 time=50.9 ms ok
[25/122] Synthetic seed20000_sample3248 dung_direct_knot_2017_adaptation: K=32 MSE=4.869270215083501e-05 time=528.3 ms ok
[25/122] Synthetic seed20000_sample3248 kang_sparse_2015_adaptation: K=36 MSE=4.675092038422692e-05 time=571.9 ms ok
[25/122] Synthetic seed20000_sample3248 luo_linf_de_2022_adaptation: K=35 MSE=4.905793102880763e-05 time=2785.0 ms ok
[26/122] Synthetic seed20000_sample278 ours: K=32 MSE=1.8197968099858012e-05 time=8.7 ms ok
[26/122] Synthetic seed20000_sample278 park_dominant_point_2007_adaptation: K=41 MSE=4.674562365263001e-05 time=56.0 ms ok
[26/122] Synthetic seed20000_sample278 liang_feature_iki_2017_adaptation: K=40 MSE=4.9118081570768816e-05 time=44.9 ms ok
[26/122] Synthetic seed20000_sample278 dung_direct_knot_2017_adaptation: K=29 MSE=4.7075262522108245e-05 time=506.8 ms ok
[26/122] Synthetic seed20000_sample278 kang_sparse_2015_adaptation: K=34 MSE=4.651680745195463e-05 time=568.1 ms ok
[26/122] Synthetic seed20000_sample278 luo_linf_de_2022_adaptation: K=37 MSE=4.748942428446677e-05 time=3079.4 ms ok
[27/122] Synthetic seed20000_sample2753 ours: K=33 MSE=2.4733897052566298e-05 time=8.6 ms ok
[27/122] Synthetic seed20000_sample2753 park_dominant_point_2007_adaptation: K=44 MSE=4.782038946511774e-05 time=62.2 ms ok
[27/122] Synthetic seed20000_sample2753 liang_feature_iki_2017_adaptation: K=34 MSE=4.923706914444707e-05 time=37.1 ms ok
[27/122] Synthetic seed20000_sample2753 dung_direct_knot_2017_adaptation: K=30 MSE=4.837316385866576e-05 time=484.7 ms ok
[27/122] Synthetic seed20000_sample2753 kang_sparse_2015_adaptation: K=39 MSE=4.7452091026859714e-05 time=596.6 ms ok
[27/122] Synthetic seed20000_sample2753 luo_linf_de_2022_adaptation: K=42 MSE=4.625403715172033e-05 time=2896.3 ms ok
[28/122] Synthetic seed20000_sample2138 ours: K=34 MSE=4.234514617174861e-05 time=8.6 ms ok
[28/122] Synthetic seed20000_sample2138 park_dominant_point_2007_adaptation: K=39 MSE=4.7088847249228065e-05 time=53.1 ms ok
[28/122] Synthetic seed20000_sample2138 liang_feature_iki_2017_adaptation: K=44 MSE=4.6536685226712004e-05 time=50.9 ms ok
[28/122] Synthetic seed20000_sample2138 dung_direct_knot_2017_adaptation: K=30 MSE=4.750592539329822e-05 time=484.2 ms ok
[28/122] Synthetic seed20000_sample2138 kang_sparse_2015_adaptation: K=38 MSE=4.6787556526009946e-05 time=590.8 ms ok
[28/122] Synthetic seed20000_sample2138 luo_linf_de_2022_adaptation: K=36 MSE=4.636957019635087e-05 time=2728.1 ms ok
[29/122] Synthetic seed20000_sample731 ours: K=36 MSE=2.8687244337997648e-05 time=8.6 ms ok
[29/122] Synthetic seed20000_sample731 park_dominant_point_2007_adaptation: K=44 MSE=4.873538007041669e-05 time=62.3 ms ok
[29/122] Synthetic seed20000_sample731 liang_feature_iki_2017_adaptation: K=42 MSE=4.839457360504076e-05 time=48.0 ms ok
[29/122] Synthetic seed20000_sample731 dung_direct_knot_2017_adaptation: K=34 MSE=4.770149368280845e-05 time=579.4 ms ok
[29/122] Synthetic seed20000_sample731 kang_sparse_2015_adaptation: K=41 MSE=4.8631016502581944e-05 time=593.4 ms ok
[29/122] Synthetic seed20000_sample731 luo_linf_de_2022_adaptation: K=39 MSE=4.7636893915001634e-05 time=2808.1 ms ok
[30/122] Synthetic seed20000_sample1405 ours: K=35 MSE=4.3231696841817105e-05 time=8.6 ms ok
[30/122] Synthetic seed20000_sample1405 park_dominant_point_2007_adaptation: K=45 MSE=4.8782122807524276e-05 time=67.3 ms ok
[30/122] Synthetic seed20000_sample1405 liang_feature_iki_2017_adaptation: K=41 MSE=4.634143108825687e-05 time=46.9 ms ok
[30/122] Synthetic seed20000_sample1405 dung_direct_knot_2017_adaptation: K=34 MSE=4.80582559201955e-05 time=570.7 ms ok
[30/122] Synthetic seed20000_sample1405 kang_sparse_2015_adaptation: K=56 MSE=2.3779990716007987e-05 time=440.8 ms ok
[30/122] Synthetic seed20000_sample1405 luo_linf_de_2022_adaptation: K=39 MSE=4.8890540276643554e-05 time=2580.3 ms ok
[31/122] Synthetic seed20000_sample937 ours: K=38 MSE=1.241563899593167e-05 time=8.6 ms ok
[31/122] Synthetic seed20000_sample937 park_dominant_point_2007_adaptation: K=44 MSE=4.854316012668141e-05 time=62.8 ms ok
[31/122] Synthetic seed20000_sample937 liang_feature_iki_2017_adaptation: K=42 MSE=4.379774796358651e-05 time=47.8 ms ok
[31/122] Synthetic seed20000_sample937 dung_direct_knot_2017_adaptation: K=31 MSE=4.7850656745017436e-05 time=511.5 ms ok
[31/122] Synthetic seed20000_sample937 kang_sparse_2015_adaptation: K=42 MSE=4.856433948173363e-05 time=602.0 ms ok
[31/122] Synthetic seed20000_sample937 luo_linf_de_2022_adaptation: K=41 MSE=4.6934754293144236e-05 time=2848.1 ms ok
[32/122] Synthetic seed20000_sample3396 ours: K=35 MSE=2.5748352582084458e-05 time=8.6 ms ok
[32/122] Synthetic seed20000_sample3396 park_dominant_point_2007_adaptation: K=44 MSE=4.9490318814138645e-05 time=65.9 ms ok
[32/122] Synthetic seed20000_sample3396 liang_feature_iki_2017_adaptation: K=48 MSE=4.718440606416024e-05 time=57.1 ms ok
[32/122] Synthetic seed20000_sample3396 dung_direct_knot_2017_adaptation: K=36 MSE=4.727581152710069e-05 time=598.9 ms ok
[32/122] Synthetic seed20000_sample3396 kang_sparse_2015_adaptation: K=64 MSE=2.8095616659632843e-05 time=431.7 ms ok
[32/122] Synthetic seed20000_sample3396 luo_linf_de_2022_adaptation: K=41 MSE=4.640178597145033e-05 time=2191.1 ms ok
[33/122] Synthetic seed20000_sample496 ours: K=38 MSE=2.8275586966606446e-05 time=8.7 ms ok
[33/122] Synthetic seed20000_sample496 park_dominant_point_2007_adaptation: K=40 MSE=4.961606685782859e-05 time=58.3 ms ok
[33/122] Synthetic seed20000_sample496 liang_feature_iki_2017_adaptation: K=49 MSE=4.586022046621576e-05 time=58.6 ms ok
[33/122] Synthetic seed20000_sample496 dung_direct_knot_2017_adaptation: K=35 MSE=4.918803772992087e-05 time=632.4 ms ok
[33/122] Synthetic seed20000_sample496 kang_sparse_2015_adaptation: K=45 MSE=4.8297643911217276e-05 time=610.6 ms ok
[33/122] Synthetic seed20000_sample496 luo_linf_de_2022_adaptation: K=43 MSE=4.725312495966692e-05 time=2917.1 ms ok
[34/122] Synthetic seed20000_sample981 ours: K=39 MSE=2.6446497382337886e-05 time=8.7 ms ok
[34/122] Synthetic seed20000_sample981 park_dominant_point_2007_adaptation: K=41 MSE=4.932172509526636e-05 time=59.5 ms ok
[34/122] Synthetic seed20000_sample981 liang_feature_iki_2017_adaptation: K=48 MSE=4.683189337706203e-05 time=56.9 ms ok
[34/122] Synthetic seed20000_sample981 dung_direct_knot_2017_adaptation: K=34 MSE=4.928578926032057e-05 time=630.4 ms ok
[34/122] Synthetic seed20000_sample981 kang_sparse_2015_adaptation: K=47 MSE=4.880726020698625e-05 time=625.6 ms ok
[34/122] Synthetic seed20000_sample981 luo_linf_de_2022_adaptation: K=46 MSE=4.950060222978496e-05 time=2421.3 ms ok
[35/122] Synthetic seed20000_sample3769 ours: K=41 MSE=4.9676553358683524e-05 time=8.7 ms ok
[35/122] Synthetic seed20000_sample3769 park_dominant_point_2007_adaptation: K=50 MSE=4.905502539170452e-05 time=81.5 ms ok
[35/122] Synthetic seed20000_sample3769 liang_feature_iki_2017_adaptation: K=48 MSE=4.8863649145589776e-05 time=57.4 ms ok
[35/122] Synthetic seed20000_sample3769 dung_direct_knot_2017_adaptation: K=44 MSE=4.769449163043236e-05 time=691.4 ms ok
[35/122] Synthetic seed20000_sample3769 kang_sparse_2015_adaptation: K=64 MSE=3.732740276522752e-05 time=437.8 ms ok
[35/122] Synthetic seed20000_sample3769 luo_linf_de_2022_adaptation: K=48 MSE=4.803666227268819e-05 time=2192.8 ms ok
[36/122] Synthetic seed20000_sample1922 ours: K=37 MSE=5.626403471327979e-05 time=8.7 ms ok
[36/122] Synthetic seed20000_sample1922 park_dominant_point_2007_adaptation: K=47 MSE=4.977549022512701e-05 time=74.7 ms ok
[36/122] Synthetic seed20000_sample1922 liang_feature_iki_2017_adaptation: K=47 MSE=4.983551673210033e-05 time=56.0 ms ok
[36/122] Synthetic seed20000_sample1922 dung_direct_knot_2017_adaptation: K=42 MSE=4.581011594454421e-05 time=646.8 ms ok
[36/122] Synthetic seed20000_sample1922 kang_sparse_2015_adaptation: K=64 MSE=3.721418912296757e-05 time=435.1 ms ok
[36/122] Synthetic seed20000_sample1922 luo_linf_de_2022_adaptation: K=43 MSE=4.891255526727411e-05 time=2434.6 ms ok
[37/122] Synthetic seed20000_sample1306 ours: K=42 MSE=3.684173569735634e-05 time=8.7 ms ok
[37/122] Synthetic seed20000_sample1306 park_dominant_point_2007_adaptation: K=53 MSE=4.887701564033715e-05 time=90.2 ms ok
[37/122] Synthetic seed20000_sample1306 liang_feature_iki_2017_adaptation: K=55 MSE=4.78242694713029e-05 time=67.7 ms ok
[37/122] Synthetic seed20000_sample1306 dung_direct_knot_2017_adaptation: K=43 MSE=4.954671083946648e-05 time=700.6 ms ok
[37/122] Synthetic seed20000_sample1306 kang_sparse_2015_adaptation: K=54 MSE=4.899680924361133e-05 time=663.8 ms ok
[37/122] Synthetic seed20000_sample1306 luo_linf_de_2022_adaptation: K=51 MSE=4.899106972805372e-05 time=1988.7 ms ok
[38/122] Synthetic seed20000_sample2647 ours: K=44 MSE=2.9736599846008393e-05 time=8.7 ms ok
[38/122] Synthetic seed20000_sample2647 park_dominant_point_2007_adaptation: K=48 MSE=4.899796578968382e-05 time=75.3 ms ok
[38/122] Synthetic seed20000_sample2647 liang_feature_iki_2017_adaptation: K=53 MSE=4.6138828014265406e-05 time=64.5 ms ok
[38/122] Synthetic seed20000_sample2647 dung_direct_knot_2017_adaptation: K=38 MSE=4.9774235940612e-05 time=681.5 ms ok
[38/122] Synthetic seed20000_sample2647 kang_sparse_2015_adaptation: K=50 MSE=4.8937775900940234e-05 time=640.0 ms ok
[38/122] Synthetic seed20000_sample2647 luo_linf_de_2022_adaptation: K=46 MSE=4.915360758806419e-05 time=1840.0 ms ok
[39/122] Synthetic seed20000_sample2880 ours: K=44 MSE=3.4600931563111644e-05 time=8.7 ms ok
[39/122] Synthetic seed20000_sample2880 park_dominant_point_2007_adaptation: K=52 MSE=4.805300977555484e-05 time=85.8 ms ok
[39/122] Synthetic seed20000_sample2880 liang_feature_iki_2017_adaptation: K=61 MSE=4.928712207509977e-05 time=77.5 ms ok
[39/122] Synthetic seed20000_sample2880 dung_direct_knot_2017_adaptation: K=44 MSE=4.8414902185047326e-05 time=747.1 ms ok
[39/122] Synthetic seed20000_sample2880 kang_sparse_2015_adaptation: K=57 MSE=4.796192552472656e-05 time=626.9 ms ok
[39/122] Synthetic seed20000_sample2880 luo_linf_de_2022_adaptation: K=53 MSE=4.9585961020759527e-05 time=1551.2 ms ok
[40/122] Synthetic seed20000_sample1149 ours: K=42 MSE=3.717831622039168e-05 time=8.7 ms ok
[40/122] Synthetic seed20000_sample1149 park_dominant_point_2007_adaptation: K=56 MSE=4.9259449098744714e-05 time=94.1 ms ok
[40/122] Synthetic seed20000_sample1149 liang_feature_iki_2017_adaptation: K=59 MSE=4.896077562190911e-05 time=73.9 ms ok
[40/122] Synthetic seed20000_sample1149 dung_direct_knot_2017_adaptation: K=44 MSE=4.8881942983532204e-05 time=717.3 ms ok
[40/122] Synthetic seed20000_sample1149 kang_sparse_2015_adaptation: K=64 MSE=5.717154928661728e-05 time=278.2 ms ok
[40/122] Synthetic seed20000_sample1149 luo_linf_de_2022_adaptation: K=63 MSE=5.419883568403847e-05 time=741.6 ms ok
[41/122] Synthetic seed20000_sample650 ours: K=44 MSE=5.480886281932975e-05 time=8.7 ms ok
[41/122] Synthetic seed20000_sample650 park_dominant_point_2007_adaptation: K=50 MSE=4.8916399249407214e-05 time=82.7 ms ok
[41/122] Synthetic seed20000_sample650 liang_feature_iki_2017_adaptation: K=55 MSE=4.9784906789086734e-05 time=68.1 ms ok
[41/122] Synthetic seed20000_sample650 dung_direct_knot_2017_adaptation: K=45 MSE=4.8888905617311147e-05 time=735.4 ms ok
[41/122] Synthetic seed20000_sample650 kang_sparse_2015_adaptation: K=61 MSE=4.810434324922173e-05 time=437.6 ms ok
[41/122] Synthetic seed20000_sample650 luo_linf_de_2022_adaptation: K=61 MSE=4.78123434015342e-05 time=1641.6 ms ok
[42/122] Synthetic seed20000_sample2103 ours: K=46 MSE=3.9094669763156525e-05 time=8.8 ms ok
[42/122] Synthetic seed20000_sample2103 park_dominant_point_2007_adaptation: K=53 MSE=4.89480889194634e-05 time=88.8 ms ok
[42/122] Synthetic seed20000_sample2103 liang_feature_iki_2017_adaptation: K=57 MSE=4.874350269926583e-05 time=71.0 ms ok
[42/122] Synthetic seed20000_sample2103 dung_direct_knot_2017_adaptation: K=47 MSE=4.927011344571387e-05 time=765.6 ms ok
[42/122] Synthetic seed20000_sample2103 kang_sparse_2015_adaptation: K=64 MSE=5.056590601319644e-05 time=267.0 ms ok
[42/122] Synthetic seed20000_sample2103 luo_linf_de_2022_adaptation: K=58 MSE=4.993317592198766e-05 time=709.2 ms ok
[43/122] UJI uji2_07539_stroke_00 ours: K=18 MSE=6.657145950191106e-06 time=8.3 ms ok
[43/122] UJI uji2_07539_stroke_00 park_dominant_point_2007_adaptation: K=5 MSE=2.6974689862313013e-05 time=6.9 ms ok
[43/122] UJI uji2_07539_stroke_00 liang_feature_iki_2017_adaptation: K=4 MSE=4.1324238175380696e-05 time=4.1 ms ok
[43/122] UJI uji2_07539_stroke_00 dung_direct_knot_2017_adaptation: K=5 MSE=2.8642087745113558e-05 time=79.1 ms ok
[43/122] UJI uji2_07539_stroke_00 kang_sparse_2015_adaptation: K=32 MSE=1.5667611595653144e-05 time=1198.1 ms ok
[43/122] UJI uji2_07539_stroke_00 luo_linf_de_2022_adaptation: K=4 MSE=3.493514436676516e-05 time=2858.6 ms ok
[44/122] UJI uji2_08691_stroke_00 ours: K=16 MSE=9.259291016865824e-06 time=8.3 ms ok
[44/122] UJI uji2_08691_stroke_00 park_dominant_point_2007_adaptation: K=13 MSE=4.088330288546689e-05 time=15.3 ms ok
[44/122] UJI uji2_08691_stroke_00 liang_feature_iki_2017_adaptation: K=8 MSE=4.8758161278215375e-05 time=7.9 ms ok
[44/122] UJI uji2_08691_stroke_00 dung_direct_knot_2017_adaptation: K=8 MSE=1.8459814781626988e-05 time=130.2 ms ok
[44/122] UJI uji2_08691_stroke_00 kang_sparse_2015_adaptation: K=15 MSE=9.535556280350926e-06 time=1107.4 ms ok
[44/122] UJI uji2_08691_stroke_00 luo_linf_de_2022_adaptation: K=9 MSE=2.3253355850515032e-05 time=2809.9 ms ok
[45/122] UJI uji2_05687_stroke_00 ours: K=29 MSE=2.5537675353875183e-05 time=8.5 ms ok
[45/122] UJI uji2_05687_stroke_00 park_dominant_point_2007_adaptation: K=16 MSE=4.634629259918171e-05 time=18.6 ms ok
[45/122] UJI uji2_05687_stroke_00 liang_feature_iki_2017_adaptation: K=11 MSE=3.453569503440306e-05 time=10.8 ms ok
[45/122] UJI uji2_05687_stroke_00 dung_direct_knot_2017_adaptation: K=11 MSE=4.8168423897717455e-05 time=185.6 ms ok
[45/122] UJI uji2_05687_stroke_00 kang_sparse_2015_adaptation: K=13 MSE=4.551861035800101e-05 time=1125.3 ms ok
[45/122] UJI uji2_05687_stroke_00 luo_linf_de_2022_adaptation: K=12 MSE=4.661558144085234e-05 time=2703.1 ms ok
[46/122] UJI uji2_09129_stroke_00 ours: K=21 MSE=1.1104118722138505e-05 time=8.5 ms ok
[46/122] UJI uji2_09129_stroke_00 park_dominant_point_2007_adaptation: K=21 MSE=4.846505839153951e-05 time=24.9 ms ok
[46/122] UJI uji2_09129_stroke_00 liang_feature_iki_2017_adaptation: K=18 MSE=4.790671543456434e-05 time=17.9 ms ok
[46/122] UJI uji2_09129_stroke_00 dung_direct_knot_2017_adaptation: K=9 MSE=4.7598809902714766e-05 time=116.6 ms ok
[46/122] UJI uji2_09129_stroke_00 kang_sparse_2015_adaptation: K=22 MSE=2.5756457436123247e-05 time=1011.8 ms ok
[46/122] UJI uji2_09129_stroke_00 luo_linf_de_2022_adaptation: K=10 MSE=3.355740480686124e-05 time=2703.9 ms ok
[47/122] UJI uji2_02841_stroke_01 ours: K=19 MSE=1.1270354743289282e-05 time=8.5 ms ok
[47/122] UJI uji2_02841_stroke_01 park_dominant_point_2007_adaptation: K=3 MSE=3.966383149143293e-05 time=4.9 ms ok
[47/122] UJI uji2_02841_stroke_01 liang_feature_iki_2017_adaptation: K=4 MSE=2.1715195165633523e-05 time=4.1 ms ok
[47/122] UJI uji2_02841_stroke_01 dung_direct_knot_2017_adaptation: K=3 MSE=2.1114262825344873e-05 time=68.7 ms ok
[47/122] UJI uji2_02841_stroke_01 kang_sparse_2015_adaptation: K=62 MSE=8.754317085247606e-08 time=960.4 ms ok
[47/122] UJI uji2_02841_stroke_01 luo_linf_de_2022_adaptation: K=6 MSE=1.0770793308675968e-05 time=3051.0 ms ok
[48/122] UJI uji2_05191_stroke_01 ours: K=14 MSE=9.367143234280799e-06 time=8.3 ms ok
[48/122] UJI uji2_05191_stroke_01 park_dominant_point_2007_adaptation: K=3 MSE=2.6430742760420612e-05 time=4.9 ms ok
[48/122] UJI uji2_05191_stroke_01 liang_feature_iki_2017_adaptation: K=4 MSE=1.9079682687168787e-05 time=4.1 ms ok
[48/122] UJI uji2_05191_stroke_01 dung_direct_knot_2017_adaptation: K=3 MSE=2.0522469492194204e-05 time=67.5 ms ok
[48/122] UJI uji2_05191_stroke_01 kang_sparse_2015_adaptation: K=62 MSE=2.406548973133985e-08 time=956.9 ms ok
[48/122] UJI uji2_05191_stroke_01 luo_linf_de_2022_adaptation: K=5 MSE=9.452173824490426e-06 time=3115.3 ms ok
[49/122] UJI uji2_10314_stroke_01 ours: K=28 MSE=1.1086435638680581e-05 time=8.6 ms ok
[49/122] UJI uji2_10314_stroke_01 park_dominant_point_2007_adaptation: K=8 MSE=4.219221705969716e-05 time=10.0 ms ok
[49/122] UJI uji2_10314_stroke_01 liang_feature_iki_2017_adaptation: K=7 MSE=1.7848324232320984e-05 time=7.0 ms ok
[49/122] UJI uji2_10314_stroke_01 dung_direct_knot_2017_adaptation: K=6 MSE=4.426278971795736e-05 time=67.3 ms ok
[49/122] UJI uji2_10314_stroke_01 kang_sparse_2015_adaptation: K=8 MSE=4.2351055420928e-05 time=1294.8 ms ok
[49/122] UJI uji2_10314_stroke_01 luo_linf_de_2022_adaptation: K=6 MSE=4.8681677258563294e-05 time=2816.9 ms ok
[50/122] UJI uji2_02399_stroke_00 ours: K=15 MSE=1.3849295770439982e-05 time=8.3 ms ok
[50/122] UJI uji2_02399_stroke_00 park_dominant_point_2007_adaptation: K=4 MSE=3.57489294964973e-05 time=5.9 ms ok
[50/122] UJI uji2_02399_stroke_00 liang_feature_iki_2017_adaptation: K=4 MSE=1.709947953081124e-05 time=4.1 ms ok
[50/122] UJI uji2_02399_stroke_00 dung_direct_knot_2017_adaptation: K=3 MSE=3.190777354426213e-05 time=60.7 ms ok
[50/122] UJI uji2_02399_stroke_00 kang_sparse_2015_adaptation: K=62 MSE=1.4801463214414458e-07 time=959.8 ms ok
[50/122] UJI uji2_02399_stroke_00 luo_linf_de_2022_adaptation: K=3 MSE=2.217076062169844e-05 time=2925.3 ms ok
[51/122] UJI uji2_07973_stroke_00 ours: K=24 MSE=9.302299831115963e-06 time=8.5 ms ok
[51/122] UJI uji2_07973_stroke_00 park_dominant_point_2007_adaptation: K=5 MSE=3.3407601788218684e-05 time=6.9 ms ok
[51/122] UJI uji2_07973_stroke_00 liang_feature_iki_2017_adaptation: K=7 MSE=2.5900729310223842e-05 time=7.0 ms ok
[51/122] UJI uji2_07973_stroke_00 dung_direct_knot_2017_adaptation: K=9 MSE=3.644415314722496e-05 time=96.6 ms ok
[51/122] UJI uji2_07973_stroke_00 kang_sparse_2015_adaptation: K=42 MSE=1.2020309674064302e-05 time=1253.2 ms ok
[51/122] UJI uji2_07973_stroke_00 luo_linf_de_2022_adaptation: K=9 MSE=2.3668278505460943e-05 time=2850.9 ms ok
[52/122] UJI uji2_02662_stroke_01 ours: K=5 MSE=1.2732432570514623e-05 time=8.3 ms ok
[52/122] UJI uji2_02662_stroke_01 park_dominant_point_2007_adaptation: K=0 MSE=4.8463634853681e-05 time=2.2 ms ok
[52/122] UJI uji2_02662_stroke_01 liang_feature_iki_2017_adaptation: K=4 MSE=3.975331850997998e-06 time=4.1 ms ok
[52/122] UJI uji2_02662_stroke_01 dung_direct_knot_2017_adaptation: K=1 MSE=1.9325447389977172e-05 time=19.8 ms ok
[52/122] UJI uji2_02662_stroke_01 kang_sparse_2015_adaptation: K=0 MSE=4.8463634853681e-05 time=4.7 ms ok
[52/122] UJI uji2_02662_stroke_01 luo_linf_de_2022_adaptation: K=2 MSE=5.8547725228165485e-06 time=3039.2 ms ok
[53/122] UJI uji2_02219_stroke_00 ours: K=20 MSE=8.667443685501511e-05 time=8.4 ms ok
[53/122] UJI uji2_02219_stroke_00 park_dominant_point_2007_adaptation: K=30 MSE=3.855883622221444e-05 time=37.8 ms ok
[53/122] UJI uji2_02219_stroke_00 liang_feature_iki_2017_adaptation: K=19 MSE=4.510998411561915e-05 time=19.2 ms ok
[53/122] UJI uji2_02219_stroke_00 dung_direct_knot_2017_adaptation: K=15 MSE=3.3032871793423115e-05 time=204.0 ms ok
[53/122] UJI uji2_02219_stroke_00 kang_sparse_2015_adaptation: K=52 MSE=5.239518610605736e-06 time=826.1 ms ok
[53/122] UJI uji2_02219_stroke_00 luo_linf_de_2022_adaptation: K=17 MSE=3.5649491471302075e-05 time=3047.9 ms ok
[54/122] UJI uji2_09722_stroke_00 ours: K=19 MSE=1.2184139923274814e-05 time=8.4 ms ok
[54/122] UJI uji2_09722_stroke_00 park_dominant_point_2007_adaptation: K=11 MSE=1.5965256187282844e-05 time=13.1 ms ok
[54/122] UJI uji2_09722_stroke_00 liang_feature_iki_2017_adaptation: K=7 MSE=4.941778985495401e-05 time=7.0 ms ok
[54/122] UJI uji2_09722_stroke_00 dung_direct_knot_2017_adaptation: K=7 MSE=3.2853036991399695e-05 time=116.6 ms ok
[54/122] UJI uji2_09722_stroke_00 kang_sparse_2015_adaptation: K=9 MSE=3.908943071437976e-05 time=1259.7 ms ok
[54/122] UJI uji2_09722_stroke_00 luo_linf_de_2022_adaptation: K=9 MSE=2.1767485631240093e-05 time=2912.8 ms ok
[55/122] UJI uji2_03341_stroke_00 ours: K=18 MSE=6.581836400446009e-05 time=8.3 ms ok
[55/122] UJI uji2_03341_stroke_00 park_dominant_point_2007_adaptation: K=31 MSE=1.0007401832158662e-05 time=39.2 ms ok
[55/122] UJI uji2_03341_stroke_00 liang_feature_iki_2017_adaptation: K=19 MSE=4.409908664826102e-05 time=19.1 ms ok
[55/122] UJI uji2_03341_stroke_00 dung_direct_knot_2017_adaptation: K=13 MSE=2.4471859232361358e-05 time=170.2 ms ok
[55/122] UJI uji2_03341_stroke_00 kang_sparse_2015_adaptation: K=39 MSE=1.6910702950413812e-05 time=917.9 ms ok
[55/122] UJI uji2_03341_stroke_00 luo_linf_de_2022_adaptation: K=16 MSE=4.947486671719728e-05 time=3136.1 ms ok
[56/122] UJI uji2_11617_stroke_00 ours: K=22 MSE=3.121387375261554e-06 time=8.5 ms ok
[56/122] UJI uji2_11617_stroke_00 park_dominant_point_2007_adaptation: K=7 MSE=4.301565596041847e-05 time=8.8 ms ok
[56/122] UJI uji2_11617_stroke_00 liang_feature_iki_2017_adaptation: K=4 MSE=2.342731464063964e-05 time=4.1 ms ok
[56/122] UJI uji2_11617_stroke_00 dung_direct_knot_2017_adaptation: K=4 MSE=2.2263960825060048e-05 time=48.0 ms ok
[56/122] UJI uji2_11617_stroke_00 kang_sparse_2015_adaptation: K=37 MSE=1.331684368729195e-05 time=1205.8 ms ok
[56/122] UJI uji2_11617_stroke_00 luo_linf_de_2022_adaptation: K=4 MSE=8.317617332252786e-06 time=2869.0 ms ok
[57/122] UJI uji2_06383_stroke_00 ours: K=24 MSE=5.956364914051558e-06 time=8.5 ms ok
[57/122] UJI uji2_06383_stroke_00 park_dominant_point_2007_adaptation: K=10 MSE=1.857168773480835e-05 time=12.0 ms ok
[57/122] UJI uji2_06383_stroke_00 liang_feature_iki_2017_adaptation: K=5 MSE=4.6757148747334104e-05 time=5.1 ms ok
[57/122] UJI uji2_06383_stroke_00 dung_direct_knot_2017_adaptation: K=5 MSE=2.7758367562320374e-05 time=96.5 ms ok
[57/122] UJI uji2_06383_stroke_00 kang_sparse_2015_adaptation: K=5 MSE=3.810250790930599e-05 time=1258.2 ms ok
[57/122] UJI uji2_06383_stroke_00 luo_linf_de_2022_adaptation: K=4 MSE=4.517849841507941e-05 time=2922.6 ms ok
[58/122] UJI uji2_10965_stroke_00 ours: K=27 MSE=3.455529588609097e-05 time=8.6 ms ok
[58/122] UJI uji2_10965_stroke_00 park_dominant_point_2007_adaptation: K=9 MSE=1.619160369293103e-05 time=11.0 ms ok
[58/122] UJI uji2_10965_stroke_00 liang_feature_iki_2017_adaptation: K=7 MSE=4.3659501320086175e-05 time=7.1 ms ok
[58/122] UJI uji2_10965_stroke_00 dung_direct_knot_2017_adaptation: K=7 MSE=4.6635155132330914e-05 time=101.3 ms ok
[58/122] UJI uji2_10965_stroke_00 kang_sparse_2015_adaptation: K=8 MSE=2.6983457885139783e-05 time=1294.8 ms ok
[58/122] UJI uji2_10965_stroke_00 luo_linf_de_2022_adaptation: K=11 MSE=6.602113665716805e-06 time=2940.0 ms ok
[59/122] UJI uji2_03067_stroke_00 ours: K=17 MSE=6.188438631321118e-06 time=8.3 ms ok
[59/122] UJI uji2_03067_stroke_00 park_dominant_point_2007_adaptation: K=6 MSE=4.949626556708831e-05 time=12.7 ms ok
[59/122] UJI uji2_03067_stroke_00 liang_feature_iki_2017_adaptation: K=8 MSE=3.279155188040003e-05 time=7.9 ms ok
[59/122] UJI uji2_03067_stroke_00 dung_direct_knot_2017_adaptation: K=7 MSE=1.6243398654643046e-05 time=82.0 ms ok
[59/122] UJI uji2_03067_stroke_00 kang_sparse_2015_adaptation: K=8 MSE=2.3250842265360056e-05 time=1239.6 ms ok
[59/122] UJI uji2_03067_stroke_00 luo_linf_de_2022_adaptation: K=6 MSE=2.9904081839695414e-05 time=2915.3 ms ok
[60/122] UJI uji2_06861_stroke_00 ours: K=16 MSE=1.6215285836299284e-05 time=8.3 ms ok
[60/122] UJI uji2_06861_stroke_00 park_dominant_point_2007_adaptation: K=4 MSE=2.1669762340995007e-05 time=5.9 ms ok
[60/122] UJI uji2_06861_stroke_00 liang_feature_iki_2017_adaptation: K=4 MSE=2.0616163737698703e-05 time=4.1 ms ok
[60/122] UJI uji2_06861_stroke_00 dung_direct_knot_2017_adaptation: K=4 MSE=1.6579298711334004e-05 time=50.1 ms ok
[60/122] UJI uji2_06861_stroke_00 kang_sparse_2015_adaptation: K=62 MSE=8.325251566905886e-08 time=962.1 ms ok
[60/122] UJI uji2_06861_stroke_00 luo_linf_de_2022_adaptation: K=6 MSE=4.902325528375573e-06 time=3028.8 ms ok
[61/122] UJI uji2_03949_stroke_01 ours: K=21 MSE=1.961325091673984e-05 time=8.5 ms ok
[61/122] UJI uji2_03949_stroke_01 park_dominant_point_2007_adaptation: K=30 MSE=4.2221905445892126e-05 time=37.9 ms ok
[61/122] UJI uji2_03949_stroke_01 liang_feature_iki_2017_adaptation: K=15 MSE=4.5370385027176565e-05 time=14.9 ms ok
[61/122] UJI uji2_03949_stroke_01 dung_direct_knot_2017_adaptation: K=12 MSE=4.456231055044719e-05 time=112.0 ms ok
[61/122] UJI uji2_03949_stroke_01 kang_sparse_2015_adaptation: K=34 MSE=2.8630976821557674e-05 time=1005.6 ms ok
[61/122] UJI uji2_03949_stroke_01 luo_linf_de_2022_adaptation: K=13 MSE=4.983411934162104e-05 time=2756.1 ms ok
[62/122] UJI uji2_04638_stroke_02 ours: K=18 MSE=0.00011432966980290853 time=8.3 ms ok
[62/122] UJI uji2_04638_stroke_02 park_dominant_point_2007_adaptation: K=20 MSE=3.332376852964402e-05 time=32.4 ms ok
[62/122] UJI uji2_04638_stroke_02 liang_feature_iki_2017_adaptation: K=20 MSE=4.63929606451504e-05 time=20.2 ms ok
[62/122] UJI uji2_04638_stroke_02 dung_direct_knot_2017_adaptation: K=18 MSE=4.0079090227087365e-05 time=289.4 ms ok
[62/122] UJI uji2_04638_stroke_02 kang_sparse_2015_adaptation: K=18 MSE=3.750057775583227e-05 time=1151.6 ms ok
[62/122] UJI uji2_04638_stroke_02 luo_linf_de_2022_adaptation: K=20 MSE=3.3777223584856696e-05 time=3164.1 ms ok
[63/122] NaturalEarth natural_earth_10m_coastline_625e1d04cc46_w000_625e1d04 ours: K=20 MSE=0.00010966446889334757 time=8.4 ms ok
[63/122] NaturalEarth natural_earth_10m_coastline_625e1d04cc46_w000_625e1d04 park_dominant_point_2007_adaptation: K=25 MSE=3.5223138028933076e-05 time=42.3 ms ok
[63/122] NaturalEarth natural_earth_10m_coastline_625e1d04cc46_w000_625e1d04 liang_feature_iki_2017_adaptation: K=24 MSE=4.810763602397905e-05 time=24.9 ms ok
[63/122] NaturalEarth natural_earth_10m_coastline_625e1d04cc46_w000_625e1d04 dung_direct_knot_2017_adaptation: K=19 MSE=4.774915230101663e-05 time=275.5 ms ok
[63/122] NaturalEarth natural_earth_10m_coastline_625e1d04cc46_w000_625e1d04 kang_sparse_2015_adaptation: K=49 MSE=9.003120429280509e-06 time=823.7 ms ok
[63/122] NaturalEarth natural_earth_10m_coastline_625e1d04cc46_w000_625e1d04 luo_linf_de_2022_adaptation: K=21 MSE=4.775776163780103e-05 time=3086.6 ms ok
[64/122] NaturalEarth natural_earth_10m_coastline_fc0054f439fb_w000_fc0054f4 ours: K=22 MSE=4.794910419296967e-05 time=8.5 ms ok
[64/122] NaturalEarth natural_earth_10m_coastline_fc0054f439fb_w000_fc0054f4 park_dominant_point_2007_adaptation: K=15 MSE=4.2341309451365235e-05 time=19.6 ms ok
[64/122] NaturalEarth natural_earth_10m_coastline_fc0054f439fb_w000_fc0054f4 liang_feature_iki_2017_adaptation: K=15 MSE=4.9836401953312474e-05 time=14.9 ms ok
[64/122] NaturalEarth natural_earth_10m_coastline_fc0054f439fb_w000_fc0054f4 dung_direct_knot_2017_adaptation: K=13 MSE=3.560716387588729e-05 time=249.7 ms ok
[64/122] NaturalEarth natural_earth_10m_coastline_fc0054f439fb_w000_fc0054f4 kang_sparse_2015_adaptation: K=35 MSE=1.084793777394733e-05 time=915.8 ms ok
[64/122] NaturalEarth natural_earth_10m_coastline_fc0054f439fb_w000_fc0054f4 luo_linf_de_2022_adaptation: K=13 MSE=4.8689883415741744e-05 time=3124.2 ms ok
[65/122] NaturalEarth natural_earth_10m_coastline_9689932c41e1_w000_9689932c ours: K=21 MSE=6.150508491172052e-05 time=8.4 ms ok
[65/122] NaturalEarth natural_earth_10m_coastline_9689932c41e1_w000_9689932c park_dominant_point_2007_adaptation: K=18 MSE=4.755782915823339e-05 time=21.0 ms ok
[65/122] NaturalEarth natural_earth_10m_coastline_9689932c41e1_w000_9689932c liang_feature_iki_2017_adaptation: K=17 MSE=4.367415998066346e-05 time=16.9 ms ok
[65/122] NaturalEarth natural_earth_10m_coastline_9689932c41e1_w000_9689932c dung_direct_knot_2017_adaptation: K=12 MSE=4.866352124740614e-05 time=178.0 ms ok
[65/122] NaturalEarth natural_earth_10m_coastline_9689932c41e1_w000_9689932c kang_sparse_2015_adaptation: K=25 MSE=1.1517093116994638e-05 time=963.3 ms ok
[65/122] NaturalEarth natural_earth_10m_coastline_9689932c41e1_w000_9689932c luo_linf_de_2022_adaptation: K=11 MSE=4.196957604030139e-05 time=2923.1 ms ok
[66/122] NaturalEarth natural_earth_10m_coastline_e860de78f1fa_w000_e860de78 ours: K=20 MSE=4.417919438939839e-05 time=8.4 ms ok
[66/122] NaturalEarth natural_earth_10m_coastline_e860de78f1fa_w000_e860de78 park_dominant_point_2007_adaptation: K=12 MSE=4.385155827657058e-05 time=22.9 ms ok
[66/122] NaturalEarth natural_earth_10m_coastline_e860de78f1fa_w000_e860de78 liang_feature_iki_2017_adaptation: K=11 MSE=4.8941156795454954e-05 time=10.8 ms ok
[66/122] NaturalEarth natural_earth_10m_coastline_e860de78f1fa_w000_e860de78 dung_direct_knot_2017_adaptation: K=11 MSE=2.973999702550954e-05 time=174.4 ms ok
[66/122] NaturalEarth natural_earth_10m_coastline_e860de78f1fa_w000_e860de78 kang_sparse_2015_adaptation: K=14 MSE=2.3668359200927975e-05 time=1177.1 ms ok
[66/122] NaturalEarth natural_earth_10m_coastline_e860de78f1fa_w000_e860de78 luo_linf_de_2022_adaptation: K=10 MSE=3.283928549880912e-05 time=2876.2 ms ok
[67/122] NaturalEarth natural_earth_10m_coastline_9d44eb568484_w000_9d44eb56 ours: K=21 MSE=5.815859772181929e-05 time=8.5 ms ok
[67/122] NaturalEarth natural_earth_10m_coastline_9d44eb568484_w000_9d44eb56 park_dominant_point_2007_adaptation: K=15 MSE=4.027208372166189e-05 time=28.6 ms ok
[67/122] NaturalEarth natural_earth_10m_coastline_9d44eb568484_w000_9d44eb56 liang_feature_iki_2017_adaptation: K=21 MSE=4.2331980704159556e-05 time=21.4 ms ok
[67/122] NaturalEarth natural_earth_10m_coastline_9d44eb568484_w000_9d44eb56 dung_direct_knot_2017_adaptation: K=12 MSE=4.964735442791559e-05 time=174.1 ms ok
[67/122] NaturalEarth natural_earth_10m_coastline_9d44eb568484_w000_9d44eb56 kang_sparse_2015_adaptation: K=27 MSE=1.718674849632976e-05 time=924.7 ms ok
[67/122] NaturalEarth natural_earth_10m_coastline_9d44eb568484_w000_9d44eb56 luo_linf_de_2022_adaptation: K=14 MSE=3.131609767826918e-05 time=2878.5 ms ok
[68/122] NaturalEarth natural_earth_10m_coastline_f00df2e1331e_w000_f00df2e1 ours: K=25 MSE=0.00013793244862339227 time=8.5 ms ok
[68/122] NaturalEarth natural_earth_10m_coastline_f00df2e1331e_w000_f00df2e1 park_dominant_point_2007_adaptation: K=28 MSE=4.271924725940582e-05 time=37.4 ms ok
[68/122] NaturalEarth natural_earth_10m_coastline_f00df2e1331e_w000_f00df2e1 liang_feature_iki_2017_adaptation: K=23 MSE=4.8021806350343335e-05 time=23.8 ms ok
[68/122] NaturalEarth natural_earth_10m_coastline_f00df2e1331e_w000_f00df2e1 dung_direct_knot_2017_adaptation: K=23 MSE=4.917335253709799e-05 time=299.3 ms ok
[68/122] NaturalEarth natural_earth_10m_coastline_f00df2e1331e_w000_f00df2e1 kang_sparse_2015_adaptation: K=64 MSE=1.1668484459258367e-05 time=441.2 ms ok
[68/122] NaturalEarth natural_earth_10m_coastline_f00df2e1331e_w000_f00df2e1 luo_linf_de_2022_adaptation: K=24 MSE=4.434488287665957e-05 time=2821.6 ms ok
[69/122] NaturalEarth natural_earth_10m_coastline_556f5c329f0f_w000_556f5c32 ours: K=31 MSE=0.00023589257589055237 time=8.5 ms ok
[69/122] NaturalEarth natural_earth_10m_coastline_556f5c329f0f_w000_556f5c32 park_dominant_point_2007_adaptation: K=61 MSE=4.7845119936293366e-05 time=97.3 ms ok
[69/122] NaturalEarth natural_earth_10m_coastline_556f5c329f0f_w000_556f5c32 liang_feature_iki_2017_adaptation: K=61 MSE=4.6294572941645185e-05 time=78.0 ms ok
[69/122] NaturalEarth natural_earth_10m_coastline_556f5c329f0f_w000_556f5c32 dung_direct_knot_2017_adaptation: K=55 MSE=4.9464907223713104e-05 time=820.1 ms ok
[69/122] NaturalEarth natural_earth_10m_coastline_556f5c329f0f_w000_556f5c32 kang_sparse_2015_adaptation: K=64 MSE=5.721551824949188e-05 time=30.0 ms ok
[69/122] NaturalEarth natural_earth_10m_coastline_556f5c329f0f_w000_556f5c32 luo_linf_de_2022_adaptation: K=64 MSE=5.075670328431108e-05 time=868.4 ms ok
[70/122] NaturalEarth natural_earth_10m_coastline_728b0ed8c15a_w000_de37144e ours: K=29 MSE=4.295493080025212e-05 time=8.5 ms ok
[70/122] NaturalEarth natural_earth_10m_coastline_728b0ed8c15a_w000_de37144e park_dominant_point_2007_adaptation: K=25 MSE=4.9535776791551024e-05 time=30.6 ms ok
[70/122] NaturalEarth natural_earth_10m_coastline_728b0ed8c15a_w000_de37144e liang_feature_iki_2017_adaptation: K=24 MSE=4.9913888485998595e-05 time=25.1 ms ok
[70/122] NaturalEarth natural_earth_10m_coastline_728b0ed8c15a_w000_de37144e dung_direct_knot_2017_adaptation: K=22 MSE=4.6237397782097996e-05 time=347.1 ms ok
[70/122] NaturalEarth natural_earth_10m_coastline_728b0ed8c15a_w000_de37144e kang_sparse_2015_adaptation: K=49 MSE=1.8309340842842998e-05 time=825.0 ms ok
[70/122] NaturalEarth natural_earth_10m_coastline_728b0ed8c15a_w000_de37144e luo_linf_de_2022_adaptation: K=23 MSE=4.969396521868068e-05 time=2787.5 ms ok
[71/122] NaturalEarth natural_earth_10m_coastline_89e3d1a22eea_w000_89e3d1a2 ours: K=31 MSE=3.073039036698946e-05 time=8.5 ms ok
[71/122] NaturalEarth natural_earth_10m_coastline_89e3d1a22eea_w000_89e3d1a2 park_dominant_point_2007_adaptation: K=25 MSE=3.941782083080724e-05 time=30.5 ms ok
[71/122] NaturalEarth natural_earth_10m_coastline_89e3d1a22eea_w000_89e3d1a2 liang_feature_iki_2017_adaptation: K=18 MSE=4.8284237387538745e-05 time=17.9 ms ok
[71/122] NaturalEarth natural_earth_10m_coastline_89e3d1a22eea_w000_89e3d1a2 dung_direct_knot_2017_adaptation: K=15 MSE=4.678046978911317e-05 time=257.6 ms ok
[71/122] NaturalEarth natural_earth_10m_coastline_89e3d1a22eea_w000_89e3d1a2 kang_sparse_2015_adaptation: K=17 MSE=3.994623370649024e-05 time=1155.1 ms ok
[71/122] NaturalEarth natural_earth_10m_coastline_89e3d1a22eea_w000_89e3d1a2 luo_linf_de_2022_adaptation: K=18 MSE=4.7560169222938686e-05 time=3102.7 ms ok
[72/122] NaturalEarth natural_earth_10m_coastline_461fdd148407_w000_461fdd14 ours: K=22 MSE=0.00010253954544280101 time=8.5 ms ok
[72/122] NaturalEarth natural_earth_10m_coastline_461fdd148407_w000_461fdd14 park_dominant_point_2007_adaptation: K=20 MSE=4.909849150106992e-05 time=28.1 ms ok
[72/122] NaturalEarth natural_earth_10m_coastline_461fdd148407_w000_461fdd14 liang_feature_iki_2017_adaptation: K=20 MSE=4.7157777531793544e-05 time=20.3 ms ok
[72/122] NaturalEarth natural_earth_10m_coastline_461fdd148407_w000_461fdd14 dung_direct_knot_2017_adaptation: K=17 MSE=4.537851765345873e-05 time=271.6 ms ok
[72/122] NaturalEarth natural_earth_10m_coastline_461fdd148407_w000_461fdd14 kang_sparse_2015_adaptation: K=42 MSE=1.2334582831944805e-05 time=876.5 ms ok
[72/122] NaturalEarth natural_earth_10m_coastline_461fdd148407_w000_461fdd14 luo_linf_de_2022_adaptation: K=18 MSE=4.808719465958292e-05 time=2917.3 ms ok
[73/122] NaturalEarth natural_earth_10m_coastline_d78a18ec5a9e_w000_d78a18ec ours: K=23 MSE=7.765079300373579e-05 time=8.5 ms ok
[73/122] NaturalEarth natural_earth_10m_coastline_d78a18ec5a9e_w000_d78a18ec park_dominant_point_2007_adaptation: K=15 MSE=4.8084175074459625e-05 time=20.9 ms ok
[73/122] NaturalEarth natural_earth_10m_coastline_d78a18ec5a9e_w000_d78a18ec liang_feature_iki_2017_adaptation: K=15 MSE=4.686440273990797e-05 time=14.9 ms ok
[73/122] NaturalEarth natural_earth_10m_coastline_d78a18ec5a9e_w000_d78a18ec dung_direct_knot_2017_adaptation: K=14 MSE=3.971053714520225e-05 time=250.3 ms ok
[73/122] NaturalEarth natural_earth_10m_coastline_d78a18ec5a9e_w000_d78a18ec kang_sparse_2015_adaptation: K=14 MSE=4.762701328414986e-05 time=1140.6 ms ok
[73/122] NaturalEarth natural_earth_10m_coastline_d78a18ec5a9e_w000_d78a18ec luo_linf_de_2022_adaptation: K=14 MSE=3.3917709221659964e-05 time=3003.5 ms ok
[74/122] NaturalEarth natural_earth_10m_coastline_345ef8543edb_w000_345ef854 ours: K=19 MSE=3.390080458333857e-05 time=8.5 ms ok
[74/122] NaturalEarth natural_earth_10m_coastline_345ef8543edb_w000_345ef854 park_dominant_point_2007_adaptation: K=17 MSE=4.9895984276204726e-05 time=19.8 ms ok
[74/122] NaturalEarth natural_earth_10m_coastline_345ef8543edb_w000_345ef854 liang_feature_iki_2017_adaptation: K=17 MSE=2.4273078382114113e-05 time=17.0 ms ok
[74/122] NaturalEarth natural_earth_10m_coastline_345ef8543edb_w000_345ef854 dung_direct_knot_2017_adaptation: K=12 MSE=4.645327707939831e-05 time=234.3 ms ok
[74/122] NaturalEarth natural_earth_10m_coastline_345ef8543edb_w000_345ef854 kang_sparse_2015_adaptation: K=23 MSE=9.996591869245635e-06 time=971.6 ms ok
[74/122] NaturalEarth natural_earth_10m_coastline_345ef8543edb_w000_345ef854 luo_linf_de_2022_adaptation: K=14 MSE=4.207930115440809e-05 time=2929.7 ms ok
[75/122] NaturalEarth natural_earth_10m_coastline_0492a6ef404e_w000_0492a6ef ours: K=52 MSE=0.00034590957741715953 time=8.9 ms ok
[75/122] NaturalEarth natural_earth_10m_coastline_0492a6ef404e_w000_0492a6ef park_dominant_point_2007_adaptation: K=64 MSE=0.00016496716759737515 time=104.8 ms ok
[75/122] NaturalEarth natural_earth_10m_coastline_0492a6ef404e_w000_0492a6ef liang_feature_iki_2017_adaptation: K=64 MSE=0.00017768619736381825 time=83.4 ms ok
[75/122] NaturalEarth natural_earth_10m_coastline_0492a6ef404e_w000_0492a6ef dung_direct_knot_2017_adaptation: K=64 MSE=0.00014685789140192574 time=999.5 ms ok
[75/122] NaturalEarth natural_earth_10m_coastline_0492a6ef404e_w000_0492a6ef kang_sparse_2015_adaptation: K=64 MSE=0.00031729534031064684 time=30.6 ms ok
[75/122] NaturalEarth natural_earth_10m_coastline_0492a6ef404e_w000_0492a6ef luo_linf_de_2022_adaptation: K=64 MSE=0.00027806363535162114 time=961.5 ms ok
[76/122] NaturalEarth natural_earth_10m_coastline_4afd28bfd483_w000_4afd28bf ours: K=25 MSE=0.0006794587695626927 time=8.5 ms ok
[76/122] NaturalEarth natural_earth_10m_coastline_4afd28bfd483_w000_4afd28bf park_dominant_point_2007_adaptation: K=59 MSE=4.750827298946069e-05 time=97.1 ms ok
[76/122] NaturalEarth natural_earth_10m_coastline_4afd28bfd483_w000_4afd28bf liang_feature_iki_2017_adaptation: K=60 MSE=4.9598290593760354e-05 time=76.6 ms ok
[76/122] NaturalEarth natural_earth_10m_coastline_4afd28bfd483_w000_4afd28bf dung_direct_knot_2017_adaptation: K=57 MSE=4.77884868754581e-05 time=786.7 ms ok
[76/122] NaturalEarth natural_earth_10m_coastline_4afd28bfd483_w000_4afd28bf kang_sparse_2015_adaptation: K=64 MSE=7.809549536714863e-05 time=30.0 ms ok
[76/122] NaturalEarth natural_earth_10m_coastline_4afd28bfd483_w000_4afd28bf luo_linf_de_2022_adaptation: K=64 MSE=7.809549536714863e-05 time=844.2 ms ok
[77/122] NaturalEarth natural_earth_10m_coastline_b459c0ddb5d3_w000_b459c0dd ours: K=30 MSE=2.8177678198266035e-05 time=8.5 ms ok
[77/122] NaturalEarth natural_earth_10m_coastline_b459c0ddb5d3_w000_b459c0dd park_dominant_point_2007_adaptation: K=22 MSE=4.437212957241106e-05 time=26.3 ms ok
[77/122] NaturalEarth natural_earth_10m_coastline_b459c0ddb5d3_w000_b459c0dd liang_feature_iki_2017_adaptation: K=19 MSE=4.413484274577964e-05 time=19.1 ms ok
[77/122] NaturalEarth natural_earth_10m_coastline_b459c0ddb5d3_w000_b459c0dd dung_direct_knot_2017_adaptation: K=17 MSE=4.5507064056788875e-05 time=296.9 ms ok
[77/122] NaturalEarth natural_earth_10m_coastline_b459c0ddb5d3_w000_b459c0dd kang_sparse_2015_adaptation: K=15 MSE=4.873786014976777e-05 time=1173.1 ms ok
[77/122] NaturalEarth natural_earth_10m_coastline_b459c0ddb5d3_w000_b459c0dd luo_linf_de_2022_adaptation: K=15 MSE=4.746197838926257e-05 time=2954.2 ms ok
[78/122] NaturalEarth natural_earth_10m_coastline_933eab98f709_w000_933eab98 ours: K=25 MSE=2.4579269947806756e-05 time=8.6 ms ok
[78/122] NaturalEarth natural_earth_10m_coastline_933eab98f709_w000_933eab98 park_dominant_point_2007_adaptation: K=21 MSE=4.728176228294875e-05 time=24.8 ms ok
[78/122] NaturalEarth natural_earth_10m_coastline_933eab98f709_w000_933eab98 liang_feature_iki_2017_adaptation: K=15 MSE=3.868944781246508e-05 time=15.0 ms ok
[78/122] NaturalEarth natural_earth_10m_coastline_933eab98f709_w000_933eab98 dung_direct_knot_2017_adaptation: K=13 MSE=4.856603533606184e-05 time=224.1 ms ok
[78/122] NaturalEarth natural_earth_10m_coastline_933eab98f709_w000_933eab98 kang_sparse_2015_adaptation: K=13 MSE=3.663901950911018e-05 time=1172.7 ms ok
[78/122] NaturalEarth natural_earth_10m_coastline_933eab98f709_w000_933eab98 luo_linf_de_2022_adaptation: K=13 MSE=4.8387625594075596e-05 time=2852.0 ms ok
[79/122] NaturalEarth natural_earth_10m_coastline_d70e572292c0_w000_d70e5722 ours: K=21 MSE=4.8361277003667196e-05 time=8.5 ms ok
[79/122] NaturalEarth natural_earth_10m_coastline_d70e572292c0_w000_d70e5722 park_dominant_point_2007_adaptation: K=24 MSE=4.463828871858907e-05 time=29.1 ms ok
[79/122] NaturalEarth natural_earth_10m_coastline_d70e572292c0_w000_d70e5722 liang_feature_iki_2017_adaptation: K=22 MSE=4.8347237675711384e-05 time=22.6 ms ok
[79/122] NaturalEarth natural_earth_10m_coastline_d70e572292c0_w000_d70e5722 dung_direct_knot_2017_adaptation: K=17 MSE=4.822614153565506e-05 time=238.3 ms ok
[79/122] NaturalEarth natural_earth_10m_coastline_d70e572292c0_w000_d70e5722 kang_sparse_2015_adaptation: K=45 MSE=2.0217411203629045e-05 time=883.2 ms ok
[79/122] NaturalEarth natural_earth_10m_coastline_d70e572292c0_w000_d70e5722 luo_linf_de_2022_adaptation: K=20 MSE=4.960433782115496e-05 time=3061.2 ms ok
[80/122] NaturalEarth natural_earth_10m_coastline_fb9c133936ee_w000_fb9c1339 ours: K=34 MSE=4.859812296968815e-05 time=8.6 ms ok
[80/122] NaturalEarth natural_earth_10m_coastline_fb9c133936ee_w000_fb9c1339 park_dominant_point_2007_adaptation: K=34 MSE=4.989266860144575e-05 time=43.9 ms ok
[80/122] NaturalEarth natural_earth_10m_coastline_fb9c133936ee_w000_fb9c1339 liang_feature_iki_2017_adaptation: K=31 MSE=4.8815222987592874e-05 time=33.6 ms ok
[80/122] NaturalEarth natural_earth_10m_coastline_fb9c133936ee_w000_fb9c1339 dung_direct_knot_2017_adaptation: K=27 MSE=4.168209572501711e-05 time=454.5 ms ok
[80/122] NaturalEarth natural_earth_10m_coastline_fb9c133936ee_w000_fb9c1339 kang_sparse_2015_adaptation: K=64 MSE=1.29872007717268e-05 time=444.8 ms ok
[80/122] NaturalEarth natural_earth_10m_coastline_fb9c133936ee_w000_fb9c1339 luo_linf_de_2022_adaptation: K=30 MSE=4.971841966324041e-05 time=2681.1 ms ok
[81/122] NaturalEarth natural_earth_10m_coastline_d37b2a27a2ea_w000_d37b2a27 ours: K=21 MSE=9.592301279776268e-05 time=8.5 ms ok
[81/122] NaturalEarth natural_earth_10m_coastline_d37b2a27a2ea_w000_d37b2a27 park_dominant_point_2007_adaptation: K=13 MSE=2.567499173418513e-05 time=16.9 ms ok
[81/122] NaturalEarth natural_earth_10m_coastline_d37b2a27a2ea_w000_d37b2a27 liang_feature_iki_2017_adaptation: K=12 MSE=4.902547372723537e-05 time=11.8 ms ok
[81/122] NaturalEarth natural_earth_10m_coastline_d37b2a27a2ea_w000_d37b2a27 dung_direct_knot_2017_adaptation: K=10 MSE=3.3443583696749265e-05 time=167.7 ms ok
[81/122] NaturalEarth natural_earth_10m_coastline_d37b2a27a2ea_w000_d37b2a27 kang_sparse_2015_adaptation: K=11 MSE=4.5110100322304995e-05 time=1152.7 ms ok
[81/122] NaturalEarth natural_earth_10m_coastline_d37b2a27a2ea_w000_d37b2a27 luo_linf_de_2022_adaptation: K=10 MSE=3.685778802654493e-05 time=2851.1 ms ok
[82/122] NaturalEarth natural_earth_10m_coastline_27c5a5273c6d_w000_27c5a527 ours: K=31 MSE=3.801441579880928e-05 time=8.6 ms ok
[82/122] NaturalEarth natural_earth_10m_coastline_27c5a5273c6d_w000_27c5a527 park_dominant_point_2007_adaptation: K=25 MSE=4.5220515436802924e-05 time=30.5 ms ok
[82/122] NaturalEarth natural_earth_10m_coastline_27c5a5273c6d_w000_27c5a527 liang_feature_iki_2017_adaptation: K=22 MSE=3.647785529017043e-05 time=22.6 ms ok
[82/122] NaturalEarth natural_earth_10m_coastline_27c5a5273c6d_w000_27c5a527 dung_direct_knot_2017_adaptation: K=18 MSE=4.032211717224739e-05 time=306.3 ms ok
[82/122] NaturalEarth natural_earth_10m_coastline_27c5a5273c6d_w000_27c5a527 kang_sparse_2015_adaptation: K=37 MSE=2.0796714073431822e-05 time=934.8 ms ok
[82/122] NaturalEarth natural_earth_10m_coastline_27c5a5273c6d_w000_27c5a527 luo_linf_de_2022_adaptation: K=18 MSE=4.938254309772967e-05 time=2857.2 ms ok
[83/122] USGS usgs_tnm_contours_large_scale_5e1190c07064_w000_5e1190c0 ours: K=37 MSE=3.708671433693406e-05 time=8.7 ms ok
[83/122] USGS usgs_tnm_contours_large_scale_5e1190c07064_w000_5e1190c0 park_dominant_point_2007_adaptation: K=40 MSE=4.921781044748131e-05 time=53.9 ms ok
[83/122] USGS usgs_tnm_contours_large_scale_5e1190c07064_w000_5e1190c0 liang_feature_iki_2017_adaptation: K=29 MSE=4.791668350435615e-05 time=31.1 ms ok
[83/122] USGS usgs_tnm_contours_large_scale_5e1190c07064_w000_5e1190c0 dung_direct_knot_2017_adaptation: K=27 MSE=4.188576918973201e-05 time=402.5 ms ok
[83/122] USGS usgs_tnm_contours_large_scale_5e1190c07064_w000_5e1190c0 kang_sparse_2015_adaptation: K=64 MSE=8.784766374286065e-06 time=449.8 ms ok
[83/122] USGS usgs_tnm_contours_large_scale_5e1190c07064_w000_5e1190c0 luo_linf_de_2022_adaptation: K=32 MSE=4.658673755580263e-05 time=2953.1 ms ok
[84/122] USGS usgs_tnm_contours_large_scale_73f76a177c8e_w000_73f76a17 ours: K=38 MSE=7.234204575039923e-05 time=8.7 ms ok
[84/122] USGS usgs_tnm_contours_large_scale_73f76a177c8e_w000_73f76a17 park_dominant_point_2007_adaptation: K=42 MSE=4.672894052274132e-05 time=57.6 ms ok
[84/122] USGS usgs_tnm_contours_large_scale_73f76a177c8e_w000_73f76a17 liang_feature_iki_2017_adaptation: K=42 MSE=4.979738281914546e-05 time=48.4 ms ok
[84/122] USGS usgs_tnm_contours_large_scale_73f76a177c8e_w000_73f76a17 dung_direct_knot_2017_adaptation: K=38 MSE=4.742436185171188e-05 time=546.9 ms ok
[84/122] USGS usgs_tnm_contours_large_scale_73f76a177c8e_w000_73f76a17 kang_sparse_2015_adaptation: K=64 MSE=2.4653984964582903e-05 time=447.6 ms ok
[84/122] USGS usgs_tnm_contours_large_scale_73f76a177c8e_w000_73f76a17 luo_linf_de_2022_adaptation: K=38 MSE=4.46476013049791e-05 time=2509.4 ms ok
[85/122] USGS usgs_tnm_contours_large_scale_9b1b39144146_w000_9b1b3914 ours: K=31 MSE=7.457923061818513e-06 time=8.6 ms ok
[85/122] USGS usgs_tnm_contours_large_scale_9b1b39144146_w000_9b1b3914 park_dominant_point_2007_adaptation: K=18 MSE=4.695889002526276e-05 time=21.1 ms ok
[85/122] USGS usgs_tnm_contours_large_scale_9b1b39144146_w000_9b1b3914 liang_feature_iki_2017_adaptation: K=13 MSE=4.452990046746198e-05 time=12.9 ms ok
[85/122] USGS usgs_tnm_contours_large_scale_9b1b39144146_w000_9b1b3914 dung_direct_knot_2017_adaptation: K=11 MSE=4.246907130450322e-05 time=177.8 ms ok
[85/122] USGS usgs_tnm_contours_large_scale_9b1b39144146_w000_9b1b3914 kang_sparse_2015_adaptation: K=10 MSE=4.375352087455042e-05 time=1188.8 ms ok
[85/122] USGS usgs_tnm_contours_large_scale_9b1b39144146_w000_9b1b3914 luo_linf_de_2022_adaptation: K=13 MSE=4.570873039118938e-05 time=2977.2 ms ok
[86/122] USGS usgs_tnm_contours_large_scale_3b46bf5b4fe5_w000_3b46bf5b ours: K=24 MSE=0.00011689761472769221 time=8.6 ms ok
[86/122] USGS usgs_tnm_contours_large_scale_3b46bf5b4fe5_w000_3b46bf5b park_dominant_point_2007_adaptation: K=7 MSE=3.488361289342298e-05 time=8.9 ms ok
[86/122] USGS usgs_tnm_contours_large_scale_3b46bf5b4fe5_w000_3b46bf5b liang_feature_iki_2017_adaptation: K=7 MSE=3.929090835592855e-05 time=7.0 ms ok
[86/122] USGS usgs_tnm_contours_large_scale_3b46bf5b4fe5_w000_3b46bf5b dung_direct_knot_2017_adaptation: K=9 MSE=2.8411419564203577e-05 time=178.2 ms ok
[86/122] USGS usgs_tnm_contours_large_scale_3b46bf5b4fe5_w000_3b46bf5b kang_sparse_2015_adaptation: K=12 MSE=2.9190910074445247e-05 time=1365.5 ms ok
[86/122] USGS usgs_tnm_contours_large_scale_3b46bf5b4fe5_w000_3b46bf5b luo_linf_de_2022_adaptation: K=9 MSE=3.61178856780015e-05 time=2918.9 ms ok
[87/122] USGS usgs_tnm_contours_large_scale_227a63ff8969_w001_b391c2df ours: K=37 MSE=9.629805655801765e-05 time=8.6 ms ok
[87/122] USGS usgs_tnm_contours_large_scale_227a63ff8969_w001_b391c2df park_dominant_point_2007_adaptation: K=50 MSE=4.70665769723736e-05 time=72.7 ms ok
[87/122] USGS usgs_tnm_contours_large_scale_227a63ff8969_w001_b391c2df liang_feature_iki_2017_adaptation: K=41 MSE=4.425866251647872e-05 time=47.1 ms ok
[87/122] USGS usgs_tnm_contours_large_scale_227a63ff8969_w001_b391c2df dung_direct_knot_2017_adaptation: K=42 MSE=4.239262724850516e-05 time=654.7 ms ok
[87/122] USGS usgs_tnm_contours_large_scale_227a63ff8969_w001_b391c2df kang_sparse_2015_adaptation: K=64 MSE=2.5216221410938656e-05 time=441.4 ms ok
[87/122] USGS usgs_tnm_contours_large_scale_227a63ff8969_w001_b391c2df luo_linf_de_2022_adaptation: K=42 MSE=4.872673061707755e-05 time=2171.4 ms ok
[88/122] USGS usgs_tnm_contours_large_scale_f1b5188eb877_w000_f1b5188e ours: K=42 MSE=0.0001061899480169037 time=8.7 ms ok
[88/122] USGS usgs_tnm_contours_large_scale_f1b5188eb877_w000_f1b5188e park_dominant_point_2007_adaptation: K=58 MSE=4.994564870825151e-05 time=88.6 ms ok
[88/122] USGS usgs_tnm_contours_large_scale_f1b5188eb877_w000_f1b5188e liang_feature_iki_2017_adaptation: K=54 MSE=4.695974021279027e-05 time=67.0 ms ok
[88/122] USGS usgs_tnm_contours_large_scale_f1b5188eb877_w000_f1b5188e dung_direct_knot_2017_adaptation: K=50 MSE=4.9743197462191815e-05 time=817.1 ms ok
[88/122] USGS usgs_tnm_contours_large_scale_f1b5188eb877_w000_f1b5188e kang_sparse_2015_adaptation: K=64 MSE=4.476160016269304e-05 time=439.4 ms ok
[88/122] USGS usgs_tnm_contours_large_scale_f1b5188eb877_w000_f1b5188e luo_linf_de_2022_adaptation: K=55 MSE=4.9397550370423804e-05 time=1536.0 ms ok
[89/122] USGS usgs_tnm_contours_large_scale_d04688485103_w000_d0468848 ours: K=43 MSE=5.9158530728494896e-05 time=8.8 ms ok
[89/122] USGS usgs_tnm_contours_large_scale_d04688485103_w000_d0468848 park_dominant_point_2007_adaptation: K=49 MSE=4.975073236900475e-05 time=70.7 ms ok
[89/122] USGS usgs_tnm_contours_large_scale_d04688485103_w000_d0468848 liang_feature_iki_2017_adaptation: K=46 MSE=4.596698907260245e-05 time=54.7 ms ok
[89/122] USGS usgs_tnm_contours_large_scale_d04688485103_w000_d0468848 dung_direct_knot_2017_adaptation: K=39 MSE=4.9385353898540826e-05 time=666.4 ms ok
[89/122] USGS usgs_tnm_contours_large_scale_d04688485103_w000_d0468848 kang_sparse_2015_adaptation: K=64 MSE=3.191213182684033e-05 time=441.1 ms ok
[89/122] USGS usgs_tnm_contours_large_scale_d04688485103_w000_d0468848 luo_linf_de_2022_adaptation: K=44 MSE=4.807199685571592e-05 time=1803.2 ms ok
[90/122] USGS usgs_tnm_contours_large_scale_320c043cef50_w000_320c043c ours: K=12 MSE=1.0362324868853303e-05 time=8.4 ms ok
[90/122] USGS usgs_tnm_contours_large_scale_320c043cef50_w000_320c043c park_dominant_point_2007_adaptation: K=2 MSE=4.796422053022918e-05 time=4.0 ms ok
[90/122] USGS usgs_tnm_contours_large_scale_320c043cef50_w000_320c043c liang_feature_iki_2017_adaptation: K=4 MSE=5.829446752583013e-06 time=4.2 ms ok
[90/122] USGS usgs_tnm_contours_large_scale_320c043cef50_w000_320c043c dung_direct_knot_2017_adaptation: K=3 MSE=2.354787418362261e-05 time=45.2 ms ok
[90/122] USGS usgs_tnm_contours_large_scale_320c043cef50_w000_320c043c kang_sparse_2015_adaptation: K=62 MSE=1.730841314781041e-08 time=970.6 ms ok
[90/122] USGS usgs_tnm_contours_large_scale_320c043cef50_w000_320c043c luo_linf_de_2022_adaptation: K=13 MSE=8.034807444353361e-07 time=3298.4 ms ok
[91/122] USGS usgs_tnm_contours_large_scale_51d72a531676_w000_51d72a53 ours: K=31 MSE=0.00048458785930534295 time=8.5 ms ok
[91/122] USGS usgs_tnm_contours_large_scale_51d72a531676_w000_51d72a53 park_dominant_point_2007_adaptation: K=64 MSE=7.623210035945557e-05 time=105.2 ms ok
[91/122] USGS usgs_tnm_contours_large_scale_51d72a531676_w000_51d72a53 liang_feature_iki_2017_adaptation: K=64 MSE=8.213628289758054e-05 time=83.5 ms ok
[91/122] USGS usgs_tnm_contours_large_scale_51d72a531676_w000_51d72a53 dung_direct_knot_2017_adaptation: K=64 MSE=5.7401797401496146e-05 time=1010.0 ms ok
[91/122] USGS usgs_tnm_contours_large_scale_51d72a531676_w000_51d72a53 kang_sparse_2015_adaptation: K=64 MSE=9.729208381990203e-05 time=30.2 ms ok
[91/122] USGS usgs_tnm_contours_large_scale_51d72a531676_w000_51d72a53 luo_linf_de_2022_adaptation: K=64 MSE=9.257686130460721e-05 time=867.5 ms ok
[92/122] USGS usgs_tnm_contours_large_scale_db64a638d518_w000_db64a638 ours: K=23 MSE=2.6589307828201984e-05 time=8.5 ms ok
[92/122] USGS usgs_tnm_contours_large_scale_db64a638d518_w000_db64a638 park_dominant_point_2007_adaptation: K=17 MSE=4.708627226686366e-05 time=19.9 ms ok
[92/122] USGS usgs_tnm_contours_large_scale_db64a638d518_w000_db64a638 liang_feature_iki_2017_adaptation: K=16 MSE=3.778866270272367e-05 time=15.9 ms ok
[92/122] USGS usgs_tnm_contours_large_scale_db64a638d518_w000_db64a638 dung_direct_knot_2017_adaptation: K=16 MSE=4.431571018641864e-05 time=185.0 ms ok
[92/122] USGS usgs_tnm_contours_large_scale_db64a638d518_w000_db64a638 kang_sparse_2015_adaptation: K=26 MSE=1.9592605597798706e-05 time=1018.7 ms ok
[92/122] USGS usgs_tnm_contours_large_scale_db64a638d518_w000_db64a638 luo_linf_de_2022_adaptation: K=15 MSE=3.2625569340353956e-05 time=2946.4 ms ok
[93/122] USGS usgs_tnm_contours_large_scale_be34ae13ca44_w000_be34ae13 ours: K=24 MSE=3.520632030979025e-05 time=8.5 ms ok
[93/122] USGS usgs_tnm_contours_large_scale_be34ae13ca44_w000_be34ae13 park_dominant_point_2007_adaptation: K=22 MSE=4.4811408619800954e-05 time=26.4 ms ok
[93/122] USGS usgs_tnm_contours_large_scale_be34ae13ca44_w000_be34ae13 liang_feature_iki_2017_adaptation: K=17 MSE=3.396276628117718e-05 time=16.9 ms ok
[93/122] USGS usgs_tnm_contours_large_scale_be34ae13ca44_w000_be34ae13 dung_direct_knot_2017_adaptation: K=13 MSE=4.548164341772867e-05 time=238.2 ms ok
[93/122] USGS usgs_tnm_contours_large_scale_be34ae13ca44_w000_be34ae13 kang_sparse_2015_adaptation: K=28 MSE=9.996557842583455e-06 time=968.9 ms ok
[93/122] USGS usgs_tnm_contours_large_scale_be34ae13ca44_w000_be34ae13 luo_linf_de_2022_adaptation: K=17 MSE=3.536895344527352e-05 time=3054.9 ms ok
[94/122] USGS usgs_tnm_contours_large_scale_ee9c42f92d53_w000_ee9c42f9 ours: K=33 MSE=0.00019006214308519697 time=8.5 ms ok
[94/122] USGS usgs_tnm_contours_large_scale_ee9c42f92d53_w000_ee9c42f9 park_dominant_point_2007_adaptation: K=56 MSE=4.942468363030208e-05 time=84.5 ms ok
[94/122] USGS usgs_tnm_contours_large_scale_ee9c42f92d53_w000_ee9c42f9 liang_feature_iki_2017_adaptation: K=57 MSE=4.8496220288232545e-05 time=71.7 ms ok
[94/122] USGS usgs_tnm_contours_large_scale_ee9c42f92d53_w000_ee9c42f9 dung_direct_knot_2017_adaptation: K=48 MSE=4.89930203077443e-05 time=813.0 ms ok
[94/122] USGS usgs_tnm_contours_large_scale_ee9c42f92d53_w000_ee9c42f9 kang_sparse_2015_adaptation: K=64 MSE=4.301777468621561e-05 time=444.0 ms ok
[94/122] USGS usgs_tnm_contours_large_scale_ee9c42f92d53_w000_ee9c42f9 luo_linf_de_2022_adaptation: K=53 MSE=4.7858783352968994e-05 time=1709.1 ms ok
[95/122] USGS usgs_tnm_contours_large_scale_b1ec14b77227_w000_b1ec14b7 ours: K=18 MSE=7.162458892392076e-05 time=8.4 ms ok
[95/122] USGS usgs_tnm_contours_large_scale_b1ec14b77227_w000_b1ec14b7 park_dominant_point_2007_adaptation: K=23 MSE=2.5319059975120765e-05 time=27.6 ms ok
[95/122] USGS usgs_tnm_contours_large_scale_b1ec14b77227_w000_b1ec14b7 liang_feature_iki_2017_adaptation: K=17 MSE=4.9783449455989666e-05 time=16.9 ms ok
[95/122] USGS usgs_tnm_contours_large_scale_b1ec14b77227_w000_b1ec14b7 dung_direct_knot_2017_adaptation: K=14 MSE=4.621306735009493e-05 time=210.1 ms ok
[95/122] USGS usgs_tnm_contours_large_scale_b1ec14b77227_w000_b1ec14b7 kang_sparse_2015_adaptation: K=13 MSE=3.6679709423409665e-05 time=1182.3 ms ok
[95/122] USGS usgs_tnm_contours_large_scale_b1ec14b77227_w000_b1ec14b7 luo_linf_de_2022_adaptation: K=16 MSE=3.867871641311113e-05 time=2998.0 ms ok
[96/122] USGS usgs_tnm_contours_large_scale_93d1979f7d07_w000_93d1979f ours: K=32 MSE=0.0001313879339394812 time=8.5 ms ok
[96/122] USGS usgs_tnm_contours_large_scale_93d1979f7d07_w000_93d1979f park_dominant_point_2007_adaptation: K=45 MSE=3.372162030128312e-05 time=62.8 ms ok
[96/122] USGS usgs_tnm_contours_large_scale_93d1979f7d07_w000_93d1979f liang_feature_iki_2017_adaptation: K=36 MSE=4.9799885722445476e-05 time=40.1 ms ok
[96/122] USGS usgs_tnm_contours_large_scale_93d1979f7d07_w000_93d1979f dung_direct_knot_2017_adaptation: K=35 MSE=4.464990384560485e-05 time=620.4 ms ok
[96/122] USGS usgs_tnm_contours_large_scale_93d1979f7d07_w000_93d1979f kang_sparse_2015_adaptation: K=64 MSE=2.3117061925205034e-05 time=440.5 ms ok
[96/122] USGS usgs_tnm_contours_large_scale_93d1979f7d07_w000_93d1979f luo_linf_de_2022_adaptation: K=36 MSE=4.965856908973512e-05 time=2496.6 ms ok
[97/122] USGS usgs_tnm_contours_large_scale_c593477f1f71_w000_c593477f ours: K=44 MSE=0.00014175434110400885 time=8.7 ms ok
[97/122] USGS usgs_tnm_contours_large_scale_c593477f1f71_w000_c593477f park_dominant_point_2007_adaptation: K=56 MSE=4.5282287476470456e-05 time=84.5 ms ok
[97/122] USGS usgs_tnm_contours_large_scale_c593477f1f71_w000_c593477f liang_feature_iki_2017_adaptation: K=54 MSE=4.9048031409586644e-05 time=66.8 ms ok
[97/122] USGS usgs_tnm_contours_large_scale_c593477f1f71_w000_c593477f dung_direct_knot_2017_adaptation: K=49 MSE=4.8658340368459194e-05 time=838.3 ms ok
[97/122] USGS usgs_tnm_contours_large_scale_c593477f1f71_w000_c593477f kang_sparse_2015_adaptation: K=64 MSE=4.987751373017435e-05 time=445.5 ms ok
[97/122] USGS usgs_tnm_contours_large_scale_c593477f1f71_w000_c593477f luo_linf_de_2022_adaptation: K=64 MSE=4.987751373017435e-05 time=1534.0 ms ok
[98/122] USGS usgs_tnm_contours_large_scale_2c338fda54bb_w000_2c338fda ours: K=35 MSE=0.00044916793603029564 time=8.6 ms ok
[98/122] USGS usgs_tnm_contours_large_scale_2c338fda54bb_w000_2c338fda park_dominant_point_2007_adaptation: K=64 MSE=0.00011597310441341777 time=103.5 ms ok
[98/122] USGS usgs_tnm_contours_large_scale_2c338fda54bb_w000_2c338fda liang_feature_iki_2017_adaptation: K=64 MSE=9.696801778424208e-05 time=83.5 ms ok
[98/122] USGS usgs_tnm_contours_large_scale_2c338fda54bb_w000_2c338fda dung_direct_knot_2017_adaptation: K=64 MSE=9.803481461166995e-05 time=982.8 ms ok
[98/122] USGS usgs_tnm_contours_large_scale_2c338fda54bb_w000_2c338fda kang_sparse_2015_adaptation: K=64 MSE=0.00017671973648924173 time=30.0 ms ok
[98/122] USGS usgs_tnm_contours_large_scale_2c338fda54bb_w000_2c338fda luo_linf_de_2022_adaptation: K=64 MSE=0.0001559380626611635 time=844.8 ms ok
[99/122] USGS usgs_tnm_contours_large_scale_72be136e0833_w000_72be136e ours: K=14 MSE=8.074349425922766e-06 time=8.3 ms ok
[99/122] USGS usgs_tnm_contours_large_scale_72be136e0833_w000_72be136e park_dominant_point_2007_adaptation: K=6 MSE=4.16904921284974e-05 time=7.9 ms ok
[99/122] USGS usgs_tnm_contours_large_scale_72be136e0833_w000_72be136e liang_feature_iki_2017_adaptation: K=7 MSE=2.537067023192036e-05 time=7.0 ms ok
[99/122] USGS usgs_tnm_contours_large_scale_72be136e0833_w000_72be136e dung_direct_knot_2017_adaptation: K=6 MSE=1.851714984930392e-05 time=66.1 ms ok
[99/122] USGS usgs_tnm_contours_large_scale_72be136e0833_w000_72be136e kang_sparse_2015_adaptation: K=6 MSE=2.490477646591541e-05 time=1272.4 ms ok
[99/122] USGS usgs_tnm_contours_large_scale_72be136e0833_w000_72be136e luo_linf_de_2022_adaptation: K=5 MSE=3.474241173613448e-05 time=2874.7 ms ok
[100/122] USGS usgs_tnm_contours_large_scale_a8a9331aa35d_w000_a8a9331a ours: K=40 MSE=0.00022252317075096065 time=8.7 ms ok
[100/122] USGS usgs_tnm_contours_large_scale_a8a9331aa35d_w000_a8a9331a park_dominant_point_2007_adaptation: K=64 MSE=7.789101059710146e-05 time=102.7 ms ok
[100/122] USGS usgs_tnm_contours_large_scale_a8a9331aa35d_w000_a8a9331a liang_feature_iki_2017_adaptation: K=64 MSE=8.331060484668389e-05 time=83.6 ms ok
[100/122] USGS usgs_tnm_contours_large_scale_a8a9331aa35d_w000_a8a9331a dung_direct_knot_2017_adaptation: K=64 MSE=7.51640026009828e-05 time=890.2 ms ok
[100/122] USGS usgs_tnm_contours_large_scale_a8a9331aa35d_w000_a8a9331a kang_sparse_2015_adaptation: K=64 MSE=0.00010106998096799472 time=30.5 ms ok
[100/122] USGS usgs_tnm_contours_large_scale_a8a9331aa35d_w000_a8a9331a luo_linf_de_2022_adaptation: K=64 MSE=0.00010106998096799472 time=800.5 ms ok
[101/122] USGS usgs_tnm_contours_large_scale_8a4ccdb902fb_w000_8a4ccdb9 ours: K=40 MSE=9.788542979161353e-05 time=8.7 ms ok
[101/122] USGS usgs_tnm_contours_large_scale_8a4ccdb902fb_w000_8a4ccdb9 park_dominant_point_2007_adaptation: K=49 MSE=4.954613602252187e-05 time=70.9 ms ok
[101/122] USGS usgs_tnm_contours_large_scale_8a4ccdb902fb_w000_8a4ccdb9 liang_feature_iki_2017_adaptation: K=49 MSE=4.684693797612118e-05 time=59.1 ms ok
[101/122] USGS usgs_tnm_contours_large_scale_8a4ccdb902fb_w000_8a4ccdb9 dung_direct_knot_2017_adaptation: K=45 MSE=4.9127653750188904e-05 time=628.8 ms ok
[101/122] USGS usgs_tnm_contours_large_scale_8a4ccdb902fb_w000_8a4ccdb9 kang_sparse_2015_adaptation: K=64 MSE=2.706299022355008e-05 time=445.1 ms ok
[101/122] USGS usgs_tnm_contours_large_scale_8a4ccdb902fb_w000_8a4ccdb9 luo_linf_de_2022_adaptation: K=49 MSE=4.8984201481145214e-05 time=1706.6 ms ok
[102/122] USGS usgs_tnm_contours_large_scale_4a981cd4356c_w000_4a981cd4 ours: K=18 MSE=2.3081931766798552e-05 time=8.3 ms ok
[102/122] USGS usgs_tnm_contours_large_scale_4a981cd4356c_w000_4a981cd4 park_dominant_point_2007_adaptation: K=24 MSE=1.5791657703299695e-05 time=29.1 ms ok
[102/122] USGS usgs_tnm_contours_large_scale_4a981cd4356c_w000_4a981cd4 liang_feature_iki_2017_adaptation: K=16 MSE=4.9374192455129157e-05 time=15.9 ms ok
[102/122] USGS usgs_tnm_contours_large_scale_4a981cd4356c_w000_4a981cd4 dung_direct_knot_2017_adaptation: K=11 MSE=4.119784813057459e-05 time=200.2 ms ok
[102/122] USGS usgs_tnm_contours_large_scale_4a981cd4356c_w000_4a981cd4 kang_sparse_2015_adaptation: K=29 MSE=1.2843626953762153e-05 time=971.1 ms ok
[102/122] USGS usgs_tnm_contours_large_scale_4a981cd4356c_w000_4a981cd4 luo_linf_de_2022_adaptation: K=16 MSE=4.03523998766719e-05 time=2837.6 ms ok
[103/122] IndustrialOffset industrial_offset_naca_airfoil_v011_o04_p0p0400 ours: K=18 MSE=7.920954346695906e-06 time=8.3 ms ok
[103/122] IndustrialOffset industrial_offset_naca_airfoil_v011_o04_p0p0400 park_dominant_point_2007_adaptation: K=10 MSE=2.3815720465553307e-05 time=18.4 ms ok
[103/122] IndustrialOffset industrial_offset_naca_airfoil_v011_o04_p0p0400 liang_feature_iki_2017_adaptation: K=7 MSE=2.3516117173345923e-05 time=7.0 ms ok
[103/122] IndustrialOffset industrial_offset_naca_airfoil_v011_o04_p0p0400 dung_direct_knot_2017_adaptation: K=6 MSE=1.3833012616797936e-05 time=81.7 ms ok
[103/122] IndustrialOffset industrial_offset_naca_airfoil_v011_o04_p0p0400 kang_sparse_2015_adaptation: K=10 MSE=3.746046621062702e-05 time=1187.1 ms ok
[103/122] IndustrialOffset industrial_offset_naca_airfoil_v011_o04_p0p0400 luo_linf_de_2022_adaptation: K=6 MSE=1.917257978315771e-05 time=2871.9 ms ok
[104/122] IndustrialOffset industrial_offset_keyway_bore_v007_o01_m0p0400 ours: K=21 MSE=1.2740318002656288e-05 time=8.5 ms ok
[104/122] IndustrialOffset industrial_offset_keyway_bore_v007_o01_m0p0400 park_dominant_point_2007_adaptation: K=56 MSE=4.072138872210595e-05 time=85.4 ms ok
[104/122] IndustrialOffset industrial_offset_keyway_bore_v007_o01_m0p0400 liang_feature_iki_2017_adaptation: K=18 MSE=2.3539568101000984e-05 time=17.9 ms ok
[104/122] IndustrialOffset industrial_offset_keyway_bore_v007_o01_m0p0400 dung_direct_knot_2017_adaptation: K=16 MSE=4.571853655932351e-05 time=188.1 ms ok
[104/122] IndustrialOffset industrial_offset_keyway_bore_v007_o01_m0p0400 kang_sparse_2015_adaptation: K=40 MSE=7.339118082818336e-06 time=878.0 ms ok
[104/122] IndustrialOffset industrial_offset_keyway_bore_v007_o01_m0p0400 luo_linf_de_2022_adaptation: K=20 MSE=3.555798930028784e-05 time=3304.4 ms ok
[105/122] IndustrialOffset industrial_offset_naca_airfoil_v001_o04_p0p0400 ours: K=18 MSE=7.631150406668745e-06 time=8.4 ms ok
[105/122] IndustrialOffset industrial_offset_naca_airfoil_v001_o04_p0p0400 park_dominant_point_2007_adaptation: K=9 MSE=2.723956694063955e-05 time=15.6 ms ok
[105/122] IndustrialOffset industrial_offset_naca_airfoil_v001_o04_p0p0400 liang_feature_iki_2017_adaptation: K=7 MSE=2.7759746695655007e-05 time=7.0 ms ok
[105/122] IndustrialOffset industrial_offset_naca_airfoil_v001_o04_p0p0400 dung_direct_knot_2017_adaptation: K=6 MSE=9.524799410564142e-06 time=99.6 ms ok
[105/122] IndustrialOffset industrial_offset_naca_airfoil_v001_o04_p0p0400 kang_sparse_2015_adaptation: K=10 MSE=3.573858618362911e-05 time=1177.1 ms ok
[105/122] IndustrialOffset industrial_offset_naca_airfoil_v001_o04_p0p0400 luo_linf_de_2022_adaptation: K=6 MSE=1.5016832292775889e-05 time=2878.0 ms ok
[106/122] IndustrialOffset industrial_offset_capsule_slot_v008_o01_m0p0400 ours: K=15 MSE=1.0896368233564165e-05 time=8.3 ms ok
[106/122] IndustrialOffset industrial_offset_capsule_slot_v008_o01_m0p0400 park_dominant_point_2007_adaptation: K=8 MSE=4.79733088285451e-05 time=10.0 ms ok
[106/122] IndustrialOffset industrial_offset_capsule_slot_v008_o01_m0p0400 liang_feature_iki_2017_adaptation: K=8 MSE=4.550047955971645e-05 time=8.0 ms ok
[106/122] IndustrialOffset industrial_offset_capsule_slot_v008_o01_m0p0400 dung_direct_knot_2017_adaptation: K=9 MSE=4.80928501777106e-05 time=104.0 ms ok
[106/122] IndustrialOffset industrial_offset_capsule_slot_v008_o01_m0p0400 kang_sparse_2015_adaptation: K=10 MSE=3.29045518489836e-05 time=1334.5 ms ok
[106/122] IndustrialOffset industrial_offset_capsule_slot_v008_o01_m0p0400 luo_linf_de_2022_adaptation: K=8 MSE=3.810506957943032e-05 time=3193.2 ms ok
[107/122] IndustrialOffset industrial_offset_capsule_slot_v000_o04_p0p0400 ours: K=15 MSE=1.2556060579544e-05 time=8.3 ms ok
[107/122] IndustrialOffset industrial_offset_capsule_slot_v000_o04_p0p0400 park_dominant_point_2007_adaptation: K=23 MSE=2.8990102262010934e-05 time=27.6 ms ok
[107/122] IndustrialOffset industrial_offset_capsule_slot_v000_o04_p0p0400 liang_feature_iki_2017_adaptation: K=9 MSE=3.611371274284123e-05 time=8.9 ms ok
[107/122] IndustrialOffset industrial_offset_capsule_slot_v000_o04_p0p0400 dung_direct_knot_2017_adaptation: K=10 MSE=2.719497734001978e-05 time=103.0 ms ok
[107/122] IndustrialOffset industrial_offset_capsule_slot_v000_o04_p0p0400 kang_sparse_2015_adaptation: K=7 MSE=4.7212130119223516e-05 time=1296.2 ms ok
[107/122] IndustrialOffset industrial_offset_capsule_slot_v000_o04_p0p0400 luo_linf_de_2022_adaptation: K=8 MSE=4.506024275644029e-05 time=3192.8 ms ok
[108/122] IndustrialOffset industrial_offset_lobed_rotor_v001_o00_m0p0800 ours: K=17 MSE=0.0001883811482785687 time=8.3 ms ok
[108/122] IndustrialOffset industrial_offset_lobed_rotor_v001_o00_m0p0800 park_dominant_point_2007_adaptation: K=19 MSE=4.6401642491376276e-05 time=26.1 ms ok
[108/122] IndustrialOffset industrial_offset_lobed_rotor_v001_o00_m0p0800 liang_feature_iki_2017_adaptation: K=21 MSE=4.7285275479891684e-05 time=21.3 ms ok
[108/122] IndustrialOffset industrial_offset_lobed_rotor_v001_o00_m0p0800 dung_direct_knot_2017_adaptation: K=19 MSE=3.876445527200027e-05 time=228.3 ms ok
[108/122] IndustrialOffset industrial_offset_lobed_rotor_v001_o00_m0p0800 kang_sparse_2015_adaptation: K=49 MSE=2.2475313738713736e-07 time=972.7 ms ok
[108/122] IndustrialOffset industrial_offset_lobed_rotor_v001_o00_m0p0800 luo_linf_de_2022_adaptation: K=19 MSE=3.621479061760645e-05 time=3376.7 ms ok
[109/122] IndustrialOffset industrial_offset_naca_airfoil_v005_o05_p0p0800 ours: K=22 MSE=2.5462457820244294e-06 time=8.4 ms ok
[109/122] IndustrialOffset industrial_offset_naca_airfoil_v005_o05_p0p0800 park_dominant_point_2007_adaptation: K=16 MSE=2.877198168040046e-05 time=26.2 ms ok
[109/122] IndustrialOffset industrial_offset_naca_airfoil_v005_o05_p0p0800 liang_feature_iki_2017_adaptation: K=8 MSE=4.687198644189584e-05 time=8.0 ms ok
[109/122] IndustrialOffset industrial_offset_naca_airfoil_v005_o05_p0p0800 dung_direct_knot_2017_adaptation: K=6 MSE=1.297743774316439e-05 time=96.4 ms ok
[109/122] IndustrialOffset industrial_offset_naca_airfoil_v005_o05_p0p0800 kang_sparse_2015_adaptation: K=9 MSE=2.3331984408164875e-05 time=1170.8 ms ok
[109/122] IndustrialOffset industrial_offset_naca_airfoil_v005_o05_p0p0800 luo_linf_de_2022_adaptation: K=8 MSE=3.790986993990294e-05 time=2916.4 ms ok
[110/122] IndustrialOffset industrial_offset_lobed_rotor_v004_o00_m0p0800 ours: K=21 MSE=0.00021867569496524108 time=8.4 ms ok
[110/122] IndustrialOffset industrial_offset_lobed_rotor_v004_o00_m0p0800 park_dominant_point_2007_adaptation: K=25 MSE=4.620492682355509e-05 time=33.7 ms ok
[110/122] IndustrialOffset industrial_offset_lobed_rotor_v004_o00_m0p0800 liang_feature_iki_2017_adaptation: K=24 MSE=4.967671530314616e-05 time=24.9 ms ok
[110/122] IndustrialOffset industrial_offset_lobed_rotor_v004_o00_m0p0800 dung_direct_knot_2017_adaptation: K=21 MSE=4.672037670226453e-05 time=295.5 ms ok
[110/122] IndustrialOffset industrial_offset_lobed_rotor_v004_o00_m0p0800 kang_sparse_2015_adaptation: K=46 MSE=1.74508686874561e-06 time=927.7 ms ok
[110/122] IndustrialOffset industrial_offset_lobed_rotor_v004_o00_m0p0800 luo_linf_de_2022_adaptation: K=22 MSE=4.4886334955044993e-05 time=3163.8 ms ok
[111/122] IndustrialOffset industrial_offset_radial_cam_v010_o04_p0p0400 ours: K=13 MSE=8.700148835467754e-07 time=8.3 ms ok
[111/122] IndustrialOffset industrial_offset_radial_cam_v010_o04_p0p0400 park_dominant_point_2007_adaptation: K=8 MSE=1.4147016968522121e-05 time=9.9 ms ok
[111/122] IndustrialOffset industrial_offset_radial_cam_v010_o04_p0p0400 liang_feature_iki_2017_adaptation: K=5 MSE=1.9272442793714195e-05 time=5.1 ms ok
[111/122] IndustrialOffset industrial_offset_radial_cam_v010_o04_p0p0400 dung_direct_knot_2017_adaptation: K=6 MSE=1.5654086355610142e-05 time=68.7 ms ok
[111/122] IndustrialOffset industrial_offset_radial_cam_v010_o04_p0p0400 kang_sparse_2015_adaptation: K=62 MSE=2.4495090138941533e-11 time=975.1 ms ok
[111/122] IndustrialOffset industrial_offset_radial_cam_v010_o04_p0p0400 luo_linf_de_2022_adaptation: K=10 MSE=5.783540389663033e-08 time=3240.7 ms ok
[112/122] IndustrialOffset industrial_offset_elliptic_bore_v001_o00_m0p0800 ours: K=13 MSE=9.09198438581871e-07 time=8.3 ms ok
[112/122] IndustrialOffset industrial_offset_elliptic_bore_v001_o00_m0p0800 park_dominant_point_2007_adaptation: K=5 MSE=3.9367119688234405e-05 time=6.9 ms ok
[112/122] IndustrialOffset industrial_offset_elliptic_bore_v001_o00_m0p0800 liang_feature_iki_2017_adaptation: K=5 MSE=2.4654260317039393e-05 time=5.1 ms ok
[112/122] IndustrialOffset industrial_offset_elliptic_bore_v001_o00_m0p0800 dung_direct_knot_2017_adaptation: K=5 MSE=4.5995357346873076e-05 time=71.5 ms ok
[112/122] IndustrialOffset industrial_offset_elliptic_bore_v001_o00_m0p0800 kang_sparse_2015_adaptation: K=56 MSE=9.281956617682771e-10 time=1262.8 ms ok
[112/122] IndustrialOffset industrial_offset_elliptic_bore_v001_o00_m0p0800 luo_linf_de_2022_adaptation: K=4 MSE=3.998531797901363e-05 time=3087.6 ms ok
[113/122] IndustrialOffset industrial_offset_keyway_bore_v008_o03_p0p0200 ours: K=21 MSE=3.126020337723991e-05 time=8.4 ms ok
[113/122] IndustrialOffset industrial_offset_keyway_bore_v008_o03_p0p0200 park_dominant_point_2007_adaptation: K=51 MSE=4.9523088719402295e-05 time=74.5 ms ok
[113/122] IndustrialOffset industrial_offset_keyway_bore_v008_o03_p0p0200 liang_feature_iki_2017_adaptation: K=18 MSE=1.9296553447132164e-05 time=17.9 ms ok
[113/122] IndustrialOffset industrial_offset_keyway_bore_v008_o03_p0p0200 dung_direct_knot_2017_adaptation: K=18 MSE=2.2154911913480758e-05 time=204.6 ms ok
[113/122] IndustrialOffset industrial_offset_keyway_bore_v008_o03_p0p0200 kang_sparse_2015_adaptation: K=41 MSE=3.7937758511793636e-06 time=878.1 ms ok
[113/122] IndustrialOffset industrial_offset_keyway_bore_v008_o03_p0p0200 luo_linf_de_2022_adaptation: K=19 MSE=3.960083459433443e-05 time=3216.0 ms ok
[114/122] IndustrialOffset industrial_offset_rounded_plate_v002_o05_p0p0800 ours: K=14 MSE=1.6182465833947322e-05 time=8.3 ms ok
[114/122] IndustrialOffset industrial_offset_rounded_plate_v002_o05_p0p0800 park_dominant_point_2007_adaptation: K=11 MSE=3.3764014139753486e-05 time=23.6 ms ok
[114/122] IndustrialOffset industrial_offset_rounded_plate_v002_o05_p0p0800 liang_feature_iki_2017_adaptation: K=11 MSE=2.190035624377876e-05 time=10.9 ms ok
[114/122] IndustrialOffset industrial_offset_rounded_plate_v002_o05_p0p0800 dung_direct_knot_2017_adaptation: K=16 MSE=3.52051648762865e-05 time=139.3 ms ok
[114/122] IndustrialOffset industrial_offset_rounded_plate_v002_o05_p0p0800 kang_sparse_2015_adaptation: K=28 MSE=6.587025599828886e-06 time=1065.9 ms ok
[114/122] IndustrialOffset industrial_offset_rounded_plate_v002_o05_p0p0800 luo_linf_de_2022_adaptation: K=14 MSE=4.264645016046731e-05 time=3161.8 ms ok
[115/122] IndustrialOffset industrial_offset_elliptic_bore_v008_o02_m0p0200 ours: K=13 MSE=1.3248820843381428e-06 time=8.3 ms ok
[115/122] IndustrialOffset industrial_offset_elliptic_bore_v008_o02_m0p0200 park_dominant_point_2007_adaptation: K=8 MSE=2.6674515224341963e-05 time=10.0 ms ok
[115/122] IndustrialOffset industrial_offset_elliptic_bore_v008_o02_m0p0200 liang_feature_iki_2017_adaptation: K=6 MSE=3.5135665673677735e-05 time=6.1 ms ok
[115/122] IndustrialOffset industrial_offset_elliptic_bore_v008_o02_m0p0200 dung_direct_knot_2017_adaptation: K=6 MSE=4.9428085780959425e-05 time=86.1 ms ok
[115/122] IndustrialOffset industrial_offset_elliptic_bore_v008_o02_m0p0200 kang_sparse_2015_adaptation: K=50 MSE=7.09465992640753e-08 time=1258.4 ms ok
[115/122] IndustrialOffset industrial_offset_elliptic_bore_v008_o02_m0p0200 luo_linf_de_2022_adaptation: K=8 MSE=4.50648100801399e-05 time=3098.0 ms ok
[116/122] IndustrialOffset industrial_offset_naca_airfoil_v011_o05_p0p0800 ours: K=22 MSE=3.197619945895546e-06 time=8.4 ms ok
[116/122] IndustrialOffset industrial_offset_naca_airfoil_v011_o05_p0p0800 park_dominant_point_2007_adaptation: K=11 MSE=2.3590024271787867e-05 time=19.7 ms ok
[116/122] IndustrialOffset industrial_offset_naca_airfoil_v011_o05_p0p0800 liang_feature_iki_2017_adaptation: K=8 MSE=2.6370475637329768e-05 time=7.9 ms ok
[116/122] IndustrialOffset industrial_offset_naca_airfoil_v011_o05_p0p0800 dung_direct_knot_2017_adaptation: K=6 MSE=1.5687809938511713e-05 time=94.5 ms ok
[116/122] IndustrialOffset industrial_offset_naca_airfoil_v011_o05_p0p0800 kang_sparse_2015_adaptation: K=11 MSE=2.586847087245251e-05 time=1190.1 ms ok
[116/122] IndustrialOffset industrial_offset_naca_airfoil_v011_o05_p0p0800 luo_linf_de_2022_adaptation: K=8 MSE=3.4769023314846105e-05 time=2853.4 ms ok
[117/122] IndustrialOffset industrial_offset_keyway_bore_v007_o05_p0p0800 ours: K=18 MSE=3.718715162381456e-05 time=8.3 ms ok
[117/122] IndustrialOffset industrial_offset_keyway_bore_v007_o05_p0p0800 park_dominant_point_2007_adaptation: K=16 MSE=4.768768854217682e-05 time=18.7 ms ok
[117/122] IndustrialOffset industrial_offset_keyway_bore_v007_o05_p0p0800 liang_feature_iki_2017_adaptation: K=15 MSE=1.734736517530052e-05 time=14.9 ms ok
[117/122] IndustrialOffset industrial_offset_keyway_bore_v007_o05_p0p0800 dung_direct_knot_2017_adaptation: K=15 MSE=2.685288487415875e-05 time=184.7 ms ok
[117/122] IndustrialOffset industrial_offset_keyway_bore_v007_o05_p0p0800 kang_sparse_2015_adaptation: K=40 MSE=6.41337242925468e-06 time=875.2 ms ok
[117/122] IndustrialOffset industrial_offset_keyway_bore_v007_o05_p0p0800 luo_linf_de_2022_adaptation: K=20 MSE=3.2062274413706153e-05 time=3324.4 ms ok
[118/122] IndustrialOffset industrial_offset_naca_airfoil_v001_o05_p0p0800 ours: K=23 MSE=4.458361731370243e-06 time=8.5 ms ok
[118/122] IndustrialOffset industrial_offset_naca_airfoil_v001_o05_p0p0800 park_dominant_point_2007_adaptation: K=10 MSE=2.6927272588951104e-05 time=24.5 ms ok
[118/122] IndustrialOffset industrial_offset_naca_airfoil_v001_o05_p0p0800 liang_feature_iki_2017_adaptation: K=8 MSE=3.9824349200470864e-05 time=8.0 ms ok
[118/122] IndustrialOffset industrial_offset_naca_airfoil_v001_o05_p0p0800 dung_direct_knot_2017_adaptation: K=6 MSE=1.2107020526553592e-05 time=94.9 ms ok
[118/122] IndustrialOffset industrial_offset_naca_airfoil_v001_o05_p0p0800 kang_sparse_2015_adaptation: K=11 MSE=2.6898672176975266e-05 time=1200.4 ms ok
[118/122] IndustrialOffset industrial_offset_naca_airfoil_v001_o05_p0p0800 luo_linf_de_2022_adaptation: K=7 MSE=4.211212492868773e-05 time=2879.5 ms ok
[119/122] IndustrialOffset industrial_offset_capsule_slot_v008_o03_p0p0200 ours: K=15 MSE=8.83910817403858e-06 time=8.3 ms ok
[119/122] IndustrialOffset industrial_offset_capsule_slot_v008_o03_p0p0200 park_dominant_point_2007_adaptation: K=9 MSE=4.5637035344593724e-05 time=11.0 ms ok
[119/122] IndustrialOffset industrial_offset_capsule_slot_v008_o03_p0p0200 liang_feature_iki_2017_adaptation: K=9 MSE=2.1056514662387197e-05 time=8.9 ms ok
[119/122] IndustrialOffset industrial_offset_capsule_slot_v008_o03_p0p0200 dung_direct_knot_2017_adaptation: K=9 MSE=3.747458236576662e-05 time=106.8 ms ok
[119/122] IndustrialOffset industrial_offset_capsule_slot_v008_o03_p0p0200 kang_sparse_2015_adaptation: K=24 MSE=1.4751239178834873e-05 time=1205.9 ms ok
[119/122] IndustrialOffset industrial_offset_capsule_slot_v008_o03_p0p0200 luo_linf_de_2022_adaptation: K=9 MSE=4.442903092724453e-05 time=3204.8 ms ok
[120/122] IndustrialOffset industrial_offset_capsule_slot_v000_o01_m0p0400 ours: K=15 MSE=1.3860483424386967e-05 time=8.3 ms ok
[120/122] IndustrialOffset industrial_offset_capsule_slot_v000_o01_m0p0400 park_dominant_point_2007_adaptation: K=11 MSE=4.961029385855736e-05 time=13.1 ms ok
[120/122] IndustrialOffset industrial_offset_capsule_slot_v000_o01_m0p0400 liang_feature_iki_2017_adaptation: K=9 MSE=3.19792099235971e-05 time=8.9 ms ok
[120/122] IndustrialOffset industrial_offset_capsule_slot_v000_o01_m0p0400 dung_direct_knot_2017_adaptation: K=9 MSE=2.75511278361809e-05 time=116.8 ms ok
[120/122] IndustrialOffset industrial_offset_capsule_slot_v000_o01_m0p0400 kang_sparse_2015_adaptation: K=9 MSE=3.0608173470064026e-05 time=1267.3 ms ok
[120/122] IndustrialOffset industrial_offset_capsule_slot_v000_o01_m0p0400 luo_linf_de_2022_adaptation: K=8 MSE=2.6436339953160842e-05 time=3183.1 ms ok
[121/122] IndustrialOffset industrial_offset_lobed_rotor_v001_o02_m0p0200 ours: K=18 MSE=0.0001652898052326156 time=8.3 ms ok
[121/122] IndustrialOffset industrial_offset_lobed_rotor_v001_o02_m0p0200 park_dominant_point_2007_adaptation: K=18 MSE=4.2983728424354104e-05 time=24.4 ms ok
[121/122] IndustrialOffset industrial_offset_lobed_rotor_v001_o02_m0p0200 liang_feature_iki_2017_adaptation: K=20 MSE=3.476543791699971e-05 time=20.2 ms ok
[121/122] IndustrialOffset industrial_offset_lobed_rotor_v001_o02_m0p0200 dung_direct_knot_2017_adaptation: K=19 MSE=3.9938567125086445e-05 time=253.1 ms ok
[121/122] IndustrialOffset industrial_offset_lobed_rotor_v001_o02_m0p0200 kang_sparse_2015_adaptation: K=44 MSE=3.430375730512156e-07 time=968.7 ms ok
[121/122] IndustrialOffset industrial_offset_lobed_rotor_v001_o02_m0p0200 luo_linf_de_2022_adaptation: K=19 MSE=9.999208619317681e-06 time=3467.8 ms ok
[122/122] IndustrialOffset industrial_offset_naca_airfoil_v005_o03_p0p0200 ours: K=19 MSE=1.4668932418685091e-05 time=8.4 ms ok
[122/122] IndustrialOffset industrial_offset_naca_airfoil_v005_o03_p0p0200 park_dominant_point_2007_adaptation: K=15 MSE=4.732676392306075e-05 time=24.5 ms ok
[122/122] IndustrialOffset industrial_offset_naca_airfoil_v005_o03_p0p0200 liang_feature_iki_2017_adaptation: K=6 MSE=3.8741029225040255e-05 time=6.0 ms ok
[122/122] IndustrialOffset industrial_offset_naca_airfoil_v005_o03_p0p0200 dung_direct_knot_2017_adaptation: K=5 MSE=4.4228593143956115e-05 time=93.4 ms ok
[122/122] IndustrialOffset industrial_offset_naca_airfoil_v005_o03_p0p0200 kang_sparse_2015_adaptation: K=8 MSE=3.8057624760377376e-05 time=1201.6 ms ok
[122/122] IndustrialOffset industrial_offset_naca_airfoil_v005_o03_p0p0200 luo_linf_de_2022_adaptation: K=6 MSE=2.2022391605324245e-05 time=2878.7 ms ok
Saved /home/feng/HouCode/SplineFitting_1070_overnight/outputs/comparisons/overnight_stable_3090_r1/report.md
