
[inspect_checkpoint] python scripts/inspect_v16_checkpoint.py --checkpoint /home/feng/HouCode/SplineFitting_1070_overnight/outputs/checkpoints/overnight_stable_3090_r1.pt --mse-tolerance 5e-5
v16 checkpoint inspection
  checkpoint: /home/feng/HouCode/SplineFitting_1070_overnight/outputs/checkpoints/overnight_stable_3090_r1.pt
  stage: joint
  epoch: 7
Selection architecture
  revision: v16_ranked_prefix_count_coupled_mass_topk
  policy: mass_topk
  internal candidate capacity: 64
  full knot-vector size at all-keep: 72
  adaptive beta: True
  simplification contract: ranked_prefix_certified_cardinality_adaptive_complexity_v1
  simplification curriculum mature: False
Synthetic data contract
  revision: source_subset_threshold_minimal_v1
  certified minimal source: True
  certificate RMS tolerance: 7.071068e-03
Configured targets
  proposal pass: 90.000% (0.900000)
  deployment pass: 90.000% (0.900000)
  recorded MSE tolerance: 5.000000e-05
Observed validation
  overall dense: 99.664% (0.996644)
  overall deployment: 86.242% (0.862416)
  worst-source dense: 93.750% (0.937500)
  worst-source deployment: 40.625% (0.406250)
  certified synthetic count MAE: 13.634
  certified synthetic knot F1 / matched MAE: 0.397338 / 5.104799e-03
  by source:
    Synthetic: dense=100.000% (1.000000), deployment=89.000% (0.890000), dense_MSE=2.708980e-06, deployment_MSE=3.204373e-05, K=27.852, target_K=14.218, count_MAE=13.634, count_bias=13.634, knot_F1=0.397338, matched_MAE=5.104799e-03
    natural_earth_10m_coastline: dense=93.750% (0.937500), deployment=40.625% (0.406250), dense_MSE=1.526905e-05, deployment_MSE=1.321871e-04, K=24.25
    uji_pen_characters_v2: dense=100.000% (1.000000), deployment=96.875% (0.968750), dense_MSE=5.095050e-07, deployment_MSE=1.915161e-05, K=18.5625
    usgs_tnm_contours_large_scale: dense=100.000% (1.000000), deployment=78.125% (0.781250), dense_MSE=4.061804e-06, deployment_MSE=4.839596e-05, K=24.4375
Formal qualification
  required pass rate: 90.000% (0.900000)
  required MSE tolerance: 5.000000e-05
  Synthetic count MAE <= 2, knot F1 >= 0.6, matched MAE <= 5.000000e-03
  eligible: NO
  reasons:
    - joint simplification curriculum was not mature when saved
    - certified synthetic count MAE exceeds the formal limit 2
    - certified synthetic knot-match F1 is below the formal minimum 0.6
    - certified synthetic matched-knot MAE exceeds the formal limit 0.005
    - observed worst-source deployment pass rate 40.625% is below the required 90.000%
    - infeasible-proposal ablation was enabled
