
[benchmark_six_methods] python scripts/benchmark_v16_datasets.py --checkpoint /home/feng/HouCode/SplineFitting_1070_overnight/outputs/checkpoints/overnight_1070_full_pipeline_r1.pt --output-dir /home/feng/HouCode/SplineFitting_1070_overnight/outputs/comparisons/overnight_1070_full_pipeline_r1 --method-set published --samples-per-knot-count 2 --min-knot-count 4 --max-knot-count 24 --real-samples-per-dataset 8 --mse-tolerance 5e-5 --manifest UJI=/home/feng/HouCode/SplineSurpervisedFitting/data/splits/uji_pen_v2.jsonl --manifest NaturalEarth=/home/feng/HouCode/SplineSurpervisedFitting/data/processed/natural_earth/v5.1.2_10m_coastline/manifest.jsonl --manifest USGS=/home/feng/HouCode/SplineSurpervisedFitting/data/processed/usgs_contours/large_scale/manifest.jsonl --max-internal-knots 64 --paper-initial-knots 64 --liang-dense-knots 64 --gradient-steps 12 --paper-admm-iterations 400 --paper-lambda-bisections 8 --paper-relocation-iterations 8 --liang-feature-samples 1025 --dung-scan-intervals 10 --dung-optimization-iterations 10 --luo-de-population 10 --luo-de-iterations 50 --network-warmups 3 --network-repeats 100 --end-to-end-repeats 3 --torch-num-threads 4 --device cuda --allow-unqualified-diagnostic
DIAGNOSTIC NOT FINAL — certified synthetic count MAE exceeds the formal limit 2; certified synthetic knot-match F1 is below the formal minimum 0.6
Preparing fixed paired test samples...
Warming numerical solvers (excluded from timing)...
66 curves x 6 methods; device=cuda; MSE tolerance=5e-05
[1/66] Synthetic seed20000_sample2679 ours: K=10 MSE=1.1566038729845332e-05 time=8.2 ms ok
[1/66] Synthetic seed20000_sample2679 park_dominant_point_2007_adaptation: K=26 MSE=1.6183824221352574e-05 time=33.9 ms ok
[1/66] Synthetic seed20000_sample2679 liang_feature_iki_2017_adaptation: K=14 MSE=3.9534951490325885e-05 time=14.8 ms ok
[1/66] Synthetic seed20000_sample2679 dung_direct_knot_2017_adaptation: K=5 MSE=0.0021940331625299177 time=111.0 ms ok
[1/66] Synthetic seed20000_sample2679 kang_sparse_2015_adaptation: K=6 MSE=3.3346172458636316e-05 time=1404.2 ms ok
[1/66] Synthetic seed20000_sample2679 luo_linf_de_2022_adaptation: K=6 MSE=4.483896376537026e-05 time=3257.1 ms ok
[2/66] Synthetic seed20000_sample2057 ours: K=10 MSE=4.819810659548349e-06 time=8.2 ms ok
[2/66] Synthetic seed20000_sample2057 park_dominant_point_2007_adaptation: K=22 MSE=4.871682904158449e-05 time=27.8 ms ok
[2/66] Synthetic seed20000_sample2057 liang_feature_iki_2017_adaptation: K=19 MSE=4.582739119240282e-05 time=20.2 ms ok
[2/66] Synthetic seed20000_sample2057 dung_direct_knot_2017_adaptation: K=5 MSE=0.0015518769018079404 time=90.4 ms ok
[2/66] Synthetic seed20000_sample2057 kang_sparse_2015_adaptation: K=6 MSE=2.657925013184851e-05 time=1282.3 ms ok
[2/66] Synthetic seed20000_sample2057 luo_linf_de_2022_adaptation: K=6 MSE=3.910998324115744e-05 time=3192.6 ms ok
[3/66] Synthetic seed20000_sample2344 ours: K=11 MSE=2.835057900071632e-05 time=8.3 ms ok
[3/66] Synthetic seed20000_sample2344 park_dominant_point_2007_adaptation: K=23 MSE=4.382477083166215e-05 time=29.3 ms ok
[3/66] Synthetic seed20000_sample2344 liang_feature_iki_2017_adaptation: K=17 MSE=4.6770338087248824e-05 time=18.0 ms ok
[3/66] Synthetic seed20000_sample2344 dung_direct_knot_2017_adaptation: K=6 MSE=0.0020223583625721916 time=124.4 ms ok
[3/66] Synthetic seed20000_sample2344 kang_sparse_2015_adaptation: K=8 MSE=4.008904793832206e-05 time=1356.6 ms ok
[3/66] Synthetic seed20000_sample2344 luo_linf_de_2022_adaptation: K=11 MSE=3.279642329841045e-05 time=3422.5 ms ok
[4/66] Synthetic seed20000_sample3595 ours: K=11 MSE=1.4188125056926695e-05 time=8.2 ms ok
[4/66] Synthetic seed20000_sample3595 park_dominant_point_2007_adaptation: K=43 MSE=4.151151548759455e-05 time=62.3 ms ok
[4/66] Synthetic seed20000_sample3595 liang_feature_iki_2017_adaptation: K=20 MSE=4.900787803559336e-05 time=21.5 ms ok
[4/66] Synthetic seed20000_sample3595 dung_direct_knot_2017_adaptation: K=6 MSE=0.0026969546938576364 time=126.7 ms ok
[4/66] Synthetic seed20000_sample3595 kang_sparse_2015_adaptation: K=7 MSE=4.1529214239795014e-05 time=1326.7 ms ok
[4/66] Synthetic seed20000_sample3595 luo_linf_de_2022_adaptation: K=7 MSE=8.465364829312557e-05 time=3063.4 ms ok
[5/66] Synthetic seed20000_sample3602 ours: K=12 MSE=8.179561377503947e-06 time=8.3 ms ok
[5/66] Synthetic seed20000_sample3602 park_dominant_point_2007_adaptation: K=25 MSE=4.147229047651924e-05 time=32.3 ms ok
[5/66] Synthetic seed20000_sample3602 liang_feature_iki_2017_adaptation: K=22 MSE=3.59222291393476e-05 time=23.9 ms ok
[5/66] Synthetic seed20000_sample3602 dung_direct_knot_2017_adaptation: K=7 MSE=0.002244377360149217 time=129.0 ms ok
[5/66] Synthetic seed20000_sample3602 kang_sparse_2015_adaptation: K=8 MSE=3.573800727270141e-05 time=1341.7 ms ok
[5/66] Synthetic seed20000_sample3602 luo_linf_de_2022_adaptation: K=15 MSE=3.113671637219891e-05 time=3527.3 ms ok
[6/66] Synthetic seed20000_sample617 ours: K=12 MSE=1.707232275033472e-05 time=8.2 ms ok
[6/66] Synthetic seed20000_sample617 park_dominant_point_2007_adaptation: K=16 MSE=4.843726423846945e-05 time=19.9 ms ok
[6/66] Synthetic seed20000_sample617 liang_feature_iki_2017_adaptation: K=19 MSE=3.571740712214115e-05 time=20.2 ms ok
[6/66] Synthetic seed20000_sample617 dung_direct_knot_2017_adaptation: K=6 MSE=0.0016148004532140839 time=157.5 ms ok
[6/66] Synthetic seed20000_sample617 kang_sparse_2015_adaptation: K=8 MSE=4.4026707693641896e-05 time=1290.6 ms ok
[6/66] Synthetic seed20000_sample617 luo_linf_de_2022_adaptation: K=12 MSE=3.92486252444164e-05 time=3460.3 ms ok
[7/66] Synthetic seed20000_sample3494 ours: K=14 MSE=1.2046114713213666e-05 time=8.3 ms ok
[7/66] Synthetic seed20000_sample3494 park_dominant_point_2007_adaptation: K=22 MSE=4.566289454264154e-05 time=27.8 ms ok
[7/66] Synthetic seed20000_sample3494 liang_feature_iki_2017_adaptation: K=25 MSE=4.6119808772159884e-05 time=27.4 ms ok
[7/66] Synthetic seed20000_sample3494 dung_direct_knot_2017_adaptation: K=7 MSE=0.0022717491457686745 time=187.9 ms ok
[7/66] Synthetic seed20000_sample3494 kang_sparse_2015_adaptation: K=11 MSE=5.218359619716021e-05 time=1230.1 ms ok
[7/66] Synthetic seed20000_sample3494 luo_linf_de_2022_adaptation: K=15 MSE=7.49727972393485e-05 time=3429.9 ms ok
[8/66] Synthetic seed20000_sample1758 ours: K=14 MSE=1.052559677585065e-05 time=8.2 ms ok
[8/66] Synthetic seed20000_sample1758 park_dominant_point_2007_adaptation: K=31 MSE=3.564875603788167e-05 time=41.5 ms ok
[8/66] Synthetic seed20000_sample1758 liang_feature_iki_2017_adaptation: K=23 MSE=3.3756919057866974e-05 time=25.2 ms ok
[8/66] Synthetic seed20000_sample1758 dung_direct_knot_2017_adaptation: K=8 MSE=0.001982398591386855 time=176.8 ms ok
[8/66] Synthetic seed20000_sample1758 kang_sparse_2015_adaptation: K=11 MSE=3.905188246319144e-05 time=1274.0 ms ok
[8/66] Synthetic seed20000_sample1758 luo_linf_de_2022_adaptation: K=19 MSE=2.1016446930203492e-05 time=3303.1 ms ok
[9/66] Synthetic seed20000_sample1236 ours: K=15 MSE=2.034653623551352e-05 time=8.2 ms ok
[9/66] Synthetic seed20000_sample1236 park_dominant_point_2007_adaptation: K=32 MSE=3.672233684017659e-05 time=43.1 ms ok
[9/66] Synthetic seed20000_sample1236 liang_feature_iki_2017_adaptation: K=23 MSE=4.974160056862883e-05 time=25.1 ms ok
[9/66] Synthetic seed20000_sample1236 dung_direct_knot_2017_adaptation: K=9 MSE=0.0019181997590043541 time=190.2 ms ok
[9/66] Synthetic seed20000_sample1236 kang_sparse_2015_adaptation: K=11 MSE=5.981129017333897e-05 time=1220.8 ms ok
[9/66] Synthetic seed20000_sample1236 luo_linf_de_2022_adaptation: K=13 MSE=8.624772173419601e-05 time=3490.5 ms ok
[10/66] Synthetic seed20000_sample194 ours: K=14 MSE=4.1592962334106456e-05 time=8.2 ms ok
[10/66] Synthetic seed20000_sample194 park_dominant_point_2007_adaptation: K=37 MSE=3.388892005691465e-05 time=51.5 ms ok
[10/66] Synthetic seed20000_sample194 liang_feature_iki_2017_adaptation: K=21 MSE=4.5958494774607863e-05 time=22.5 ms ok
[10/66] Synthetic seed20000_sample194 dung_direct_knot_2017_adaptation: K=8 MSE=0.0015810301698759167 time=141.9 ms ok
[10/66] Synthetic seed20000_sample194 kang_sparse_2015_adaptation: K=10 MSE=4.478739836017866e-05 time=1263.6 ms ok
[10/66] Synthetic seed20000_sample194 luo_linf_de_2022_adaptation: K=18 MSE=3.76687806412718e-05 time=3560.4 ms ok
[11/66] Synthetic seed20000_sample365 ours: K=16 MSE=4.444573860865886e-05 time=8.3 ms ok
[11/66] Synthetic seed20000_sample365 park_dominant_point_2007_adaptation: K=28 MSE=4.181496103389549e-05 time=36.9 ms ok
[11/66] Synthetic seed20000_sample365 liang_feature_iki_2017_adaptation: K=25 MSE=4.412355138496647e-05 time=27.8 ms ok
[11/66] Synthetic seed20000_sample365 dung_direct_knot_2017_adaptation: K=10 MSE=0.0018452598416373856 time=209.5 ms ok
[11/66] Synthetic seed20000_sample365 kang_sparse_2015_adaptation: K=12 MSE=4.888326900775828e-05 time=1224.4 ms ok
[11/66] Synthetic seed20000_sample365 luo_linf_de_2022_adaptation: K=8 MSE=0.0028711882469158387 time=3359.4 ms ok
[12/66] Synthetic seed20000_sample3465 ours: K=15 MSE=7.063181113329074e-05 time=8.2 ms ok
[12/66] Synthetic seed20000_sample3465 park_dominant_point_2007_adaptation: K=30 MSE=2.8114829924335586e-05 time=39.9 ms ok
[12/66] Synthetic seed20000_sample3465 liang_feature_iki_2017_adaptation: K=24 MSE=4.594617655224913e-05 time=26.3 ms ok
[12/66] Synthetic seed20000_sample3465 dung_direct_knot_2017_adaptation: K=10 MSE=0.000886974177287563 time=214.5 ms ok
[12/66] Synthetic seed20000_sample3465 kang_sparse_2015_adaptation: K=12 MSE=7.2053783477708e-05 time=1179.4 ms ok
[12/66] Synthetic seed20000_sample3465 luo_linf_de_2022_adaptation: K=12 MSE=0.00019502035066686668 time=3370.3 ms ok
[13/66] Synthetic seed20000_sample2797 ours: K=18 MSE=3.0049384570042762e-05 time=8.3 ms ok
[13/66] Synthetic seed20000_sample2797 park_dominant_point_2007_adaptation: K=48 MSE=3.230990384433904e-05 time=72.3 ms ok
[13/66] Synthetic seed20000_sample2797 liang_feature_iki_2017_adaptation: K=25 MSE=4.7477108458469907e-05 time=27.7 ms ok
[13/66] Synthetic seed20000_sample2797 dung_direct_knot_2017_adaptation: K=11 MSE=0.000843299261702294 time=240.8 ms ok
[13/66] Synthetic seed20000_sample2797 kang_sparse_2015_adaptation: K=13 MSE=5.2714349479333836e-05 time=1245.9 ms ok
[13/66] Synthetic seed20000_sample2797 luo_linf_de_2022_adaptation: K=11 MSE=0.000523854903851328 time=3220.0 ms ok
[14/66] Synthetic seed20000_sample1930 ours: K=18 MSE=2.1553247402235148e-05 time=8.3 ms ok
[14/66] Synthetic seed20000_sample1930 park_dominant_point_2007_adaptation: K=30 MSE=4.4928647909754094e-05 time=39.9 ms ok
[14/66] Synthetic seed20000_sample1930 liang_feature_iki_2017_adaptation: K=29 MSE=4.61609165460771e-05 time=32.8 ms ok
[14/66] Synthetic seed20000_sample1930 dung_direct_knot_2017_adaptation: K=11 MSE=0.0010924700980898914 time=237.4 ms ok
[14/66] Synthetic seed20000_sample1930 kang_sparse_2015_adaptation: K=14 MSE=4.5224406388351125e-05 time=1204.9 ms ok
[14/66] Synthetic seed20000_sample1930 luo_linf_de_2022_adaptation: K=14 MSE=8.001931996188814e-05 time=3440.8 ms ok
[15/66] Synthetic seed20000_sample2097 ours: K=21 MSE=9.457101909732182e-06 time=8.4 ms ok
[15/66] Synthetic seed20000_sample2097 park_dominant_point_2007_adaptation: K=35 MSE=4.7120921146647995e-05 time=48.2 ms ok
[15/66] Synthetic seed20000_sample2097 liang_feature_iki_2017_adaptation: K=29 MSE=4.960351547745953e-05 time=32.9 ms ok
[15/66] Synthetic seed20000_sample2097 dung_direct_knot_2017_adaptation: K=11 MSE=0.0010875519071405933 time=264.6 ms ok
[15/66] Synthetic seed20000_sample2097 kang_sparse_2015_adaptation: K=15 MSE=5.5781349269184965e-05 time=1183.5 ms ok
[15/66] Synthetic seed20000_sample2097 luo_linf_de_2022_adaptation: K=5 MSE=0.003216181865402321 time=3410.8 ms ok
[16/66] Synthetic seed20000_sample4016 ours: K=20 MSE=3.419910462664941e-05 time=8.3 ms ok
[16/66] Synthetic seed20000_sample4016 park_dominant_point_2007_adaptation: K=39 MSE=3.159983408185893e-05 time=55.3 ms ok
[16/66] Synthetic seed20000_sample4016 liang_feature_iki_2017_adaptation: K=33 MSE=4.301089474606398e-05 time=38.0 ms ok
[16/66] Synthetic seed20000_sample4016 dung_direct_knot_2017_adaptation: K=12 MSE=0.0007378550340054208 time=308.5 ms ok
[16/66] Synthetic seed20000_sample4016 kang_sparse_2015_adaptation: K=8 MSE=0.0024610337264708757 time=1065.1 ms ok
[16/66] Synthetic seed20000_sample4016 luo_linf_de_2022_adaptation: K=11 MSE=0.0018184045236451403 time=3558.6 ms ok
[17/66] Synthetic seed20000_sample1601 ours: K=23 MSE=1.8220394705461212e-05 time=8.3 ms ok
[17/66] Synthetic seed20000_sample1601 park_dominant_point_2007_adaptation: K=45 MSE=3.991065507018879e-05 time=66.5 ms ok
[17/66] Synthetic seed20000_sample1601 liang_feature_iki_2017_adaptation: K=30 MSE=4.7003001855668116e-05 time=34.3 ms ok
[17/66] Synthetic seed20000_sample1601 dung_direct_knot_2017_adaptation: K=13 MSE=0.0005924474733836398 time=324.0 ms ok
[17/66] Synthetic seed20000_sample1601 kang_sparse_2015_adaptation: K=9 MSE=0.0028229643958834743 time=1085.9 ms ok
[17/66] Synthetic seed20000_sample1601 luo_linf_de_2022_adaptation: K=11 MSE=0.0026494160889378587 time=3539.9 ms ok
[18/66] Synthetic seed20000_sample764 ours: K=21 MSE=1.780439138314756e-05 time=8.4 ms ok
[18/66] Synthetic seed20000_sample764 park_dominant_point_2007_adaptation: K=37 MSE=4.828536894413847e-05 time=51.6 ms ok
[18/66] Synthetic seed20000_sample764 liang_feature_iki_2017_adaptation: K=34 MSE=4.860911857660098e-05 time=39.3 ms ok
[18/66] Synthetic seed20000_sample764 dung_direct_knot_2017_adaptation: K=13 MSE=0.001616031290124025 time=313.7 ms ok
[18/66] Synthetic seed20000_sample764 kang_sparse_2015_adaptation: K=8 MSE=0.0024767962224150008 time=1064.4 ms ok
[18/66] Synthetic seed20000_sample764 luo_linf_de_2022_adaptation: K=12 MSE=0.002315892259805512 time=3502.7 ms ok
[19/66] Synthetic seed20000_sample3366 ours: K=23 MSE=2.8142714057421786e-05 time=8.4 ms ok
[19/66] Synthetic seed20000_sample3366 park_dominant_point_2007_adaptation: K=35 MSE=4.690888385634972e-05 time=48.4 ms ok
[19/66] Synthetic seed20000_sample3366 liang_feature_iki_2017_adaptation: K=33 MSE=4.7611056230637905e-05 time=38.0 ms ok
[19/66] Synthetic seed20000_sample3366 dung_direct_knot_2017_adaptation: K=13 MSE=0.0014300725132382521 time=339.2 ms ok
[19/66] Synthetic seed20000_sample3366 kang_sparse_2015_adaptation: K=1 MSE=0.005324709764471453 time=909.3 ms ok
[19/66] Synthetic seed20000_sample3366 luo_linf_de_2022_adaptation: K=13 MSE=0.0019006488352554989 time=3428.6 ms ok
[20/66] Synthetic seed20000_sample2996 ours: K=25 MSE=1.627828604293926e-05 time=8.4 ms ok
[20/66] Synthetic seed20000_sample2996 park_dominant_point_2007_adaptation: K=47 MSE=4.567873393618622e-05 time=70.2 ms ok
[20/66] Synthetic seed20000_sample2996 liang_feature_iki_2017_adaptation: K=35 MSE=4.960119934327063e-05 time=41.0 ms ok
[20/66] Synthetic seed20000_sample2996 dung_direct_knot_2017_adaptation: K=14 MSE=0.0006341945768166261 time=376.6 ms ok
[20/66] Synthetic seed20000_sample2996 kang_sparse_2015_adaptation: K=1 MSE=0.005993870260607273 time=488.6 ms ok
[20/66] Synthetic seed20000_sample2996 luo_linf_de_2022_adaptation: K=11 MSE=0.0031901609818982186 time=3287.8 ms ok
[21/66] Synthetic seed20000_sample2204 ours: K=24 MSE=4.028319438017522e-05 time=8.4 ms ok
[21/66] Synthetic seed20000_sample2204 park_dominant_point_2007_adaptation: K=33 MSE=4.691020357797985e-05 time=44.8 ms ok
[21/66] Synthetic seed20000_sample2204 liang_feature_iki_2017_adaptation: K=31 MSE=4.897838181266423e-05 time=35.2 ms ok
[21/66] Synthetic seed20000_sample2204 dung_direct_knot_2017_adaptation: K=14 MSE=0.0011801832111046635 time=342.9 ms ok
[21/66] Synthetic seed20000_sample2204 kang_sparse_2015_adaptation: K=1 MSE=0.004751094257265504 time=856.7 ms ok
[21/66] Synthetic seed20000_sample2204 luo_linf_de_2022_adaptation: K=12 MSE=0.002357027657497563 time=3468.0 ms ok
[22/66] Synthetic seed20000_sample3084 ours: K=25 MSE=1.8855527332930603e-05 time=8.4 ms ok
[22/66] Synthetic seed20000_sample3084 park_dominant_point_2007_adaptation: K=43 MSE=3.935832401659854e-05 time=62.9 ms ok
[22/66] Synthetic seed20000_sample3084 liang_feature_iki_2017_adaptation: K=33 MSE=4.7340338377594916e-05 time=38.3 ms ok
[22/66] Synthetic seed20000_sample3084 dung_direct_knot_2017_adaptation: K=16 MSE=0.00011384950866415123 time=382.2 ms ok
[22/66] Synthetic seed20000_sample3084 kang_sparse_2015_adaptation: K=2 MSE=0.004342047311832222 time=498.2 ms ok
[22/66] Synthetic seed20000_sample3084 luo_linf_de_2022_adaptation: K=13 MSE=0.0027886636514524617 time=3390.3 ms ok
[23/66] Synthetic seed20000_sample961 ours: K=26 MSE=2.060012744935397e-05 time=8.4 ms ok
[23/66] Synthetic seed20000_sample961 park_dominant_point_2007_adaptation: K=47 MSE=4.671473689740088e-05 time=71.2 ms ok
[23/66] Synthetic seed20000_sample961 liang_feature_iki_2017_adaptation: K=40 MSE=4.8832011208418406e-05 time=48.1 ms ok
[23/66] Synthetic seed20000_sample961 dung_direct_knot_2017_adaptation: K=16 MSE=0.0007897772831599329 time=452.9 ms ok
[23/66] Synthetic seed20000_sample961 kang_sparse_2015_adaptation: K=2 MSE=0.004343420565828247 time=502.5 ms ok
[23/66] Synthetic seed20000_sample961 luo_linf_de_2022_adaptation: K=15 MSE=0.0019244203276347794 time=3229.6 ms ok
[24/66] Synthetic seed20000_sample3684 ours: K=28 MSE=2.089115876999658e-05 time=8.5 ms ok
[24/66] Synthetic seed20000_sample3684 park_dominant_point_2007_adaptation: K=41 MSE=4.645900805466397e-05 time=59.8 ms ok
[24/66] Synthetic seed20000_sample3684 liang_feature_iki_2017_adaptation: K=36 MSE=4.78430832735826e-05 time=42.2 ms ok
[24/66] Synthetic seed20000_sample3684 dung_direct_knot_2017_adaptation: K=16 MSE=0.00048448997313734615 time=466.7 ms ok
[24/66] Synthetic seed20000_sample3684 kang_sparse_2015_adaptation: K=2 MSE=0.00486101171012356 time=501.3 ms ok
[24/66] Synthetic seed20000_sample3684 luo_linf_de_2022_adaptation: K=11 MSE=0.002249017509740047 time=2940.4 ms ok
[25/66] Synthetic seed20000_sample3248 ours: K=28 MSE=3.148235892039528e-05 time=8.5 ms ok
[25/66] Synthetic seed20000_sample3248 park_dominant_point_2007_adaptation: K=40 MSE=4.920329012122633e-05 time=56.9 ms ok
[25/66] Synthetic seed20000_sample3248 liang_feature_iki_2017_adaptation: K=44 MSE=4.5782229521594543e-05 time=54.1 ms ok
[25/66] Synthetic seed20000_sample3248 dung_direct_knot_2017_adaptation: K=17 MSE=0.0003497445954458397 time=504.1 ms ok
[25/66] Synthetic seed20000_sample3248 kang_sparse_2015_adaptation: K=1 MSE=0.006358934652147467 time=494.8 ms ok
[25/66] Synthetic seed20000_sample3248 luo_linf_de_2022_adaptation: K=3 MSE=0.005133404747970214 time=2893.4 ms ok
[26/66] Synthetic seed20000_sample278 ours: K=28 MSE=2.3777254575224978e-05 time=8.6 ms ok
[26/66] Synthetic seed20000_sample278 park_dominant_point_2007_adaptation: K=41 MSE=4.674562365263001e-05 time=59.2 ms ok
[26/66] Synthetic seed20000_sample278 liang_feature_iki_2017_adaptation: K=40 MSE=4.9118081570768816e-05 time=48.1 ms ok
[26/66] Synthetic seed20000_sample278 dung_direct_knot_2017_adaptation: K=17 MSE=0.0006104156163187503 time=491.3 ms ok
[26/66] Synthetic seed20000_sample278 kang_sparse_2015_adaptation: K=1 MSE=0.007195113295217002 time=493.3 ms ok
[26/66] Synthetic seed20000_sample278 luo_linf_de_2022_adaptation: K=15 MSE=0.0030299627336102604 time=3204.7 ms ok
[27/66] Synthetic seed20000_sample2753 ours: K=29 MSE=2.210401281742375e-05 time=8.4 ms ok
[27/66] Synthetic seed20000_sample2753 park_dominant_point_2007_adaptation: K=44 MSE=4.782038946511774e-05 time=65.5 ms ok
[27/66] Synthetic seed20000_sample2753 liang_feature_iki_2017_adaptation: K=34 MSE=4.923706914444707e-05 time=39.6 ms ok
[27/66] Synthetic seed20000_sample2753 dung_direct_knot_2017_adaptation: K=18 MSE=0.0007313014502418686 time=468.3 ms ok
[27/66] Synthetic seed20000_sample2753 kang_sparse_2015_adaptation: K=2 MSE=0.004166343482835099 time=502.7 ms ok
[27/66] Synthetic seed20000_sample2753 luo_linf_de_2022_adaptation: K=15 MSE=0.0023545831027287044 time=2992.1 ms ok
[28/66] Synthetic seed20000_sample2138 ours: K=30 MSE=2.1499553783760594e-05 time=8.4 ms ok
[28/66] Synthetic seed20000_sample2138 park_dominant_point_2007_adaptation: K=39 MSE=4.7088847249228065e-05 time=56.1 ms ok
[28/66] Synthetic seed20000_sample2138 liang_feature_iki_2017_adaptation: K=44 MSE=4.6536685226712004e-05 time=54.2 ms ok
[28/66] Synthetic seed20000_sample2138 dung_direct_knot_2017_adaptation: K=18 MSE=0.0005819984673513756 time=464.7 ms ok
[28/66] Synthetic seed20000_sample2138 kang_sparse_2015_adaptation: K=2 MSE=0.004203334444692556 time=494.9 ms ok
[28/66] Synthetic seed20000_sample2138 luo_linf_de_2022_adaptation: K=11 MSE=0.0026236100872819314 time=2840.3 ms ok
[29/66] Synthetic seed20000_sample731 ours: K=32 MSE=2.4574737166963765e-05 time=8.4 ms ok
[29/66] Synthetic seed20000_sample731 park_dominant_point_2007_adaptation: K=44 MSE=4.873538007041669e-05 time=65.7 ms ok
[29/66] Synthetic seed20000_sample731 liang_feature_iki_2017_adaptation: K=42 MSE=4.839457360504076e-05 time=51.2 ms ok
[29/66] Synthetic seed20000_sample731 dung_direct_knot_2017_adaptation: K=19 MSE=0.000580114246809275 time=561.4 ms ok
[29/66] Synthetic seed20000_sample731 kang_sparse_2015_adaptation: K=1 MSE=0.005429784496037822 time=487.8 ms ok
[29/66] Synthetic seed20000_sample731 luo_linf_de_2022_adaptation: K=7 MSE=0.004188734902544484 time=2900.9 ms ok
[30/66] Synthetic seed20000_sample1405 ours: K=32 MSE=2.341512789499493e-05 time=8.5 ms ok
[30/66] Synthetic seed20000_sample1405 park_dominant_point_2007_adaptation: K=45 MSE=4.8782122807524276e-05 time=70.9 ms ok
[30/66] Synthetic seed20000_sample1405 liang_feature_iki_2017_adaptation: K=41 MSE=4.634143108825687e-05 time=50.1 ms ok
[30/66] Synthetic seed20000_sample1405 dung_direct_knot_2017_adaptation: K=19 MSE=0.0004771453688971466 time=546.2 ms ok
[30/66] Synthetic seed20000_sample1405 kang_sparse_2015_adaptation: K=6 MSE=0.00416603224099516 time=564.3 ms ok
[30/66] Synthetic seed20000_sample1405 luo_linf_de_2022_adaptation: K=7 MSE=0.0041469037961430555 time=2647.1 ms ok
[31/66] Synthetic seed20000_sample937 ours: K=32 MSE=2.0891204079874192e-05 time=8.5 ms ok
[31/66] Synthetic seed20000_sample937 park_dominant_point_2007_adaptation: K=44 MSE=4.854316012668141e-05 time=66.1 ms ok
[31/66] Synthetic seed20000_sample937 liang_feature_iki_2017_adaptation: K=42 MSE=4.379774796358651e-05 time=51.1 ms ok
[31/66] Synthetic seed20000_sample937 dung_direct_knot_2017_adaptation: K=19 MSE=0.0008270795371236435 time=495.2 ms ok
[31/66] Synthetic seed20000_sample937 kang_sparse_2015_adaptation: K=1 MSE=0.006141911488956303 time=491.5 ms ok
[31/66] Synthetic seed20000_sample937 luo_linf_de_2022_adaptation: K=11 MSE=0.0028219426375033084 time=2950.5 ms ok
[32/66] Synthetic seed20000_sample3396 ours: K=32 MSE=2.2339589656303928e-05 time=8.5 ms ok
[32/66] Synthetic seed20000_sample3396 park_dominant_point_2007_adaptation: K=44 MSE=4.9490318814138645e-05 time=69.3 ms ok
[32/66] Synthetic seed20000_sample3396 liang_feature_iki_2017_adaptation: K=48 MSE=4.718440606416024e-05 time=61.0 ms ok
[32/66] Synthetic seed20000_sample3396 dung_direct_knot_2017_adaptation: K=20 MSE=0.0004643363496848332 time=573.7 ms ok
[32/66] Synthetic seed20000_sample3396 kang_sparse_2015_adaptation: K=1 MSE=0.006255866452013762 time=488.0 ms ok
[32/66] Synthetic seed20000_sample3396 luo_linf_de_2022_adaptation: K=10 MSE=0.003976024924896082 time=2238.5 ms ok
[33/66] Synthetic seed20000_sample496 ours: K=33 MSE=2.4354128087547412e-05 time=8.5 ms ok
[33/66] Synthetic seed20000_sample496 park_dominant_point_2007_adaptation: K=40 MSE=4.961606685782859e-05 time=61.7 ms ok
[33/66] Synthetic seed20000_sample496 liang_feature_iki_2017_adaptation: K=49 MSE=4.586022046621576e-05 time=62.4 ms ok
[33/66] Synthetic seed20000_sample496 dung_direct_knot_2017_adaptation: K=21 MSE=0.0004623728852401723 time=618.4 ms ok
[33/66] Synthetic seed20000_sample496 kang_sparse_2015_adaptation: K=1 MSE=0.00597695793991018 time=488.8 ms ok
[33/66] Synthetic seed20000_sample496 luo_linf_de_2022_adaptation: K=15 MSE=0.0033482516752721693 time=3018.0 ms ok
[34/66] Synthetic seed20000_sample981 ours: K=34 MSE=1.721214165238668e-05 time=8.5 ms ok
[34/66] Synthetic seed20000_sample981 park_dominant_point_2007_adaptation: K=41 MSE=4.932172509526636e-05 time=62.7 ms ok
[34/66] Synthetic seed20000_sample981 liang_feature_iki_2017_adaptation: K=48 MSE=4.683189337706203e-05 time=60.6 ms ok
[34/66] Synthetic seed20000_sample981 dung_direct_knot_2017_adaptation: K=21 MSE=0.0005430461050406859 time=619.1 ms ok
[34/66] Synthetic seed20000_sample981 kang_sparse_2015_adaptation: K=2 MSE=0.004271994258132053 time=495.3 ms ok
[34/66] Synthetic seed20000_sample981 luo_linf_de_2022_adaptation: K=5 MSE=0.003855658820164535 time=2443.5 ms ok
[35/66] Synthetic seed20000_sample3769 ours: K=37 MSE=2.5029229519427234e-05 time=8.5 ms ok
[35/66] Synthetic seed20000_sample3769 park_dominant_point_2007_adaptation: K=50 MSE=4.905502539170452e-05 time=85.7 ms ok
[35/66] Synthetic seed20000_sample3769 liang_feature_iki_2017_adaptation: K=48 MSE=4.8863649145589776e-05 time=61.1 ms ok
[35/66] Synthetic seed20000_sample3769 dung_direct_knot_2017_adaptation: K=22 MSE=0.000675546395142564 time=641.0 ms ok
[35/66] Synthetic seed20000_sample3769 kang_sparse_2015_adaptation: K=1 MSE=0.0063990001810238775 time=488.5 ms ok
[35/66] Synthetic seed20000_sample3769 luo_linf_de_2022_adaptation: K=9 MSE=0.004047819763645569 time=2198.6 ms ok
[36/66] Synthetic seed20000_sample1922 ours: K=35 MSE=4.4561589332442475e-05 time=8.5 ms ok
[36/66] Synthetic seed20000_sample1922 park_dominant_point_2007_adaptation: K=47 MSE=4.977549022512701e-05 time=78.7 ms ok
[36/66] Synthetic seed20000_sample1922 liang_feature_iki_2017_adaptation: K=47 MSE=4.983551673210033e-05 time=59.5 ms ok
[36/66] Synthetic seed20000_sample1922 dung_direct_knot_2017_adaptation: K=22 MSE=0.00047616663107014214 time=602.1 ms ok
[36/66] Synthetic seed20000_sample1922 kang_sparse_2015_adaptation: K=1 MSE=0.005594778713101367 time=492.4 ms ok
[36/66] Synthetic seed20000_sample1922 luo_linf_de_2022_adaptation: K=15 MSE=0.0034914154175579256 time=2492.6 ms ok
[37/66] Synthetic seed20000_sample1306 ours: K=39 MSE=2.4581809831487965e-05 time=8.6 ms ok
[37/66] Synthetic seed20000_sample1306 park_dominant_point_2007_adaptation: K=53 MSE=4.887701564033715e-05 time=94.5 ms ok
[37/66] Synthetic seed20000_sample1306 liang_feature_iki_2017_adaptation: K=55 MSE=4.78242694713029e-05 time=71.8 ms ok
[37/66] Synthetic seed20000_sample1306 dung_direct_knot_2017_adaptation: K=23 MSE=0.0006471665948231783 time=657.5 ms ok
[37/66] Synthetic seed20000_sample1306 kang_sparse_2015_adaptation: K=2 MSE=0.005480910967301207 time=500.8 ms ok
[37/66] Synthetic seed20000_sample1306 luo_linf_de_2022_adaptation: K=8 MSE=0.004400248578008757 time=1952.6 ms ok
[38/66] Synthetic seed20000_sample2647 ours: K=38 MSE=5.065428924231135e-05 time=8.6 ms ok
[38/66] Synthetic seed20000_sample2647 park_dominant_point_2007_adaptation: K=48 MSE=4.899796578968382e-05 time=79.1 ms ok
[38/66] Synthetic seed20000_sample2647 liang_feature_iki_2017_adaptation: K=53 MSE=4.6138828014265406e-05 time=68.6 ms ok
[38/66] Synthetic seed20000_sample2647 dung_direct_knot_2017_adaptation: K=22 MSE=0.0007476697571324303 time=659.1 ms ok
[38/66] Synthetic seed20000_sample2647 kang_sparse_2015_adaptation: K=2 MSE=0.0045297470960563415 time=493.3 ms ok
[38/66] Synthetic seed20000_sample2647 luo_linf_de_2022_adaptation: K=14 MSE=0.0032049645843498023 time=1837.6 ms ok
[39/66] Synthetic seed20000_sample2880 ours: K=40 MSE=1.4815549771204396e-05 time=8.6 ms ok
[39/66] Synthetic seed20000_sample2880 park_dominant_point_2007_adaptation: K=52 MSE=4.805300977555484e-05 time=90.2 ms ok
[39/66] Synthetic seed20000_sample2880 liang_feature_iki_2017_adaptation: K=61 MSE=4.928712207509977e-05 time=82.0 ms ok
[39/66] Synthetic seed20000_sample2880 dung_direct_knot_2017_adaptation: K=24 MSE=0.0005714805517806594 time=705.6 ms ok
[39/66] Synthetic seed20000_sample2880 kang_sparse_2015_adaptation: K=5 MSE=0.004505549543397983 time=530.8 ms ok
[39/66] Synthetic seed20000_sample2880 luo_linf_de_2022_adaptation: K=4 MSE=0.00422771367290978 time=1462.6 ms ok
[40/66] Synthetic seed20000_sample1149 ours: K=39 MSE=2.6374835892247633e-05 time=8.6 ms ok
[40/66] Synthetic seed20000_sample1149 park_dominant_point_2007_adaptation: K=56 MSE=4.9259449098744714e-05 time=98.6 ms ok
[40/66] Synthetic seed20000_sample1149 liang_feature_iki_2017_adaptation: K=59 MSE=4.896077562190911e-05 time=78.6 ms ok
[40/66] Synthetic seed20000_sample1149 dung_direct_knot_2017_adaptation: K=23 MSE=0.0009075849955034614 time=671.5 ms ok
[40/66] Synthetic seed20000_sample1149 kang_sparse_2015_adaptation: K=2 MSE=0.005432356541243004 time=23.3 ms ok
[40/66] Synthetic seed20000_sample1149 luo_linf_de_2022_adaptation: K=1 MSE=0.0070698282646074395 time=524.1 ms ok
[41/66] Synthetic seed20000_sample650 ours: K=40 MSE=3.992455804740241e-05 time=8.6 ms ok
[41/66] Synthetic seed20000_sample650 park_dominant_point_2007_adaptation: K=50 MSE=4.8916399249407214e-05 time=86.6 ms ok
[41/66] Synthetic seed20000_sample650 liang_feature_iki_2017_adaptation: K=55 MSE=4.9784906789086734e-05 time=72.2 ms ok
[41/66] Synthetic seed20000_sample650 dung_direct_knot_2017_adaptation: K=25 MSE=0.0005702406021066278 time=691.7 ms ok
[41/66] Synthetic seed20000_sample650 kang_sparse_2015_adaptation: K=4 MSE=0.004408522519104996 time=532.8 ms ok
[41/66] Synthetic seed20000_sample650 luo_linf_de_2022_adaptation: K=2 MSE=0.004728087702601366 time=1517.6 ms ok
[42/66] Synthetic seed20000_sample2103 ours: K=41 MSE=3.6356258690328255e-05 time=8.6 ms ok
[42/66] Synthetic seed20000_sample2103 park_dominant_point_2007_adaptation: K=53 MSE=4.89480889194634e-05 time=93.2 ms ok
[42/66] Synthetic seed20000_sample2103 liang_feature_iki_2017_adaptation: K=57 MSE=4.874350269926583e-05 time=75.4 ms ok
[42/66] Synthetic seed20000_sample2103 dung_direct_knot_2017_adaptation: K=25 MSE=0.00035669969395639656 time=720.5 ms ok
[42/66] Synthetic seed20000_sample2103 kang_sparse_2015_adaptation: K=1 MSE=0.0073722093231152535 time=11.5 ms ok
[42/66] Synthetic seed20000_sample2103 luo_linf_de_2022_adaptation: K=1 MSE=0.008251329295825864 time=524.1 ms ok
[43/66] UJI uji2_07539_stroke_00 ours: K=22 MSE=7.603273227019576e-06 time=8.4 ms ok
[43/66] UJI uji2_07539_stroke_00 park_dominant_point_2007_adaptation: K=5 MSE=2.6974689862313013e-05 time=7.3 ms ok
[43/66] UJI uji2_07539_stroke_00 liang_feature_iki_2017_adaptation: K=4 MSE=4.1324238175380696e-05 time=4.4 ms ok
[43/66] UJI uji2_07539_stroke_00 dung_direct_knot_2017_adaptation: K=3 MSE=0.00016794935805690696 time=74.0 ms ok
[43/66] UJI uji2_07539_stroke_00 kang_sparse_2015_adaptation: K=5 MSE=2.7753460393151882e-05 time=1381.6 ms ok
[43/66] UJI uji2_07539_stroke_00 luo_linf_de_2022_adaptation: K=3 MSE=6.140966837044755e-05 time=3082.8 ms ok
[44/66] UJI uji2_08691_stroke_00 ours: K=16 MSE=1.5958151983372057e-05 time=8.1 ms ok
[44/66] UJI uji2_08691_stroke_00 park_dominant_point_2007_adaptation: K=13 MSE=4.088330288546689e-05 time=16.2 ms ok
[44/66] UJI uji2_08691_stroke_00 liang_feature_iki_2017_adaptation: K=8 MSE=4.8758161278215375e-05 time=8.5 ms ok
[44/66] UJI uji2_08691_stroke_00 dung_direct_knot_2017_adaptation: K=4 MSE=0.0006259869886449837 time=122.7 ms ok
[44/66] UJI uji2_08691_stroke_00 kang_sparse_2015_adaptation: K=8 MSE=6.10964653516768e-05 time=1306.0 ms ok
[44/66] UJI uji2_08691_stroke_00 luo_linf_de_2022_adaptation: K=4 MSE=0.00035570447075959475 time=2995.6 ms ok
[45/66] UJI uji2_05687_stroke_00 ours: K=30 MSE=9.655023879650007e-05 time=8.4 ms ok
[45/66] UJI uji2_05687_stroke_00 park_dominant_point_2007_adaptation: K=16 MSE=4.634629259918171e-05 time=19.8 ms ok
[45/66] UJI uji2_05687_stroke_00 liang_feature_iki_2017_adaptation: K=11 MSE=3.453569503440306e-05 time=11.5 ms ok
[45/66] UJI uji2_05687_stroke_00 dung_direct_knot_2017_adaptation: K=7 MSE=0.000576551171801072 time=180.9 ms ok
[45/66] UJI uji2_05687_stroke_00 kang_sparse_2015_adaptation: K=13 MSE=3.48628778639053e-05 time=1188.7 ms ok
[45/66] UJI uji2_05687_stroke_00 luo_linf_de_2022_adaptation: K=2 MSE=0.002845294191418348 time=2869.7 ms ok
[46/66] UJI uji2_09129_stroke_00 ours: K=21 MSE=2.9538631950822727e-05 time=8.4 ms ok
[46/66] UJI uji2_09129_stroke_00 park_dominant_point_2007_adaptation: K=21 MSE=4.846505839153951e-05 time=26.5 ms ok
[46/66] UJI uji2_09129_stroke_00 liang_feature_iki_2017_adaptation: K=18 MSE=4.790671543456434e-05 time=19.2 ms ok
[46/66] UJI uji2_09129_stroke_00 dung_direct_knot_2017_adaptation: K=4 MSE=0.003002821520845207 time=104.1 ms ok
[46/66] UJI uji2_09129_stroke_00 kang_sparse_2015_adaptation: K=12 MSE=3.070297900035254e-05 time=1245.7 ms ok
[46/66] UJI uji2_09129_stroke_00 luo_linf_de_2022_adaptation: K=5 MSE=0.0005002797983038455 time=2898.4 ms ok
[47/66] UJI uji2_02841_stroke_01 ours: K=23 MSE=1.2198633839568783e-05 time=8.4 ms ok
[47/66] UJI uji2_02841_stroke_01 park_dominant_point_2007_adaptation: K=3 MSE=3.966383149143293e-05 time=5.2 ms ok
[47/66] UJI uji2_02841_stroke_01 liang_feature_iki_2017_adaptation: K=4 MSE=2.1715195165633523e-05 time=4.4 ms ok
[47/66] UJI uji2_02841_stroke_01 dung_direct_knot_2017_adaptation: K=3 MSE=2.1114262825344873e-05 time=73.6 ms ok
[47/66] UJI uji2_02841_stroke_01 kang_sparse_2015_adaptation: K=1 MSE=2.5468342858689198e-05 time=1052.4 ms ok
[47/66] UJI uji2_02841_stroke_01 luo_linf_de_2022_adaptation: K=6 MSE=1.0770793308675968e-05 time=3291.6 ms ok
[48/66] UJI uji2_05191_stroke_01 ours: K=19 MSE=4.825783633678997e-06 time=8.4 ms ok
[48/66] UJI uji2_05191_stroke_01 park_dominant_point_2007_adaptation: K=3 MSE=2.6430742760420612e-05 time=5.3 ms ok
[48/66] UJI uji2_05191_stroke_01 liang_feature_iki_2017_adaptation: K=4 MSE=1.9079682687168787e-05 time=4.4 ms ok
[48/66] UJI uji2_05191_stroke_01 dung_direct_knot_2017_adaptation: K=3 MSE=2.0522469492194204e-05 time=72.2 ms ok
[48/66] UJI uji2_05191_stroke_01 kang_sparse_2015_adaptation: K=1 MSE=4.245518864115798e-05 time=1054.5 ms ok
[48/66] UJI uji2_05191_stroke_01 luo_linf_de_2022_adaptation: K=5 MSE=9.452173824490426e-06 time=3353.9 ms ok
[49/66] UJI uji2_10314_stroke_01 ours: K=27 MSE=3.304386567230673e-05 time=8.5 ms ok
[49/66] UJI uji2_10314_stroke_01 park_dominant_point_2007_adaptation: K=8 MSE=4.219221705969716e-05 time=10.6 ms ok
[49/66] UJI uji2_10314_stroke_01 liang_feature_iki_2017_adaptation: K=7 MSE=1.7848324232320984e-05 time=7.4 ms ok
[49/66] UJI uji2_10314_stroke_01 dung_direct_knot_2017_adaptation: K=3 MSE=0.00047421173832816227 time=57.7 ms ok
[49/66] UJI uji2_10314_stroke_01 kang_sparse_2015_adaptation: K=8 MSE=4.196024292322443e-05 time=1407.2 ms ok
[49/66] UJI uji2_10314_stroke_01 luo_linf_de_2022_adaptation: K=2 MSE=0.001175624178199916 time=3025.6 ms ok
[50/66] UJI uji2_02399_stroke_00 ours: K=17 MSE=1.5801530637044118e-05 time=8.2 ms ok
[50/66] UJI uji2_02399_stroke_00 park_dominant_point_2007_adaptation: K=4 MSE=3.57489294964973e-05 time=6.2 ms ok
[50/66] UJI uji2_02399_stroke_00 liang_feature_iki_2017_adaptation: K=4 MSE=1.709947953081124e-05 time=4.4 ms ok
[50/66] UJI uji2_02399_stroke_00 dung_direct_knot_2017_adaptation: K=2 MSE=0.00011754188406408766 time=56.9 ms ok
[50/66] UJI uji2_02399_stroke_00 kang_sparse_2015_adaptation: K=1 MSE=0.00010957914040881933 time=1061.4 ms ok
[50/66] UJI uji2_02399_stroke_00 luo_linf_de_2022_adaptation: K=3 MSE=2.217076062169844e-05 time=3163.2 ms ok
[51/66] NaturalEarth natural_earth_10m_coastline_625e1d04cc46_w000_625e1d04 ours: K=18 MSE=0.00020719099448521076 time=8.3 ms ok
[51/66] NaturalEarth natural_earth_10m_coastline_625e1d04cc46_w000_625e1d04 park_dominant_point_2007_adaptation: K=25 MSE=3.5223138028933076e-05 time=44.2 ms ok
[51/66] NaturalEarth natural_earth_10m_coastline_625e1d04cc46_w000_625e1d04 liang_feature_iki_2017_adaptation: K=24 MSE=4.810763602397905e-05 time=26.6 ms ok
[51/66] NaturalEarth natural_earth_10m_coastline_625e1d04cc46_w000_625e1d04 dung_direct_knot_2017_adaptation: K=9 MSE=0.00061025596555154 time=259.7 ms ok
[51/66] NaturalEarth natural_earth_10m_coastline_625e1d04cc46_w000_625e1d04 kang_sparse_2015_adaptation: K=9 MSE=0.002916694955479365 time=1007.0 ms ok
[51/66] NaturalEarth natural_earth_10m_coastline_625e1d04cc46_w000_625e1d04 luo_linf_de_2022_adaptation: K=10 MSE=0.00034397972160634093 time=3285.9 ms ok
[52/66] NaturalEarth natural_earth_10m_coastline_fc0054f439fb_w000_fc0054f4 ours: K=22 MSE=4.953096421864796e-05 time=8.4 ms ok
[52/66] NaturalEarth natural_earth_10m_coastline_fc0054f439fb_w000_fc0054f4 park_dominant_point_2007_adaptation: K=15 MSE=4.2341309451365235e-05 time=20.7 ms ok
[52/66] NaturalEarth natural_earth_10m_coastline_fc0054f439fb_w000_fc0054f4 liang_feature_iki_2017_adaptation: K=15 MSE=4.9836401953312474e-05 time=15.9 ms ok
[52/66] NaturalEarth natural_earth_10m_coastline_fc0054f439fb_w000_fc0054f4 dung_direct_knot_2017_adaptation: K=8 MSE=0.0007857325753857082 time=245.2 ms ok
[52/66] NaturalEarth natural_earth_10m_coastline_fc0054f439fb_w000_fc0054f4 kang_sparse_2015_adaptation: K=14 MSE=0.0002537961354145198 time=1162.1 ms ok
[52/66] NaturalEarth natural_earth_10m_coastline_fc0054f439fb_w000_fc0054f4 luo_linf_de_2022_adaptation: K=3 MSE=0.005481035647022868 time=3351.1 ms ok
[53/66] NaturalEarth natural_earth_10m_coastline_9689932c41e1_w000_9689932c ours: K=21 MSE=5.9632167450111666e-05 time=8.4 ms ok
[53/66] NaturalEarth natural_earth_10m_coastline_9689932c41e1_w000_9689932c park_dominant_point_2007_adaptation: K=18 MSE=4.755782915823339e-05 time=22.4 ms ok
[53/66] NaturalEarth natural_earth_10m_coastline_9689932c41e1_w000_9689932c liang_feature_iki_2017_adaptation: K=17 MSE=4.367415998066346e-05 time=18.2 ms ok
[53/66] NaturalEarth natural_earth_10m_coastline_9689932c41e1_w000_9689932c dung_direct_knot_2017_adaptation: K=7 MSE=0.0003225069883527989 time=168.7 ms ok
[53/66] NaturalEarth natural_earth_10m_coastline_9689932c41e1_w000_9689932c kang_sparse_2015_adaptation: K=12 MSE=0.00012465825306096347 time=1199.8 ms ok
[53/66] NaturalEarth natural_earth_10m_coastline_9689932c41e1_w000_9689932c luo_linf_de_2022_adaptation: K=6 MSE=0.00046368812744249885 time=3135.8 ms ok
[54/66] NaturalEarth natural_earth_10m_coastline_e860de78f1fa_w000_e860de78 ours: K=19 MSE=2.386294285533357e-05 time=8.4 ms ok
[54/66] NaturalEarth natural_earth_10m_coastline_e860de78f1fa_w000_e860de78 park_dominant_point_2007_adaptation: K=12 MSE=4.385155827657058e-05 time=23.9 ms ok
[54/66] NaturalEarth natural_earth_10m_coastline_e860de78f1fa_w000_e860de78 liang_feature_iki_2017_adaptation: K=11 MSE=4.8941156795454954e-05 time=11.6 ms ok
[54/66] NaturalEarth natural_earth_10m_coastline_e860de78f1fa_w000_e860de78 dung_direct_knot_2017_adaptation: K=6 MSE=0.0005017116137022742 time=165.8 ms ok
[54/66] NaturalEarth natural_earth_10m_coastline_e860de78f1fa_w000_e860de78 kang_sparse_2015_adaptation: K=14 MSE=2.3469374148955445e-05 time=1268.1 ms ok
[54/66] NaturalEarth natural_earth_10m_coastline_e860de78f1fa_w000_e860de78 luo_linf_de_2022_adaptation: K=6 MSE=8.81011182235774e-05 time=3088.7 ms ok
[55/66] NaturalEarth natural_earth_10m_coastline_9d44eb568484_w000_9d44eb56 ours: K=18 MSE=7.354112526435658e-05 time=8.2 ms ok
[55/66] NaturalEarth natural_earth_10m_coastline_9d44eb568484_w000_9d44eb56 park_dominant_point_2007_adaptation: K=15 MSE=4.027208372166189e-05 time=30.1 ms ok
[55/66] NaturalEarth natural_earth_10m_coastline_9d44eb568484_w000_9d44eb56 liang_feature_iki_2017_adaptation: K=21 MSE=4.2331980704159556e-05 time=23.0 ms ok
[55/66] NaturalEarth natural_earth_10m_coastline_9d44eb568484_w000_9d44eb56 dung_direct_knot_2017_adaptation: K=7 MSE=0.0009269245103683144 time=165.0 ms ok
[55/66] NaturalEarth natural_earth_10m_coastline_9d44eb568484_w000_9d44eb56 kang_sparse_2015_adaptation: K=11 MSE=0.000970957994919479 time=1144.3 ms ok
[55/66] NaturalEarth natural_earth_10m_coastline_9d44eb568484_w000_9d44eb56 luo_linf_de_2022_adaptation: K=5 MSE=0.0013691324470489347 time=3064.9 ms ok
[56/66] NaturalEarth natural_earth_10m_coastline_f00df2e1331e_w000_f00df2e1 ours: K=25 MSE=0.00010805973600821269 time=8.4 ms ok
[56/66] NaturalEarth natural_earth_10m_coastline_f00df2e1331e_w000_f00df2e1 park_dominant_point_2007_adaptation: K=28 MSE=4.271924725940582e-05 time=39.5 ms ok
[56/66] NaturalEarth natural_earth_10m_coastline_f00df2e1331e_w000_f00df2e1 liang_feature_iki_2017_adaptation: K=23 MSE=4.8021806350343335e-05 time=25.3 ms ok
[56/66] NaturalEarth natural_earth_10m_coastline_f00df2e1331e_w000_f00df2e1 dung_direct_knot_2017_adaptation: K=10 MSE=0.0017245475058110993 time=271.9 ms ok
[56/66] NaturalEarth natural_earth_10m_coastline_f00df2e1331e_w000_f00df2e1 kang_sparse_2015_adaptation: K=1 MSE=0.026010356253083514 time=493.4 ms ok
[56/66] NaturalEarth natural_earth_10m_coastline_f00df2e1331e_w000_f00df2e1 luo_linf_de_2022_adaptation: K=5 MSE=0.005278925052377745 time=2987.1 ms ok
[57/66] NaturalEarth natural_earth_10m_coastline_556f5c329f0f_w000_556f5c32 ours: K=34 MSE=0.0002809066036221736 time=8.4 ms ok
[57/66] NaturalEarth natural_earth_10m_coastline_556f5c329f0f_w000_556f5c32 park_dominant_point_2007_adaptation: K=61 MSE=4.7845119936293366e-05 time=102.3 ms ok
[57/66] NaturalEarth natural_earth_10m_coastline_556f5c329f0f_w000_556f5c32 liang_feature_iki_2017_adaptation: K=61 MSE=4.6294572941645185e-05 time=82.9 ms ok
[57/66] NaturalEarth natural_earth_10m_coastline_556f5c329f0f_w000_556f5c32 dung_direct_knot_2017_adaptation: K=28 MSE=0.0002923507218861101 time=748.8 ms ok
[57/66] NaturalEarth natural_earth_10m_coastline_556f5c329f0f_w000_556f5c32 kang_sparse_2015_adaptation: K=1 MSE=0.02341550164830643 time=16.3 ms ok
[57/66] NaturalEarth natural_earth_10m_coastline_556f5c329f0f_w000_556f5c32 luo_linf_de_2022_adaptation: K=6 MSE=0.004772696062867127 time=667.8 ms ok
[58/66] NaturalEarth natural_earth_10m_coastline_728b0ed8c15a_w000_de37144e ours: K=28 MSE=5.165995554566927e-05 time=8.4 ms ok
[58/66] NaturalEarth natural_earth_10m_coastline_728b0ed8c15a_w000_de37144e park_dominant_point_2007_adaptation: K=25 MSE=4.9535776791551024e-05 time=32.5 ms ok
[58/66] NaturalEarth natural_earth_10m_coastline_728b0ed8c15a_w000_de37144e liang_feature_iki_2017_adaptation: K=24 MSE=4.9913888485998595e-05 time=26.6 ms ok
[58/66] NaturalEarth natural_earth_10m_coastline_728b0ed8c15a_w000_de37144e dung_direct_knot_2017_adaptation: K=13 MSE=0.00012318892356654967 time=338.2 ms ok
[58/66] NaturalEarth natural_earth_10m_coastline_728b0ed8c15a_w000_de37144e kang_sparse_2015_adaptation: K=10 MSE=0.0002154686640478602 time=1022.5 ms ok
[58/66] NaturalEarth natural_earth_10m_coastline_728b0ed8c15a_w000_de37144e luo_linf_de_2022_adaptation: K=7 MSE=0.000284418217286823 time=2944.6 ms ok
[59/66] USGS usgs_tnm_contours_large_scale_5e1190c07064_w000_5e1190c0 ours: K=36 MSE=3.185669048114574e-05 time=8.6 ms ok
[59/66] USGS usgs_tnm_contours_large_scale_5e1190c07064_w000_5e1190c0 park_dominant_point_2007_adaptation: K=40 MSE=4.921781044748131e-05 time=56.8 ms ok
[59/66] USGS usgs_tnm_contours_large_scale_5e1190c07064_w000_5e1190c0 liang_feature_iki_2017_adaptation: K=29 MSE=4.791668350435615e-05 time=33.2 ms ok
[59/66] USGS usgs_tnm_contours_large_scale_5e1190c07064_w000_5e1190c0 dung_direct_knot_2017_adaptation: K=14 MSE=0.00035824631060396507 time=374.7 ms ok
[59/66] USGS usgs_tnm_contours_large_scale_5e1190c07064_w000_5e1190c0 kang_sparse_2015_adaptation: K=1 MSE=0.010844635882587531 time=496.1 ms ok
[59/66] USGS usgs_tnm_contours_large_scale_5e1190c07064_w000_5e1190c0 luo_linf_de_2022_adaptation: K=11 MSE=0.0004363101517368621 time=3057.4 ms ok
[60/66] USGS usgs_tnm_contours_large_scale_73f76a177c8e_w000_73f76a17 ours: K=40 MSE=8.940020341635137e-05 time=8.6 ms ok
[60/66] USGS usgs_tnm_contours_large_scale_73f76a177c8e_w000_73f76a17 park_dominant_point_2007_adaptation: K=42 MSE=4.672894052274132e-05 time=60.6 ms ok
[60/66] USGS usgs_tnm_contours_large_scale_73f76a177c8e_w000_73f76a17 liang_feature_iki_2017_adaptation: K=42 MSE=4.979738281914546e-05 time=51.5 ms ok
[60/66] USGS usgs_tnm_contours_large_scale_73f76a177c8e_w000_73f76a17 dung_direct_knot_2017_adaptation: K=20 MSE=0.0002773949871110183 time=505.6 ms ok
[60/66] USGS usgs_tnm_contours_large_scale_73f76a177c8e_w000_73f76a17 kang_sparse_2015_adaptation: K=1 MSE=0.005601000597915593 time=489.1 ms ok
[60/66] USGS usgs_tnm_contours_large_scale_73f76a177c8e_w000_73f76a17 luo_linf_de_2022_adaptation: K=7 MSE=0.0010335555397275188 time=2566.3 ms ok
[61/66] USGS usgs_tnm_contours_large_scale_9b1b39144146_w000_9b1b3914 ours: K=28 MSE=1.2953136837442654e-05 time=8.5 ms ok
[61/66] USGS usgs_tnm_contours_large_scale_9b1b39144146_w000_9b1b3914 park_dominant_point_2007_adaptation: K=18 MSE=4.695889002526276e-05 time=22.5 ms ok
[61/66] USGS usgs_tnm_contours_large_scale_9b1b39144146_w000_9b1b3914 liang_feature_iki_2017_adaptation: K=13 MSE=4.452990046746198e-05 time=13.8 ms ok
[61/66] USGS usgs_tnm_contours_large_scale_9b1b39144146_w000_9b1b3914 dung_direct_knot_2017_adaptation: K=7 MSE=0.00040800290101089006 time=171.8 ms ok
[61/66] USGS usgs_tnm_contours_large_scale_9b1b39144146_w000_9b1b3914 kang_sparse_2015_adaptation: K=10 MSE=4.217196673500279e-05 time=1276.8 ms ok
[61/66] USGS usgs_tnm_contours_large_scale_9b1b39144146_w000_9b1b3914 luo_linf_de_2022_adaptation: K=6 MSE=0.0002684594454646487 time=3150.9 ms ok
[62/66] USGS usgs_tnm_contours_large_scale_3b46bf5b4fe5_w000_3b46bf5b ours: K=24 MSE=0.00021470320142041153 time=8.4 ms ok
[62/66] USGS usgs_tnm_contours_large_scale_3b46bf5b4fe5_w000_3b46bf5b park_dominant_point_2007_adaptation: K=7 MSE=3.488361289342298e-05 time=9.4 ms ok
[62/66] USGS usgs_tnm_contours_large_scale_3b46bf5b4fe5_w000_3b46bf5b liang_feature_iki_2017_adaptation: K=7 MSE=3.929090835592855e-05 time=7.4 ms ok
[62/66] USGS usgs_tnm_contours_large_scale_3b46bf5b4fe5_w000_3b46bf5b dung_direct_knot_2017_adaptation: K=9 MSE=2.8411419564203577e-05 time=188.6 ms ok
[62/66] USGS usgs_tnm_contours_large_scale_3b46bf5b4fe5_w000_3b46bf5b kang_sparse_2015_adaptation: K=12 MSE=2.8781960048895082e-05 time=1451.8 ms ok
[62/66] USGS usgs_tnm_contours_large_scale_3b46bf5b4fe5_w000_3b46bf5b luo_linf_de_2022_adaptation: K=9 MSE=3.61178856780015e-05 time=3125.9 ms ok
[63/66] USGS usgs_tnm_contours_large_scale_227a63ff8969_w001_b391c2df ours: K=42 MSE=7.695072032560528e-05 time=8.6 ms ok
[63/66] USGS usgs_tnm_contours_large_scale_227a63ff8969_w001_b391c2df park_dominant_point_2007_adaptation: K=50 MSE=4.70665769723736e-05 time=76.7 ms ok
[63/66] USGS usgs_tnm_contours_large_scale_227a63ff8969_w001_b391c2df liang_feature_iki_2017_adaptation: K=41 MSE=4.425866251647872e-05 time=50.2 ms ok
[63/66] USGS usgs_tnm_contours_large_scale_227a63ff8969_w001_b391c2df dung_direct_knot_2017_adaptation: K=21 MSE=0.0003525921554515602 time=609.8 ms ok
[63/66] USGS usgs_tnm_contours_large_scale_227a63ff8969_w001_b391c2df kang_sparse_2015_adaptation: K=1 MSE=0.004217235788613784 time=492.2 ms ok
[63/66] USGS usgs_tnm_contours_large_scale_227a63ff8969_w001_b391c2df luo_linf_de_2022_adaptation: K=6 MSE=0.001544650226930247 time=2195.0 ms ok
[64/66] USGS usgs_tnm_contours_large_scale_f1b5188eb877_w000_f1b5188e ours: K=47 MSE=8.235488964550661e-05 time=8.8 ms ok
[64/66] USGS usgs_tnm_contours_large_scale_f1b5188eb877_w000_f1b5188e park_dominant_point_2007_adaptation: K=58 MSE=4.994564870825151e-05 time=93.2 ms ok
[64/66] USGS usgs_tnm_contours_large_scale_f1b5188eb877_w000_f1b5188e liang_feature_iki_2017_adaptation: K=54 MSE=4.695974021279027e-05 time=71.0 ms ok
[64/66] USGS usgs_tnm_contours_large_scale_f1b5188eb877_w000_f1b5188e dung_direct_knot_2017_adaptation: K=26 MSE=0.0003504321831286423 time=760.8 ms ok
[64/66] USGS usgs_tnm_contours_large_scale_f1b5188eb877_w000_f1b5188e kang_sparse_2015_adaptation: K=1 MSE=0.008800541375716524 time=495.1 ms ok
[64/66] USGS usgs_tnm_contours_large_scale_f1b5188eb877_w000_f1b5188e luo_linf_de_2022_adaptation: K=8 MSE=0.0014239549435142006 time=1441.1 ms ok
[65/66] USGS usgs_tnm_contours_large_scale_d04688485103_w000_d0468848 ours: K=43 MSE=6.46394784774071e-05 time=8.6 ms ok
[65/66] USGS usgs_tnm_contours_large_scale_d04688485103_w000_d0468848 park_dominant_point_2007_adaptation: K=49 MSE=4.975073236900475e-05 time=74.5 ms ok
[65/66] USGS usgs_tnm_contours_large_scale_d04688485103_w000_d0468848 liang_feature_iki_2017_adaptation: K=46 MSE=4.596698907260245e-05 time=57.9 ms ok
[65/66] USGS usgs_tnm_contours_large_scale_d04688485103_w000_d0468848 dung_direct_knot_2017_adaptation: K=22 MSE=0.000253423352033165 time=637.4 ms ok
[65/66] USGS usgs_tnm_contours_large_scale_d04688485103_w000_d0468848 kang_sparse_2015_adaptation: K=1 MSE=0.0053012927287911515 time=494.0 ms ok
[65/66] USGS usgs_tnm_contours_large_scale_d04688485103_w000_d0468848 luo_linf_de_2022_adaptation: K=8 MSE=0.0014532544184915526 time=1784.1 ms ok
[66/66] USGS usgs_tnm_contours_large_scale_320c043cef50_w000_320c043c ours: K=16 MSE=4.99637582182886e-06 time=8.2 ms ok
[66/66] USGS usgs_tnm_contours_large_scale_320c043cef50_w000_320c043c park_dominant_point_2007_adaptation: K=2 MSE=4.796422053022918e-05 time=4.3 ms ok
[66/66] USGS usgs_tnm_contours_large_scale_320c043cef50_w000_320c043c liang_feature_iki_2017_adaptation: K=4 MSE=5.829446752583013e-06 time=4.4 ms ok
[66/66] USGS usgs_tnm_contours_large_scale_320c043cef50_w000_320c043c dung_direct_knot_2017_adaptation: K=2 MSE=6.563194864750123e-05 time=40.2 ms ok
[66/66] USGS usgs_tnm_contours_large_scale_320c043cef50_w000_320c043c kang_sparse_2015_adaptation: K=1 MSE=5.784908551838727e-05 time=1070.4 ms ok
[66/66] USGS usgs_tnm_contours_large_scale_320c043cef50_w000_320c043c luo_linf_de_2022_adaptation: K=13 MSE=8.034807444353361e-07 time=3552.6 ms ok
Saved /home/feng/HouCode/SplineFitting_1070_overnight/outputs/comparisons/overnight_1070_full_pipeline_r1/report.md
