
[inspect_checkpoint] python scripts/inspect_v16_checkpoint.py --checkpoint /home/feng/HouCode/SplineFitting_1070_overnight/outputs/checkpoints/overnight_1070_full_pipeline_r1.pt --mse-tolerance 5e-5
v16 checkpoint inspection
  checkpoint: /home/feng/HouCode/SplineFitting_1070_overnight/outputs/checkpoints/overnight_1070_full_pipeline_r1.pt
  stage: joint
  epoch: 63
Selection architecture
  revision: v16_ranked_prefix_count_coupled_mass_topk
  policy: mass_topk
  internal candidate capacity: 64
  full knot-vector size at all-keep: 72
  adaptive beta: True
  simplification contract: ranked_prefix_certified_cardinality_adaptive_complexity_v1
  simplification curriculum mature: True
Synthetic data contract
  revision: source_subset_threshold_minimal_v1
  certified minimal source: True
  certificate RMS tolerance: 7.071068e-03
Configured targets
  proposal pass: 90.000% (0.900000)
  deployment pass: 90.000% (0.900000)
  recorded MSE tolerance: 5.000000e-05
Observed validation
  overall dense: 100.000% (1.000000)
  overall deployment: 94.000% (0.940000)
  worst-source dense: 100.000% (1.000000)
  worst-source deployment: 94.000% (0.940000)
  certified synthetic count MAE: 11.088
  certified synthetic knot F1 / matched MAE: 0.372533 / 4.873150e-03
  by source:
    Synthetic: dense=100.000% (1.000000), deployment=94.000% (0.940000), dense_MSE=1.864796e-06, deployment_MSE=2.444871e-05, K=25.306, target_K=14.218, count_MAE=11.088, count_bias=11.088, knot_F1=0.372533, matched_MAE=4.873150e-03
Formal qualification
  required pass rate: 90.000% (0.900000)
  required MSE tolerance: 5.000000e-05
  Synthetic count MAE <= 2, knot F1 >= 0.6, matched MAE <= 5.000000e-03
  eligible: NO
  reasons:
    - certified synthetic count MAE exceeds the formal limit 2
    - certified synthetic knot-match F1 is below the formal minimum 0.6
