
[plot_six_method_real_cases] python scripts/visualize_v16_real_deployments.py --checkpoint /home/feng/HouCode/SplineFitting_1070_overnight/outputs/checkpoints/overnight_1070_full_pipeline_r1.pt --real-samples-per-dataset 2 --selection-seed 20260909 --mse-tolerance 5e-5 --manifest UJI=/home/feng/HouCode/SplineSurpervisedFitting/data/splits/uji_pen_v2.jsonl --manifest NaturalEarth=/home/feng/HouCode/SplineSurpervisedFitting/data/processed/natural_earth/v5.1.2_10m_coastline/manifest.jsonl --manifest USGS=/home/feng/HouCode/SplineSurpervisedFitting/data/processed/usgs_contours/large_scale/manifest.jsonl --max-internal-knots 64 --paper-initial-knots 64 --liang-dense-knots 64 --gradient-steps 12 --paper-admm-iterations 400 --paper-lambda-bisections 8 --paper-relocation-iterations 8 --liang-feature-samples 1025 --dung-scan-intervals 10 --dung-optimization-iterations 10 --luo-de-population 10 --luo-de-iterations 50 --network-warmups 3 --network-repeats 100 --end-to-end-repeats 3 --torch-num-threads 4 --device cuda --dpi 240 --allow-unqualified-diagnostic --method-set published --output-dir /home/feng/HouCode/SplineFitting_1070_overnight/outputs/figures/overnight_1070_full_pipeline_r1/six_method_real_cases
[1/6] UJI / uji2_07455_stroke_00
  Ours v16: MSE=1.839e-05, K=21, time=8.30 ms
  Park & Lee 2007 (DOM adaptation): MSE=1.206e-05, K=10, time=12.52 ms
  Liang et al. 2017 (feature-IKI adaptation): MSE=4.680e-05, K=8, time=8.35 ms
  Dung & Tjahjowidodo 2017 (serial adaptation): MSE=3.407e-04, K=4, time=102.48 ms
  Kang 2015 (ADMM adaptation): MSE=2.260e-05, K=10, time=1204.20 ms
  Luo et al. 2022 (l-infinity,1 + DE adaptation): MSE=4.903e-05, K=6, time=3041.39 ms
[2/6] UJI / uji2_05088_stroke_00
  Ours v16: MSE=1.025e-05, K=22, time=8.30 ms
  Park & Lee 2007 (DOM adaptation): MSE=3.406e-05, K=26, time=33.07 ms
  Liang et al. 2017 (feature-IKI adaptation): MSE=1.544e-05, K=18, time=18.63 ms
  Dung & Tjahjowidodo 2017 (serial adaptation): MSE=1.426e-03, K=5, time=133.18 ms
  Kang 2015 (ADMM adaptation): MSE=1.974e-04, K=10, time=1150.12 ms
  Luo et al. 2022 (l-infinity,1 + DE adaptation): MSE=1.268e-03, K=6, time=2906.34 ms
[3/6] NaturalEarth / natural_earth_10m_coastline_6f39c8d2074b_w000_6f39c8d2
  Ours v16: MSE=7.203e-05, K=25, time=8.27 ms
  Park & Lee 2007 (DOM adaptation): MSE=4.969e-05, K=20, time=24.36 ms
  Liang et al. 2017 (feature-IKI adaptation): MSE=3.475e-05, K=16, time=16.38 ms
  Dung & Tjahjowidodo 2017 (serial adaptation): MSE=6.918e-04, K=9, time=253.01 ms
  Kang 2015 (ADMM adaptation): MSE=1.058e-04, K=13, time=1086.55 ms
  Luo et al. 2022 (l-infinity,1 + DE adaptation): MSE=8.296e-03, K=2, time=3168.25 ms
[4/6] NaturalEarth / natural_earth_10m_coastline_08e9fecdd118_w000_08e9fecd
  Ours v16: MSE=4.642e-04, K=37, time=8.35 ms
  Park & Lee 2007 (DOM adaptation): MSE=1.122e-04, K=64, time=110.16 ms
  Liang et al. 2017 (feature-IKI adaptation): MSE=9.019e-05, K=64, time=85.72 ms
  Dung & Tjahjowidodo 2017 (serial adaptation): MSE=1.082e-03, K=30, time=784.72 ms
  Kang 2015 (ADMM adaptation): MSE=4.898e-02, K=1, time=15.95 ms
  Luo et al. 2022 (l-infinity,1 + DE adaptation): MSE=9.912e-03, K=10, time=741.06 ms
[5/6] USGS / usgs_tnm_contours_large_scale_3eb19dbb6d67_w000_3eb19dbb
  Ours v16: MSE=8.356e-05, K=25, time=8.35 ms
  Park & Lee 2007 (DOM adaptation): MSE=1.126e-05, K=15, time=18.15 ms
  Liang et al. 2017 (feature-IKI adaptation): MSE=3.855e-05, K=9, time=9.22 ms
  Dung & Tjahjowidodo 2017 (serial adaptation): MSE=6.471e-04, K=4, time=100.50 ms
  Kang 2015 (ADMM adaptation): MSE=1.968e-05, K=8, time=1293.33 ms
  Luo et al. 2022 (l-infinity,1 + DE adaptation): MSE=1.557e-05, K=7, time=3027.59 ms
[6/6] USGS / usgs_tnm_contours_large_scale_2cadfb668fb4_w000_2cadfb66
  Ours v16: MSE=1.825e-05, K=13, time=8.06 ms
  Park & Lee 2007 (DOM adaptation): MSE=4.945e-05, K=3, time=5.13 ms
  Liang et al. 2017 (feature-IKI adaptation): MSE=2.437e-05, K=4, time=4.21 ms
  Dung & Tjahjowidodo 2017 (serial adaptation): MSE=2.022e-04, K=2, time=39.72 ms
  Kang 2015 (ADMM adaptation): MSE=3.169e-04, K=1, time=1001.80 ms
  Luo et al. 2022 (l-infinity,1 + DE adaptation): MSE=4.629e-05, K=3, time=3218.06 ms
Saved 6 PNG files and /home/feng/HouCode/SplineFitting_1070_overnight/outputs/figures/overnight_1070_full_pipeline_r1/six_method_real_cases/deployment_visualizations.json
