v16 checkpoint inspection
  checkpoint: /home/feng/HouCode/SplineSurpervisedFitting/outputs/checkpoints/v16_r2_rollback_fast_k4_56_r1.pt
  stage: joint
  epoch: 13
Selection architecture
  revision: v16_ranked_prefix_count_coupled_mass_topk
  policy: mass_topk
  internal candidate capacity: 56
  full knot-vector size at all-keep: 64
  adaptive beta: True
  simplification contract: ranked_prefix_ordered_proposal_high_k_soft_subset_cost_v3
  simplification curriculum mature: True
  aggregate pass feedback: False (must be False)
  checkpoint selection: mean_per_curve_subset_cost_v1
  checkpoint quality: soft_fit_complexity_selected
Proposal curriculum
  high-K synthetic allocation: 50.000% (0.500000)
  high-K stratum begins at internal K: 40
  ordered assignment weight: 1
Synthetic data contract
  revision: source_subset_threshold_minimal_k4_56_span001_v2
  certified minimal source: True
  source control-point range: 8..60 (formal: 8..60)
  source internal-knot range: K=4..56
  knot min span: 0.01 (formal: 0.01)
  certificate RMS tolerance: 1.000000e-02
Configured targets
  proposal pass: 90.000% (0.900000)
  deployment pass: 90.000% (0.900000)
  recorded MSE tolerance: 1.000000e-04
Observed validation
  overall dense: 82.273% (0.822727)
  overall deployment: 17.727% (0.177273)
  worst-source dense: 76.250% (0.762500)
  worst-source deployment: 1.875% (0.018750)
  qualification dense/deployment (min of worst-source and K=56): 0.000% (0.000000) / 0.000% (0.000000)
  certified synthetic count MAE: 13.9313
  certified synthetic knot F1 / matched MAE: 0.588133 / 4.386190e-03
  synthetic boundary: K=56, n=19, dense=0.000% (0.000000), deployment=0.000% (0.000000)
  by source:
    Synthetic: dense=76.250% (0.762500), deployment=1.875% (0.018750), dense_MSE=2.208417e-04, deployment_MSE=1.666416e-03, K=39.55, target_K=32.3937, count_MAE=13.9313, count_bias=7.15625, knot_F1=0.588133, matched_MAE=4.386190e-03
    natural_earth_10m_coastline: dense=95.000% (0.950000), deployment=30.000% (0.300000), dense_MSE=1.890603e-05, deployment_MSE=3.265821e-04, K=38.1
    uji_pen_characters_v2: dense=100.000% (1.000000), deployment=90.000% (0.900000), dense_MSE=5.304769e-07, deployment_MSE=1.108181e-04, K=36.9
    usgs_tnm_contours_large_scale: dense=100.000% (1.000000), deployment=60.000% (0.600000), dense_MSE=2.659107e-06, deployment_MSE=1.949708e-04, K=38.65
Formal benchmark integrity
  pass-rate reference (diagnostic only): 90.000% (0.900000)
  pass-rate reference met: False (does not affect eligibility)
  required MSE tolerance: 1.000000e-04
  historical diagnostics only: Synthetic count MAE <= 2, knot F1 >= 0.6, matched MAE <= 5.000000e-03
  structurally eligible: NO
  eligible: NO
  reasons:
    - formal validation K=56 boundary audit must contain at least 32 synthetic samples
