
[plot_ours_cases] /home/feng/anaconda3/bin/python scripts/visualize_v16_ours_cases.py --checkpoint /home/feng/HouCode/SplineFitting_1070_overnight/outputs/checkpoints/universal_m16_m32_3090_r1_m16.pt --real-samples-per-dataset 6 --selection-seed 20260909 --mse-tolerance 5e-5 --manifest UJI=/home/feng/HouCode/SplineSurpervisedFitting/data/splits/uji_pen_v2.jsonl --manifest NaturalEarth=/home/feng/HouCode/SplineSurpervisedFitting/data/processed/natural_earth/v5.1.2_10m_coastline/manifest.jsonl --manifest USGS=/home/feng/HouCode/SplineSurpervisedFitting/data/processed/usgs_contours/large_scale/manifest.jsonl --manifest IndustrialOffset=/home/feng/HouCode/SplineSurpervisedFitting/data/processed/industrial_offsets/v1/manifest.jsonl --max-internal-knots 16 --paper-initial-knots 16 --liang-dense-knots 16 --gradient-steps 12 --paper-admm-iterations 400 --paper-lambda-bisections 8 --paper-relocation-iterations 8 --liang-feature-samples 1025 --dung-scan-intervals 10 --dung-optimization-iterations 10 --luo-de-population 10 --luo-de-iterations 50 --published-feasibility-safeguard --network-warmups 3 --network-repeats 100 --end-to-end-repeats 3 --torch-num-threads 4 --device cuda --dpi 240 --allow-unqualified-diagnostic --output-dir /home/feng/HouCode/SplineFitting_1070_overnight/outputs/figures/universal_m16_m32_3090_r1_m16/ours_cases
[1/24] UJI / uji2_07455_stroke_00
  Ours v16: MSE=1.614e-05, max SE=2.695e-04, K=15, time=14.99 ms
[2/24] UJI / uji2_05088_stroke_00
  Ours v16: MSE=2.151e-05, max SE=4.427e-04, K=15, time=14.91 ms
[3/24] UJI / uji2_07958_stroke_00
  Ours v16: MSE=4.131e-05, max SE=4.297e-04, K=15, time=14.85 ms
[4/24] UJI / uji2_10873_stroke_00
  Ours v16: MSE=3.417e-05, max SE=2.909e-04, K=16, time=14.82 ms
[5/24] UJI / uji2_10402_stroke_02
  Ours v16: MSE=1.478e-05, max SE=1.549e-04, K=12, time=14.68 ms
[6/24] UJI / uji2_02386_stroke_01
  Ours v16: MSE=6.447e-05, max SE=3.755e-04, K=9, time=14.55 ms
[7/24] NaturalEarth / natural_earth_10m_coastline_6f39c8d2074b_w000_6f39c8d2
  Ours v16: MSE=1.125e-04, max SE=5.209e-04, K=16, time=14.77 ms
[8/24] NaturalEarth / natural_earth_10m_coastline_08e9fecdd118_w000_08e9fecd
  Ours v16: MSE=5.891e-03, max SE=4.274e-02, K=16, time=15.30 ms
[9/24] NaturalEarth / natural_earth_10m_coastline_8a97d7af70b1_w000_8a97d7af
  Ours v16: MSE=1.021e-04, max SE=4.812e-04, K=14, time=14.75 ms
[10/24] NaturalEarth / natural_earth_10m_coastline_48ef53b7a2ac_w000_48ef53b7
  Ours v16: MSE=3.416e-04, max SE=2.477e-03, K=16, time=14.81 ms
[11/24] NaturalEarth / natural_earth_10m_coastline_e798af85b73b_w000_e798af85
  Ours v16: MSE=5.693e-05, max SE=3.250e-04, K=16, time=14.72 ms
[12/24] NaturalEarth / natural_earth_10m_coastline_933eab98f709_w000_933eab98
  Ours v16: MSE=4.971e-05, max SE=5.395e-04, K=16, time=14.74 ms
[13/24] USGS / usgs_tnm_contours_large_scale_3eb19dbb6d67_w000_3eb19dbb
  Ours v16: MSE=5.016e-05, max SE=5.645e-04, K=16, time=16.04 ms
[14/24] USGS / usgs_tnm_contours_large_scale_2cadfb668fb4_w000_2cadfb66
  Ours v16: MSE=7.776e-05, max SE=6.060e-04, K=12, time=14.97 ms
[15/24] USGS / usgs_tnm_contours_large_scale_ddfe427e4dda_w000_ddfe427e
  Ours v16: MSE=6.206e-05, max SE=4.178e-04, K=15, time=14.85 ms
[16/24] USGS / usgs_tnm_contours_large_scale_8e652f54e742_w000_8e652f54
  Ours v16: MSE=1.351e-04, max SE=8.676e-04, K=16, time=15.12 ms
[17/24] USGS / usgs_tnm_contours_large_scale_f0e01325c640_w002_0eb6b787
  Ours v16: MSE=2.805e-04, max SE=1.555e-03, K=16, time=14.66 ms
[18/24] USGS / usgs_tnm_contours_large_scale_f25cc5317711_w000_f25cc531
  Ours v16: MSE=2.577e-04, max SE=1.349e-03, K=16, time=14.80 ms
[19/24] IndustrialOffset / industrial_offset_keyway_bore_v007_o01_m0p0400
  Ours v16: MSE=5.821e-05, max SE=9.456e-04, K=16, time=14.92 ms
[20/24] IndustrialOffset / industrial_offset_elliptic_bore_v008_o03_p0p0200
  Ours v16: MSE=8.276e-07, max SE=3.528e-06, K=13, time=14.69 ms
[21/24] IndustrialOffset / industrial_offset_keyway_bore_v008_o03_p0p0200
  Ours v16: MSE=5.798e-05, max SE=7.270e-04, K=15, time=14.84 ms
[22/24] IndustrialOffset / industrial_offset_naca_airfoil_v005_o04_p0p0400
  Ours v16: MSE=4.955e-06, max SE=1.506e-04, K=14, time=14.86 ms
[23/24] IndustrialOffset / industrial_offset_lobed_rotor_v001_o00_m0p0800
  Ours v16: MSE=2.894e-04, max SE=2.673e-03, K=15, time=14.81 ms
[24/24] IndustrialOffset / industrial_offset_naca_airfoil_v011_o03_p0p0200
  Ours v16: MSE=5.931e-06, max SE=1.797e-04, K=15, time=14.88 ms
Saved 25 PNG files and /home/feng/HouCode/SplineFitting_1070_overnight/outputs/figures/universal_m16_m32_3090_r1_m16/ours_cases/deployment_visualizations.json
