v16 checkpoint inspection
  checkpoint: /home/feng/HouCode/SplineSurpervisedFitting/outputs/checkpoints/candidate_selection_v16_mse5e-5_small_medium_sourcek20_kc24_p64_j64_linux_r1.pt
  objective: candidate_selection_feasible_teacher_bspline_v16
  stage: joint
  epoch: 125
Training supervision
  optimizer data: certified Synthetic only
  real-data fraction: 0
  Joint target: offline_feasible_teacher
  exact knot-count label: reference_only
  online Teacher: False
  certified fine teacher: frozen_proposal_feasible_subset_risk
  fine-teacher unit / online solves: mean_squared_euclidean / 0
Selection architecture
  revision: v16_count_structure_coupled_mass_topk_pilot_v1
  policy: mass_topk
  internal candidate capacity: 24
  full knot-vector size at all-keep: 32
  adaptive beta: True
  simplification contract: fixed_proposal_offline_feasible_subset_v1
  simplification curriculum mature: True
  aggregate pass feedback: False (must be False)
  checkpoint selection: mean_per_curve_subset_cost_v1
  checkpoint quality: supervised_fit_count_selected
Proposal curriculum
  high-K synthetic allocation: 0.000% (0.000000)
  high-K stratum begins at internal K: 20
  ordered assignment weight: 1
Synthetic data contract
  revision: certified_source_subset_threshold_minimal_k4_20_kc24_span001_v1
  certified minimal source: True
  source control-point range: 8..24 (formal: 8..60)
  source internal-knot range: K=4..56
  knot min span: 0.01 (formal: 0.01)
  certificate RMS tolerance: 7.071068e-03
Configured targets
  proposal pass: 90.000% (0.900000)
  deployment pass: 90.000% (0.900000)
  recorded MSE tolerance: 5.000000e-05
Observed validation
  overall dense: 77.500% (0.775000)
  overall deployment: 14.167% (0.141667)
  worst-source dense: 20.000% (0.200000)
  worst-source deployment: 0.000% (0.000000)
  qualification dense/deployment (min of worst-source and K=56): 19.048% (0.190476) / 0.000% (0.000000)
  certified synthetic count MAE: 3.39375
  certified synthetic knot F1 / matched MAE: 0.501858 / 4.577266e-03
  synthetic boundary: K=20, n=21, dense=19.048% (0.190476), deployment=0.000% (0.000000)
  by source:
    Synthetic: dense=82.500% (0.825000), deployment=0.000% (0.000000), dense_MSE=3.117416e-05, deployment_MSE=1.250044e-03, K=15.9938, target_K=12.6, count_MAE=3.39375, count_bias=3.39375, knot_F1=0.501858, matched_MAE=4.577266e-03
    industrial_model_offset_curves: dense=85.000% (0.850000), deployment=55.000% (0.550000), dense_MSE=3.531744e-05, deployment_MSE=1.408890e-04, K=18.95
    natural_earth_10m_coastline: dense=20.000% (0.200000), deployment=0.000% (0.000000), dense_MSE=1.796672e-04, deployment_MSE=7.487835e-04, K=17
    uji_pen_characters_v2: dense=95.000% (0.950000), deployment=80.000% (0.800000), dense_MSE=1.825789e-05, deployment_MSE=6.224305e-05, K=17.75
    usgs_tnm_contours_large_scale: dense=70.000% (0.700000), deployment=35.000% (0.350000), dense_MSE=7.713599e-05, deployment_MSE=2.907248e-04, K=17.45
Formal benchmark integrity
  pass-rate reference (diagnostic only): 90.000% (0.900000)
  pass-rate reference met: False (does not affect eligibility)
  required MSE tolerance: 5.000000e-05
  historical diagnostics only: Synthetic count MAE <= 2, knot F1 >= 0.6, matched MAE <= 5.000000e-03
  structurally eligible: NO
  eligible: NO
  reasons:
    - checkpoint is not the current v16 adaptive-beta mass-TopK revision
    - formal proposal training must allocate exactly 50% of synthetic draws to the high-K stratum
    - formal proposal high-K stratum must start at K=40
    - synthetic data contract is not the certified K=4..56 source-subset minimality revision
    - formal synthetic source maximum must be 60 control points (56 internal knots)
    - formal v16 candidate-knot capacity must equal 72 internal knots
    - formal validation boundary must be the K=56 synthetic stratum
    - formal validation K=56 boundary audit must contain at least 32 synthetic samples
