v16 checkpoint inspection
  checkpoint: /home/feng/HouCode/SplineSurpervisedFitting/outputs/checkpoints/candidate_selection_v16_k56_fineteacher_p64_r1.pt
  objective: candidate_selection_supervised_bspline_v16
  stage: joint
  epoch: 122
Training supervision
  optimizer data: certified Synthetic only
  real-data fraction: 0
  Joint target: synthetic_ground_truth
  exact knot-count label: exact
  online Teacher: False
  certified fine teacher: certified_source_single_deletion_mse
  fine-teacher unit / online solves: mean_squared_euclidean / 0
Selection architecture
  revision: v16_supervised_ordered_assignment_mass_topk
  policy: mass_topk
  internal candidate capacity: 56
  full knot-vector size at all-keep: 64
  adaptive beta: True
  simplification contract: synthetic_ground_truth_ordered_keep_and_relocation_v4
  simplification curriculum mature: True
  aggregate pass feedback: False (must be False)
  checkpoint selection: mean_per_curve_subset_cost_v1
  checkpoint quality: supervised_fit_count_selected
Proposal curriculum
  high-K synthetic allocation: 50.000% (0.500000)
  high-K stratum begins at internal K: 40
  ordered assignment weight: 1
Synthetic data contract
  revision: source_subset_threshold_minimal_k4_56_span001_v2
  certified minimal source: True
  source control-point range: 8..60 (formal: 8..60)
  source internal-knot range: K=4..56
  knot min span: 0.01 (formal: 0.01)
  certificate RMS tolerance: 1.000000e-02
Configured targets
  proposal pass: 90.000% (0.900000)
  deployment pass: 90.000% (0.900000)
  recorded MSE tolerance: 1.000000e-04
Observed validation
  overall dense: 84.089% (0.840886)
  overall deployment: 55.992% (0.559919)
  worst-source dense: 74.500% (0.745000)
  worst-source deployment: 37.833% (0.378333)
  qualification dense/deployment (min of worst-source and K=56): 0.000% (0.000000) / 0.000% (0.000000)
  certified synthetic count MAE: 7.93667
  certified synthetic knot F1 / matched MAE: 0.746596 / 4.370834e-03
  synthetic boundary: K=56, n=46, dense=0.000% (0.000000), deployment=0.000% (0.000000)
  by source:
    Synthetic: dense=74.500% (0.745000), deployment=37.833% (0.378333), dense_MSE=1.715252e-04, deployment_MSE=3.637865e-04, K=39.02, target_K=31.7367, count_MAE=7.93667, count_bias=7.28333, knot_F1=0.746596, matched_MAE=4.370834e-03
    industrial_model_offset_curves: dense=100.000% (1.000000), deployment=95.699% (0.956989), dense_MSE=5.612854e-06, deployment_MSE=3.032611e-05, K=30.4409
    natural_earth_10m_coastline: dense=96.000% (0.960000), deployment=67.000% (0.670000), dense_MSE=2.569830e-05, deployment_MSE=2.054297e-04, K=27.58
    uji_pen_characters_v2: dense=100.000% (1.000000), deployment=98.000% (0.980000), dense_MSE=6.699713e-06, deployment_MSE=1.978096e-05, K=29.43
    usgs_tnm_contours_large_scale: dense=99.000% (0.990000), deployment=75.000% (0.750000), dense_MSE=1.610998e-05, deployment_MSE=1.149637e-04, K=26.75
Formal benchmark integrity
  pass-rate reference (diagnostic only): 90.000% (0.900000)
  pass-rate reference met: False (does not affect eligibility)
  required MSE tolerance: 1.000000e-04
  historical diagnostics only: Synthetic count MAE <= 2, knot F1 >= 0.6, matched MAE <= 5.000000e-03
  structurally eligible: YES
  eligible: YES
  reasons: none
