
[plot_six_method_real_cases] python scripts/visualize_v16_real_deployments.py --checkpoint /home/feng/HouCode/SplineFitting_1070_overnight/outputs/checkpoints/overnight_anchored_k32_p12_j48_3090_r1.pt --real-samples-per-dataset 6 --selection-seed 20260909 --mse-tolerance 5e-5 --manifest UJI=/home/feng/HouCode/SplineSurpervisedFitting/data/splits/uji_pen_v2.jsonl --manifest NaturalEarth=/home/feng/HouCode/SplineSurpervisedFitting/data/processed/natural_earth/v5.1.2_10m_coastline/manifest.jsonl --manifest USGS=/home/feng/HouCode/SplineSurpervisedFitting/data/processed/usgs_contours/large_scale/manifest.jsonl --manifest IndustrialOffset=/home/feng/HouCode/SplineSurpervisedFitting/data/processed/industrial_offsets/v1/manifest.jsonl --max-internal-knots 32 --paper-initial-knots 32 --liang-dense-knots 32 --gradient-steps 12 --paper-admm-iterations 400 --paper-lambda-bisections 8 --paper-relocation-iterations 8 --liang-feature-samples 1025 --dung-scan-intervals 10 --dung-optimization-iterations 10 --luo-de-population 10 --luo-de-iterations 50 --published-feasibility-safeguard --network-warmups 3 --network-repeats 100 --end-to-end-repeats 3 --torch-num-threads 4 --device cuda --dpi 240 --allow-unqualified-diagnostic --method-set published --output-dir /home/feng/HouCode/SplineFitting_1070_overnight/outputs/figures/overnight_anchored_k32_p12_j48_3090_r1/six_method_real_cases
[1/24] UJI / uji2_07455_stroke_00
  Ours v16: MSE=2.076e-05, max SE=4.683e-04, K=22, time=9.10 ms
  Park & Lee 2007 (DOM adaptation): MSE=1.206e-05, max SE=2.945e-04, K=10, time=12.32 ms
  Liang et al. 2017 (feature-IKI adaptation): MSE=3.513e-05, max SE=5.427e-04, K=9, time=8.61 ms
  Dung & Tjahjowidodo 2017 (serial adaptation) [threshold-safe adaptation]: MSE=3.230e-05, max SE=4.060e-04, K=6, time=108.57 ms
  Kang 2015 (ADMM adaptation) [threshold-safe adaptation]: MSE=1.171e-05, max SE=4.496e-04, K=17, time=795.53 ms
  Luo et al. 2022 (l-infinity,1 + DE adaptation) [threshold-safe adaptation]: MSE=2.905e-05, max SE=5.258e-04, K=7, time=2799.75 ms
[2/24] UJI / uji2_05088_stroke_00
  Ours v16: MSE=3.724e-06, max SE=9.605e-05, K=25, time=9.11 ms
  Park & Lee 2007 (DOM adaptation): MSE=3.406e-05, max SE=8.274e-04, K=26, time=32.60 ms
  Liang et al. 2017 (feature-IKI adaptation): MSE=2.160e-05, max SE=3.672e-04, K=17, time=16.70 ms
  Dung & Tjahjowidodo 2017 (serial adaptation) [threshold-safe adaptation]: MSE=3.569e-05, max SE=2.738e-04, K=11, time=150.22 ms
  Kang 2015 (ADMM adaptation) [threshold-safe adaptation]: MSE=1.015e-05, max SE=2.726e-04, K=32, time=404.56 ms
  Luo et al. 2022 (l-infinity,1 + DE adaptation) [threshold-safe adaptation]: MSE=4.472e-05, max SE=6.094e-04, K=13, time=2473.42 ms
[3/24] UJI / uji2_07958_stroke_00
  Ours v16: MSE=1.805e-05, max SE=1.763e-04, K=25, time=9.08 ms
  Park & Lee 2007 (DOM adaptation): MSE=2.109e-05, max SE=1.033e-04, K=6, time=8.14 ms
  Liang et al. 2017 (feature-IKI adaptation): MSE=1.758e-05, max SE=6.279e-05, K=5, time=4.63 ms
  Dung & Tjahjowidodo 2017 (serial adaptation) [threshold-safe adaptation]: MSE=1.741e-05, max SE=8.559e-05, K=6, time=93.83 ms
  Kang 2015 (ADMM adaptation) [threshold-safe adaptation]: MSE=7.783e-06, max SE=7.699e-05, K=12, time=1081.95 ms
  Luo et al. 2022 (l-infinity,1 + DE adaptation) [threshold-safe adaptation]: MSE=8.336e-06, max SE=4.186e-05, K=7, time=2644.46 ms
[4/24] UJI / uji2_10873_stroke_00
  Ours v16: MSE=1.383e-05, max SE=1.053e-04, K=28, time=9.20 ms
  Park & Lee 2007 (DOM adaptation): MSE=2.140e-05, max SE=1.211e-04, K=14, time=16.78 ms
  Liang et al. 2017 (feature-IKI adaptation): MSE=2.569e-05, max SE=1.662e-04, K=9, time=8.53 ms
  Dung & Tjahjowidodo 2017 (serial adaptation) [threshold-safe adaptation]: MSE=4.510e-05, max SE=2.371e-04, K=9, time=155.65 ms
  Kang 2015 (ADMM adaptation) [threshold-safe adaptation]: MSE=7.868e-06, max SE=1.269e-04, K=24, time=849.55 ms
  Luo et al. 2022 (l-infinity,1 + DE adaptation) [threshold-safe adaptation]: MSE=4.307e-05, max SE=2.554e-04, K=8, time=2523.59 ms
[5/24] UJI / uji2_10402_stroke_02
  Ours v16: MSE=9.862e-06, max SE=1.020e-04, K=17, time=8.92 ms
  Park & Lee 2007 (DOM adaptation): MSE=3.264e-05, max SE=2.778e-04, K=1, time=3.17 ms
  Liang et al. 2017 (feature-IKI adaptation): MSE=9.093e-06, max SE=8.306e-05, K=4, time=3.66 ms
  Dung & Tjahjowidodo 2017 (serial adaptation) [threshold-safe adaptation]: MSE=2.541e-05, max SE=2.950e-04, K=2, time=38.22 ms
  Kang 2015 (ADMM adaptation) [threshold-safe adaptation]: MSE=2.521e-05, max SE=1.233e-04, K=1, time=9.77 ms
  Luo et al. 2022 (l-infinity,1 + DE adaptation) [threshold-safe adaptation]: MSE=2.508e-05, max SE=1.211e-04, K=2, time=2801.02 ms
[6/24] UJI / uji2_02386_stroke_01
  Ours v16: MSE=1.543e-05, max SE=1.343e-04, K=15, time=8.93 ms
  Park & Lee 2007 (DOM adaptation): MSE=2.124e-05, max SE=1.668e-04, K=0, time=2.22 ms
  Liang et al. 2017 (feature-IKI adaptation): MSE=1.576e-05, max SE=1.266e-04, K=4, time=3.60 ms
  Dung & Tjahjowidodo 2017 (serial adaptation) [threshold-safe adaptation]: MSE=1.668e-05, max SE=1.178e-04, K=2, time=38.74 ms
  Kang 2015 (ADMM adaptation) [threshold-safe adaptation]: MSE=2.124e-05, max SE=1.668e-04, K=0, time=3.55 ms
  Luo et al. 2022 (l-infinity,1 + DE adaptation) [threshold-safe adaptation]: MSE=4.242e-06, max SE=2.343e-05, K=9, time=2854.63 ms
[7/24] NaturalEarth / natural_earth_10m_coastline_6f39c8d2074b_w000_6f39c8d2
  Ours v16: MSE=5.454e-05, max SE=1.178e-03, K=29, time=9.12 ms
  Park & Lee 2007 (DOM adaptation): MSE=4.969e-05, max SE=5.633e-04, K=20, time=24.32 ms
  Liang et al. 2017 (feature-IKI adaptation): MSE=4.474e-05, max SE=3.521e-04, K=17, time=16.81 ms
  Dung & Tjahjowidodo 2017 (serial adaptation) [threshold-safe adaptation]: MSE=4.444e-05, max SE=3.142e-04, K=14, time=268.41 ms
  Kang 2015 (ADMM adaptation) [threshold-safe adaptation]: MSE=2.585e-05, max SE=4.613e-04, K=32, time=408.29 ms
  Luo et al. 2022 (l-infinity,1 + DE adaptation) [threshold-safe adaptation]: MSE=4.867e-05, max SE=4.713e-04, K=16, time=2250.30 ms
[8/24] NaturalEarth / natural_earth_10m_coastline_08e9fecdd118_w000_08e9fecd
  Ours v16: MSE=7.009e-04, max SE=4.174e-03, K=32, time=9.14 ms
  Park & Lee 2007 (DOM adaptation): MSE=9.649e-04, max SE=7.180e-03, K=32, time=41.78 ms
  Liang et al. 2017 (feature-IKI adaptation): MSE=5.360e-04, max SE=2.442e-03, K=32, time=35.14 ms
  Dung & Tjahjowidodo 2017 (serial adaptation) [threshold-safe adaptation]: MSE=7.640e-04, max SE=3.374e-03, K=32, time=791.52 ms
  Kang 2015 (ADMM adaptation) [threshold-safe adaptation]: MSE=8.571e-04, max SE=5.460e-03, K=32, time=11.10 ms
  Luo et al. 2022 (l-infinity,1 + DE adaptation) [threshold-safe adaptation]: MSE=6.300e-04, max SE=5.537e-03, K=32, time=731.94 ms
[9/24] NaturalEarth / natural_earth_10m_coastline_8a97d7af70b1_w000_8a97d7af
  Ours v16: MSE=3.469e-05, max SE=6.714e-04, K=25, time=9.15 ms
  Park & Lee 2007 (DOM adaptation): MSE=4.603e-05, max SE=4.165e-04, K=11, time=14.24 ms
  Liang et al. 2017 (feature-IKI adaptation): MSE=4.926e-05, max SE=4.218e-04, K=11, time=10.48 ms
  Dung & Tjahjowidodo 2017 (serial adaptation) [threshold-safe adaptation]: MSE=4.863e-05, max SE=4.645e-04, K=10, time=145.68 ms
  Kang 2015 (ADMM adaptation) [threshold-safe adaptation]: MSE=9.287e-06, max SE=2.493e-04, K=29, time=713.33 ms
  Luo et al. 2022 (l-infinity,1 + DE adaptation) [threshold-safe adaptation]: MSE=4.417e-05, max SE=5.030e-04, K=11, time=2597.55 ms
[10/24] NaturalEarth / natural_earth_10m_coastline_48ef53b7a2ac_w000_48ef53b7
  Ours v16: MSE=6.777e-05, max SE=3.825e-04, K=31, time=9.23 ms
  Park & Lee 2007 (DOM adaptation): MSE=4.581e-05, max SE=5.575e-04, K=30, time=41.38 ms
  Liang et al. 2017 (feature-IKI adaptation): MSE=4.913e-05, max SE=3.109e-04, K=26, time=27.53 ms
  Dung & Tjahjowidodo 2017 (serial adaptation) [threshold-safe adaptation]: MSE=4.715e-05, max SE=3.862e-04, K=25, time=429.21 ms
  Kang 2015 (ADMM adaptation) [threshold-safe adaptation]: MSE=5.678e-05, max SE=5.951e-04, K=32, time=11.21 ms
  Luo et al. 2022 (l-infinity,1 + DE adaptation) [threshold-safe adaptation]: MSE=4.966e-05, max SE=5.951e-04, K=32, time=643.97 ms
[11/24] NaturalEarth / natural_earth_10m_coastline_e798af85b73b_w000_e798af85
  Ours v16: MSE=2.029e-05, max SE=1.460e-04, K=28, time=9.20 ms
  Park & Lee 2007 (DOM adaptation): MSE=4.748e-05, max SE=4.085e-04, K=13, time=15.66 ms
  Liang et al. 2017 (feature-IKI adaptation): MSE=4.678e-05, max SE=2.645e-04, K=11, time=10.55 ms
  Dung & Tjahjowidodo 2017 (serial adaptation) [threshold-safe adaptation]: MSE=4.562e-05, max SE=2.991e-04, K=10, time=172.92 ms
  Kang 2015 (ADMM adaptation) [threshold-safe adaptation]: MSE=1.494e-05, max SE=3.004e-04, K=21, time=796.35 ms
  Luo et al. 2022 (l-infinity,1 + DE adaptation) [threshold-safe adaptation]: MSE=4.695e-05, max SE=3.839e-04, K=11, time=2783.34 ms
[12/24] NaturalEarth / natural_earth_10m_coastline_933eab98f709_w000_933eab98
  Ours v16: MSE=2.662e-05, max SE=2.010e-04, K=26, time=9.23 ms
  Park & Lee 2007 (DOM adaptation): MSE=4.728e-05, max SE=9.597e-04, K=21, time=25.73 ms
  Liang et al. 2017 (feature-IKI adaptation): MSE=4.816e-05, max SE=3.352e-04, K=15, time=14.69 ms
  Dung & Tjahjowidodo 2017 (serial adaptation) [threshold-safe adaptation]: MSE=3.475e-05, max SE=3.659e-04, K=14, time=232.28 ms
  Kang 2015 (ADMM adaptation) [threshold-safe adaptation]: MSE=1.922e-05, max SE=3.689e-04, K=30, time=718.90 ms
  Luo et al. 2022 (l-infinity,1 + DE adaptation) [threshold-safe adaptation]: MSE=4.570e-05, max SE=3.894e-04, K=15, time=2553.27 ms
[13/24] USGS / usgs_tnm_contours_large_scale_3eb19dbb6d67_w000_3eb19dbb
  Ours v16: MSE=8.225e-06, max SE=5.543e-05, K=30, time=9.15 ms
  Park & Lee 2007 (DOM adaptation): MSE=1.126e-05, max SE=8.570e-05, K=15, time=17.94 ms
  Liang et al. 2017 (feature-IKI adaptation): MSE=2.158e-05, max SE=8.977e-05, K=9, time=8.52 ms
  Dung & Tjahjowidodo 2017 (serial adaptation) [threshold-safe adaptation]: MSE=3.224e-05, max SE=1.568e-04, K=8, time=113.01 ms
  Kang 2015 (ADMM adaptation) [threshold-safe adaptation]: MSE=4.461e-05, max SE=2.564e-04, K=7, time=1014.22 ms
  Luo et al. 2022 (l-infinity,1 + DE adaptation) [threshold-safe adaptation]: MSE=4.233e-05, max SE=1.856e-04, K=9, time=2609.82 ms
[14/24] USGS / usgs_tnm_contours_large_scale_2cadfb668fb4_w000_2cadfb66
  Ours v16: MSE=1.874e-05, max SE=1.445e-04, K=19, time=8.98 ms
  Park & Lee 2007 (DOM adaptation): MSE=4.945e-05, max SE=4.692e-04, K=3, time=5.14 ms
  Liang et al. 2017 (feature-IKI adaptation): MSE=2.225e-05, max SE=1.720e-04, K=4, time=3.60 ms
  Dung & Tjahjowidodo 2017 (serial adaptation) [threshold-safe adaptation]: MSE=1.252e-05, max SE=6.423e-05, K=5, time=49.05 ms
  Kang 2015 (ADMM adaptation) [threshold-safe adaptation]: MSE=4.192e-05, max SE=2.430e-04, K=3, time=1076.01 ms
  Luo et al. 2022 (l-infinity,1 + DE adaptation) [threshold-safe adaptation]: MSE=1.011e-05, max SE=4.076e-05, K=5, time=2696.02 ms
[15/24] USGS / usgs_tnm_contours_large_scale_ddfe427e4dda_w000_ddfe427e
  Ours v16: MSE=1.294e-05, max SE=1.328e-04, K=25, time=9.19 ms
  Park & Lee 2007 (DOM adaptation): MSE=4.881e-05, max SE=5.420e-04, K=16, time=19.26 ms
  Liang et al. 2017 (feature-IKI adaptation): MSE=4.358e-05, max SE=1.793e-04, K=12, time=11.58 ms
  Dung & Tjahjowidodo 2017 (serial adaptation) [threshold-safe adaptation]: MSE=4.541e-05, max SE=2.914e-04, K=11, time=171.97 ms
  Kang 2015 (ADMM adaptation) [threshold-safe adaptation]: MSE=2.492e-06, max SE=2.142e-05, K=26, time=759.33 ms
  Luo et al. 2022 (l-infinity,1 + DE adaptation) [threshold-safe adaptation]: MSE=4.216e-05, max SE=2.632e-04, K=11, time=2618.48 ms
[16/24] USGS / usgs_tnm_contours_large_scale_8e652f54e742_w000_8e652f54
  Ours v16: MSE=4.113e-05, max SE=2.663e-04, K=31, time=9.15 ms
  Park & Lee 2007 (DOM adaptation): MSE=5.797e-05, max SE=5.542e-04, K=32, time=41.77 ms
  Liang et al. 2017 (feature-IKI adaptation): MSE=4.377e-05, max SE=2.609e-04, K=24, time=24.93 ms
  Dung & Tjahjowidodo 2017 (serial adaptation) [threshold-safe adaptation]: MSE=4.874e-05, max SE=2.867e-04, K=21, time=368.68 ms
  Kang 2015 (ADMM adaptation) [threshold-safe adaptation]: MSE=4.756e-05, max SE=4.370e-04, K=32, time=407.44 ms
  Luo et al. 2022 (l-infinity,1 + DE adaptation) [threshold-safe adaptation]: MSE=4.758e-05, max SE=2.250e-04, K=25, time=1339.42 ms
[17/24] USGS / usgs_tnm_contours_large_scale_f0e01325c640_w002_0eb6b787
  Ours v16: MSE=7.056e-05, max SE=3.862e-04, K=31, time=9.17 ms
  Park & Lee 2007 (DOM adaptation): MSE=9.854e-05, max SE=8.836e-04, K=32, time=41.95 ms
  Liang et al. 2017 (feature-IKI adaptation): MSE=5.518e-05, max SE=2.795e-04, K=32, time=35.14 ms
  Dung & Tjahjowidodo 2017 (serial adaptation) [threshold-safe adaptation]: MSE=4.889e-05, max SE=3.287e-04, K=31, time=480.26 ms
  Kang 2015 (ADMM adaptation) [threshold-safe adaptation]: MSE=7.365e-05, max SE=4.561e-04, K=32, time=11.12 ms
  Luo et al. 2022 (l-infinity,1 + DE adaptation) [threshold-safe adaptation]: MSE=7.228e-05, max SE=4.578e-04, K=32, time=665.50 ms
[18/24] USGS / usgs_tnm_contours_large_scale_f25cc5317711_w000_f25cc531
  Ours v16: MSE=3.196e-05, max SE=1.879e-04, K=32, time=9.19 ms
  Park & Lee 2007 (DOM adaptation): MSE=3.959e-05, max SE=2.939e-04, K=32, time=41.89 ms
  Liang et al. 2017 (feature-IKI adaptation): MSE=4.318e-05, max SE=3.035e-04, K=23, time=23.60 ms
  Dung & Tjahjowidodo 2017 (serial adaptation) [threshold-safe adaptation]: MSE=4.657e-05, max SE=3.131e-04, K=23, time=398.45 ms
  Kang 2015 (ADMM adaptation) [threshold-safe adaptation]: MSE=3.942e-05, max SE=3.381e-04, K=32, time=405.80 ms
  Luo et al. 2022 (l-infinity,1 + DE adaptation) [threshold-safe adaptation]: MSE=4.226e-05, max SE=2.960e-04, K=31, time=1530.65 ms
[19/24] IndustrialOffset / industrial_offset_keyway_bore_v007_o01_m0p0400
  Ours v16: MSE=5.937e-06, max SE=1.002e-04, K=28, time=9.21 ms
  Park & Lee 2007 (DOM adaptation): MSE=1.360e-04, max SE=1.674e-03, K=32, time=41.67 ms
  Liang et al. 2017 (feature-IKI adaptation): MSE=1.770e-05, max SE=2.209e-04, K=19, time=18.92 ms
  Dung & Tjahjowidodo 2017 (serial adaptation) [threshold-safe adaptation]: MSE=4.946e-05, max SE=2.704e-04, K=13, time=180.55 ms
  Kang 2015 (ADMM adaptation) [threshold-safe adaptation]: MSE=3.787e-05, max SE=6.925e-04, K=31, time=403.41 ms
  Luo et al. 2022 (l-infinity,1 + DE adaptation) [threshold-safe adaptation]: MSE=4.915e-05, max SE=7.115e-04, K=23, time=2177.61 ms
[20/24] IndustrialOffset / industrial_offset_elliptic_bore_v008_o03_p0p0200
  Ours v16: MSE=2.525e-06, max SE=2.271e-05, K=18, time=8.98 ms
  Park & Lee 2007 (DOM adaptation): MSE=4.998e-05, max SE=2.761e-04, K=10, time=12.40 ms
  Liang et al. 2017 (feature-IKI adaptation): MSE=4.785e-05, max SE=1.444e-04, K=5, time=4.62 ms
  Dung & Tjahjowidodo 2017 (serial adaptation) [threshold-safe adaptation]: MSE=3.310e-05, max SE=1.962e-04, K=7, time=77.55 ms
  Kang 2015 (ADMM adaptation) [threshold-safe adaptation]: MSE=2.848e-06, max SE=1.985e-05, K=16, time=991.29 ms
  Luo et al. 2022 (l-infinity,1 + DE adaptation) [threshold-safe adaptation]: MSE=3.128e-05, max SE=1.331e-04, K=7, time=2950.92 ms
[21/24] IndustrialOffset / industrial_offset_keyway_bore_v008_o03_p0p0200
  Ours v16: MSE=1.567e-05, max SE=2.826e-04, K=28, time=9.19 ms
  Park & Lee 2007 (DOM adaptation): MSE=9.890e-05, max SE=1.625e-03, K=32, time=41.91 ms
  Liang et al. 2017 (feature-IKI adaptation): MSE=1.631e-05, max SE=1.498e-04, K=18, time=17.81 ms
  Dung & Tjahjowidodo 2017 (serial adaptation) [threshold-safe adaptation]: MSE=4.209e-05, max SE=2.570e-04, K=15, time=196.98 ms
  Kang 2015 (ADMM adaptation) [threshold-safe adaptation]: MSE=1.503e-05, max SE=3.216e-04, K=30, time=400.81 ms
  Luo et al. 2022 (l-infinity,1 + DE adaptation) [threshold-safe adaptation]: MSE=3.567e-05, max SE=3.161e-04, K=12, time=2412.01 ms
[22/24] IndustrialOffset / industrial_offset_naca_airfoil_v005_o04_p0p0400
  Ours v16: MSE=3.261e-06, max SE=7.689e-05, K=21, time=9.09 ms
  Park & Lee 2007 (DOM adaptation): MSE=1.949e-05, max SE=5.585e-04, K=15, time=22.60 ms
  Liang et al. 2017 (feature-IKI adaptation): MSE=2.744e-05, max SE=3.719e-04, K=7, time=6.60 ms
  Dung & Tjahjowidodo 2017 (serial adaptation) [threshold-safe adaptation]: MSE=1.430e-05, max SE=2.543e-04, K=6, time=93.55 ms
  Kang 2015 (ADMM adaptation) [threshold-safe adaptation]: MSE=6.371e-06, max SE=3.207e-04, K=22, time=766.72 ms
  Luo et al. 2022 (l-infinity,1 + DE adaptation) [threshold-safe adaptation]: MSE=3.999e-05, max SE=6.819e-04, K=8, time=2816.56 ms
[23/24] IndustrialOffset / industrial_offset_lobed_rotor_v001_o00_m0p0800
  Ours v16: MSE=2.944e-04, max SE=2.162e-03, K=22, time=9.11 ms
  Park & Lee 2007 (DOM adaptation): MSE=4.640e-05, max SE=2.309e-04, K=19, time=26.67 ms
  Liang et al. 2017 (feature-IKI adaptation): MSE=3.975e-05, max SE=1.984e-04, K=22, time=22.51 ms
  Dung & Tjahjowidodo 2017 (serial adaptation) [threshold-safe adaptation]: MSE=4.768e-05, max SE=2.986e-04, K=18, time=228.76 ms
  Kang 2015 (ADMM adaptation) [threshold-safe adaptation]: MSE=4.013e-06, max SE=2.378e-05, K=32, time=402.61 ms
  Luo et al. 2022 (l-infinity,1 + DE adaptation) [threshold-safe adaptation]: MSE=3.209e-05, max SE=1.886e-04, K=19, time=2597.56 ms
[24/24] IndustrialOffset / industrial_offset_naca_airfoil_v011_o03_p0p0200
  Ours v16: MSE=4.902e-06, max SE=8.649e-05, K=22, time=9.10 ms
  Park & Lee 2007 (DOM adaptation): MSE=2.084e-05, max SE=5.718e-04, K=10, time=20.73 ms
  Liang et al. 2017 (feature-IKI adaptation): MSE=3.767e-05, max SE=4.089e-04, K=6, time=5.60 ms
  Dung & Tjahjowidodo 2017 (serial adaptation) [threshold-safe adaptation]: MSE=1.830e-05, max SE=6.030e-04, K=6, time=79.38 ms
  Kang 2015 (ADMM adaptation) [threshold-safe adaptation]: MSE=9.567e-06, max SE=2.756e-04, K=23, time=720.99 ms
  Luo et al. 2022 (l-infinity,1 + DE adaptation) [threshold-safe adaptation]: MSE=1.554e-05, max SE=4.617e-04, K=6, time=2663.77 ms
Saved 24 PNG files and /home/feng/HouCode/SplineFitting_1070_overnight/outputs/figures/overnight_anchored_k32_p12_j48_3090_r1/six_method_real_cases/deployment_visualizations.json
