Checking real manifests and train/val/test group separation...
  Reading manifest: /home/feng/HouCode/SplineSurpervisedFitting/data/splits/uji_pen_v2.jsonl
  Checking groups/files: 2000/18219
  Checking groups/files: 4000/18219
  Checking groups/files: 6000/18219
  Checking groups/files: 8000/18219
  Checking groups/files: 10000/18219
  Checking groups/files: 12000/18219
  Checking groups/files: 14000/18219
  Checking groups/files: 16000/18219
  Checking groups/files: 18000/18219
  Checking groups/files: 18219/18219
  Ready uji_pen_characters_v2: train=9670, val=2456 (test excluded from training)
  Reading manifest: /home/feng/HouCode/SplineSurpervisedFitting/data/processed/natural_earth/v5.1.2_10m_coastline/manifest.jsonl
  Checking groups/files: 2000/3908
  Checking groups/files: 3908/3908
  Ready natural_earth_10m_coastline: train=2625, val=750 (test excluded from training)
  Reading manifest: /home/feng/HouCode/SplineSurpervisedFitting/data/processed/usgs_contours/large_scale/manifest.jsonl
  Checking groups/files: 2000/6654
  Checking groups/files: 4000/6654
  Checking groups/files: 6000/6654
  Checking groups/files: 6654/6654
  Ready usgs_tnm_contours_large_scale: train=4024, val=1210 (test excluded from training)
  Reading manifest: /home/feng/HouCode/SplineSurpervisedFitting/data/processed/industrial_offsets/v1/manifest.jsonl
  Checking groups/files: 453/453
  Ready industrial_model_offset_curves: train=293, val=93 (test excluded from training)
v16 adaptive mass_topk: cuda, Kc=56 internal (full cubic knot vector at all-keep=64), MSE tolerance=0.0001; 1500 train draws, 420 validation curves; real sources=4
Synthetic source contract: clean source-subset threshold-minimal certificate at RMS=0.01, margin=20%, audit_points=512
Joint supervision: certified synthetic geometry labels plus one offline Hard-RMS feasible-subset Teacher on the frozen Proposal parameter/candidate frame. Source K is a reference only. The Teacher mask/count/risk supervise Selector and subset decoder; no subset search runs in Joint steps. Proposal and ParameterHead remain frozen for cache validity. Raw deployment is one-shot; MSE verification/repair is a separate numerical method.
Checkpoint selection minimizes mean per-curve subset cost: feasible curves trade K against a bounded MSE tie-break; infeasible curves use a logarithmic MSE penalty. Aggregate pass rates and the explicit K=44 boundary audit (n=16) are reported but never gate training. Labelled Joint performs only dense, deployed-mask and labelled-mask fits per batch.
Proposal-stage synthetic stratification: 50.0% from K>=32; the remainder uses K=4..31. Joint training always uses the original K=4..44 distribution.
Epoch 001/72 proposal [=.......................] 1/24 MSE=8.781e-05 pass=62.5% K=56.0 denseK=56.0 countMAE=0.00 lr=group_0:2.0e-04
Epoch 001/72 proposal [==========..............] 10/24 MSE=1.006e-04 pass=59.4% K=56.0 denseK=56.0 countMAE=0.00 lr=group_0:2.0e-04
Epoch 001/72 proposal [====================....] 20/24 MSE=1.034e-04 pass=62.5% K=56.0 denseK=56.0 countMAE=0.00 lr=group_0:2.0e-04
Epoch 001/72 proposal [========================] 24/24 MSE=1.146e-04 pass=53.6% K=56.0 denseK=56.0 countMAE=0.00 lr=group_0:2.0e-04
  validation [===.....................] 1/7 
  validation [========================] 7/7 
Epoch 001 phase=proposal lr=group_0:2.0e-04 val dense=85.5% deployment=85.5% worst-source=80.3% qualification=0.0% MSE=5.523e-05 K=56.00 mass=23.39 beta=0.33 soft_cost=1.2454 selection_score=-1.2454 complexity=0.00->0.00 safety=0+0.00sigma scale=1.00->1.00 pass_reference_only=0.0%
  Proposal train geometry: coverage_MAE=5.8399e-03, ordered_assignment_MAE=5.8526e-03, matched_K=27.78, R@.005/.01/.02=0.410/0.900/1.000, parameter_bias=1.351e-02
  Synthetic K=44: n=18, dense=0.0%, deployment=0.0%
  Synthetic: dense=80.3%, deployment=80.3%, MSE=7.374e-05, K=56.00, targetK=24.18, count_MAE=31.82, bias=+31.82, knot_F1@0.01=0.542, param_RMSE=3.553e-02
  uji_pen_characters_v2: dense=100.0%, deployment=100.0%, MSE=5.371e-07, K=56.00
  natural_earth_10m_coastline: dense=93.3%, deployment=93.3%, MSE=2.721e-05, K=56.00
  usgs_tnm_contours_large_scale: dense=100.0%, deployment=100.0%, MSE=7.455e-06, K=56.00
  industrial_model_offset_curves: dense=100.0%, deployment=100.0%, MSE=5.606e-07, K=56.00
Epoch 002/72 proposal [=.......................] 1/24 MSE=1.009e-04 pass=57.8% K=56.0 denseK=56.0 countMAE=0.00 lr=group_0:2.0e-04
Epoch 002/72 proposal [==========..............] 10/24 MSE=8.740e-05 pass=64.1% K=56.0 denseK=56.0 countMAE=0.00 lr=group_0:2.0e-04
Epoch 002/72 proposal [====================....] 20/24 MSE=7.011e-05 pass=70.3% K=56.0 denseK=56.0 countMAE=0.00 lr=group_0:2.0e-04
Epoch 002/72 proposal [========================] 24/24 MSE=5.187e-05 pass=85.7% K=56.0 denseK=56.0 countMAE=0.00 lr=group_0:2.0e-04
  validation [===.....................] 1/7 
  validation [========================] 7/7 
Epoch 002 phase=proposal lr=group_0:2.0e-04 val dense=88.1% deployment=88.1% worst-source=84.0% qualification=0.0% MSE=3.974e-05 K=56.00 mass=23.30 beta=0.34 soft_cost=1.1935 selection_score=-1.1935 complexity=0.00->0.00 safety=0+0.00sigma scale=1.00->1.00 pass_reference_only=0.0%
  Proposal train geometry: coverage_MAE=5.5096e-03, ordered_assignment_MAE=5.5205e-03, matched_K=27.78, R@.005/.01/.02=0.438/0.931/1.000, parameter_bias=1.222e-02
  Synthetic K=44: n=18, dense=0.0%, deployment=0.0%
  Synthetic: dense=84.0%, deployment=84.0%, MSE=5.211e-05, K=56.00, targetK=24.18, count_MAE=31.82, bias=+31.82, knot_F1@0.01=0.568, param_RMSE=3.179e-02
  uji_pen_characters_v2: dense=100.0%, deployment=100.0%, MSE=1.224e-06, K=56.00
  natural_earth_10m_coastline: dense=93.3%, deployment=93.3%, MSE=2.594e-05, K=56.00
  usgs_tnm_contours_large_scale: dense=100.0%, deployment=100.0%, MSE=7.158e-06, K=56.00
  industrial_model_offset_curves: dense=100.0%, deployment=100.0%, MSE=9.220e-07, K=56.00
Epoch 003/72 proposal [=.......................] 1/24 MSE=6.122e-05 pass=78.1% K=56.0 denseK=56.0 countMAE=0.00 lr=group_0:2.0e-04
Epoch 003/72 proposal [==========..............] 10/24 MSE=5.908e-05 pass=81.2% K=56.0 denseK=56.0 countMAE=0.00 lr=group_0:2.0e-04
Epoch 003/72 proposal [====================....] 20/24 MSE=5.996e-05 pass=78.1% K=56.0 denseK=56.0 countMAE=0.00 lr=group_0:2.0e-04
Epoch 003/72 proposal [========================] 24/24 MSE=5.359e-05 pass=85.7% K=56.0 denseK=56.0 countMAE=0.00 lr=group_0:2.0e-04
  validation [===.....................] 1/7 
  validation [========================] 7/7 
Epoch 003 phase=proposal lr=group_0:2.0e-04 val dense=89.5% deployment=89.5% worst-source=86.0% qualification=0.0% MSE=3.302e-05 K=56.00 mass=23.24 beta=0.34 soft_cost=1.1654 selection_score=-1.1654 complexity=0.00->0.00 safety=0+0.00sigma scale=1.00->1.00 pass_reference_only=0.0%
  Proposal train geometry: coverage_MAE=5.0113e-03, ordered_assignment_MAE=5.0170e-03, matched_K=27.78, R@.005/.01/.02=0.497/0.964/1.000, parameter_bias=1.188e-02
  Synthetic K=44: n=18, dense=0.0%, deployment=0.0%
  Synthetic: dense=86.0%, deployment=86.0%, MSE=4.157e-05, K=56.00, targetK=24.18, count_MAE=31.82, bias=+31.82, knot_F1@0.01=0.588, param_RMSE=2.926e-02
  uji_pen_characters_v2: dense=100.0%, deployment=100.0%, MSE=2.607e-06, K=56.00
  natural_earth_10m_coastline: dense=93.3%, deployment=93.3%, MSE=2.974e-05, K=56.00
  usgs_tnm_contours_large_scale: dense=100.0%, deployment=100.0%, MSE=1.042e-05, K=56.00
  industrial_model_offset_curves: dense=100.0%, deployment=100.0%, MSE=3.779e-06, K=56.00
Epoch 004/72 proposal [=.......................] 1/24 MSE=6.938e-05 pass=64.1% K=56.0 denseK=56.0 countMAE=0.00 lr=group_0:2.0e-04
Epoch 004/72 proposal [==========..............] 10/24 MSE=4.948e-05 pass=81.2% K=56.0 denseK=56.0 countMAE=0.00 lr=group_0:2.0e-04
Epoch 004/72 proposal [====================....] 20/24 MSE=5.156e-05 pass=81.2% K=56.0 denseK=56.0 countMAE=0.00 lr=group_0:2.0e-04
Epoch 004/72 proposal [========================] 24/24 MSE=3.273e-05 pass=92.9% K=56.0 denseK=56.0 countMAE=0.00 lr=group_0:2.0e-04
  validation [===.....................] 1/7 
  validation [========================] 7/7 
Epoch 004 phase=proposal lr=group_0:2.0e-04 val dense=89.8% deployment=89.8% worst-source=86.3% qualification=0.0% MSE=3.032e-05 K=56.00 mass=23.29 beta=0.34 soft_cost=1.1525 selection_score=-1.1525 complexity=0.00->0.00 safety=0+0.00sigma scale=1.00->1.00 pass_reference_only=0.0%
  Proposal train geometry: coverage_MAE=4.7470e-03, ordered_assignment_MAE=4.7513e-03, matched_K=27.78, R@.005/.01/.02=0.532/0.976/1.000, parameter_bias=1.161e-02
  Synthetic K=44: n=18, dense=0.0%, deployment=0.0%
  Synthetic: dense=86.3%, deployment=86.3%, MSE=3.754e-05, K=56.00, targetK=24.18, count_MAE=31.82, bias=+31.82, knot_F1@0.01=0.589, param_RMSE=2.932e-02
  uji_pen_characters_v2: dense=100.0%, deployment=100.0%, MSE=4.213e-06, K=56.00
  natural_earth_10m_coastline: dense=93.3%, deployment=93.3%, MSE=3.025e-05, K=56.00
  usgs_tnm_contours_large_scale: dense=100.0%, deployment=100.0%, MSE=1.071e-05, K=56.00
  industrial_model_offset_curves: dense=100.0%, deployment=100.0%, MSE=3.984e-06, K=56.00
Epoch 005/72 proposal [=.......................] 1/24 MSE=4.558e-05 pass=87.5% K=56.0 denseK=56.0 countMAE=0.00 lr=group_0:2.0e-04
Epoch 005/72 proposal [==========..............] 10/24 MSE=5.031e-05 pass=79.7% K=56.0 denseK=56.0 countMAE=0.00 lr=group_0:2.0e-04
Epoch 005/72 proposal [====================....] 20/24 MSE=5.102e-05 pass=82.8% K=56.0 denseK=56.0 countMAE=0.00 lr=group_0:2.0e-04
Epoch 005/72 proposal [========================] 24/24 MSE=5.133e-05 pass=82.1% K=56.0 denseK=56.0 countMAE=0.00 lr=group_0:2.0e-04
  validation [===.....................] 1/7 
  validation [========================] 7/7 
Epoch 005 phase=proposal lr=group_0:2.0e-04 val dense=89.8% deployment=89.8% worst-source=86.3% qualification=0.0% MSE=2.873e-05 K=56.00 mass=23.25 beta=0.34 soft_cost=1.1437 selection_score=-1.1437 complexity=0.00->0.00 safety=0+0.00sigma scale=1.00->1.00 pass_reference_only=0.0%
  Proposal train geometry: coverage_MAE=4.6887e-03, ordered_assignment_MAE=4.6915e-03, matched_K=27.78, R@.005/.01/.02=0.542/0.976/1.000, parameter_bias=1.164e-02
  Synthetic K=44: n=18, dense=0.0%, deployment=0.0%
  Synthetic: dense=86.3%, deployment=86.3%, MSE=3.508e-05, K=56.00, targetK=24.18, count_MAE=31.82, bias=+31.82, knot_F1@0.01=0.590, param_RMSE=2.867e-02
  uji_pen_characters_v2: dense=100.0%, deployment=100.0%, MSE=4.652e-06, K=56.00
  natural_earth_10m_coastline: dense=93.3%, deployment=93.3%, MSE=3.072e-05, K=56.00
  usgs_tnm_contours_large_scale: dense=100.0%, deployment=100.0%, MSE=1.153e-05, K=56.00
  industrial_model_offset_curves: dense=100.0%, deployment=100.0%, MSE=4.512e-06, K=56.00
Epoch 006/72 proposal [=.......................] 1/24 MSE=5.507e-05 pass=76.6% K=56.0 denseK=56.0 countMAE=0.00 lr=group_0:2.0e-04
Epoch 006/72 proposal [==========..............] 10/24 MSE=5.089e-05 pass=82.8% K=56.0 denseK=56.0 countMAE=0.00 lr=group_0:2.0e-04
Epoch 006/72 proposal [====================....] 20/24 MSE=4.344e-05 pass=84.4% K=56.0 denseK=56.0 countMAE=0.00 lr=group_0:2.0e-04
Epoch 006/72 proposal [========================] 24/24 MSE=4.005e-05 pass=89.3% K=56.0 denseK=56.0 countMAE=0.00 lr=group_0:2.0e-04
  validation [===.....................] 1/7 
  validation [========================] 7/7 
Epoch 006 phase=proposal lr=group_0:2.0e-04 val dense=90.2% deployment=90.2% worst-source=87.0% qualification=0.0% MSE=2.832e-05 K=56.00 mass=23.23 beta=0.34 soft_cost=1.1373 selection_score=-1.1373 complexity=0.00->0.00 safety=0+0.00sigma scale=1.00->1.00 pass_reference_only=0.0%
  Proposal train geometry: coverage_MAE=4.6672e-03, ordered_assignment_MAE=4.6701e-03, matched_K=27.78, R@.005/.01/.02=0.545/0.977/1.000, parameter_bias=1.162e-02
  Synthetic K=44: n=18, dense=0.0%, deployment=0.0%
  Synthetic: dense=87.0%, deployment=87.0%, MSE=3.440e-05, K=56.00, targetK=24.18, count_MAE=31.82, bias=+31.82, knot_F1@0.01=0.589, param_RMSE=2.838e-02
  uji_pen_characters_v2: dense=100.0%, deployment=100.0%, MSE=5.143e-06, K=56.00
  natural_earth_10m_coastline: dense=93.3%, deployment=93.3%, MSE=3.104e-05, K=56.00
  usgs_tnm_contours_large_scale: dense=100.0%, deployment=100.0%, MSE=1.170e-05, K=56.00
  industrial_model_offset_curves: dense=100.0%, deployment=100.0%, MSE=4.630e-06, K=56.00
Epoch 007/72 proposal [=.......................] 1/24 MSE=3.167e-05 pass=95.3% K=56.0 denseK=56.0 countMAE=0.00 lr=group_0:2.0e-04
Epoch 007/72 proposal [==========..............] 10/24 MSE=3.530e-05 pass=89.1% K=56.0 denseK=56.0 countMAE=0.00 lr=group_0:2.0e-04
Epoch 007/72 proposal [====================....] 20/24 MSE=5.080e-05 pass=79.7% K=56.0 denseK=56.0 countMAE=0.00 lr=group_0:2.0e-04
Epoch 007/72 proposal [========================] 24/24 MSE=3.175e-05 pass=89.3% K=56.0 denseK=56.0 countMAE=0.00 lr=group_0:2.0e-04
  validation [===.....................] 1/7 
  validation [========================] 7/7 
Epoch 007 phase=proposal lr=group_0:2.0e-04 val dense=90.7% deployment=90.7% worst-source=87.7% qualification=0.0% MSE=2.803e-05 K=56.00 mass=23.23 beta=0.34 soft_cost=1.1323 selection_score=-1.1323 complexity=0.00->0.00 safety=0+0.00sigma scale=1.00->1.00 pass_reference_only=0.0%
  Proposal train geometry: coverage_MAE=4.6545e-03, ordered_assignment_MAE=4.6572e-03, matched_K=27.78, R@.005/.01/.02=0.547/0.978/1.000, parameter_bias=1.154e-02
  Synthetic K=44: n=18, dense=0.0%, deployment=0.0%
  Synthetic: dense=87.7%, deployment=87.7%, MSE=3.410e-05, K=56.00, targetK=24.18, count_MAE=31.82, bias=+31.82, knot_F1@0.01=0.589, param_RMSE=2.816e-02
  uji_pen_characters_v2: dense=100.0%, deployment=100.0%, MSE=5.168e-06, K=56.00
  natural_earth_10m_coastline: dense=93.3%, deployment=93.3%, MSE=3.053e-05, K=56.00
  usgs_tnm_contours_large_scale: dense=100.0%, deployment=100.0%, MSE=1.138e-05, K=56.00
  industrial_model_offset_curves: dense=100.0%, deployment=100.0%, MSE=4.352e-06, K=56.00
Epoch 008/72 proposal [=.......................] 1/24 MSE=4.127e-05 pass=85.9% K=56.0 denseK=56.0 countMAE=0.00 lr=group_0:2.0e-04
Epoch 008/72 proposal [==========..............] 10/24 MSE=6.040e-05 pass=75.0% K=56.0 denseK=56.0 countMAE=0.00 lr=group_0:2.0e-04
Epoch 008/72 proposal [====================....] 20/24 MSE=5.116e-05 pass=81.2% K=56.0 denseK=56.0 countMAE=0.00 lr=group_0:2.0e-04
Epoch 008/72 proposal [========================] 24/24 MSE=4.480e-05 pass=85.7% K=56.0 denseK=56.0 countMAE=0.00 lr=group_0:2.0e-04
  validation [===.....................] 1/7 
  validation [========================] 7/7 
Epoch 008 phase=proposal lr=group_0:2.0e-04 val dense=90.2% deployment=90.2% worst-source=87.0% qualification=0.0% MSE=2.783e-05 K=56.00 mass=23.29 beta=0.34 soft_cost=1.1347 selection_score=-1.1347 complexity=0.00->0.00 safety=0+0.00sigma scale=1.00->1.00 pass_reference_only=0.0%
  Proposal train geometry: coverage_MAE=4.6345e-03, ordered_assignment_MAE=4.6373e-03, matched_K=27.78, R@.005/.01/.02=0.550/0.979/1.000, parameter_bias=1.145e-02
  Synthetic K=44: n=18, dense=0.0%, deployment=0.0%
  Synthetic: dense=87.0%, deployment=87.0%, MSE=3.356e-05, K=56.00, targetK=24.18, count_MAE=31.82, bias=+31.82, knot_F1@0.01=0.591, param_RMSE=2.817e-02
  uji_pen_characters_v2: dense=100.0%, deployment=100.0%, MSE=5.382e-06, K=56.00
  natural_earth_10m_coastline: dense=93.3%, deployment=93.3%, MSE=3.153e-05, K=56.00
  usgs_tnm_contours_large_scale: dense=100.0%, deployment=100.0%, MSE=1.255e-05, K=56.00
  industrial_model_offset_curves: dense=100.0%, deployment=100.0%, MSE=4.543e-06, K=56.00
Epoch 009/72 proposal [=.......................] 1/24 MSE=3.590e-05 pass=92.2% K=56.0 denseK=56.0 countMAE=0.00 lr=group_0:2.0e-04
Epoch 009/72 proposal [==========..............] 10/24 MSE=3.642e-05 pass=87.5% K=56.0 denseK=56.0 countMAE=0.00 lr=group_0:2.0e-04
Epoch 009/72 proposal [====================....] 20/24 MSE=4.538e-05 pass=84.4% K=56.0 denseK=56.0 countMAE=0.00 lr=group_0:2.0e-04
Epoch 009/72 proposal [========================] 24/24 MSE=3.857e-05 pass=89.3% K=56.0 denseK=56.0 countMAE=0.00 lr=group_0:2.0e-04
  validation [===.....................] 1/7 
  validation [========================] 7/7 
Epoch 009 phase=proposal lr=group_0:2.0e-04 val dense=90.5% deployment=90.5% worst-source=87.3% qualification=0.0% MSE=2.794e-05 K=56.00 mass=23.26 beta=0.34 soft_cost=1.1331 selection_score=-1.1331 complexity=0.00->0.00 safety=0+0.00sigma scale=1.00->1.00 pass_reference_only=0.0%
  Proposal train geometry: coverage_MAE=4.6314e-03, ordered_assignment_MAE=4.6340e-03, matched_K=27.78, R@.005/.01/.02=0.549/0.979/1.000, parameter_bias=1.140e-02
  Synthetic K=44: n=18, dense=0.0%, deployment=0.0%
  Synthetic: dense=87.3%, deployment=87.3%, MSE=3.377e-05, K=56.00, targetK=24.18, count_MAE=31.82, bias=+31.82, knot_F1@0.01=0.592, param_RMSE=2.800e-02
  uji_pen_characters_v2: dense=100.0%, deployment=100.0%, MSE=5.742e-06, K=56.00
  natural_earth_10m_coastline: dense=93.3%, deployment=93.3%, MSE=3.102e-05, K=56.00
  usgs_tnm_contours_large_scale: dense=100.0%, deployment=100.0%, MSE=1.223e-05, K=56.00
  industrial_model_offset_curves: dense=100.0%, deployment=100.0%, MSE=4.533e-06, K=56.00
Epoch 010/72 proposal [=.......................] 1/24 MSE=4.923e-05 pass=82.8% K=56.0 denseK=56.0 countMAE=0.00 lr=group_0:2.0e-04
Epoch 010/72 proposal [==========..............] 10/24 MSE=3.380e-05 pass=92.2% K=56.0 denseK=56.0 countMAE=0.00 lr=group_0:2.0e-04
Epoch 010/72 proposal [====================....] 20/24 MSE=4.763e-05 pass=87.5% K=56.0 denseK=56.0 countMAE=0.00 lr=group_0:2.0e-04
Epoch 010/72 proposal [========================] 24/24 MSE=4.287e-05 pass=82.1% K=56.0 denseK=56.0 countMAE=0.00 lr=group_0:2.0e-04
  validation [===.....................] 1/7 
  validation [========================] 7/7 
Epoch 010 phase=proposal lr=group_0:2.0e-04 val dense=90.2% deployment=90.2% worst-source=87.0% qualification=0.0% MSE=2.812e-05 K=56.00 mass=23.26 beta=0.34 soft_cost=1.1367 selection_score=-1.1367 complexity=0.00->0.00 safety=0+0.00sigma scale=1.00->1.00 pass_reference_only=0.0%
  Proposal train geometry: coverage_MAE=4.6288e-03, ordered_assignment_MAE=4.6311e-03, matched_K=27.78, R@.005/.01/.02=0.551/0.979/1.000, parameter_bias=1.138e-02
  Synthetic K=44: n=18, dense=0.0%, deployment=0.0%
  Synthetic: dense=87.0%, deployment=87.0%, MSE=3.395e-05, K=56.00, targetK=24.18, count_MAE=31.82, bias=+31.82, knot_F1@0.01=0.590, param_RMSE=2.776e-02
  uji_pen_characters_v2: dense=100.0%, deployment=100.0%, MSE=5.570e-06, K=56.00
  natural_earth_10m_coastline: dense=93.3%, deployment=93.3%, MSE=3.184e-05, K=56.00
  usgs_tnm_contours_large_scale: dense=100.0%, deployment=100.0%, MSE=1.236e-05, K=56.00
  industrial_model_offset_curves: dense=100.0%, deployment=100.0%, MSE=4.402e-06, K=56.00
Epoch 011/72 proposal [=.......................] 1/24 MSE=4.133e-05 pass=87.5% K=56.0 denseK=56.0 countMAE=0.00 lr=group_0:2.0e-04
Epoch 011/72 proposal [==========..............] 10/24 MSE=4.674e-05 pass=87.5% K=56.0 denseK=56.0 countMAE=0.00 lr=group_0:2.0e-04
Epoch 011/72 proposal [====================....] 20/24 MSE=3.734e-05 pass=90.6% K=56.0 denseK=56.0 countMAE=0.00 lr=group_0:2.0e-04
Epoch 011/72 proposal [========================] 24/24 MSE=3.298e-05 pass=89.3% K=56.0 denseK=56.0 countMAE=0.00 lr=group_0:2.0e-04
  validation [===.....................] 1/7 
  validation [========================] 7/7 
Epoch 011 phase=proposal lr=group_0:2.0e-04 val dense=90.7% deployment=90.7% worst-source=87.7% qualification=0.0% MSE=2.840e-05 K=56.00 mass=23.27 beta=0.34 soft_cost=1.1321 selection_score=-1.1321 complexity=0.00->0.00 safety=0+0.00sigma scale=1.00->1.00 pass_reference_only=0.0%
  Proposal train geometry: coverage_MAE=4.6221e-03, ordered_assignment_MAE=4.6240e-03, matched_K=27.78, R@.005/.01/.02=0.550/0.979/1.000, parameter_bias=1.134e-02
  Synthetic K=44: n=18, dense=0.0%, deployment=0.0%
  Synthetic: dense=87.7%, deployment=87.7%, MSE=3.425e-05, K=56.00, targetK=24.18, count_MAE=31.82, bias=+31.82, knot_F1@0.01=0.591, param_RMSE=2.767e-02
  uji_pen_characters_v2: dense=100.0%, deployment=100.0%, MSE=5.585e-06, K=56.00
  natural_earth_10m_coastline: dense=93.3%, deployment=93.3%, MSE=3.198e-05, K=56.00
  usgs_tnm_contours_large_scale: dense=100.0%, deployment=100.0%, MSE=1.305e-05, K=56.00
  industrial_model_offset_curves: dense=100.0%, deployment=100.0%, MSE=4.457e-06, K=56.00
Epoch 012/72 proposal [=.......................] 1/24 MSE=4.552e-05 pass=84.4% K=56.0 denseK=56.0 countMAE=0.00 lr=group_0:2.0e-04
Epoch 012/72 proposal [==========..............] 10/24 MSE=3.796e-05 pass=87.5% K=56.0 denseK=56.0 countMAE=0.00 lr=group_0:2.0e-04
Epoch 012/72 proposal [====================....] 20/24 MSE=3.310e-05 pass=90.6% K=56.0 denseK=56.0 countMAE=0.00 lr=group_0:2.0e-04
Epoch 012/72 proposal [========================] 24/24 MSE=4.540e-05 pass=85.7% K=56.0 denseK=56.0 countMAE=0.00 lr=group_0:2.0e-04
  validation [===.....................] 1/7 
  validation [========================] 7/7 
Epoch 012 phase=proposal lr=group_0:2.0e-04 val dense=90.7% deployment=90.7% worst-source=87.7% qualification=0.0% MSE=2.855e-05 K=56.00 mass=23.30 beta=0.34 soft_cost=1.1331 selection_score=-1.1331 complexity=0.00->0.00 safety=0+0.00sigma scale=1.00->1.00 pass_reference_only=0.0%
  Proposal train geometry: coverage_MAE=4.6110e-03, ordered_assignment_MAE=4.6130e-03, matched_K=27.78, R@.005/.01/.02=0.552/0.980/1.000, parameter_bias=1.137e-02
  Synthetic K=44: n=18, dense=0.0%, deployment=0.0%
  Synthetic: dense=87.7%, deployment=87.7%, MSE=3.448e-05, K=56.00, targetK=24.18, count_MAE=31.82, bias=+31.82, knot_F1@0.01=0.591, param_RMSE=2.742e-02
  uji_pen_characters_v2: dense=100.0%, deployment=100.0%, MSE=5.628e-06, K=56.00
  natural_earth_10m_coastline: dense=93.3%, deployment=93.3%, MSE=3.193e-05, K=56.00
  usgs_tnm_contours_large_scale: dense=100.0%, deployment=100.0%, MSE=1.292e-05, K=56.00
  industrial_model_offset_curves: dense=100.0%, deployment=100.0%, MSE=4.524e-06, K=56.00
Epoch 013/72 proposal [=.......................] 1/24 MSE=3.752e-05 pass=87.5% K=56.0 denseK=56.0 countMAE=0.00 lr=group_0:2.0e-04
Epoch 013/72 proposal [==========..............] 10/24 MSE=5.017e-05 pass=78.1% K=56.0 denseK=56.0 countMAE=0.00 lr=group_0:2.0e-04
Epoch 013/72 proposal [====================....] 20/24 MSE=3.973e-05 pass=90.6% K=56.0 denseK=56.0 countMAE=0.00 lr=group_0:2.0e-04
Epoch 013/72 proposal [========================] 24/24 MSE=2.497e-05 pass=96.4% K=56.0 denseK=56.0 countMAE=0.00 lr=group_0:2.0e-04
  validation [===.....................] 1/7 
  validation [========================] 7/7 
Epoch 013 phase=proposal lr=group_0:2.0e-04 val dense=90.7% deployment=90.7% worst-source=87.7% qualification=0.0% MSE=2.852e-05 K=56.00 mass=23.36 beta=0.33 soft_cost=1.1326 selection_score=-1.1326 complexity=0.00->0.00 safety=0+0.00sigma scale=1.00->1.00 pass_reference_only=0.0%
  Proposal train geometry: coverage_MAE=4.5942e-03, ordered_assignment_MAE=4.5967e-03, matched_K=27.78, R@.005/.01/.02=0.556/0.980/1.000, parameter_bias=1.129e-02
  Synthetic K=44: n=18, dense=0.0%, deployment=0.0%
  Synthetic: dense=87.7%, deployment=87.7%, MSE=3.453e-05, K=56.00, targetK=24.18, count_MAE=31.82, bias=+31.82, knot_F1@0.01=0.591, param_RMSE=2.742e-02
  uji_pen_characters_v2: dense=100.0%, deployment=100.0%, MSE=5.731e-06, K=56.00
  natural_earth_10m_coastline: dense=93.3%, deployment=93.3%, MSE=3.182e-05, K=56.00
  usgs_tnm_contours_large_scale: dense=100.0%, deployment=100.0%, MSE=1.261e-05, K=56.00
  industrial_model_offset_curves: dense=100.0%, deployment=100.0%, MSE=3.913e-06, K=56.00
Epoch 014/72 proposal [=.......................] 1/24 MSE=4.337e-05 pass=85.9% K=56.0 denseK=56.0 countMAE=0.00 lr=group_0:2.0e-04
Epoch 014/72 proposal [==========..............] 10/24 MSE=4.431e-05 pass=82.8% K=56.0 denseK=56.0 countMAE=0.00 lr=group_0:2.0e-04
Epoch 014/72 proposal [====================....] 20/24 MSE=3.686e-05 pass=82.8% K=56.0 denseK=56.0 countMAE=0.00 lr=group_0:2.0e-04
Epoch 014/72 proposal [========================] 24/24 MSE=3.097e-05 pass=89.3% K=56.0 denseK=56.0 countMAE=0.00 lr=group_0:2.0e-04
  validation [===.....................] 1/7 
  validation [========================] 7/7 
Epoch 014 phase=proposal lr=group_0:2.0e-04 val dense=90.7% deployment=90.7% worst-source=87.7% qualification=0.0% MSE=2.854e-05 K=56.00 mass=23.35 beta=0.34 soft_cost=1.1322 selection_score=-1.1322 complexity=0.00->0.00 safety=0+0.00sigma scale=1.00->1.00 pass_reference_only=0.0%
  Proposal train geometry: coverage_MAE=4.6066e-03, ordered_assignment_MAE=4.6086e-03, matched_K=27.78, R@.005/.01/.02=0.554/0.980/1.000, parameter_bias=1.124e-02
  Synthetic K=44: n=18, dense=0.0%, deployment=0.0%
  Synthetic: dense=87.7%, deployment=87.7%, MSE=3.433e-05, K=56.00, targetK=24.18, count_MAE=31.82, bias=+31.82, knot_F1@0.01=0.592, param_RMSE=2.723e-02
  uji_pen_characters_v2: dense=100.0%, deployment=100.0%, MSE=5.732e-06, K=56.00
  natural_earth_10m_coastline: dense=93.3%, deployment=93.3%, MSE=3.300e-05, K=56.00
  usgs_tnm_contours_large_scale: dense=100.0%, deployment=100.0%, MSE=1.333e-05, K=56.00
  industrial_model_offset_curves: dense=100.0%, deployment=100.0%, MSE=4.300e-06, K=56.00
Epoch 015/72 proposal [=.......................] 1/24 MSE=4.342e-05 pass=82.8% K=56.0 denseK=56.0 countMAE=0.00 lr=group_0:2.0e-04
Epoch 015/72 proposal [==========..............] 10/24 MSE=3.565e-05 pass=89.1% K=56.0 denseK=56.0 countMAE=0.00 lr=group_0:2.0e-04
Epoch 015/72 proposal [====================....] 20/24 MSE=3.206e-05 pass=93.8% K=56.0 denseK=56.0 countMAE=0.00 lr=group_0:2.0e-04
Epoch 015/72 proposal [========================] 24/24 MSE=3.872e-05 pass=85.7% K=56.0 denseK=56.0 countMAE=0.00 lr=group_0:2.0e-04
  validation [===.....................] 1/7 
  validation [========================] 7/7 
Epoch 015 phase=proposal lr=group_0:2.0e-04 val dense=90.5% deployment=90.5% worst-source=87.3% qualification=0.0% MSE=2.859e-05 K=56.00 mass=23.31 beta=0.34 soft_cost=1.1339 selection_score=-1.1339 complexity=0.00->0.00 safety=0+0.00sigma scale=1.00->1.00 pass_reference_only=0.0%
  Proposal train geometry: coverage_MAE=4.5998e-03, ordered_assignment_MAE=4.6018e-03, matched_K=27.78, R@.005/.01/.02=0.554/0.979/1.000, parameter_bias=1.120e-02
  Synthetic K=44: n=18, dense=0.0%, deployment=0.0%
  Synthetic: dense=87.3%, deployment=87.3%, MSE=3.425e-05, K=56.00, targetK=24.18, count_MAE=31.82, bias=+31.82, knot_F1@0.01=0.590, param_RMSE=2.721e-02
  uji_pen_characters_v2: dense=100.0%, deployment=100.0%, MSE=5.698e-06, K=56.00
  natural_earth_10m_coastline: dense=93.3%, deployment=93.3%, MSE=3.387e-05, K=56.00
  usgs_tnm_contours_large_scale: dense=100.0%, deployment=100.0%, MSE=1.406e-05, K=56.00
  industrial_model_offset_curves: dense=100.0%, deployment=100.0%, MSE=4.086e-06, K=56.00
Epoch 016/72 proposal [=.......................] 1/24 MSE=6.256e-05 pass=78.1% K=56.0 denseK=56.0 countMAE=0.00 lr=group_0:2.0e-04
Epoch 016/72 proposal [==========..............] 10/24 MSE=3.346e-05 pass=93.8% K=56.0 denseK=56.0 countMAE=0.00 lr=group_0:2.0e-04
Epoch 016/72 proposal [====================....] 20/24 MSE=4.276e-05 pass=84.4% K=56.0 denseK=56.0 countMAE=0.00 lr=group_0:2.0e-04
Epoch 016/72 proposal [========================] 24/24 MSE=5.250e-05 pass=78.6% K=56.0 denseK=56.0 countMAE=0.00 lr=group_0:2.0e-04
  validation [===.....................] 1/7 
  validation [========================] 7/7 
Epoch 016 phase=proposal lr=group_0:2.0e-04 val dense=90.7% deployment=90.7% worst-source=87.7% qualification=0.0% MSE=2.802e-05 K=56.00 mass=23.31 beta=0.34 soft_cost=1.1306 selection_score=-1.1306 complexity=0.00->0.00 safety=0+0.00sigma scale=1.00->1.00 pass_reference_only=0.0%
  Proposal train geometry: coverage_MAE=4.5827e-03, ordered_assignment_MAE=4.5846e-03, matched_K=27.78, R@.005/.01/.02=0.556/0.980/1.000, parameter_bias=1.115e-02
  Synthetic K=44: n=18, dense=0.0%, deployment=0.0%
  Synthetic: dense=87.7%, deployment=87.7%, MSE=3.365e-05, K=56.00, targetK=24.18, count_MAE=31.82, bias=+31.82, knot_F1@0.01=0.591, param_RMSE=2.729e-02
  uji_pen_characters_v2: dense=100.0%, deployment=100.0%, MSE=5.674e-06, K=56.00
  natural_earth_10m_coastline: dense=93.3%, deployment=93.3%, MSE=3.339e-05, K=56.00
  usgs_tnm_contours_large_scale: dense=100.0%, deployment=100.0%, MSE=1.302e-05, K=56.00
  industrial_model_offset_curves: dense=100.0%, deployment=100.0%, MSE=3.721e-06, K=56.00
Epoch 017/72 proposal [=.......................] 1/24 MSE=3.524e-05 pass=90.6% K=56.0 denseK=56.0 countMAE=0.00 lr=group_0:2.0e-04
Epoch 017/72 proposal [==========..............] 10/24 MSE=3.962e-05 pass=84.4% K=56.0 denseK=56.0 countMAE=0.00 lr=group_0:2.0e-04
Epoch 017/72 proposal [====================....] 20/24 MSE=3.963e-05 pass=89.1% K=56.0 denseK=56.0 countMAE=0.00 lr=group_0:2.0e-04
Epoch 017/72 proposal [========================] 24/24 MSE=3.808e-05 pass=92.9% K=56.0 denseK=56.0 countMAE=0.00 lr=group_0:2.0e-04
  validation [===.....................] 1/7 
  validation [========================] 7/7 
Epoch 017 phase=proposal lr=group_0:2.0e-04 val dense=91.0% deployment=91.0% worst-source=88.0% qualification=0.0% MSE=2.818e-05 K=56.00 mass=23.33 beta=0.34 soft_cost=1.1273 selection_score=-1.1273 complexity=0.00->0.00 safety=0+0.00sigma scale=1.00->1.00 pass_reference_only=0.0%
  Proposal train geometry: coverage_MAE=4.5945e-03, ordered_assignment_MAE=4.5963e-03, matched_K=27.78, R@.005/.01/.02=0.556/0.980/1.000, parameter_bias=1.115e-02
  Synthetic K=44: n=18, dense=0.0%, deployment=0.0%
  Synthetic: dense=88.0%, deployment=88.0%, MSE=3.351e-05, K=56.00, targetK=24.18, count_MAE=31.82, bias=+31.82, knot_F1@0.01=0.590, param_RMSE=2.708e-02
  uji_pen_characters_v2: dense=100.0%, deployment=100.0%, MSE=5.957e-06, K=56.00
  natural_earth_10m_coastline: dense=93.3%, deployment=93.3%, MSE=3.472e-05, K=56.00
  usgs_tnm_contours_large_scale: dense=100.0%, deployment=100.0%, MSE=1.452e-05, K=56.00
  industrial_model_offset_curves: dense=100.0%, deployment=100.0%, MSE=4.186e-06, K=56.00
Epoch 018/72 proposal [=.......................] 1/24 MSE=3.827e-05 pass=84.4% K=56.0 denseK=56.0 countMAE=0.00 lr=group_0:2.0e-04
Epoch 018/72 proposal [==========..............] 10/24 MSE=2.378e-05 pass=98.4% K=56.0 denseK=56.0 countMAE=0.00 lr=group_0:2.0e-04
Epoch 018/72 proposal [====================....] 20/24 MSE=4.150e-05 pass=87.5% K=56.0 denseK=56.0 countMAE=0.00 lr=group_0:2.0e-04
Epoch 018/72 proposal [========================] 24/24 MSE=3.008e-05 pass=92.9% K=56.0 denseK=56.0 countMAE=0.00 lr=group_0:2.0e-04
  validation [===.....................] 1/7 
  validation [========================] 7/7 
Epoch 018 phase=proposal lr=group_0:2.0e-04 val dense=90.5% deployment=90.5% worst-source=87.3% qualification=0.0% MSE=2.867e-05 K=56.00 mass=23.29 beta=0.34 soft_cost=1.1332 selection_score=-1.1332 complexity=0.00->0.00 safety=0+0.00sigma scale=1.00->1.00 pass_reference_only=0.0%
  Proposal train geometry: coverage_MAE=4.5718e-03, ordered_assignment_MAE=4.5734e-03, matched_K=27.78, R@.005/.01/.02=0.557/0.981/1.000, parameter_bias=1.111e-02
  Synthetic K=44: n=18, dense=0.0%, deployment=0.0%
  Synthetic: dense=87.3%, deployment=87.3%, MSE=3.444e-05, K=56.00, targetK=24.18, count_MAE=31.82, bias=+31.82, knot_F1@0.01=0.589, param_RMSE=2.684e-02
  uji_pen_characters_v2: dense=100.0%, deployment=100.0%, MSE=5.381e-06, K=56.00
  natural_earth_10m_coastline: dense=93.3%, deployment=93.3%, MSE=3.465e-05, K=56.00
  usgs_tnm_contours_large_scale: dense=100.0%, deployment=100.0%, MSE=1.328e-05, K=56.00
  industrial_model_offset_curves: dense=100.0%, deployment=100.0%, MSE=3.658e-06, K=56.00
Epoch 019/72 proposal [=.......................] 1/24 MSE=3.837e-05 pass=87.5% K=56.0 denseK=56.0 countMAE=0.00 lr=group_0:2.0e-04
Epoch 019/72 proposal [==========..............] 10/24 MSE=3.860e-05 pass=87.5% K=56.0 denseK=56.0 countMAE=0.00 lr=group_0:2.0e-04
Epoch 019/72 proposal [====================....] 20/24 MSE=3.684e-05 pass=90.6% K=56.0 denseK=56.0 countMAE=0.00 lr=group_0:2.0e-04
Epoch 019/72 proposal [========================] 24/24 MSE=2.298e-05 pass=92.9% K=56.0 denseK=56.0 countMAE=0.00 lr=group_0:2.0e-04
  validation [===.....................] 1/7 
  validation [========================] 7/7 
Epoch 019 phase=proposal lr=group_0:2.0e-04 val dense=91.4% deployment=91.4% worst-source=88.7% qualification=0.0% MSE=2.789e-05 K=56.00 mass=23.36 beta=0.33 soft_cost=1.1222 selection_score=-1.1222 complexity=0.00->0.00 safety=0+0.00sigma scale=1.00->1.00 pass_reference_only=0.0%
  Proposal train geometry: coverage_MAE=4.5607e-03, ordered_assignment_MAE=4.5625e-03, matched_K=27.78, R@.005/.01/.02=0.560/0.980/1.000, parameter_bias=1.107e-02
  Synthetic K=44: n=18, dense=0.0%, deployment=0.0%
  Synthetic: dense=88.7%, deployment=88.7%, MSE=3.346e-05, K=56.00, targetK=24.18, count_MAE=31.82, bias=+31.82, knot_F1@0.01=0.590, param_RMSE=2.693e-02
  uji_pen_characters_v2: dense=100.0%, deployment=100.0%, MSE=5.229e-06, K=56.00
  natural_earth_10m_coastline: dense=93.3%, deployment=93.3%, MSE=3.381e-05, K=56.00
  usgs_tnm_contours_large_scale: dense=100.0%, deployment=100.0%, MSE=1.313e-05, K=56.00
  industrial_model_offset_curves: dense=100.0%, deployment=100.0%, MSE=3.686e-06, K=56.00
Epoch 020/72 proposal [=.......................] 1/24 MSE=4.510e-05 pass=87.5% K=56.0 denseK=56.0 countMAE=0.00 lr=group_0:2.0e-04
Epoch 020/72 proposal [==========..............] 10/24 MSE=4.200e-05 pass=89.1% K=56.0 denseK=56.0 countMAE=0.00 lr=group_0:2.0e-04
Epoch 020/72 proposal [====================....] 20/24 MSE=4.140e-05 pass=82.8% K=56.0 denseK=56.0 countMAE=0.00 lr=group_0:2.0e-04
Epoch 020/72 proposal [========================] 24/24 MSE=4.276e-05 pass=82.1% K=56.0 denseK=56.0 countMAE=0.00 lr=group_0:2.0e-04
  validation [===.....................] 1/7 
  validation [========================] 7/7 
Epoch 020 phase=proposal lr=group_0:2.0e-04 val dense=91.7% deployment=91.7% worst-source=89.0% qualification=5.6% MSE=2.696e-05 K=56.00 mass=23.33 beta=0.34 soft_cost=1.1150 selection_score=-1.1150 complexity=0.00->0.00 safety=0+0.00sigma scale=1.00->1.00 pass_reference_only=5.6%
  Proposal train geometry: coverage_MAE=4.5267e-03, ordered_assignment_MAE=4.5282e-03, matched_K=27.78, R@.005/.01/.02=0.566/0.982/1.000, parameter_bias=1.106e-02
  Synthetic K=44: n=18, dense=5.6%, deployment=5.6%
  Synthetic: dense=89.0%, deployment=89.0%, MSE=3.195e-05, K=56.00, targetK=24.18, count_MAE=31.82, bias=+31.82, knot_F1@0.01=0.590, param_RMSE=2.697e-02
  uji_pen_characters_v2: dense=100.0%, deployment=100.0%, MSE=5.314e-06, K=56.00
  natural_earth_10m_coastline: dense=93.3%, deployment=93.3%, MSE=3.571e-05, K=56.00
  usgs_tnm_contours_large_scale: dense=100.0%, deployment=100.0%, MSE=1.354e-05, K=56.00
  industrial_model_offset_curves: dense=100.0%, deployment=100.0%, MSE=3.441e-06, K=56.00
Epoch 021/72 proposal [=.......................] 1/24 MSE=3.781e-05 pass=89.1% K=56.0 denseK=56.0 countMAE=0.00 lr=group_0:2.0e-04
Epoch 021/72 proposal [==========..............] 10/24 MSE=4.961e-05 pass=75.0% K=56.0 denseK=56.0 countMAE=0.00 lr=group_0:2.0e-04
Epoch 021/72 proposal [====================....] 20/24 MSE=4.226e-05 pass=85.9% K=56.0 denseK=56.0 countMAE=0.00 lr=group_0:2.0e-04
Epoch 021/72 proposal [========================] 24/24 MSE=3.734e-05 pass=92.9% K=56.0 denseK=56.0 countMAE=0.00 lr=group_0:2.0e-04
  validation [===.....................] 1/7 
  validation [========================] 7/7 
Epoch 021 phase=proposal lr=group_0:2.0e-04 val dense=91.4% deployment=91.4% worst-source=88.7% qualification=0.0% MSE=2.684e-05 K=56.00 mass=23.27 beta=0.34 soft_cost=1.1179 selection_score=-1.1179 complexity=0.00->0.00 safety=0+0.00sigma scale=1.00->1.00 pass_reference_only=0.0%
  Proposal train geometry: coverage_MAE=4.5091e-03, ordered_assignment_MAE=4.5100e-03, matched_K=27.78, R@.005/.01/.02=0.571/0.982/1.000, parameter_bias=1.102e-02
  Synthetic K=44: n=18, dense=0.0%, deployment=0.0%
  Synthetic: dense=88.7%, deployment=88.7%, MSE=3.198e-05, K=56.00, targetK=24.18, count_MAE=31.82, bias=+31.82, knot_F1@0.01=0.591, param_RMSE=2.683e-02
  uji_pen_characters_v2: dense=100.0%, deployment=100.0%, MSE=5.020e-06, K=56.00
  natural_earth_10m_coastline: dense=93.3%, deployment=93.3%, MSE=3.449e-05, K=56.00
  usgs_tnm_contours_large_scale: dense=100.0%, deployment=100.0%, MSE=1.280e-05, K=56.00
  industrial_model_offset_curves: dense=100.0%, deployment=100.0%, MSE=3.610e-06, K=56.00
Epoch 022/72 proposal [=.......................] 1/24 MSE=4.095e-05 pass=89.1% K=56.0 denseK=56.0 countMAE=0.00 lr=group_0:2.0e-04
Epoch 022/72 proposal [==========..............] 10/24 MSE=3.824e-05 pass=87.5% K=56.0 denseK=56.0 countMAE=0.00 lr=group_0:2.0e-04
