
[plot_six_method_real_cases] python scripts/visualize_v16_real_deployments.py --checkpoint /home/feng/HouCode/SplineFitting_1070_overnight/outputs/checkpoints/overnight_anchored_k32_3090_r1.pt --real-samples-per-dataset 6 --selection-seed 20260909 --mse-tolerance 5e-5 --manifest UJI=/home/feng/HouCode/SplineSurpervisedFitting/data/splits/uji_pen_v2.jsonl --manifest NaturalEarth=/home/feng/HouCode/SplineSurpervisedFitting/data/processed/natural_earth/v5.1.2_10m_coastline/manifest.jsonl --manifest USGS=/home/feng/HouCode/SplineSurpervisedFitting/data/processed/usgs_contours/large_scale/manifest.jsonl --manifest IndustrialOffset=/home/feng/HouCode/SplineSurpervisedFitting/data/processed/industrial_offsets/v1/manifest.jsonl --max-internal-knots 32 --paper-initial-knots 32 --liang-dense-knots 32 --gradient-steps 12 --paper-admm-iterations 400 --paper-lambda-bisections 8 --paper-relocation-iterations 8 --liang-feature-samples 1025 --dung-scan-intervals 10 --dung-optimization-iterations 10 --luo-de-population 10 --luo-de-iterations 50 --published-feasibility-safeguard --network-warmups 3 --network-repeats 100 --end-to-end-repeats 3 --torch-num-threads 4 --device cuda --dpi 240 --allow-unqualified-diagnostic --method-set published --output-dir /home/feng/HouCode/SplineFitting_1070_overnight/outputs/figures/overnight_anchored_k32_3090_r1/six_method_real_cases
[1/24] UJI / uji2_07455_stroke_00
  Ours v16: MSE=2.065e-05, max SE=4.662e-04, K=22, time=9.30 ms
  Park & Lee 2007 (DOM adaptation): MSE=1.206e-05, max SE=2.945e-04, K=10, time=12.51 ms
  Liang et al. 2017 (feature-IKI adaptation): MSE=3.513e-05, max SE=5.427e-04, K=9, time=8.69 ms
  Dung & Tjahjowidodo 2017 (serial adaptation) [threshold-safe adaptation]: MSE=3.230e-05, max SE=4.060e-04, K=6, time=110.62 ms
  Kang 2015 (ADMM adaptation) [threshold-safe adaptation]: MSE=1.171e-05, max SE=4.496e-04, K=17, time=836.41 ms
  Luo et al. 2022 (l-infinity,1 + DE adaptation) [threshold-safe adaptation]: MSE=2.905e-05, max SE=5.258e-04, K=7, time=2883.35 ms
[2/24] UJI / uji2_05088_stroke_00
  Ours v16: MSE=3.793e-06, max SE=1.111e-04, K=25, time=9.36 ms
  Park & Lee 2007 (DOM adaptation): MSE=3.406e-05, max SE=8.274e-04, K=26, time=33.21 ms
  Liang et al. 2017 (feature-IKI adaptation): MSE=2.160e-05, max SE=3.672e-04, K=17, time=17.03 ms
  Dung & Tjahjowidodo 2017 (serial adaptation) [threshold-safe adaptation]: MSE=3.569e-05, max SE=2.738e-04, K=11, time=152.83 ms
  Kang 2015 (ADMM adaptation) [threshold-safe adaptation]: MSE=1.015e-05, max SE=2.726e-04, K=32, time=421.29 ms
  Luo et al. 2022 (l-infinity,1 + DE adaptation) [threshold-safe adaptation]: MSE=4.472e-05, max SE=6.094e-04, K=13, time=2534.48 ms
[3/24] UJI / uji2_07958_stroke_00
  Ours v16: MSE=1.820e-05, max SE=1.790e-04, K=25, time=9.26 ms
  Park & Lee 2007 (DOM adaptation): MSE=2.109e-05, max SE=1.033e-04, K=6, time=8.29 ms
  Liang et al. 2017 (feature-IKI adaptation): MSE=1.758e-05, max SE=6.279e-05, K=5, time=4.65 ms
  Dung & Tjahjowidodo 2017 (serial adaptation) [threshold-safe adaptation]: MSE=1.741e-05, max SE=8.559e-05, K=6, time=95.04 ms
  Kang 2015 (ADMM adaptation) [threshold-safe adaptation]: MSE=7.783e-06, max SE=7.699e-05, K=12, time=1116.63 ms
  Luo et al. 2022 (l-infinity,1 + DE adaptation) [threshold-safe adaptation]: MSE=8.336e-06, max SE=4.186e-05, K=7, time=2708.65 ms
[4/24] UJI / uji2_10873_stroke_00
  Ours v16: MSE=1.387e-05, max SE=1.058e-04, K=28, time=9.13 ms
  Park & Lee 2007 (DOM adaptation): MSE=2.140e-05, max SE=1.211e-04, K=14, time=16.90 ms
  Liang et al. 2017 (feature-IKI adaptation): MSE=2.569e-05, max SE=1.662e-04, K=9, time=8.59 ms
  Dung & Tjahjowidodo 2017 (serial adaptation) [threshold-safe adaptation]: MSE=4.510e-05, max SE=2.371e-04, K=9, time=156.80 ms
  Kang 2015 (ADMM adaptation) [threshold-safe adaptation]: MSE=7.868e-06, max SE=1.269e-04, K=24, time=883.17 ms
  Luo et al. 2022 (l-infinity,1 + DE adaptation) [threshold-safe adaptation]: MSE=4.307e-05, max SE=2.554e-04, K=8, time=2547.51 ms
[5/24] UJI / uji2_10402_stroke_02
  Ours v16: MSE=9.856e-06, max SE=1.020e-04, K=17, time=8.92 ms
  Park & Lee 2007 (DOM adaptation): MSE=3.264e-05, max SE=2.778e-04, K=1, time=3.16 ms
  Liang et al. 2017 (feature-IKI adaptation): MSE=9.093e-06, max SE=8.306e-05, K=4, time=3.63 ms
  Dung & Tjahjowidodo 2017 (serial adaptation) [threshold-safe adaptation]: MSE=2.541e-05, max SE=2.950e-04, K=2, time=38.31 ms
  Kang 2015 (ADMM adaptation) [threshold-safe adaptation]: MSE=2.521e-05, max SE=1.233e-04, K=1, time=9.81 ms
  Luo et al. 2022 (l-infinity,1 + DE adaptation) [threshold-safe adaptation]: MSE=2.508e-05, max SE=1.211e-04, K=2, time=2840.62 ms
[6/24] UJI / uji2_02386_stroke_01
  Ours v16: MSE=1.686e-05, max SE=1.350e-04, K=15, time=8.92 ms
  Park & Lee 2007 (DOM adaptation): MSE=2.124e-05, max SE=1.668e-04, K=0, time=2.23 ms
  Liang et al. 2017 (feature-IKI adaptation): MSE=1.576e-05, max SE=1.266e-04, K=4, time=3.61 ms
  Dung & Tjahjowidodo 2017 (serial adaptation) [threshold-safe adaptation]: MSE=1.668e-05, max SE=1.178e-04, K=2, time=39.03 ms
  Kang 2015 (ADMM adaptation) [threshold-safe adaptation]: MSE=2.124e-05, max SE=1.668e-04, K=0, time=3.56 ms
  Luo et al. 2022 (l-infinity,1 + DE adaptation) [threshold-safe adaptation]: MSE=4.242e-06, max SE=2.343e-05, K=9, time=2912.69 ms
[7/24] NaturalEarth / natural_earth_10m_coastline_6f39c8d2074b_w000_6f39c8d2
  Ours v16: MSE=5.449e-05, max SE=1.173e-03, K=29, time=9.13 ms
  Park & Lee 2007 (DOM adaptation): MSE=4.969e-05, max SE=5.633e-04, K=20, time=24.38 ms
  Liang et al. 2017 (feature-IKI adaptation): MSE=4.474e-05, max SE=3.521e-04, K=17, time=16.83 ms
  Dung & Tjahjowidodo 2017 (serial adaptation) [threshold-safe adaptation]: MSE=4.444e-05, max SE=3.142e-04, K=14, time=269.76 ms
  Kang 2015 (ADMM adaptation) [threshold-safe adaptation]: MSE=2.585e-05, max SE=4.613e-04, K=32, time=422.99 ms
  Luo et al. 2022 (l-infinity,1 + DE adaptation) [threshold-safe adaptation]: MSE=4.867e-05, max SE=4.713e-04, K=16, time=2266.44 ms
[8/24] NaturalEarth / natural_earth_10m_coastline_08e9fecdd118_w000_08e9fecd
  Ours v16: MSE=6.967e-04, max SE=4.187e-03, K=32, time=9.15 ms
  Park & Lee 2007 (DOM adaptation): MSE=9.649e-04, max SE=7.180e-03, K=32, time=41.67 ms
  Liang et al. 2017 (feature-IKI adaptation): MSE=5.360e-04, max SE=2.442e-03, K=32, time=35.03 ms
  Dung & Tjahjowidodo 2017 (serial adaptation) [threshold-safe adaptation]: MSE=7.640e-04, max SE=3.374e-03, K=32, time=786.71 ms
  Kang 2015 (ADMM adaptation) [threshold-safe adaptation]: MSE=8.571e-04, max SE=5.460e-03, K=32, time=10.92 ms
  Luo et al. 2022 (l-infinity,1 + DE adaptation) [threshold-safe adaptation]: MSE=6.300e-04, max SE=5.537e-03, K=32, time=732.43 ms
[9/24] NaturalEarth / natural_earth_10m_coastline_8a97d7af70b1_w000_8a97d7af
  Ours v16: MSE=3.470e-05, max SE=6.709e-04, K=25, time=9.10 ms
  Park & Lee 2007 (DOM adaptation): MSE=4.603e-05, max SE=4.165e-04, K=11, time=14.30 ms
  Liang et al. 2017 (feature-IKI adaptation): MSE=4.926e-05, max SE=4.218e-04, K=11, time=10.50 ms
  Dung & Tjahjowidodo 2017 (serial adaptation) [threshold-safe adaptation]: MSE=4.863e-05, max SE=4.645e-04, K=10, time=145.42 ms
  Kang 2015 (ADMM adaptation) [threshold-safe adaptation]: MSE=9.287e-06, max SE=2.493e-04, K=29, time=743.50 ms
  Luo et al. 2022 (l-infinity,1 + DE adaptation) [threshold-safe adaptation]: MSE=4.417e-05, max SE=5.030e-04, K=11, time=2629.09 ms
[10/24] NaturalEarth / natural_earth_10m_coastline_48ef53b7a2ac_w000_48ef53b7
  Ours v16: MSE=6.784e-05, max SE=3.820e-04, K=31, time=9.23 ms
  Park & Lee 2007 (DOM adaptation): MSE=4.581e-05, max SE=5.575e-04, K=30, time=41.36 ms
  Liang et al. 2017 (feature-IKI adaptation): MSE=4.913e-05, max SE=3.109e-04, K=26, time=27.45 ms
  Dung & Tjahjowidodo 2017 (serial adaptation) [threshold-safe adaptation]: MSE=4.715e-05, max SE=3.862e-04, K=25, time=427.50 ms
  Kang 2015 (ADMM adaptation) [threshold-safe adaptation]: MSE=5.678e-05, max SE=5.951e-04, K=32, time=11.02 ms
  Luo et al. 2022 (l-infinity,1 + DE adaptation) [threshold-safe adaptation]: MSE=4.966e-05, max SE=5.951e-04, K=32, time=644.88 ms
[11/24] NaturalEarth / natural_earth_10m_coastline_e798af85b73b_w000_e798af85
  Ours v16: MSE=2.058e-05, max SE=1.329e-04, K=28, time=9.18 ms
  Park & Lee 2007 (DOM adaptation): MSE=4.748e-05, max SE=4.085e-04, K=13, time=15.65 ms
  Liang et al. 2017 (feature-IKI adaptation): MSE=4.678e-05, max SE=2.645e-04, K=11, time=10.51 ms
  Dung & Tjahjowidodo 2017 (serial adaptation) [threshold-safe adaptation]: MSE=4.562e-05, max SE=2.991e-04, K=10, time=173.47 ms
  Kang 2015 (ADMM adaptation) [threshold-safe adaptation]: MSE=1.494e-05, max SE=3.004e-04, K=21, time=836.24 ms
  Luo et al. 2022 (l-infinity,1 + DE adaptation) [threshold-safe adaptation]: MSE=4.695e-05, max SE=3.839e-04, K=11, time=2818.10 ms
[12/24] NaturalEarth / natural_earth_10m_coastline_933eab98f709_w000_933eab98
  Ours v16: MSE=3.506e-05, max SE=3.486e-04, K=26, time=9.21 ms
  Park & Lee 2007 (DOM adaptation): MSE=4.728e-05, max SE=9.597e-04, K=21, time=25.67 ms
  Liang et al. 2017 (feature-IKI adaptation): MSE=4.816e-05, max SE=3.352e-04, K=15, time=14.73 ms
  Dung & Tjahjowidodo 2017 (serial adaptation) [threshold-safe adaptation]: MSE=3.475e-05, max SE=3.659e-04, K=14, time=232.29 ms
  Kang 2015 (ADMM adaptation) [threshold-safe adaptation]: MSE=1.922e-05, max SE=3.689e-04, K=30, time=744.40 ms
  Luo et al. 2022 (l-infinity,1 + DE adaptation) [threshold-safe adaptation]: MSE=4.570e-05, max SE=3.894e-04, K=15, time=2567.10 ms
[13/24] USGS / usgs_tnm_contours_large_scale_3eb19dbb6d67_w000_3eb19dbb
  Ours v16: MSE=8.276e-06, max SE=5.508e-05, K=30, time=9.12 ms
  Park & Lee 2007 (DOM adaptation): MSE=1.126e-05, max SE=8.570e-05, K=15, time=17.93 ms
  Liang et al. 2017 (feature-IKI adaptation): MSE=2.158e-05, max SE=8.977e-05, K=9, time=8.51 ms
  Dung & Tjahjowidodo 2017 (serial adaptation) [threshold-safe adaptation]: MSE=3.224e-05, max SE=1.568e-04, K=8, time=112.68 ms
  Kang 2015 (ADMM adaptation) [threshold-safe adaptation]: MSE=4.461e-05, max SE=2.564e-04, K=7, time=1058.04 ms
  Luo et al. 2022 (l-infinity,1 + DE adaptation) [threshold-safe adaptation]: MSE=4.233e-05, max SE=1.856e-04, K=9, time=2645.84 ms
[14/24] USGS / usgs_tnm_contours_large_scale_2cadfb668fb4_w000_2cadfb66
  Ours v16: MSE=1.667e-05, max SE=1.449e-04, K=19, time=9.04 ms
  Park & Lee 2007 (DOM adaptation): MSE=4.945e-05, max SE=4.692e-04, K=3, time=5.11 ms
  Liang et al. 2017 (feature-IKI adaptation): MSE=2.225e-05, max SE=1.720e-04, K=4, time=3.60 ms
  Dung & Tjahjowidodo 2017 (serial adaptation) [threshold-safe adaptation]: MSE=1.252e-05, max SE=6.423e-05, K=5, time=49.27 ms
  Kang 2015 (ADMM adaptation) [threshold-safe adaptation]: MSE=4.192e-05, max SE=2.430e-04, K=3, time=1125.41 ms
  Luo et al. 2022 (l-infinity,1 + DE adaptation) [threshold-safe adaptation]: MSE=1.011e-05, max SE=4.076e-05, K=5, time=2741.66 ms
[15/24] USGS / usgs_tnm_contours_large_scale_ddfe427e4dda_w000_ddfe427e
  Ours v16: MSE=7.394e-06, max SE=8.731e-05, K=25, time=9.09 ms
  Park & Lee 2007 (DOM adaptation): MSE=4.881e-05, max SE=5.420e-04, K=16, time=19.19 ms
  Liang et al. 2017 (feature-IKI adaptation): MSE=4.358e-05, max SE=1.793e-04, K=12, time=11.54 ms
  Dung & Tjahjowidodo 2017 (serial adaptation) [threshold-safe adaptation]: MSE=4.541e-05, max SE=2.914e-04, K=11, time=172.41 ms
  Kang 2015 (ADMM adaptation) [threshold-safe adaptation]: MSE=2.492e-06, max SE=2.142e-05, K=26, time=786.89 ms
  Luo et al. 2022 (l-infinity,1 + DE adaptation) [threshold-safe adaptation]: MSE=4.216e-05, max SE=2.632e-04, K=11, time=2641.48 ms
[16/24] USGS / usgs_tnm_contours_large_scale_8e652f54e742_w000_8e652f54
  Ours v16: MSE=4.136e-05, max SE=2.671e-04, K=31, time=9.13 ms
  Park & Lee 2007 (DOM adaptation): MSE=5.797e-05, max SE=5.542e-04, K=32, time=41.72 ms
  Liang et al. 2017 (feature-IKI adaptation): MSE=4.377e-05, max SE=2.609e-04, K=24, time=24.83 ms
  Dung & Tjahjowidodo 2017 (serial adaptation) [threshold-safe adaptation]: MSE=4.874e-05, max SE=2.867e-04, K=21, time=366.78 ms
  Kang 2015 (ADMM adaptation) [threshold-safe adaptation]: MSE=4.756e-05, max SE=4.370e-04, K=32, time=420.04 ms
  Luo et al. 2022 (l-infinity,1 + DE adaptation) [threshold-safe adaptation]: MSE=4.758e-05, max SE=2.250e-04, K=25, time=1348.20 ms
[17/24] USGS / usgs_tnm_contours_large_scale_f0e01325c640_w002_0eb6b787
  Ours v16: MSE=7.064e-05, max SE=3.849e-04, K=31, time=9.19 ms
  Park & Lee 2007 (DOM adaptation): MSE=9.854e-05, max SE=8.836e-04, K=32, time=41.80 ms
  Liang et al. 2017 (feature-IKI adaptation): MSE=5.518e-05, max SE=2.795e-04, K=32, time=35.07 ms
  Dung & Tjahjowidodo 2017 (serial adaptation) [threshold-safe adaptation]: MSE=4.889e-05, max SE=3.287e-04, K=31, time=479.55 ms
  Kang 2015 (ADMM adaptation) [threshold-safe adaptation]: MSE=7.365e-05, max SE=4.561e-04, K=32, time=10.91 ms
  Luo et al. 2022 (l-infinity,1 + DE adaptation) [threshold-safe adaptation]: MSE=7.228e-05, max SE=4.578e-04, K=32, time=666.11 ms
[18/24] USGS / usgs_tnm_contours_large_scale_f25cc5317711_w000_f25cc531
  Ours v16: MSE=3.195e-05, max SE=1.864e-04, K=32, time=9.12 ms
  Park & Lee 2007 (DOM adaptation): MSE=3.959e-05, max SE=2.939e-04, K=32, time=41.61 ms
  Liang et al. 2017 (feature-IKI adaptation): MSE=4.318e-05, max SE=3.035e-04, K=23, time=23.62 ms
  Dung & Tjahjowidodo 2017 (serial adaptation) [threshold-safe adaptation]: MSE=4.657e-05, max SE=3.131e-04, K=23, time=395.50 ms
  Kang 2015 (ADMM adaptation) [threshold-safe adaptation]: MSE=3.942e-05, max SE=3.381e-04, K=32, time=423.85 ms
  Luo et al. 2022 (l-infinity,1 + DE adaptation) [threshold-safe adaptation]: MSE=4.226e-05, max SE=2.960e-04, K=31, time=1546.90 ms
[19/24] IndustrialOffset / industrial_offset_keyway_bore_v007_o01_m0p0400
  Ours v16: MSE=6.085e-06, max SE=1.016e-04, K=28, time=9.17 ms
  Park & Lee 2007 (DOM adaptation): MSE=1.360e-04, max SE=1.674e-03, K=32, time=41.63 ms
  Liang et al. 2017 (feature-IKI adaptation): MSE=1.770e-05, max SE=2.209e-04, K=19, time=18.89 ms
  Dung & Tjahjowidodo 2017 (serial adaptation) [threshold-safe adaptation]: MSE=4.946e-05, max SE=2.704e-04, K=13, time=181.22 ms
  Kang 2015 (ADMM adaptation) [threshold-safe adaptation]: MSE=3.787e-05, max SE=6.925e-04, K=31, time=425.14 ms
  Luo et al. 2022 (l-infinity,1 + DE adaptation) [threshold-safe adaptation]: MSE=4.915e-05, max SE=7.115e-04, K=23, time=2196.15 ms
[20/24] IndustrialOffset / industrial_offset_elliptic_bore_v008_o03_p0p0200
  Ours v16: MSE=2.137e-06, max SE=2.282e-05, K=18, time=8.94 ms
  Park & Lee 2007 (DOM adaptation): MSE=4.998e-05, max SE=2.761e-04, K=10, time=12.48 ms
  Liang et al. 2017 (feature-IKI adaptation): MSE=4.785e-05, max SE=1.444e-04, K=5, time=4.61 ms
  Dung & Tjahjowidodo 2017 (serial adaptation) [threshold-safe adaptation]: MSE=3.310e-05, max SE=1.962e-04, K=7, time=77.81 ms
  Kang 2015 (ADMM adaptation) [threshold-safe adaptation]: MSE=2.848e-06, max SE=1.985e-05, K=16, time=1031.75 ms
  Luo et al. 2022 (l-infinity,1 + DE adaptation) [threshold-safe adaptation]: MSE=3.128e-05, max SE=1.331e-04, K=7, time=2979.59 ms
[21/24] IndustrialOffset / industrial_offset_keyway_bore_v008_o03_p0p0200
  Ours v16: MSE=1.568e-05, max SE=2.833e-04, K=28, time=9.18 ms
  Park & Lee 2007 (DOM adaptation): MSE=9.890e-05, max SE=1.625e-03, K=32, time=41.77 ms
  Liang et al. 2017 (feature-IKI adaptation): MSE=1.631e-05, max SE=1.498e-04, K=18, time=17.76 ms
  Dung & Tjahjowidodo 2017 (serial adaptation) [threshold-safe adaptation]: MSE=4.209e-05, max SE=2.570e-04, K=15, time=197.21 ms
  Kang 2015 (ADMM adaptation) [threshold-safe adaptation]: MSE=1.503e-05, max SE=3.216e-04, K=30, time=423.09 ms
  Luo et al. 2022 (l-infinity,1 + DE adaptation) [threshold-safe adaptation]: MSE=3.567e-05, max SE=3.161e-04, K=12, time=2431.80 ms
[22/24] IndustrialOffset / industrial_offset_naca_airfoil_v005_o04_p0p0400
  Ours v16: MSE=2.955e-06, max SE=7.661e-05, K=21, time=9.07 ms
  Park & Lee 2007 (DOM adaptation): MSE=1.949e-05, max SE=5.585e-04, K=15, time=22.62 ms
  Liang et al. 2017 (feature-IKI adaptation): MSE=2.744e-05, max SE=3.719e-04, K=7, time=6.59 ms
  Dung & Tjahjowidodo 2017 (serial adaptation) [threshold-safe adaptation]: MSE=1.430e-05, max SE=2.543e-04, K=6, time=94.15 ms
  Kang 2015 (ADMM adaptation) [threshold-safe adaptation]: MSE=6.371e-06, max SE=3.207e-04, K=22, time=794.61 ms
  Luo et al. 2022 (l-infinity,1 + DE adaptation) [threshold-safe adaptation]: MSE=3.999e-05, max SE=6.819e-04, K=8, time=2837.53 ms
[23/24] IndustrialOffset / industrial_offset_lobed_rotor_v001_o00_m0p0800
  Ours v16: MSE=3.109e-04, max SE=2.160e-03, K=22, time=9.11 ms
  Park & Lee 2007 (DOM adaptation): MSE=4.640e-05, max SE=2.309e-04, K=19, time=26.72 ms
  Liang et al. 2017 (feature-IKI adaptation): MSE=3.975e-05, max SE=1.984e-04, K=22, time=22.46 ms
  Dung & Tjahjowidodo 2017 (serial adaptation) [threshold-safe adaptation]: MSE=4.768e-05, max SE=2.986e-04, K=18, time=229.99 ms
  Kang 2015 (ADMM adaptation) [threshold-safe adaptation]: MSE=4.013e-06, max SE=2.378e-05, K=32, time=422.70 ms
  Luo et al. 2022 (l-infinity,1 + DE adaptation) [threshold-safe adaptation]: MSE=3.209e-05, max SE=1.886e-04, K=19, time=2639.35 ms
[24/24] IndustrialOffset / industrial_offset_naca_airfoil_v011_o03_p0p0200
  Ours v16: MSE=4.918e-06, max SE=8.906e-05, K=21, time=9.10 ms
  Park & Lee 2007 (DOM adaptation): MSE=2.084e-05, max SE=5.718e-04, K=10, time=20.81 ms
  Liang et al. 2017 (feature-IKI adaptation): MSE=3.767e-05, max SE=4.089e-04, K=6, time=5.58 ms
  Dung & Tjahjowidodo 2017 (serial adaptation) [threshold-safe adaptation]: MSE=1.830e-05, max SE=6.030e-04, K=6, time=79.75 ms
  Kang 2015 (ADMM adaptation) [threshold-safe adaptation]: MSE=9.567e-06, max SE=2.756e-04, K=23, time=752.93 ms
  Luo et al. 2022 (l-infinity,1 + DE adaptation) [threshold-safe adaptation]: MSE=1.554e-05, max SE=4.617e-04, K=6, time=2693.68 ms
Saved 24 PNG files and /home/feng/HouCode/SplineFitting_1070_overnight/outputs/figures/overnight_anchored_k32_3090_r1/six_method_real_cases/deployment_visualizations.json
