
[train_fresh] python scripts/train_v16.py --epochs 16 --proposal-epochs 4 --train-size 1500 --val-size 500 --batch-size 32 --num-points 192 --min-control-points 8 --max-control-points 28 --candidate-knots 32 --mse-tolerance 5e-5 --real-fraction 0 --proposal-pass-target 0.90 --deployment-pass-target 0.90 --policy-samples 2 --counterfactual-edits 4 --teacher-prefix-search-steps 6 --lr 2e-5 --joint-lr 3e-5 --teacher-refinement-steps 1 --teacher-refinement-candidates 3 --boundary-ranking-weight 0.5 --boundary-ranking-candidates 4 --joint-proposal-lr-scale 0.1 --joint-decoder-lr-scale 1.0 --joint-final-lr-ratio 0.25 --parameter-trust-enabled --parameter-trust-initial 0.25 --parameter-counterfactual-weight 0.25 --teacher-geometry-candidates 4 --local-fit-weight 0.1 --proposal-ordered-weight 0.5 --allow-infeasible-proposals --simplification-controller per_curve --complexity-max-scale 1.0 --feasible-objective --feasible-fit-margin 0.8 --feasible-fit-weight 0.02 --teacher-greedy-steps 16 --teacher-greedy-max-curves 4 --teacher-geometry-distillation-weight 0.4 --count-reserve-alignment --synthetic-simple-fraction 0.35 --synthetic-shape-fraction 0.25 --teacher-greedy-trajectory-checks 4 --teacher-geometry-trajectory-targets 2 --subset-geometry-mode anchored --subset-geometry-residual-scale 0.25 --teacher-greedy-priority compact --teacher-compact-mask-weight 0.5 --joint-geometry-calibration-epochs 6 --one-shot-safety-sigma 0 --one-shot-safety-knots 0 --final-safety-sigma 0 --final-safety-knots 0 --safety-anneal-epochs 4 --complexity-ramp-epochs 4 --resample-train-each-epoch --num-workers 0 --torch-num-threads 4 --device cuda --output /home/feng/HouCode/SplineFitting_1070_overnight/outputs/checkpoints/overnight_anchored_k32_3090_r1.pt --real-val-size 32 --real-manifest /home/feng/HouCode/SplineSurpervisedFitting/data/splits/uji_pen_v2.jsonl --real-manifest /home/feng/HouCode/SplineSurpervisedFitting/data/processed/natural_earth/v5.1.2_10m_coastline/manifest.jsonl --real-manifest /home/feng/HouCode/SplineSurpervisedFitting/data/processed/usgs_contours/large_scale/manifest.jsonl --warm-start-checkpoint /home/feng/HouCode/SplineFitting_1070_overnight/outputs/checkpoints/overnight_stable_k32_3090_r1.pt
Checking real manifests and train/val/test group separation...
  Reading manifest: /home/feng/HouCode/SplineSurpervisedFitting/data/splits/uji_pen_v2.jsonl
  Checking groups/files: 2000/18219
  Checking groups/files: 4000/18219
  Checking groups/files: 6000/18219
  Checking groups/files: 8000/18219
  Checking groups/files: 10000/18219
  Checking groups/files: 12000/18219
  Checking groups/files: 14000/18219
  Checking groups/files: 16000/18219
  Checking groups/files: 18000/18219
  Checking groups/files: 18219/18219
  Ready uji_pen_characters_v2: train=9670, val=2456 (test excluded from training)
  Reading manifest: /home/feng/HouCode/SplineSurpervisedFitting/data/processed/natural_earth/v5.1.2_10m_coastline/manifest.jsonl
  Checking groups/files: 2000/3908
  Checking groups/files: 3908/3908
  Ready natural_earth_10m_coastline: train=2625, val=750 (test excluded from training)
  Reading manifest: /home/feng/HouCode/SplineSurpervisedFitting/data/processed/usgs_contours/large_scale/manifest.jsonl
  Checking groups/files: 2000/6654
  Checking groups/files: 4000/6654
  Checking groups/files: 6000/6654
  Checking groups/files: 6654/6654
  Ready usgs_tnm_contours_large_scale: train=4024, val=1210 (test excluded from training)
Copied 125 model tensors exactly, including selector/decoder; fresh optimizer, history, safety curriculum and proposal gate.
Explicit anchored subset-geometry migration: weights copied, forward function changed; revalidation required. This is not optimizer resume.
v16 adaptive mass_topk: cuda, Kc=32 internal (full cubic knot vector at all-keep=40), MSE tolerance=5e-05; 1500 train draws, 596 validation curves; real sources=3
Synthetic source contract: clean source-subset threshold-minimal certificate at RMS=0.00707107, margin=20%, audit_points=512
Simplification curriculum: training-only ranked-prefix teacher steps=6; certified over-count weight=1, symmetric true-count weight=1; complexity multiplier 0..1; safety 0+0sigma -> 0+0sigma. Deployment still uses one network forward and one final refit.
Validation checkpoint quality uses the worst source pass rate. Additional subset fits run only during training.
Joint geometry calibration: first 6 joint epochs freeze encoder/ParameterHead/Proposal and pause complexity/safety curriculum; Selector and subset decoder learn compact teacher geometry. Later joint epochs unfreeze dense geometry at the configured proposal LR scale.
Per-curve simplification: scheduled complexity ramp; infeasible training curves receive no complexity pressure. Worst-source validation still governs checkpoint selection, not the training ramp.
Training-only synthetic mixture: low-K=35%, procedural-shape=25%, historical=40%; procedural shapes have no true-knot/count labels; validation distribution is unchanged.
Real sources are VALIDATION ONLY; training uses labeled synthetic splines and unlabeled procedural shapes, and test splits are excluded from model selection.
Online teacher refinement: 1 rounds x 3 deletion candidates; boundary ranking weight=0.5, candidates=4. Teacher mask agreement below is a training signal, not ground-truth knot F1.
Epoch 001/16 proposal [........................] 1/47 MSE=1.064e-05 pass=93.8% K=32.0 teacherK=32.0 countMAE=0.00
Epoch 001/16 proposal [=====...................] 10/47 MSE=2.492e-05 pass=87.5% K=32.0 teacherK=32.0 countMAE=0.00
Epoch 001/16 proposal [==========..............] 20/47 MSE=1.365e-05 pass=90.6% K=32.0 teacherK=32.0 countMAE=0.00
Epoch 001/16 proposal [===============.........] 30/47 MSE=6.750e-06 pass=96.9% K=32.0 teacherK=32.0 countMAE=0.00
Epoch 001/16 proposal [====================....] 40/47 MSE=1.544e-05 pass=84.4% K=32.0 teacherK=32.0 countMAE=0.00
Epoch 001/16 proposal [========================] 47/47 MSE=3.739e-06 pass=100.0% K=32.0 teacherK=32.0 countMAE=0.00
  validation [=.......................] 1/19 
  validation [============............] 10/19 
  validation [========================] 19/19 
Epoch 001 val dense=85.6% deployment=85.6% worst-source=84.4% MSE=2.775e-05 K=32.00 mass=24.28 beta=-2.14 complexity=0.00->0.00 safety=0+0.00sigma scale=1.00->1.00 target_met=False
  learning rates: all=2.000e-05
  parameter/local: counterfactual=0.3685, local=0.2729, geometry_teacher_delta_K=0.000, geometry_fits=0.0
  training families: {'simple': 520, 'historical': 600, 'shape_industrial': 133, 'shape_handwriting': 122, 'shape_terrain': 125}
  Synthetic: dense=84.8%, deployment=84.8%, MSE=2.519e-05, K=32.00, targetK=14.22, count_MAE=17.78, bias=+17.78, knot_F1@0.01=0.472, param_RMSE=4.467e-02, trust_proposal=0.625
  uji_pen_characters_v2: dense=100.0%, deployment=100.0%, MSE=3.834e-06, K=32.00, trust_proposal=0.618
  natural_earth_10m_coastline: dense=84.4%, deployment=84.4%, MSE=8.658e-05, K=32.00, trust_proposal=0.670
  usgs_tnm_contours_large_scale: dense=84.4%, deployment=84.4%, MSE=3.281e-05, K=32.00, trust_proposal=0.615
Epoch 002/16 proposal [........................] 1/47 MSE=7.611e-06 pass=96.9% K=32.0 teacherK=32.0 countMAE=0.00
Epoch 002/16 proposal [=====...................] 10/47 MSE=8.096e-06 pass=96.9% K=32.0 teacherK=32.0 countMAE=0.00
Epoch 002/16 proposal [==========..............] 20/47 MSE=1.607e-05 pass=90.6% K=32.0 teacherK=32.0 countMAE=0.00
Epoch 002/16 proposal [===============.........] 30/47 MSE=6.537e-06 pass=96.9% K=32.0 teacherK=32.0 countMAE=0.00
Epoch 002/16 proposal [====================....] 40/47 MSE=8.395e-06 pass=93.8% K=32.0 teacherK=32.0 countMAE=0.00
Epoch 002/16 proposal [========================] 47/47 MSE=1.377e-05 pass=96.4% K=32.0 teacherK=32.0 countMAE=0.00
  validation [=.......................] 1/19 
  validation [============............] 10/19 
  validation [========================] 19/19 
Epoch 002 val dense=85.9% deployment=85.9% worst-source=81.2% MSE=2.736e-05 K=32.00 mass=24.45 beta=-2.18 complexity=0.00->0.00 safety=0+0.00sigma scale=1.00->1.00 target_met=False
  learning rates: all=2.000e-05
  parameter/local: counterfactual=0.3687, local=0.2773, geometry_teacher_delta_K=0.000, geometry_fits=0.0
  training families: {'historical': 610, 'simple': 509, 'shape_terrain': 120, 'shape_handwriting': 137, 'shape_industrial': 124}
  Synthetic: dense=85.4%, deployment=85.4%, MSE=2.471e-05, K=32.00, targetK=14.22, count_MAE=17.78, bias=+17.78, knot_F1@0.01=0.468, param_RMSE=4.485e-02, trust_proposal=0.629
  uji_pen_characters_v2: dense=100.0%, deployment=100.0%, MSE=3.835e-06, K=32.00, trust_proposal=0.625
  natural_earth_10m_coastline: dense=81.2%, deployment=81.2%, MSE=8.658e-05, K=32.00, trust_proposal=0.679
  usgs_tnm_contours_large_scale: dense=84.4%, deployment=84.4%, MSE=3.312e-05, K=32.00, trust_proposal=0.619
Epoch 003/16 proposal [........................] 1/47 MSE=1.573e-05 pass=90.6% K=32.0 teacherK=32.0 countMAE=0.00
Epoch 003/16 proposal [=====...................] 10/47 MSE=1.037e-05 pass=93.8% K=32.0 teacherK=32.0 countMAE=0.00
Epoch 003/16 proposal [==========..............] 20/47 MSE=1.639e-05 pass=93.8% K=32.0 teacherK=32.0 countMAE=0.00
Epoch 003/16 proposal [===============.........] 30/47 MSE=7.219e-06 pass=93.8% K=32.0 teacherK=32.0 countMAE=0.00
Epoch 003/16 proposal [====================....] 40/47 MSE=9.195e-06 pass=90.6% K=32.0 teacherK=32.0 countMAE=0.00
Epoch 003/16 proposal [========================] 47/47 MSE=1.802e-05 pass=85.7% K=32.0 teacherK=32.0 countMAE=0.00
  validation [=.......................] 1/19 
  validation [============............] 10/19 
  validation [========================] 19/19 
Epoch 003 val dense=86.4% deployment=86.4% worst-source=81.2% MSE=2.710e-05 K=32.00 mass=24.39 beta=-2.16 complexity=0.00->0.00 safety=0+0.00sigma scale=1.00->1.00 target_met=False
  learning rates: all=2.000e-05
  parameter/local: counterfactual=0.3486, local=0.3029, geometry_teacher_delta_K=0.000, geometry_fits=0.0
  training families: {'historical': 625, 'simple': 516, 'shape_terrain': 124, 'shape_handwriting': 111, 'shape_industrial': 124}
  Synthetic: dense=86.0%, deployment=86.0%, MSE=2.440e-05, K=32.00, targetK=14.22, count_MAE=17.78, bias=+17.78, knot_F1@0.01=0.470, param_RMSE=4.472e-02, trust_proposal=0.641
  uji_pen_characters_v2: dense=100.0%, deployment=100.0%, MSE=3.796e-06, K=32.00, trust_proposal=0.639
  natural_earth_10m_coastline: dense=81.2%, deployment=81.2%, MSE=8.634e-05, K=32.00, trust_proposal=0.696
  usgs_tnm_contours_large_scale: dense=84.4%, deployment=84.4%, MSE=3.326e-05, K=32.00, trust_proposal=0.632
Epoch 004/16 proposal [........................] 1/47 MSE=1.338e-05 pass=90.6% K=32.0 teacherK=32.0 countMAE=0.00
Epoch 004/16 proposal [=====...................] 10/47 MSE=9.533e-06 pass=90.6% K=32.0 teacherK=32.0 countMAE=0.00
Epoch 004/16 proposal [==========..............] 20/47 MSE=6.772e-06 pass=93.8% K=32.0 teacherK=32.0 countMAE=0.00
Epoch 004/16 proposal [===============.........] 30/47 MSE=1.013e-05 pass=93.8% K=32.0 teacherK=32.0 countMAE=0.00
Epoch 004/16 proposal [====================....] 40/47 MSE=6.378e-06 pass=96.9% K=32.0 teacherK=32.0 countMAE=0.00
Epoch 004/16 proposal [========================] 47/47 MSE=8.260e-06 pass=96.4% K=32.0 teacherK=32.0 countMAE=0.00
  validation [=.......................] 1/19 
  validation [============............] 10/19 
  validation [========================] 19/19 
Epoch 004 val dense=85.9% deployment=85.9% worst-source=81.2% MSE=2.694e-05 K=32.00 mass=24.29 beta=-2.13 complexity=0.00->0.00 safety=0+0.00sigma scale=1.00->1.00 target_met=False
  learning rates: all=2.000e-05
  parameter/local: counterfactual=0.2632, local=0.2166, geometry_teacher_delta_K=0.000, geometry_fits=0.0
  training families: {'historical': 592, 'shape_industrial': 118, 'simple': 529, 'shape_handwriting': 134, 'shape_terrain': 127}
  Synthetic: dense=85.4%, deployment=85.4%, MSE=2.419e-05, K=32.00, targetK=14.22, count_MAE=17.78, bias=+17.78, knot_F1@0.01=0.471, param_RMSE=4.481e-02, trust_proposal=0.645
  uji_pen_characters_v2: dense=100.0%, deployment=100.0%, MSE=3.767e-06, K=32.00, trust_proposal=0.647
  natural_earth_10m_coastline: dense=81.2%, deployment=81.2%, MSE=8.687e-05, K=32.00, trust_proposal=0.706
  usgs_tnm_contours_large_scale: dense=84.4%, deployment=84.4%, MSE=3.326e-05, K=32.00, trust_proposal=0.637
Epoch 005/16 joint_geometry_calibration [........................] 1/47 MSE=1.874e-04 pass=28.1% K=17.8 teacherK=18.2 countMAE=10.10
Epoch 005/16 joint_geometry_calibration [=====...................] 10/47 MSE=2.925e-05 pass=75.0% K=24.0 teacherK=18.2 countMAE=15.30
Epoch 005/16 joint_geometry_calibration [==========..............] 20/47 MSE=2.637e-05 pass=84.4% K=22.6 teacherK=18.1 countMAE=14.19
Epoch 005/16 joint_geometry_calibration [===============.........] 30/47 MSE=4.310e-05 pass=65.6% K=21.1 teacherK=17.6 countMAE=13.25
Epoch 005/16 joint_geometry_calibration [====================....] 40/47 MSE=2.765e-05 pass=81.2% K=24.7 teacherK=20.5 countMAE=13.81
Epoch 005/16 joint_geometry_calibration [========================] 47/47 MSE=3.790e-05 pass=78.6% K=22.5 teacherK=18.6 countMAE=12.74
  validation [=.......................] 1/19 
  validation [============............] 10/19 
  validation [========================] 19/19 
Epoch 005 val dense=85.6% deployment=66.8% worst-source=64.4% MSE=5.032e-05 K=27.32 mass=26.77 beta=-2.44 complexity=0.00->0.00 safety=0+0.00sigma scale=1.00->1.00 target_met=False
  learning rates: proposal=0.000e+00, selector=3.000e-05, decoder=3.000e-05
  training teacher: keep_P/R/F1=0.793/0.954/0.865, false_remove=4.6%, refinement_delta_K=0.576, improved=69.8%, extra_fits=9.0, boundary_loss=1.4945
  parameter/local: counterfactual=0.2238, local=1.4268, geometry_teacher_delta_K=0.553, geometry_fits=4.0
  compact teacher: fixed_K=17.46, fixed_pass=77.1%, decoded_pass=82.8%, accepted_delta_K=0.836, geometry_violation=0.0142, extra_refits=1648.9, complexity_active=57.9%
  reachable teacher: checks_total=1084, decoded_pass=94.7%, accepted_delta_K=0.836, geometry_targets_total=289, target_K=18.3, target_pass=86.9%
  compact mask calibration: targets_total=144, target_K=17.84, count_loss=0.1316, ranking_loss=1.2652; targets require smaller count AND decoded feasibility
  training families: {'historical': 594, 'shape_handwriting': 120, 'shape_industrial': 128, 'simple': 533, 'shape_terrain': 125}
  Synthetic: dense=84.8%, deployment=64.4%, MSE=4.877e-05, K=27.58, targetK=14.22, count_MAE=13.36, bias=+13.36, knot_F1@0.01=0.511, param_RMSE=4.482e-02, trust_proposal=0.625, trust_subset=0.278
  uji_pen_characters_v2: dense=100.0%, deployment=93.8%, MSE=1.915e-05, K=22.06, trust_proposal=0.618, trust_subset=0.277
  natural_earth_10m_coastline: dense=84.4%, deployment=65.6%, MSE=1.149e-04, K=28.41, trust_proposal=0.670, trust_subset=0.278
  usgs_tnm_contours_large_scale: dense=84.4%, deployment=78.1%, MSE=4.126e-05, K=27.38, trust_proposal=0.615, trust_subset=0.278
Epoch 006/16 joint_geometry_calibration [........................] 1/47 MSE=4.742e-05 pass=53.1% K=21.8 teacherK=20.2 countMAE=13.29
Epoch 006/16 joint_geometry_calibration [=====...................] 10/47 MSE=4.021e-05 pass=65.6% K=20.6 teacherK=17.2 countMAE=12.68
Epoch 006/16 joint_geometry_calibration [==========..............] 20/47 MSE=3.266e-05 pass=65.6% K=22.4 teacherK=19.2 countMAE=12.64
Epoch 006/16 joint_geometry_calibration [===============.........] 30/47 MSE=3.958e-05 pass=62.5% K=19.4 teacherK=16.7 countMAE=12.33
Epoch 006/16 joint_geometry_calibration [====================....] 40/47 MSE=3.993e-05 pass=53.1% K=19.5 teacherK=16.4 countMAE=11.96
Epoch 006/16 joint_geometry_calibration [========================] 47/47 MSE=4.045e-05 pass=57.1% K=21.2 teacherK=18.3 countMAE=12.10
  validation [=.......................] 1/19 
  validation [============............] 10/19 
  validation [========================] 19/19 
Epoch 006 val dense=85.6% deployment=63.8% worst-source=61.0% MSE=5.400e-05 K=26.43 mass=25.96 beta=-1.96 complexity=0.00->0.00 safety=0+0.00sigma scale=1.00->1.00 target_met=False
  learning rates: proposal=0.000e+00, selector=2.954e-05, decoder=2.954e-05
  training teacher: keep_P/R/F1=0.797/0.954/0.868, false_remove=4.6%, refinement_delta_K=0.566, improved=69.5%, extra_fits=9.0, boundary_loss=1.3929
  parameter/local: counterfactual=0.2120, local=1.0859, geometry_teacher_delta_K=0.555, geometry_fits=4.0
  compact teacher: fixed_K=17.28, fixed_pass=77.7%, decoded_pass=91.5%, accepted_delta_K=0.842, geometry_violation=0.0025, extra_refits=1595.3, complexity_active=56.9%
  reachable teacher: checks_total=1079, decoded_pass=97.2%, accepted_delta_K=0.842, geometry_targets_total=289, target_K=18.3, target_pass=91.7%
  compact mask calibration: targets_total=146, target_K=17.54, count_loss=0.1418, ranking_loss=1.1531; targets require smaller count AND decoded feasibility
  training families: {'shape_industrial': 127, 'simple': 510, 'historical': 608, 'shape_terrain': 133, 'shape_handwriting': 122}
  Synthetic: dense=84.8%, deployment=61.0%, MSE=5.246e-05, K=26.70, targetK=14.22, count_MAE=12.48, bias=+12.48, knot_F1@0.01=0.515, param_RMSE=4.500e-02, trust_proposal=0.625, trust_subset=0.296
  uji_pen_characters_v2: dense=100.0%, deployment=93.8%, MSE=1.841e-05, K=21.28, trust_proposal=0.618, trust_subset=0.295
  natural_earth_10m_coastline: dense=84.4%, deployment=62.5%, MSE=1.236e-04, K=27.56, trust_proposal=0.670, trust_subset=0.296
  usgs_tnm_contours_large_scale: dense=84.4%, deployment=78.1%, MSE=4.408e-05, K=26.31, trust_proposal=0.615, trust_subset=0.297
Epoch 007/16 joint_geometry_calibration [........................] 1/47 MSE=4.839e-05 pass=53.1% K=20.6 teacherK=18.1 countMAE=11.65
Epoch 007/16 joint_geometry_calibration [=====...................] 10/47 MSE=3.742e-05 pass=65.6% K=21.4 teacherK=17.8 countMAE=12.60
Epoch 007/16 joint_geometry_calibration [==========..............] 20/47 MSE=6.661e-05 pass=50.0% K=18.8 teacherK=16.5 countMAE=10.78
Epoch 007/16 joint_geometry_calibration [===============.........] 30/47 MSE=5.341e-05 pass=62.5% K=20.6 teacherK=18.3 countMAE=11.37
Epoch 007/16 joint_geometry_calibration [====================....] 40/47 MSE=4.414e-05 pass=59.4% K=20.5 teacherK=17.4 countMAE=12.08
Epoch 007/16 joint_geometry_calibration [========================] 47/47 MSE=3.741e-05 pass=67.9% K=19.6 teacherK=17.0 countMAE=11.43
  validation [=.......................] 1/19 
  validation [============............] 10/19 
  validation [========================] 19/19 
Epoch 007 val dense=85.6% deployment=57.4% worst-source=40.6% MSE=6.507e-05 K=25.84 mass=25.32 beta=-1.64 complexity=0.00->0.00 safety=0+0.00sigma scale=1.00->1.00 target_met=False
  learning rates: proposal=0.000e+00, selector=2.821e-05, decoder=2.821e-05
  training teacher: keep_P/R/F1=0.795/0.955/0.867, false_remove=4.5%, refinement_delta_K=0.552, improved=68.9%, extra_fits=9.0, boundary_loss=1.3599
  parameter/local: counterfactual=0.1477, local=1.1007, geometry_teacher_delta_K=0.526, geometry_fits=4.0
  compact teacher: fixed_K=17.22, fixed_pass=79.7%, decoded_pass=98.0%, accepted_delta_K=0.778, geometry_violation=0.0005, extra_refits=1407.6, complexity_active=55.4%
  reachable teacher: checks_total=1049, decoded_pass=99.2%, accepted_delta_K=0.778, geometry_targets_total=294, target_K=18.0, target_pass=98.0%
  compact mask calibration: targets_total=149, target_K=17.26, count_loss=0.1415, ranking_loss=1.0670; targets require smaller count AND decoded feasibility
  training families: {'shape_handwriting': 124, 'simple': 530, 'historical': 611, 'shape_terrain': 125, 'shape_industrial': 110}
  Synthetic: dense=84.8%, deployment=55.2%, MSE=6.254e-05, K=26.15, targetK=14.22, count_MAE=11.94, bias=+11.94, knot_F1@0.01=0.522, param_RMSE=4.506e-02, trust_proposal=0.625, trust_subset=0.327
  uji_pen_characters_v2: dense=100.0%, deployment=93.8%, MSE=1.958e-05, K=20.44, trust_proposal=0.618, trust_subset=0.323
  natural_earth_10m_coastline: dense=84.4%, deployment=40.6%, MSE=1.671e-04, K=26.53, trust_proposal=0.670, trust_subset=0.326
  usgs_tnm_contours_large_scale: dense=84.4%, deployment=71.9%, MSE=4.795e-05, K=25.56, trust_proposal=0.615, trust_subset=0.328
Epoch 008/16 joint_geometry_calibration [........................] 1/47 MSE=3.581e-05 pass=68.8% K=19.4 teacherK=16.6 countMAE=11.74
Epoch 008/16 joint_geometry_calibration [=====...................] 10/47 MSE=4.653e-05 pass=62.5% K=18.4 teacherK=15.4 countMAE=11.05
Epoch 008/16 joint_geometry_calibration [==========..............] 20/47 MSE=4.527e-05 pass=62.5% K=17.1 teacherK=14.8 countMAE=10.22
Epoch 008/16 joint_geometry_calibration [===============.........] 30/47 MSE=3.328e-05 pass=71.9% K=20.8 teacherK=17.5 countMAE=11.67
Epoch 008/16 joint_geometry_calibration [====================....] 40/47 MSE=4.225e-05 pass=59.4% K=20.5 teacherK=18.2 countMAE=10.87
Epoch 008/16 joint_geometry_calibration [========================] 47/47 MSE=4.484e-05 pass=46.4% K=16.9 teacherK=14.9 countMAE=10.78
  validation [=.......................] 1/19 
  validation [============............] 10/19 
  validation [========================] 19/19 
Epoch 008 val dense=85.6% deployment=57.2% worst-source=31.2% MSE=6.542e-05 K=25.14 mass=24.63 beta=-1.41 complexity=0.00->0.00 safety=0+0.00sigma scale=1.00->1.00 target_met=False
  learning rates: proposal=0.000e+00, selector=2.612e-05, decoder=2.612e-05
  training teacher: keep_P/R/F1=0.796/0.954/0.867, false_remove=4.6%, refinement_delta_K=0.531, improved=65.9%, extra_fits=9.0, boundary_loss=1.3280
  parameter/local: counterfactual=0.1833, local=1.2004, geometry_teacher_delta_K=0.519, geometry_fits=4.0
  compact teacher: fixed_K=16.79, fixed_pass=79.2%, decoded_pass=98.8%, accepted_delta_K=0.708, geometry_violation=0.0007, extra_refits=1228.9, complexity_active=55.5%
  reachable teacher: checks_total=1030, decoded_pass=99.4%, accepted_delta_K=0.708, geometry_targets_total=294, target_K=17.7, target_pass=98.3%
  compact mask calibration: targets_total=146, target_K=16.84, count_loss=0.1343, ranking_loss=1.0210; targets require smaller count AND decoded feasibility
  training families: {'simple': 539, 'historical': 583, 'shape_industrial': 117, 'shape_handwriting': 136, 'shape_terrain': 125}
  Synthetic: dense=84.8%, deployment=56.2%, MSE=6.128e-05, K=25.57, targetK=14.22, count_MAE=11.36, bias=+11.36, knot_F1@0.01=0.530, param_RMSE=4.516e-02, trust_proposal=0.625, trust_subset=0.367
  uji_pen_characters_v2: dense=100.0%, deployment=90.6%, MSE=2.322e-05, K=19.09, trust_proposal=0.618, trust_subset=0.359
  natural_earth_10m_coastline: dense=84.4%, deployment=31.2%, MSE=1.802e-04, K=25.19, trust_proposal=0.670, trust_subset=0.365
  usgs_tnm_contours_large_scale: dense=84.4%, deployment=65.6%, MSE=5.754e-05, K=24.38, trust_proposal=0.615, trust_subset=0.368
Epoch 009/16 joint_geometry_calibration [........................] 1/47 MSE=3.987e-05 pass=65.6% K=18.9 teacherK=16.3 countMAE=10.96
Epoch 009/16 joint_geometry_calibration [=====...................] 10/47 MSE=5.019e-05 pass=59.4% K=19.6 teacherK=16.7 countMAE=10.21
Epoch 009/16 joint_geometry_calibration [==========..............] 20/47 MSE=6.357e-05 pass=53.1% K=20.8 teacherK=18.9 countMAE=10.42
Epoch 009/16 joint_geometry_calibration [===============.........] 30/47 MSE=3.833e-05 pass=65.6% K=19.2 teacherK=16.1 countMAE=11.23
Epoch 009/16 joint_geometry_calibration [====================....] 40/47 MSE=4.981e-05 pass=75.0% K=20.1 teacherK=16.9 countMAE=11.40
Epoch 009/16 joint_geometry_calibration [========================] 47/47 MSE=4.500e-05 pass=60.7% K=20.4 teacherK=17.4 countMAE=10.41
  validation [=.......................] 1/19 
  validation [============............] 10/19 
  validation [========================] 19/19 
Epoch 009 val dense=85.6% deployment=53.7% worst-source=28.1% MSE=7.064e-05 K=24.76 mass=24.24 beta=-1.29 complexity=0.00->0.00 safety=0+0.00sigma scale=1.00->1.00 target_met=False
  learning rates: proposal=0.000e+00, selector=2.342e-05, decoder=2.342e-05
  training teacher: keep_P/R/F1=0.800/0.955/0.870, false_remove=4.5%, refinement_delta_K=0.519, improved=63.3%, extra_fits=9.0, boundary_loss=1.2678
  parameter/local: counterfactual=0.1707, local=1.1999, geometry_teacher_delta_K=0.477, geometry_fits=4.0
  compact teacher: fixed_K=16.68, fixed_pass=75.5%, decoded_pass=97.9%, accepted_delta_K=0.694, geometry_violation=0.0006, extra_refits=1179.3, complexity_active=57.7%
  reachable teacher: checks_total=986, decoded_pass=99.4%, accepted_delta_K=0.694, geometry_targets_total=283, target_K=17.5, target_pass=98.2%
  compact mask calibration: targets_total=142, target_K=16.71, count_loss=0.1418, ranking_loss=1.0038; targets require smaller count AND decoded feasibility
  training families: {'shape_handwriting': 133, 'simple': 516, 'historical': 606, 'shape_industrial': 123, 'shape_terrain': 122}
  Synthetic: dense=84.8%, deployment=52.4%, MSE=6.675e-05, K=25.21, targetK=14.22, count_MAE=10.99, bias=+10.99, knot_F1@0.01=0.535, param_RMSE=4.514e-02, trust_proposal=0.625, trust_subset=0.410
  uji_pen_characters_v2: dense=100.0%, deployment=90.6%, MSE=2.386e-05, K=18.62, trust_proposal=0.618, trust_subset=0.397
  natural_earth_10m_coastline: dense=84.4%, deployment=28.1%, MSE=1.895e-04, K=24.69, trust_proposal=0.670, trust_subset=0.406
  usgs_tnm_contours_large_scale: dense=84.4%, deployment=62.5%, MSE=5.930e-05, K=23.94, trust_proposal=0.615, trust_subset=0.411
Epoch 010/16 joint_geometry_calibration [........................] 1/47 MSE=6.103e-05 pass=40.6% K=19.3 teacherK=17.6 countMAE=10.09
Epoch 010/16 joint_geometry_calibration [=====...................] 10/47 MSE=3.807e-05 pass=65.6% K=19.0 teacherK=15.7 countMAE=11.43
Epoch 010/16 joint_geometry_calibration [==========..............] 20/47 MSE=4.050e-05 pass=68.8% K=19.8 teacherK=18.0 countMAE=10.67
Epoch 010/16 joint_geometry_calibration [===============.........] 30/47 MSE=3.633e-05 pass=78.1% K=17.6 teacherK=14.8 countMAE=10.38
Epoch 010/16 joint_geometry_calibration [====================....] 40/47 MSE=5.173e-05 pass=50.0% K=21.1 teacherK=19.3 countMAE=11.56
Epoch 010/16 joint_geometry_calibration [========================] 47/47 MSE=3.678e-05 pass=67.9% K=20.4 teacherK=17.1 countMAE=11.09
  validation [=.......................] 1/19 
  validation [============............] 10/19 
  validation [========================] 19/19 
Epoch 010 val dense=85.6% deployment=50.2% worst-source=28.1% MSE=7.373e-05 K=24.69 mass=24.20 beta=-1.25 complexity=0.00->0.00 safety=0+0.00sigma scale=1.00->1.00 target_met=False
  learning rates: proposal=0.000e+00, selector=2.035e-05, decoder=2.035e-05
  training teacher: keep_P/R/F1=0.803/0.952/0.871, false_remove=4.8%, refinement_delta_K=0.530, improved=65.4%, extra_fits=9.0, boundary_loss=1.2449
  parameter/local: counterfactual=0.2304, local=1.1498, geometry_teacher_delta_K=0.473, geometry_fits=4.0
  compact teacher: fixed_K=17.24, fixed_pass=79.3%, decoded_pass=96.8%, accepted_delta_K=0.707, geometry_violation=0.0004, extra_refits=1141.6, complexity_active=56.9%
  reachable teacher: checks_total=1001, decoded_pass=99.2%, accepted_delta_K=0.707, geometry_targets_total=296, target_K=18.1, target_pass=98.0%
  compact mask calibration: targets_total=147, target_K=17.37, count_loss=0.1014, ranking_loss=1.0008; targets require smaller count AND decoded feasibility
  training families: {'historical': 576, 'simple': 527, 'shape_industrial': 143, 'shape_handwriting': 134, 'shape_terrain': 120}
  Synthetic: dense=84.8%, deployment=48.2%, MSE=7.081e-05, K=25.13, targetK=14.22, count_MAE=10.91, bias=+10.91, knot_F1@0.01=0.535, param_RMSE=4.511e-02, trust_proposal=0.625, trust_subset=0.458
  uji_pen_characters_v2: dense=100.0%, deployment=90.6%, MSE=2.237e-05, K=18.78, trust_proposal=0.618, trust_subset=0.441
  natural_earth_10m_coastline: dense=84.4%, deployment=28.1%, MSE=1.846e-04, K=24.66, trust_proposal=0.670, trust_subset=0.452
  usgs_tnm_contours_large_scale: dense=84.4%, deployment=62.5%, MSE=5.992e-05, K=23.78, trust_proposal=0.615, trust_subset=0.458
Epoch 011/16 joint [........................] 1/47 MSE=6.815e-05 pass=53.1% K=19.8 teacherK=17.9 countMAE=10.69
Epoch 011/16 joint [=====...................] 10/47 MSE=6.104e-05 pass=46.9% K=20.1 teacherK=18.2 countMAE=9.85
Epoch 011/16 joint [==========..............] 20/47 MSE=4.305e-05 pass=71.9% K=17.7 teacherK=15.4 countMAE=9.70
Epoch 011/16 joint [===============.........] 30/47 MSE=4.171e-05 pass=56.2% K=20.1 teacherK=16.9 countMAE=10.67
Epoch 011/16 joint [====================....] 40/47 MSE=3.649e-05 pass=68.8% K=18.9 teacherK=15.9 countMAE=10.33
Epoch 011/16 joint [========================] 47/47 MSE=5.233e-05 pass=57.1% K=17.8 teacherK=15.5 countMAE=9.73
  validation [=.......................] 1/19 
  validation [============............] 10/19 
  validation [========================] 19/19 
Epoch 011 val dense=85.6% deployment=50.5% worst-source=28.1% MSE=7.271e-05 K=24.70 mass=24.20 beta=-1.25 complexity=0.00->0.25 safety=0+0.00sigma scale=1.00->0.75 target_met=False
  learning rates: proposal=1.715e-06, selector=1.715e-05, decoder=1.715e-05
  training teacher: keep_P/R/F1=0.805/0.949/0.871, false_remove=5.1%, refinement_delta_K=0.501, improved=65.5%, extra_fits=9.0, boundary_loss=1.2578
  parameter/local: counterfactual=0.1920, local=1.3145, geometry_teacher_delta_K=0.471, geometry_fits=4.0
  compact teacher: fixed_K=16.05, fixed_pass=76.1%, decoded_pass=94.7%, accepted_delta_K=0.661, geometry_violation=0.0005, extra_refits=1009.0, complexity_active=52.5%
  reachable teacher: checks_total=911, decoded_pass=98.5%, accepted_delta_K=0.661, geometry_targets_total=285, target_K=16.9, target_pass=97.2%
  compact mask calibration: targets_total=143, target_K=16.14, count_loss=0.1317, ranking_loss=0.9335; targets require smaller count AND decoded feasibility
  training families: {'historical': 583, 'shape_terrain': 126, 'simple': 551, 'shape_handwriting': 125, 'shape_industrial': 115}
  Synthetic: dense=85.0%, deployment=48.6%, MSE=6.960e-05, K=25.15, targetK=14.22, count_MAE=10.93, bias=+10.93, knot_F1@0.01=0.536, param_RMSE=4.508e-02, trust_proposal=0.628, trust_subset=0.483
  uji_pen_characters_v2: dense=100.0%, deployment=90.6%, MSE=2.247e-05, K=18.69, trust_proposal=0.620, trust_subset=0.464
  natural_earth_10m_coastline: dense=81.2%, deployment=28.1%, MSE=1.846e-04, K=24.66, trust_proposal=0.672, trust_subset=0.476
  usgs_tnm_contours_large_scale: dense=84.4%, deployment=62.5%, MSE=5.975e-05, K=23.69, trust_proposal=0.617, trust_subset=0.483
Epoch 012/16 joint [........................] 1/47 MSE=4.621e-05 pass=62.5% K=19.2 teacherK=16.6 countMAE=11.12
Epoch 012/16 joint [=====...................] 10/47 MSE=4.769e-05 pass=40.6% K=20.2 teacherK=18.2 countMAE=10.89
Epoch 012/16 joint [==========..............] 20/47 MSE=4.214e-05 pass=53.1% K=19.2 teacherK=17.7 countMAE=10.93
Epoch 012/16 joint [===============.........] 30/47 MSE=4.826e-05 pass=43.8% K=18.4 teacherK=16.3 countMAE=10.57
Epoch 012/16 joint [====================....] 40/47 MSE=3.495e-05 pass=78.1% K=17.8 teacherK=14.8 countMAE=10.09
Epoch 012/16 joint [========================] 47/47 MSE=3.047e-05 pass=71.4% K=17.8 teacherK=14.5 countMAE=10.80
  validation [=.......................] 1/19 
  validation [============............] 10/19 
  validation [========================] 19/19 
Epoch 012 val dense=85.6% deployment=48.7% worst-source=31.2% MSE=7.587e-05 K=24.43 mass=23.97 beta=-1.20 complexity=0.25->0.50 safety=0+0.00sigma scale=0.75->0.50 target_met=False
  learning rates: proposal=1.408e-06, selector=1.408e-05, decoder=1.408e-05
  training teacher: keep_P/R/F1=0.810/0.952/0.875, false_remove=4.8%, refinement_delta_K=0.514, improved=64.6%, extra_fits=9.0, boundary_loss=1.2386
  parameter/local: counterfactual=0.2387, local=1.2597, geometry_teacher_delta_K=0.460, geometry_fits=4.0
  compact teacher: fixed_K=16.73, fixed_pass=77.1%, decoded_pass=95.9%, accepted_delta_K=0.656, geometry_violation=0.0005, extra_refits=1043.7, complexity_active=53.7%
  reachable teacher: checks_total=938, decoded_pass=98.6%, accepted_delta_K=0.656, geometry_targets_total=287, target_K=17.6, target_pass=97.2%
  compact mask calibration: targets_total=143, target_K=16.80, count_loss=0.1295, ranking_loss=0.9545; targets require smaller count AND decoded feasibility
  training families: {'simple': 519, 'historical': 607, 'shape_industrial': 130, 'shape_terrain': 123, 'shape_handwriting': 121}
  Synthetic: dense=85.0%, deployment=46.2%, MSE=7.248e-05, K=24.91, targetK=14.22, count_MAE=10.69, bias=+10.69, knot_F1@0.01=0.539, param_RMSE=4.507e-02, trust_proposal=0.629, trust_subset=0.505
  uji_pen_characters_v2: dense=100.0%, deployment=90.6%, MSE=2.586e-05, K=18.19, trust_proposal=0.621, trust_subset=0.483
  natural_earth_10m_coastline: dense=81.2%, deployment=31.2%, MSE=1.919e-04, K=24.31, trust_proposal=0.673, trust_subset=0.497
  usgs_tnm_contours_large_scale: dense=84.4%, deployment=62.5%, MSE=6.285e-05, K=23.41, trust_proposal=0.618, trust_subset=0.505
Epoch 013/16 joint [........................] 1/47 MSE=5.860e-05 pass=62.5% K=19.5 teacherK=17.0 countMAE=9.73
Epoch 013/16 joint [=====...................] 10/47 MSE=3.450e-05 pass=87.5% K=16.7 teacherK=14.0 countMAE=9.88
Epoch 013/16 joint [==========..............] 20/47 MSE=4.879e-05 pass=53.1% K=19.1 teacherK=16.5 countMAE=10.84
Epoch 013/16 joint [===============.........] 30/47 MSE=4.037e-05 pass=59.4% K=20.4 teacherK=17.9 countMAE=10.57
Epoch 013/16 joint [====================....] 40/47 MSE=3.744e-05 pass=71.9% K=19.1 teacherK=16.2 countMAE=10.64
Epoch 013/16 joint [========================] 47/47 MSE=5.083e-05 pass=57.1% K=19.2 teacherK=16.0 countMAE=10.75
  validation [=.......................] 1/19 
  validation [============............] 10/19 
  validation [========================] 19/19 
Epoch 013 val dense=85.6% deployment=51.7% worst-source=31.2% MSE=7.169e-05 K=24.55 mass=24.06 beta=-1.22 complexity=0.50->0.75 safety=0+0.00sigma scale=0.50->0.25 target_met=False
  learning rates: proposal=1.138e-06, selector=1.138e-05, decoder=1.138e-05
  training teacher: keep_P/R/F1=0.809/0.954/0.875, false_remove=4.6%, refinement_delta_K=0.526, improved=66.3%, extra_fits=9.0, boundary_loss=1.2325
  parameter/local: counterfactual=0.2054, local=1.2641, geometry_teacher_delta_K=0.463, geometry_fits=4.0
  compact teacher: fixed_K=16.00, fixed_pass=76.6%, decoded_pass=97.2%, accepted_delta_K=0.630, geometry_violation=0.0003, extra_refits=1041.8, complexity_active=53.1%
  reachable teacher: checks_total=951, decoded_pass=99.1%, accepted_delta_K=0.630, geometry_targets_total=285, target_K=16.7, target_pass=97.2%
  compact mask calibration: targets_total=142, target_K=15.93, count_loss=0.1520, ranking_loss=0.9114; targets require smaller count AND decoded feasibility
  training families: {'simple': 537, 'shape_industrial': 129, 'historical': 603, 'shape_terrain': 102, 'shape_handwriting': 129}
  Synthetic: dense=85.2%, deployment=49.6%, MSE=6.777e-05, K=25.04, targetK=14.22, count_MAE=10.82, bias=+10.82, knot_F1@0.01=0.538, param_RMSE=4.507e-02, trust_proposal=0.630, trust_subset=0.525
  uji_pen_characters_v2: dense=100.0%, deployment=90.6%, MSE=2.567e-05, K=18.25, trust_proposal=0.622, trust_subset=0.502
  natural_earth_10m_coastline: dense=78.1%, deployment=31.2%, MSE=1.881e-04, K=24.34, trust_proposal=0.674, trust_subset=0.516
  usgs_tnm_contours_large_scale: dense=84.4%, deployment=65.6%, MSE=6.268e-05, K=23.47, trust_proposal=0.620, trust_subset=0.525
Epoch 014/16 joint [........................] 1/47 MSE=5.431e-05 pass=59.4% K=19.5 teacherK=17.0 countMAE=10.32
Epoch 014/16 joint [=====...................] 10/47 MSE=4.418e-05 pass=65.6% K=17.9 teacherK=14.8 countMAE=10.65
Epoch 014/16 joint [==========..............] 20/47 MSE=5.977e-05 pass=50.0% K=18.9 teacherK=16.9 countMAE=10.25
Epoch 014/16 joint [===============.........] 30/47 MSE=2.908e-05 pass=75.0% K=18.4 teacherK=14.8 countMAE=9.86
Epoch 014/16 joint [====================....] 40/47 MSE=5.160e-05 pass=53.1% K=21.2 teacherK=19.0 countMAE=10.14
Epoch 014/16 joint [========================] 47/47 MSE=3.445e-05 pass=67.9% K=20.6 teacherK=17.6 countMAE=10.91
  validation [=.......................] 1/19 
  validation [============............] 10/19 
  validation [========================] 19/19 
Epoch 014 val dense=85.4% deployment=53.5% worst-source=34.4% MSE=7.021e-05 K=24.62 mass=24.13 beta=-1.24 complexity=0.75->1.00 safety=0+0.00sigma scale=0.25->0.00 target_met=False
  learning rates: proposal=9.286e-07, selector=9.286e-06, decoder=9.286e-06
  training teacher: keep_P/R/F1=0.812/0.955/0.878, false_remove=4.5%, refinement_delta_K=0.511, improved=64.8%, extra_fits=9.0, boundary_loss=1.2314
  parameter/local: counterfactual=0.2651, local=1.1908, geometry_teacher_delta_K=0.461, geometry_fits=4.0
  compact teacher: fixed_K=17.31, fixed_pass=77.1%, decoded_pass=96.4%, accepted_delta_K=0.667, geometry_violation=0.0001, extra_refits=1069.2, complexity_active=55.7%
  reachable teacher: checks_total=974, decoded_pass=99.5%, accepted_delta_K=0.667, geometry_targets_total=287, target_K=18.1, target_pass=98.3%
  compact mask calibration: targets_total=144, target_K=17.40, count_loss=0.0877, ranking_loss=0.9680; targets require smaller count AND decoded feasibility
  training families: {'historical': 617, 'simple': 507, 'shape_industrial': 141, 'shape_terrain': 112, 'shape_handwriting': 123}
  Synthetic: dense=85.0%, deployment=51.4%, MSE=6.660e-05, K=25.09, targetK=14.22, count_MAE=10.88, bias=+10.88, knot_F1@0.01=0.538, param_RMSE=4.508e-02, trust_proposal=0.631, trust_subset=0.542
  uji_pen_characters_v2: dense=100.0%, deployment=90.6%, MSE=2.294e-05, K=18.38, trust_proposal=0.623, trust_subset=0.518
  natural_earth_10m_coastline: dense=78.1%, deployment=34.4%, MSE=1.858e-04, K=24.44, trust_proposal=0.675, trust_subset=0.532
  usgs_tnm_contours_large_scale: dense=84.4%, deployment=68.8%, MSE=5.834e-05, K=23.59, trust_proposal=0.621, trust_subset=0.542
Epoch 015/16 joint [........................] 1/47 MSE=5.233e-05 pass=46.9% K=19.1 teacherK=17.7 countMAE=10.16
Epoch 015/16 joint [=====...................] 10/47 MSE=4.401e-05 pass=71.9% K=18.9 teacherK=16.1 countMAE=10.72
Epoch 015/16 joint [==========..............] 20/47 MSE=5.102e-05 pass=65.6% K=16.9 teacherK=14.4 countMAE=9.35
Epoch 015/16 joint [===============.........] 30/47 MSE=3.535e-05 pass=65.6% K=18.8 teacherK=15.9 countMAE=10.88
Epoch 015/16 joint [====================....] 40/47 MSE=4.268e-05 pass=68.8% K=17.7 teacherK=15.4 countMAE=10.04
Epoch 015/16 joint [========================] 47/47 MSE=4.401e-05 pass=60.7% K=19.5 teacherK=17.0 countMAE=10.36
  validation [=.......................] 1/19 
  validation [============............] 10/19 
  validation [========================] 19/19 
Epoch 015 val dense=85.6% deployment=53.9% worst-source=34.4% MSE=7.036e-05 K=24.55 mass=24.06 beta=-1.22 complexity=1.00->1.00 safety=0+0.00sigma scale=0.00->0.00 target_met=False
  learning rates: proposal=7.956e-07, selector=7.956e-06, decoder=7.956e-06
  training teacher: keep_P/R/F1=0.805/0.953/0.872, false_remove=4.7%, refinement_delta_K=0.534, improved=68.4%, extra_fits=9.0, boundary_loss=1.2401
  parameter/local: counterfactual=0.1780, local=1.1570, geometry_teacher_delta_K=0.439, geometry_fits=4.0
  compact teacher: fixed_K=16.41, fixed_pass=78.2%, decoded_pass=97.0%, accepted_delta_K=0.680, geometry_violation=0.0004, extra_refits=1082.1, complexity_active=55.9%
  reachable teacher: checks_total=965, decoded_pass=99.3%, accepted_delta_K=0.680, geometry_targets_total=292, target_K=17.4, target_pass=98.3%
  compact mask calibration: targets_total=146, target_K=16.55, count_loss=0.1238, ranking_loss=0.9509; targets require smaller count AND decoded feasibility
  training families: {'simple': 507, 'historical': 622, 'shape_handwriting': 123, 'shape_terrain': 133, 'shape_industrial': 115}
  Synthetic: dense=85.2%, deployment=51.8%, MSE=6.635e-05, K=25.04, targetK=14.22, count_MAE=10.82, bias=+10.82, knot_F1@0.01=0.537, param_RMSE=4.507e-02, trust_proposal=0.633, trust_subset=0.557
  uji_pen_characters_v2: dense=100.0%, deployment=90.6%, MSE=2.548e-05, K=18.25, trust_proposal=0.624, trust_subset=0.531
  natural_earth_10m_coastline: dense=78.1%, deployment=34.4%, MSE=1.896e-04, K=24.38, trust_proposal=0.676, trust_subset=0.547
  usgs_tnm_contours_large_scale: dense=84.4%, deployment=68.8%, MSE=5.868e-05, K=23.41, trust_proposal=0.622, trust_subset=0.557
Epoch 016/16 joint [........................] 1/47 MSE=6.273e-05 pass=56.2% K=20.4 teacherK=18.5 countMAE=10.28
Epoch 016/16 joint [=====...................] 10/47 MSE=4.396e-05 pass=50.0% K=18.7 teacherK=16.6 countMAE=10.88
Epoch 016/16 joint [==========..............] 20/47 MSE=3.201e-05 pass=75.0% K=17.8 teacherK=15.1 countMAE=11.05
Epoch 016/16 joint [===============.........] 30/47 MSE=3.751e-05 pass=75.0% K=20.0 teacherK=16.2 countMAE=11.04
Epoch 016/16 joint [====================....] 40/47 MSE=4.111e-05 pass=68.8% K=19.3 teacherK=16.3 countMAE=11.52
Epoch 016/16 joint [========================] 47/47 MSE=4.214e-05 pass=60.7% K=18.4 teacherK=15.5 countMAE=10.71
  validation [=.......................] 1/19 
  validation [============............] 10/19 
  validation [========================] 19/19 
Epoch 016 val dense=85.6% deployment=52.0% worst-source=31.2% MSE=7.238e-05 K=24.44 mass=23.94 beta=-1.18 complexity=1.00->1.00 safety=0+0.00sigma scale=0.00->0.00 target_met=False
  learning rates: proposal=7.500e-07, selector=7.500e-06, decoder=7.500e-06
  training teacher: keep_P/R/F1=0.812/0.956/0.878, false_remove=4.4%, refinement_delta_K=0.530, improved=65.9%, extra_fits=9.0, boundary_loss=1.2432
  parameter/local: counterfactual=0.1936, local=1.1664, geometry_teacher_delta_K=0.435, geometry_fits=4.0
  compact teacher: fixed_K=16.65, fixed_pass=76.6%, decoded_pass=99.3%, accepted_delta_K=0.649, geometry_violation=0.0000, extra_refits=1064.2, complexity_active=55.9%
  reachable teacher: checks_total=959, decoded_pass=99.8%, accepted_delta_K=0.649, geometry_targets_total=286, target_K=17.6, target_pass=99.7%
  compact mask calibration: targets_total=143, target_K=16.69, count_loss=0.1252, ranking_loss=0.9413; targets require smaller count AND decoded feasibility
  training families: {'historical': 595, 'shape_industrial': 110, 'simple': 551, 'shape_terrain': 126, 'shape_handwriting': 118}
  Synthetic: dense=85.2%, deployment=49.8%, MSE=6.854e-05, K=24.93, targetK=14.22, count_MAE=10.71, bias=+10.71, knot_F1@0.01=0.539, param_RMSE=4.507e-02, trust_proposal=0.633, trust_subset=0.572
  uji_pen_characters_v2: dense=100.0%, deployment=90.6%, MSE=2.575e-05, K=18.06, trust_proposal=0.625, trust_subset=0.544
  natural_earth_10m_coastline: dense=78.1%, deployment=31.2%, MSE=1.920e-04, K=24.19, trust_proposal=0.677, trust_subset=0.561
  usgs_tnm_contours_large_scale: dense=84.4%, deployment=68.8%, MSE=5.934e-05, K=23.31, trust_proposal=0.623, trust_subset=0.572
Saved best v16: /home/feng/HouCode/SplineFitting_1070_overnight/outputs/checkpoints/overnight_anchored_k32_3090_r1.pt; quality=target_not_met. Last/resume: /home/feng/HouCode/SplineFitting_1070_overnight/outputs/checkpoints/overnight_anchored_k32_3090_r1.last.pt
