DIAGNOSTIC NOT FINAL — initialization model lineage is mixed-data or unknown; synthetic-only fine-tuning does not erase pretraining exposure; checkpoint is not the current v16 adaptive-beta mass-TopK revision; formal v16 candidate-knot capacity must equal 72 internal knots
Preparing fixed paired test samples...
Warming numerical solvers (excluded from timing)...
73 curves x 7 methods; device=cuda; MSE tolerance=0.0001
[1/73] Synthetic seed20000_sample2193 ours: K=53 MSE=1.130142602467497e-06 time=9.2 ms ok
[1/73] Synthetic seed20000_sample2193 ours_verified: K=53 MSE=1.130142602467497e-06 time=9.3 ms ok
[1/73] Synthetic seed20000_sample2193 park_dominant_point_2007_adaptation: K=23 MSE=4.839156496616356e-05 time=29.0 ms ok
[1/73] Synthetic seed20000_sample2193 liang_feature_iki_2017_adaptation: K=17 MSE=7.447407178946526e-05 time=18.5 ms ok
[1/73] Synthetic seed20000_sample2193 dung_direct_knot_2017_adaptation: K=13 MSE=7.260188797082535e-05 time=104.5 ms ok
[1/73] Synthetic seed20000_sample2193 kang_sparse_2015_adaptation: K=6 MSE=8.928370818671618e-05 time=940.4 ms ok
[1/73] Synthetic seed20000_sample2193 luo_linf_de_2022_adaptation: K=10 MSE=2.175748671745408e-05 time=2764.0 ms ok
[2/73] Synthetic seed20000_sample963 ours: K=55 MSE=1.5513425266208552e-06 time=9.0 ms ok
[2/73] Synthetic seed20000_sample963 ours_verified: K=55 MSE=1.5513425266208552e-06 time=9.3 ms ok
[2/73] Synthetic seed20000_sample963 park_dominant_point_2007_adaptation: K=40 MSE=3.3236708472687646e-05 time=56.0 ms ok
[2/73] Synthetic seed20000_sample963 liang_feature_iki_2017_adaptation: K=15 MSE=4.2482721928285365e-05 time=15.9 ms ok
[2/73] Synthetic seed20000_sample963 dung_direct_knot_2017_adaptation: K=16 MSE=7.971355621317823e-05 time=152.1 ms ok
[2/73] Synthetic seed20000_sample963 kang_sparse_2015_adaptation: K=8 MSE=8.949568985235324e-05 time=1054.1 ms ok
[2/73] Synthetic seed20000_sample963 luo_linf_de_2022_adaptation: K=10 MSE=3.7621292811022585e-05 time=2774.7 ms ok
[3/73] Synthetic seed20000_sample1261 ours: K=54 MSE=1.597027654943509e-06 time=9.2 ms ok
[3/73] Synthetic seed20000_sample1261 ours_verified: K=54 MSE=1.597027654943509e-06 time=9.3 ms ok
[3/73] Synthetic seed20000_sample1261 park_dominant_point_2007_adaptation: K=30 MSE=3.647523427799892e-05 time=39.4 ms ok
[3/73] Synthetic seed20000_sample1261 liang_feature_iki_2017_adaptation: K=16 MSE=8.5932352263228e-05 time=16.9 ms ok
[3/73] Synthetic seed20000_sample1261 dung_direct_knot_2017_adaptation: K=12 MSE=8.150310467762884e-05 time=128.8 ms ok
[3/73] Synthetic seed20000_sample1261 kang_sparse_2015_adaptation: K=8 MSE=6.189037772313992e-05 time=1001.5 ms ok
[3/73] Synthetic seed20000_sample1261 luo_linf_de_2022_adaptation: K=12 MSE=3.118906390202508e-05 time=2821.4 ms ok
[4/73] Synthetic seed20000_sample1802 ours: K=54 MSE=1.7210096869393173e-06 time=9.0 ms ok
[4/73] Synthetic seed20000_sample1802 ours_verified: K=54 MSE=1.7210096869393173e-06 time=9.3 ms ok
[4/73] Synthetic seed20000_sample1802 park_dominant_point_2007_adaptation: K=34 MSE=1.4173953577372555e-05 time=45.7 ms ok
[4/73] Synthetic seed20000_sample1802 liang_feature_iki_2017_adaptation: K=16 MSE=6.36160639159117e-05 time=16.7 ms ok
[4/73] Synthetic seed20000_sample1802 dung_direct_knot_2017_adaptation: K=13 MSE=8.365142300131093e-05 time=162.5 ms ok
[4/73] Synthetic seed20000_sample1802 kang_sparse_2015_adaptation: K=9 MSE=6.758255355283232e-05 time=1008.7 ms ok
[4/73] Synthetic seed20000_sample1802 luo_linf_de_2022_adaptation: K=13 MSE=2.9663285772719467e-05 time=2853.2 ms ok
[5/73] Synthetic seed20000_sample612 ours: K=55 MSE=2.154828719566111e-06 time=9.0 ms ok
[5/73] Synthetic seed20000_sample612 ours_verified: K=55 MSE=2.154828719566111e-06 time=9.3 ms ok
[5/73] Synthetic seed20000_sample612 park_dominant_point_2007_adaptation: K=25 MSE=9.124636474908375e-05 time=32.0 ms ok
[5/73] Synthetic seed20000_sample612 liang_feature_iki_2017_adaptation: K=18 MSE=9.677907830587185e-05 time=18.9 ms ok
[5/73] Synthetic seed20000_sample612 dung_direct_knot_2017_adaptation: K=12 MSE=8.43527114187303e-05 time=184.9 ms ok
[5/73] Synthetic seed20000_sample612 kang_sparse_2015_adaptation: K=10 MSE=8.361488062827217e-05 time=996.3 ms ok
[5/73] Synthetic seed20000_sample612 luo_linf_de_2022_adaptation: K=15 MSE=5.7914069273838424e-05 time=2845.1 ms ok
[6/73] Synthetic seed20000_sample1800 ours: K=55 MSE=2.2418351787640464e-06 time=9.1 ms ok
[6/73] Synthetic seed20000_sample1800 ours_verified: K=55 MSE=2.2418351787640464e-06 time=9.3 ms ok
[6/73] Synthetic seed20000_sample1800 park_dominant_point_2007_adaptation: K=30 MSE=4.9369079414533395e-05 time=39.3 ms ok
[6/73] Synthetic seed20000_sample1800 liang_feature_iki_2017_adaptation: K=24 MSE=7.515298220933973e-05 time=26.4 ms ok
[6/73] Synthetic seed20000_sample1800 dung_direct_knot_2017_adaptation: K=17 MSE=9.184444399916776e-05 time=206.2 ms ok
[6/73] Synthetic seed20000_sample1800 kang_sparse_2015_adaptation: K=14 MSE=9.94415314535183e-05 time=1015.9 ms ok
[6/73] Synthetic seed20000_sample1800 luo_linf_de_2022_adaptation: K=12 MSE=9.132965038185144e-05 time=2586.9 ms ok
[7/73] Synthetic seed20000_sample213 ours: K=55 MSE=2.332948109034044e-06 time=9.1 ms ok
[7/73] Synthetic seed20000_sample213 ours_verified: K=55 MSE=2.332948109034044e-06 time=9.3 ms ok
[7/73] Synthetic seed20000_sample213 park_dominant_point_2007_adaptation: K=56 MSE=0.00010098951860933182 time=87.4 ms ok
[7/73] Synthetic seed20000_sample213 liang_feature_iki_2017_adaptation: K=25 MSE=9.645863601165253e-05 time=27.3 ms ok
[7/73] Synthetic seed20000_sample213 dung_direct_knot_2017_adaptation: K=17 MSE=7.239141578408886e-05 time=240.2 ms ok
[7/73] Synthetic seed20000_sample213 kang_sparse_2015_adaptation: K=19 MSE=9.837912807532429e-05 time=1016.8 ms ok
[7/73] Synthetic seed20000_sample213 luo_linf_de_2022_adaptation: K=13 MSE=9.749783757573086e-05 time=2758.9 ms ok
[8/73] Synthetic seed20000_sample1054 ours: K=55 MSE=2.827073640925033e-06 time=9.0 ms ok
[8/73] Synthetic seed20000_sample1054 ours_verified: K=55 MSE=2.827073640925033e-06 time=9.3 ms ok
[8/73] Synthetic seed20000_sample1054 park_dominant_point_2007_adaptation: K=24 MSE=8.487757368894618e-05 time=30.4 ms ok
[8/73] Synthetic seed20000_sample1054 liang_feature_iki_2017_adaptation: K=23 MSE=9.603401787856896e-05 time=24.7 ms ok
[8/73] Synthetic seed20000_sample1054 dung_direct_knot_2017_adaptation: K=18 MSE=7.669152011703043e-05 time=231.0 ms ok
[8/73] Synthetic seed20000_sample1054 kang_sparse_2015_adaptation: K=17 MSE=9.005800465505786e-05 time=992.3 ms ok
[8/73] Synthetic seed20000_sample1054 luo_linf_de_2022_adaptation: K=20 MSE=9.816690239770904e-05 time=2763.8 ms ok
[9/73] Synthetic seed20000_sample698 ours: K=55 MSE=3.406784548137149e-06 time=9.0 ms ok
[9/73] Synthetic seed20000_sample698 ours_verified: K=55 MSE=3.406784548137149e-06 time=9.3 ms ok
[9/73] Synthetic seed20000_sample698 park_dominant_point_2007_adaptation: K=26 MSE=9.776693991160098e-05 time=33.4 ms ok
[9/73] Synthetic seed20000_sample698 liang_feature_iki_2017_adaptation: K=20 MSE=9.234819809616748e-05 time=21.3 ms ok
[9/73] Synthetic seed20000_sample698 dung_direct_knot_2017_adaptation: K=15 MSE=9.012026421858199e-05 time=258.4 ms ok
[9/73] Synthetic seed20000_sample698 kang_sparse_2015_adaptation: K=17 MSE=9.817969534088827e-05 time=1009.3 ms ok
[9/73] Synthetic seed20000_sample698 luo_linf_de_2022_adaptation: K=25 MSE=8.202889711071638e-05 time=3056.6 ms ok
[10/73] Synthetic seed20000_sample2800 ours: K=55 MSE=3.282218631171484e-06 time=9.1 ms ok
[10/73] Synthetic seed20000_sample2800 ours_verified: K=55 MSE=3.282218631171484e-06 time=9.4 ms ok
[10/73] Synthetic seed20000_sample2800 park_dominant_point_2007_adaptation: K=35 MSE=8.645765568951386e-05 time=47.5 ms ok
[10/73] Synthetic seed20000_sample2800 liang_feature_iki_2017_adaptation: K=30 MSE=9.918987668985713e-05 time=34.0 ms ok
[10/73] Synthetic seed20000_sample2800 dung_direct_knot_2017_adaptation: K=18 MSE=7.836791031127946e-05 time=257.8 ms ok
[10/73] Synthetic seed20000_sample2800 kang_sparse_2015_adaptation: K=40 MSE=2.1121318622114397e-05 time=783.3 ms ok
[10/73] Synthetic seed20000_sample2800 luo_linf_de_2022_adaptation: K=25 MSE=9.290904855060765e-05 time=3196.1 ms ok
[11/73] Synthetic seed20000_sample718 ours: K=56 MSE=3.129653765201041e-06 time=9.1 ms ok
[11/73] Synthetic seed20000_sample718 ours_verified: K=56 MSE=3.129653765201041e-06 time=9.3 ms ok
[11/73] Synthetic seed20000_sample718 park_dominant_point_2007_adaptation: K=39 MSE=5.1113813876676675e-05 time=54.2 ms ok
[11/73] Synthetic seed20000_sample718 liang_feature_iki_2017_adaptation: K=32 MSE=8.574791915132958e-05 time=36.3 ms ok
[11/73] Synthetic seed20000_sample718 dung_direct_knot_2017_adaptation: K=18 MSE=9.532434115741366e-05 time=306.2 ms ok
[11/73] Synthetic seed20000_sample718 kang_sparse_2015_adaptation: K=51 MSE=1.244306345949306e-05 time=709.6 ms ok
[11/73] Synthetic seed20000_sample718 luo_linf_de_2022_adaptation: K=26 MSE=9.529246034685202e-05 time=3145.0 ms ok
[12/73] Synthetic seed20000_sample147 ours: K=55 MSE=4.283590153977338e-06 time=9.0 ms ok
[12/73] Synthetic seed20000_sample147 ours_verified: K=55 MSE=4.283590153977338e-06 time=9.2 ms ok
[12/73] Synthetic seed20000_sample147 park_dominant_point_2007_adaptation: K=45 MSE=3.5748004060133256e-05 time=65.6 ms ok
[12/73] Synthetic seed20000_sample147 liang_feature_iki_2017_adaptation: K=35 MSE=7.466634943303162e-05 time=40.3 ms ok
[12/73] Synthetic seed20000_sample147 dung_direct_knot_2017_adaptation: K=22 MSE=8.595369218037875e-05 time=312.4 ms ok
[12/73] Synthetic seed20000_sample147 kang_sparse_2015_adaptation: K=29 MSE=9.019608843289079e-05 time=506.4 ms ok
[12/73] Synthetic seed20000_sample147 luo_linf_de_2022_adaptation: K=27 MSE=8.537989105852542e-05 time=3140.6 ms ok
[13/73] Synthetic seed20000_sample55 ours: K=56 MSE=5.571604635837214e-06 time=9.0 ms ok
[13/73] Synthetic seed20000_sample55 ours_verified: K=56 MSE=5.571604635837214e-06 time=9.3 ms ok
[13/73] Synthetic seed20000_sample55 park_dominant_point_2007_adaptation: K=35 MSE=7.9055224659607e-05 time=47.4 ms ok
[13/73] Synthetic seed20000_sample55 liang_feature_iki_2017_adaptation: K=34 MSE=9.384490434344104e-05 time=39.0 ms ok
[13/73] Synthetic seed20000_sample55 dung_direct_knot_2017_adaptation: K=23 MSE=9.182294228712454e-05 time=397.6 ms ok
[13/73] Synthetic seed20000_sample55 kang_sparse_2015_adaptation: K=31 MSE=8.454403828436938e-05 time=513.3 ms ok
[13/73] Synthetic seed20000_sample55 luo_linf_de_2022_adaptation: K=35 MSE=9.985720148579832e-05 time=2928.7 ms ok
[14/73] Synthetic seed20000_sample3147 ours: K=56 MSE=5.1557827863702015e-06 time=9.0 ms ok
[14/73] Synthetic seed20000_sample3147 ours_verified: K=56 MSE=5.1557827863702015e-06 time=9.3 ms ok
[14/73] Synthetic seed20000_sample3147 park_dominant_point_2007_adaptation: K=38 MSE=6.510528950158546e-05 time=52.9 ms ok
[14/73] Synthetic seed20000_sample3147 liang_feature_iki_2017_adaptation: K=34 MSE=9.481926267854804e-05 time=39.0 ms ok
[14/73] Synthetic seed20000_sample3147 dung_direct_knot_2017_adaptation: K=23 MSE=9.456457428044801e-05 time=394.3 ms ok
[14/73] Synthetic seed20000_sample3147 kang_sparse_2015_adaptation: K=35 MSE=8.657337636839415e-05 time=483.3 ms ok
[14/73] Synthetic seed20000_sample3147 luo_linf_de_2022_adaptation: K=32 MSE=8.142395834099529e-05 time=3006.2 ms ok
[15/73] Synthetic seed20000_sample1777 ours: K=56 MSE=6.84242051920038e-06 time=9.2 ms ok
[15/73] Synthetic seed20000_sample1777 ours_verified: K=56 MSE=6.84242051920038e-06 time=9.3 ms ok
[15/73] Synthetic seed20000_sample1777 park_dominant_point_2007_adaptation: K=34 MSE=9.254442019841084e-05 time=45.8 ms ok
[15/73] Synthetic seed20000_sample1777 liang_feature_iki_2017_adaptation: K=35 MSE=9.460524721922868e-05 time=40.3 ms ok
[15/73] Synthetic seed20000_sample1777 dung_direct_knot_2017_adaptation: K=22 MSE=8.827760924056125e-05 time=433.4 ms ok
[15/73] Synthetic seed20000_sample1777 kang_sparse_2015_adaptation: K=39 MSE=9.965133579515745e-05 time=412.9 ms ok
[15/73] Synthetic seed20000_sample1777 luo_linf_de_2022_adaptation: K=34 MSE=9.955852180891518e-05 time=2792.5 ms ok
[16/73] Synthetic seed20000_sample1320 ours: K=56 MSE=1.0964335290755879e-05 time=9.1 ms ok
[16/73] Synthetic seed20000_sample1320 ours_verified: K=56 MSE=1.0964335290755879e-05 time=9.4 ms ok
[16/73] Synthetic seed20000_sample1320 park_dominant_point_2007_adaptation: K=33 MSE=9.051192497268128e-05 time=44.5 ms ok
[16/73] Synthetic seed20000_sample1320 liang_feature_iki_2017_adaptation: K=36 MSE=9.863075369819954e-05 time=41.7 ms ok
[16/73] Synthetic seed20000_sample1320 dung_direct_knot_2017_adaptation: K=25 MSE=8.966778541837442e-05 time=477.7 ms ok
[16/73] Synthetic seed20000_sample1320 kang_sparse_2015_adaptation: K=32 MSE=9.618474703226663e-05 time=530.1 ms ok
[16/73] Synthetic seed20000_sample1320 luo_linf_de_2022_adaptation: K=37 MSE=9.054718212797752e-05 time=2842.9 ms ok
[17/73] Synthetic seed20000_sample2260 ours: K=56 MSE=6.911690696211406e-06 time=9.1 ms ok
[17/73] Synthetic seed20000_sample2260 ours_verified: K=56 MSE=6.911690696211406e-06 time=9.5 ms ok
[17/73] Synthetic seed20000_sample2260 park_dominant_point_2007_adaptation: K=39 MSE=6.442771539086705e-05 time=54.7 ms ok
[17/73] Synthetic seed20000_sample2260 liang_feature_iki_2017_adaptation: K=37 MSE=9.14814325681977e-05 time=43.6 ms ok
[17/73] Synthetic seed20000_sample2260 dung_direct_knot_2017_adaptation: K=26 MSE=8.7034036793833e-05 time=457.0 ms ok
[17/73] Synthetic seed20000_sample2260 kang_sparse_2015_adaptation: K=49 MSE=3.6917841073258985e-05 time=394.4 ms ok
[17/73] Synthetic seed20000_sample2260 luo_linf_de_2022_adaptation: K=38 MSE=8.301239991427908e-05 time=3073.3 ms ok
[18/73] Synthetic seed20000_sample1291 ours: K=56 MSE=1.049325497319251e-05 time=9.1 ms ok
[18/73] Synthetic seed20000_sample1291 ours_verified: K=56 MSE=1.049325497319251e-05 time=9.3 ms ok
[18/73] Synthetic seed20000_sample1291 park_dominant_point_2007_adaptation: K=30 MSE=9.525207613944999e-05 time=40.7 ms ok
[18/73] Synthetic seed20000_sample1291 liang_feature_iki_2017_adaptation: K=37 MSE=9.673360657938463e-05 time=43.2 ms ok
[18/73] Synthetic seed20000_sample1291 dung_direct_knot_2017_adaptation: K=26 MSE=9.960955748961998e-05 time=554.8 ms ok
[18/73] Synthetic seed20000_sample1291 kang_sparse_2015_adaptation: K=36 MSE=8.863390487225977e-05 time=544.5 ms ok
[18/73] Synthetic seed20000_sample1291 luo_linf_de_2022_adaptation: K=41 MSE=9.645154927398552e-05 time=2795.4 ms ok
[19/73] Synthetic seed20000_sample3840 ours: K=56 MSE=1.1547665353651628e-05 time=9.1 ms ok
[19/73] Synthetic seed20000_sample3840 ours_verified: K=56 MSE=1.1547665353651628e-05 time=9.3 ms ok
[19/73] Synthetic seed20000_sample3840 park_dominant_point_2007_adaptation: K=35 MSE=9.57540700718241e-05 time=48.7 ms ok
[19/73] Synthetic seed20000_sample3840 liang_feature_iki_2017_adaptation: K=36 MSE=9.78500240221119e-05 time=41.6 ms ok
[19/73] Synthetic seed20000_sample3840 dung_direct_knot_2017_adaptation: K=30 MSE=9.349210868154002e-05 time=573.1 ms ok
[19/73] Synthetic seed20000_sample3840 kang_sparse_2015_adaptation: K=37 MSE=9.579287390896881e-05 time=545.4 ms ok
[19/73] Synthetic seed20000_sample3840 luo_linf_de_2022_adaptation: K=37 MSE=9.066808208293242e-05 time=2829.5 ms ok
[20/73] Synthetic seed20000_sample2947 ours: K=56 MSE=1.2332771111259886e-05 time=9.1 ms ok
[20/73] Synthetic seed20000_sample2947 ours_verified: K=56 MSE=1.2332771111259886e-05 time=9.3 ms ok
[20/73] Synthetic seed20000_sample2947 park_dominant_point_2007_adaptation: K=32 MSE=8.949287466474631e-05 time=43.3 ms ok
[20/73] Synthetic seed20000_sample2947 liang_feature_iki_2017_adaptation: K=44 MSE=9.550619493521135e-05 time=53.4 ms ok
[20/73] Synthetic seed20000_sample2947 dung_direct_knot_2017_adaptation: K=36 MSE=9.05511392866442e-05 time=665.3 ms ok
[20/73] Synthetic seed20000_sample2947 kang_sparse_2015_adaptation: K=36 MSE=9.768107735218163e-05 time=545.1 ms ok
[20/73] Synthetic seed20000_sample2947 luo_linf_de_2022_adaptation: K=39 MSE=9.071516076520436e-05 time=2490.3 ms ok
[21/73] Synthetic seed20000_sample987 ours: K=56 MSE=7.926722991016763e-06 time=9.1 ms ok
[21/73] Synthetic seed20000_sample987 ours_verified: K=56 MSE=7.926722991016763e-06 time=9.4 ms ok
[21/73] Synthetic seed20000_sample987 park_dominant_point_2007_adaptation: K=35 MSE=9.729296607991252e-05 time=48.3 ms ok
[21/73] Synthetic seed20000_sample987 liang_feature_iki_2017_adaptation: K=41 MSE=9.242495212002839e-05 time=48.7 ms ok
[21/73] Synthetic seed20000_sample987 dung_direct_knot_2017_adaptation: K=29 MSE=9.841012684354745e-05 time=596.0 ms ok
[21/73] Synthetic seed20000_sample987 kang_sparse_2015_adaptation: K=38 MSE=8.494487473037906e-05 time=539.9 ms ok
[21/73] Synthetic seed20000_sample987 luo_linf_de_2022_adaptation: K=43 MSE=9.824518169728728e-05 time=2829.0 ms ok
[22/73] Synthetic seed20000_sample3596 ours: K=56 MSE=1.7801084213326008e-05 time=9.1 ms ok
[22/73] Synthetic seed20000_sample3596 ours_verified: K=56 MSE=1.7801084213326008e-05 time=9.3 ms ok
[22/73] Synthetic seed20000_sample3596 park_dominant_point_2007_adaptation: K=35 MSE=9.711702179172317e-05 time=50.6 ms ok
[22/73] Synthetic seed20000_sample3596 liang_feature_iki_2017_adaptation: K=44 MSE=9.905354545859836e-05 time=53.3 ms ok
[22/73] Synthetic seed20000_sample3596 dung_direct_knot_2017_adaptation: K=36 MSE=9.583045602753543e-05 time=636.4 ms ok
[22/73] Synthetic seed20000_sample3596 kang_sparse_2015_adaptation: K=44 MSE=9.987487864918276e-05 time=530.4 ms ok
[22/73] Synthetic seed20000_sample3596 luo_linf_de_2022_adaptation: K=41 MSE=8.478078539829735e-05 time=2724.0 ms ok
[23/73] Synthetic seed20000_sample3284 ours: K=56 MSE=1.6856027759332707e-05 time=9.1 ms ok
[23/73] Synthetic seed20000_sample3284 ours_verified: K=56 MSE=1.6856027759332707e-05 time=9.4 ms ok
[23/73] Synthetic seed20000_sample3284 park_dominant_point_2007_adaptation: K=34 MSE=9.589153256235997e-05 time=46.9 ms ok
[23/73] Synthetic seed20000_sample3284 liang_feature_iki_2017_adaptation: K=50 MSE=9.890688773875995e-05 time=62.9 ms ok
[23/73] Synthetic seed20000_sample3284 dung_direct_knot_2017_adaptation: K=33 MSE=9.397444042753116e-05 time=630.8 ms ok
[23/73] Synthetic seed20000_sample3284 kang_sparse_2015_adaptation: K=39 MSE=8.72646470235442e-05 time=390.7 ms ok
[23/73] Synthetic seed20000_sample3284 luo_linf_de_2022_adaptation: K=44 MSE=8.819993022180037e-05 time=2238.7 ms ok
[24/73] Synthetic seed20000_sample945 ours: K=56 MSE=1.5382973802450386e-05 time=9.0 ms ok
[24/73] Synthetic seed20000_sample945 ours_verified: K=56 MSE=1.5382973802450386e-05 time=9.4 ms ok
[24/73] Synthetic seed20000_sample945 park_dominant_point_2007_adaptation: K=37 MSE=9.981584581484597e-05 time=52.9 ms ok
[24/73] Synthetic seed20000_sample945 liang_feature_iki_2017_adaptation: K=47 MSE=9.624141921952833e-05 time=58.4 ms ok
[24/73] Synthetic seed20000_sample945 dung_direct_knot_2017_adaptation: K=39 MSE=9.791194517494564e-05 time=655.9 ms ok
[24/73] Synthetic seed20000_sample945 kang_sparse_2015_adaptation: K=55 MSE=7.375282630390252e-05 time=387.5 ms ok
[24/73] Synthetic seed20000_sample945 luo_linf_de_2022_adaptation: K=46 MSE=9.728739847859876e-05 time=2893.2 ms ok
[25/73] Synthetic seed20000_sample3497 ours: K=56 MSE=1.5469095005864477e-05 time=9.1 ms ok
[25/73] Synthetic seed20000_sample3497 ours_verified: K=56 MSE=1.5469095005864477e-05 time=9.3 ms ok
[25/73] Synthetic seed20000_sample3497 park_dominant_point_2007_adaptation: K=34 MSE=8.683498102687115e-05 time=46.5 ms ok
[25/73] Synthetic seed20000_sample3497 liang_feature_iki_2017_adaptation: K=43 MSE=8.909924879109503e-05 time=52.0 ms ok
[25/73] Synthetic seed20000_sample3497 dung_direct_knot_2017_adaptation: K=40 MSE=9.202492487002017e-05 time=739.2 ms ok
[25/73] Synthetic seed20000_sample3497 kang_sparse_2015_adaptation: K=45 MSE=9.047383972282479e-05 time=570.4 ms ok
[25/73] Synthetic seed20000_sample3497 luo_linf_de_2022_adaptation: K=41 MSE=9.334541454994526e-05 time=2308.2 ms ok
[26/73] Synthetic seed20000_sample1030 ours: K=56 MSE=1.809245295501132e-05 time=9.1 ms ok
[26/73] Synthetic seed20000_sample1030 ours_verified: K=56 MSE=1.809245295501132e-05 time=9.4 ms ok
[26/73] Synthetic seed20000_sample1030 park_dominant_point_2007_adaptation: K=31 MSE=8.56703165739529e-05 time=41.6 ms ok
[26/73] Synthetic seed20000_sample1030 liang_feature_iki_2017_adaptation: K=53 MSE=9.535533529290005e-05 time=67.8 ms ok
[26/73] Synthetic seed20000_sample1030 dung_direct_knot_2017_adaptation: K=36 MSE=9.430930288735995e-05 time=724.8 ms ok
[26/73] Synthetic seed20000_sample1030 kang_sparse_2015_adaptation: K=46 MSE=9.682481711857383e-05 time=585.5 ms ok
[26/73] Synthetic seed20000_sample1030 luo_linf_de_2022_adaptation: K=47 MSE=9.241349026487114e-05 time=2495.9 ms ok
[27/73] Synthetic seed20000_sample3246 ours: K=56 MSE=2.272368664915353e-05 time=9.2 ms ok
[27/73] Synthetic seed20000_sample3246 ours_verified: K=56 MSE=2.272368664915353e-05 time=9.2 ms ok
[27/73] Synthetic seed20000_sample3246 park_dominant_point_2007_adaptation: K=37 MSE=9.607748182093139e-05 time=52.7 ms ok
[27/73] Synthetic seed20000_sample3246 liang_feature_iki_2017_adaptation: K=55 MSE=9.741795938109878e-05 time=71.5 ms ok
[27/73] Synthetic seed20000_sample3246 dung_direct_knot_2017_adaptation: K=45 MSE=9.507907431505512e-05 time=737.6 ms ok
[27/73] Synthetic seed20000_sample3246 kang_sparse_2015_adaptation: K=56 MSE=7.057777905040813e-05 time=390.9 ms ok
[27/73] Synthetic seed20000_sample3246 luo_linf_de_2022_adaptation: K=47 MSE=9.390399616699905e-05 time=2088.5 ms ok
[28/73] Synthetic seed20000_sample1537 ours: K=56 MSE=1.813396602659102e-05 time=9.1 ms ok
[28/73] Synthetic seed20000_sample1537 ours_verified: K=56 MSE=1.813396602659102e-05 time=9.5 ms ok
[28/73] Synthetic seed20000_sample1537 park_dominant_point_2007_adaptation: K=38 MSE=9.799887279343004e-05 time=55.0 ms ok
[28/73] Synthetic seed20000_sample1537 liang_feature_iki_2017_adaptation: K=54 MSE=9.954472882067672e-05 time=69.2 ms ok
[28/73] Synthetic seed20000_sample1537 dung_direct_knot_2017_adaptation: K=45 MSE=9.231945109352487e-05 time=777.9 ms ok
[28/73] Synthetic seed20000_sample1537 kang_sparse_2015_adaptation: K=50 MSE=9.66264951301504e-05 time=592.8 ms ok
[28/73] Synthetic seed20000_sample1537 luo_linf_de_2022_adaptation: K=51 MSE=9.810601511989598e-05 time=1924.7 ms ok
[29/73] Synthetic seed20000_sample679 ours: K=56 MSE=3.1561561510733965e-05 time=9.1 ms ok
[29/73] Synthetic seed20000_sample679 ours_verified: K=56 MSE=3.1561561510733965e-05 time=9.3 ms ok
[29/73] Synthetic seed20000_sample679 park_dominant_point_2007_adaptation: K=40 MSE=9.890833517656158e-05 time=58.4 ms ok
[29/73] Synthetic seed20000_sample679 liang_feature_iki_2017_adaptation: K=56 MSE=8.796950963179718e-05 time=72.6 ms ok
[29/73] Synthetic seed20000_sample679 dung_direct_knot_2017_adaptation: K=45 MSE=9.438891166857576e-05 time=845.5 ms ok
[29/73] Synthetic seed20000_sample679 kang_sparse_2015_adaptation: K=52 MSE=9.950376895669312e-05 time=617.7 ms ok
[29/73] Synthetic seed20000_sample679 luo_linf_de_2022_adaptation: K=49 MSE=9.86251149315391e-05 time=1834.8 ms ok
[30/73] Synthetic seed20000_sample2219 ours: K=56 MSE=2.3296310025738966e-05 time=9.2 ms ok
[30/73] Synthetic seed20000_sample2219 ours_verified: K=56 MSE=2.3296310025738966e-05 time=9.3 ms ok
[30/73] Synthetic seed20000_sample2219 park_dominant_point_2007_adaptation: K=38 MSE=9.916887893441906e-05 time=54.6 ms ok
[30/73] Synthetic seed20000_sample2219 liang_feature_iki_2017_adaptation: K=54 MSE=9.07300113560657e-05 time=69.7 ms ok
[30/73] Synthetic seed20000_sample2219 dung_direct_knot_2017_adaptation: K=47 MSE=9.185097617074997e-05 time=750.9 ms ok
[30/73] Synthetic seed20000_sample2219 kang_sparse_2015_adaptation: K=56 MSE=9.353688105846003e-05 time=395.8 ms ok
[30/73] Synthetic seed20000_sample2219 luo_linf_de_2022_adaptation: K=49 MSE=9.718021671643548e-05 time=1934.9 ms ok
[31/73] Synthetic seed20000_sample911 ours: K=56 MSE=2.9182336321698457e-05 time=9.0 ms ok
[31/73] Synthetic seed20000_sample911 ours_verified: K=56 MSE=2.9182336321698457e-05 time=9.4 ms ok
[31/73] Synthetic seed20000_sample911 park_dominant_point_2007_adaptation: K=40 MSE=9.305104346778014e-05 time=59.1 ms ok
[31/73] Synthetic seed20000_sample911 liang_feature_iki_2017_adaptation: K=56 MSE=0.00013399510490088123 time=72.3 ms ok
[31/73] Synthetic seed20000_sample911 dung_direct_knot_2017_adaptation: K=42 MSE=9.674227341445983e-05 time=804.6 ms ok
[31/73] Synthetic seed20000_sample911 kang_sparse_2015_adaptation: K=54 MSE=9.580875040807845e-05 time=470.1 ms ok
[31/73] Synthetic seed20000_sample911 luo_linf_de_2022_adaptation: K=52 MSE=9.972775215541148e-05 time=1854.1 ms ok
[32/73] Synthetic seed20000_sample1958 ours: K=56 MSE=3.143166526115894e-05 time=9.2 ms ok
[32/73] Synthetic seed20000_sample1958 ours_verified: K=56 MSE=3.143166526115894e-05 time=9.3 ms ok
[32/73] Synthetic seed20000_sample1958 park_dominant_point_2007_adaptation: K=48 MSE=9.825343008767731e-05 time=75.7 ms ok
[32/73] Synthetic seed20000_sample1958 liang_feature_iki_2017_adaptation: K=56 MSE=0.00014620280546104439 time=72.8 ms ok
[32/73] Synthetic seed20000_sample1958 dung_direct_knot_2017_adaptation: K=52 MSE=9.76512395474564e-05 time=840.2 ms ok
[32/73] Synthetic seed20000_sample1958 kang_sparse_2015_adaptation: K=56 MSE=0.00013921566516213635 time=113.9 ms ok
[32/73] Synthetic seed20000_sample1958 luo_linf_de_2022_adaptation: K=56 MSE=0.00013381799265595626 time=836.4 ms ok
[33/73] Synthetic seed20000_sample2283 ours: K=56 MSE=3.517495384488284e-05 time=9.1 ms ok
[33/73] Synthetic seed20000_sample2283 ours_verified: K=56 MSE=3.517495384488284e-05 time=9.3 ms ok
[33/73] Synthetic seed20000_sample2283 park_dominant_point_2007_adaptation: K=40 MSE=9.451326929982533e-05 time=57.8 ms ok
[33/73] Synthetic seed20000_sample2283 liang_feature_iki_2017_adaptation: K=56 MSE=0.0001294657811785077 time=73.0 ms ok
[33/73] Synthetic seed20000_sample2283 dung_direct_knot_2017_adaptation: K=51 MSE=9.849025773576226e-05 time=823.8 ms ok
[33/73] Synthetic seed20000_sample2283 kang_sparse_2015_adaptation: K=55 MSE=9.640731360511692e-05 time=396.7 ms ok
[33/73] Synthetic seed20000_sample2283 luo_linf_de_2022_adaptation: K=54 MSE=9.592855043719395e-05 time=2752.0 ms ok
[34/73] Synthetic seed20000_sample868 ours: K=56 MSE=3.004894307337664e-05 time=9.0 ms ok
[34/73] Synthetic seed20000_sample868 ours_verified: K=56 MSE=3.004894307337664e-05 time=9.4 ms ok
[34/73] Synthetic seed20000_sample868 park_dominant_point_2007_adaptation: K=41 MSE=8.869524448928627e-05 time=59.3 ms ok
[34/73] Synthetic seed20000_sample868 liang_feature_iki_2017_adaptation: K=56 MSE=0.00017723106364971107 time=73.3 ms ok
[34/73] Synthetic seed20000_sample868 dung_direct_knot_2017_adaptation: K=48 MSE=9.599859979291252e-05 time=900.1 ms ok
[34/73] Synthetic seed20000_sample868 kang_sparse_2015_adaptation: K=56 MSE=0.00010377124837737949 time=42.7 ms ok
[34/73] Synthetic seed20000_sample868 luo_linf_de_2022_adaptation: K=56 MSE=0.00010377124837737949 time=838.7 ms ok
[35/73] Synthetic seed20000_sample1786 ours: K=56 MSE=3.2010620948914215e-05 time=9.2 ms ok
[35/73] Synthetic seed20000_sample1786 ours_verified: K=56 MSE=3.2010620948914215e-05 time=9.2 ms ok
[35/73] Synthetic seed20000_sample1786 park_dominant_point_2007_adaptation: K=42 MSE=9.853955147503815e-05 time=60.2 ms ok
[35/73] Synthetic seed20000_sample1786 liang_feature_iki_2017_adaptation: K=56 MSE=0.00018152101322720094 time=72.5 ms ok
[35/73] Synthetic seed20000_sample1786 dung_direct_knot_2017_adaptation: K=46 MSE=9.666433812821672e-05 time=866.0 ms ok
[35/73] Synthetic seed20000_sample1786 kang_sparse_2015_adaptation: K=56 MSE=0.00012579845397324654 time=244.5 ms ok
[35/73] Synthetic seed20000_sample1786 luo_linf_de_2022_adaptation: K=56 MSE=0.0001256159850243831 time=835.3 ms ok
[36/73] Synthetic seed20000_sample3362 ours: K=56 MSE=3.375599734534495e-05 time=9.1 ms ok
[36/73] Synthetic seed20000_sample3362 ours_verified: K=56 MSE=3.375599734534495e-05 time=9.3 ms ok
[36/73] Synthetic seed20000_sample3362 park_dominant_point_2007_adaptation: K=46 MSE=9.845871615915302e-05 time=69.2 ms ok
[36/73] Synthetic seed20000_sample3362 liang_feature_iki_2017_adaptation: K=56 MSE=0.0001771001956846312 time=72.5 ms ok
[36/73] Synthetic seed20000_sample3362 dung_direct_knot_2017_adaptation: K=56 MSE=9.611642604383773e-05 time=890.5 ms ok
[36/73] Synthetic seed20000_sample3362 kang_sparse_2015_adaptation: K=56 MSE=0.00016951506455445834 time=259.5 ms ok
[36/73] Synthetic seed20000_sample3362 luo_linf_de_2022_adaptation: K=56 MSE=0.00016856800570877296 time=837.2 ms ok
[37/73] Synthetic seed20000_sample176 ours: K=56 MSE=4.211599916011609e-05 time=9.0 ms ok
[37/73] Synthetic seed20000_sample176 ours_verified: K=56 MSE=4.211599916011609e-05 time=9.3 ms ok
[37/73] Synthetic seed20000_sample176 park_dominant_point_2007_adaptation: K=47 MSE=9.590384599879917e-05 time=71.9 ms ok
[37/73] Synthetic seed20000_sample176 liang_feature_iki_2017_adaptation: K=56 MSE=0.000382121456765531 time=73.4 ms ok
[37/73] Synthetic seed20000_sample176 dung_direct_knot_2017_adaptation: K=56 MSE=0.00010692949720328914 time=924.9 ms ok
[37/73] Synthetic seed20000_sample176 kang_sparse_2015_adaptation: K=56 MSE=0.000290390655897004 time=33.7 ms ok
[37/73] Synthetic seed20000_sample176 luo_linf_de_2022_adaptation: K=56 MSE=0.00024505149206081823 time=834.1 ms ok
[38/73] Synthetic seed20000_sample3954 ours: K=56 MSE=6.257289153700597e-05 time=9.3 ms ok
[38/73] Synthetic seed20000_sample3954 ours_verified: K=56 MSE=6.257289153700597e-05 time=9.3 ms ok
[38/73] Synthetic seed20000_sample3954 park_dominant_point_2007_adaptation: K=50 MSE=9.810342775699815e-05 time=78.7 ms ok
[38/73] Synthetic seed20000_sample3954 liang_feature_iki_2017_adaptation: K=56 MSE=0.0003783495856014812 time=73.4 ms ok
[38/73] Synthetic seed20000_sample3954 dung_direct_knot_2017_adaptation: K=56 MSE=0.00013331092724553774 time=959.2 ms ok
[38/73] Synthetic seed20000_sample3954 kang_sparse_2015_adaptation: K=56 MSE=0.0002649522235502494 time=30.0 ms ok
[38/73] Synthetic seed20000_sample3954 luo_linf_de_2022_adaptation: K=56 MSE=0.0002505339488191528 time=837.4 ms ok
[39/73] Synthetic seed20000_sample2706 ours: K=56 MSE=5.0456870961279646e-05 time=9.1 ms ok
[39/73] Synthetic seed20000_sample2706 ours_verified: K=56 MSE=5.0456870961279646e-05 time=9.3 ms ok
[39/73] Synthetic seed20000_sample2706 park_dominant_point_2007_adaptation: K=47 MSE=9.97688317944519e-05 time=70.3 ms ok
[39/73] Synthetic seed20000_sample2706 liang_feature_iki_2017_adaptation: K=56 MSE=0.0002440729387214924 time=73.3 ms ok
[39/73] Synthetic seed20000_sample2706 dung_direct_knot_2017_adaptation: K=56 MSE=8.998625940928315e-05 time=978.6 ms ok
[39/73] Synthetic seed20000_sample2706 kang_sparse_2015_adaptation: K=56 MSE=0.0002480090169434522 time=29.7 ms ok
[39/73] Synthetic seed20000_sample2706 luo_linf_de_2022_adaptation: K=56 MSE=0.00024769762407580835 time=835.3 ms ok
[40/73] Synthetic seed20000_sample1567 ours: K=56 MSE=4.8106343504932875e-05 time=9.2 ms ok
[40/73] Synthetic seed20000_sample1567 ours_verified: K=56 MSE=4.8106343504932875e-05 time=9.3 ms ok
[40/73] Synthetic seed20000_sample1567 park_dominant_point_2007_adaptation: K=45 MSE=9.69730527274661e-05 time=66.4 ms ok
[40/73] Synthetic seed20000_sample1567 liang_feature_iki_2017_adaptation: K=56 MSE=0.00025487527782567165 time=73.2 ms ok
[40/73] Synthetic seed20000_sample1567 dung_direct_knot_2017_adaptation: K=56 MSE=0.0001317098499555494 time=940.5 ms ok
[40/73] Synthetic seed20000_sample1567 kang_sparse_2015_adaptation: K=56 MSE=0.00026694692468960077 time=25.9 ms ok
[40/73] Synthetic seed20000_sample1567 luo_linf_de_2022_adaptation: K=55 MSE=0.0002647731586562876 time=835.4 ms ok
[41/73] Synthetic seed20000_sample2651 ours: K=56 MSE=6.093019760511384e-05 time=9.2 ms ok
[41/73] Synthetic seed20000_sample2651 ours_verified: K=56 MSE=6.093019760511384e-05 time=9.3 ms ok
[41/73] Synthetic seed20000_sample2651 park_dominant_point_2007_adaptation: K=52 MSE=9.850284737302868e-05 time=82.2 ms ok
[41/73] Synthetic seed20000_sample2651 liang_feature_iki_2017_adaptation: K=56 MSE=0.00035839569984355595 time=73.0 ms ok
[41/73] Synthetic seed20000_sample2651 dung_direct_knot_2017_adaptation: K=56 MSE=0.000129624202218934 time=989.8 ms ok
[41/73] Synthetic seed20000_sample2651 kang_sparse_2015_adaptation: K=56 MSE=0.00044275946118999915 time=27.0 ms ok
[41/73] Synthetic seed20000_sample2651 luo_linf_de_2022_adaptation: K=56 MSE=0.00042945740893536214 time=833.3 ms ok
[42/73] Synthetic seed20000_sample534 ours: K=56 MSE=6.521922232127977e-05 time=9.1 ms ok
[42/73] Synthetic seed20000_sample534 ours_verified: K=56 MSE=6.521922232127977e-05 time=9.3 ms ok
[42/73] Synthetic seed20000_sample534 park_dominant_point_2007_adaptation: K=52 MSE=9.879985625755096e-05 time=81.8 ms ok
[42/73] Synthetic seed20000_sample534 liang_feature_iki_2017_adaptation: K=56 MSE=0.0002774997269350159 time=73.1 ms ok
[42/73] Synthetic seed20000_sample534 dung_direct_knot_2017_adaptation: K=56 MSE=0.0001376898338188591 time=948.4 ms ok
[42/73] Synthetic seed20000_sample534 kang_sparse_2015_adaptation: K=56 MSE=0.00031070575751314394 time=28.9 ms ok
[42/73] Synthetic seed20000_sample534 luo_linf_de_2022_adaptation: K=56 MSE=0.00030994941085824143 time=836.1 ms ok
[43/73] Synthetic seed20000_sample3779 ours: K=56 MSE=0.0001489327696050811 time=9.0 ms ok
[43/73] Synthetic seed20000_sample3779 ours_verified: K=56 MSE=0.0001489327696050811 time=17.7 ms ok
[43/73] Synthetic seed20000_sample3779 park_dominant_point_2007_adaptation: K=53 MSE=9.798886003955938e-05 time=84.8 ms ok
[43/73] Synthetic seed20000_sample3779 liang_feature_iki_2017_adaptation: K=56 MSE=0.0003731231161090056 time=72.5 ms ok
[43/73] Synthetic seed20000_sample3779 dung_direct_knot_2017_adaptation: K=56 MSE=0.00016859930087447395 time=951.0 ms ok
[43/73] Synthetic seed20000_sample3779 kang_sparse_2015_adaptation: K=56 MSE=0.0006400335790371453 time=69.0 ms ok
[43/73] Synthetic seed20000_sample3779 luo_linf_de_2022_adaptation: K=56 MSE=0.0005619802332587253 time=832.5 ms ok
[44/73] Synthetic seed20000_sample2530 ours: K=56 MSE=6.882334788521968e-05 time=9.0 ms ok
[44/73] Synthetic seed20000_sample2530 ours_verified: K=56 MSE=6.882334788521968e-05 time=9.3 ms ok
[44/73] Synthetic seed20000_sample2530 park_dominant_point_2007_adaptation: K=56 MSE=9.961561647269468e-05 time=91.3 ms ok
[44/73] Synthetic seed20000_sample2530 liang_feature_iki_2017_adaptation: K=56 MSE=0.0004319872576530229 time=72.9 ms ok
[44/73] Synthetic seed20000_sample2530 dung_direct_knot_2017_adaptation: K=56 MSE=0.00019224401277717176 time=989.6 ms ok
[44/73] Synthetic seed20000_sample2530 kang_sparse_2015_adaptation: K=56 MSE=0.0006428195349321309 time=23.7 ms ok
[44/73] Synthetic seed20000_sample2530 luo_linf_de_2022_adaptation: K=56 MSE=0.0005302084836977409 time=837.5 ms ok
[45/73] Synthetic seed20000_sample1674 ours: K=56 MSE=6.990284585715408e-05 time=9.3 ms ok
[45/73] Synthetic seed20000_sample1674 ours_verified: K=56 MSE=6.990284585715408e-05 time=9.3 ms ok
[45/73] Synthetic seed20000_sample1674 park_dominant_point_2007_adaptation: K=53 MSE=9.436599254105744e-05 time=83.3 ms ok
[45/73] Synthetic seed20000_sample1674 liang_feature_iki_2017_adaptation: K=56 MSE=0.00037995626772054444 time=73.2 ms ok
[45/73] Synthetic seed20000_sample1674 dung_direct_knot_2017_adaptation: K=56 MSE=0.00015074428911091098 time=1021.6 ms ok
[45/73] Synthetic seed20000_sample1674 kang_sparse_2015_adaptation: K=56 MSE=0.0006412746951507688 time=26.0 ms ok
[45/73] Synthetic seed20000_sample1674 luo_linf_de_2022_adaptation: K=56 MSE=0.0006277770754045095 time=840.5 ms ok
[46/73] Synthetic seed20000_sample1391 ours: K=56 MSE=8.302613533253346e-05 time=9.0 ms ok
[46/73] Synthetic seed20000_sample1391 ours_verified: K=56 MSE=8.302613533253346e-05 time=9.3 ms ok
[46/73] Synthetic seed20000_sample1391 park_dominant_point_2007_adaptation: K=52 MSE=9.863082254231961e-05 time=80.2 ms ok
[46/73] Synthetic seed20000_sample1391 liang_feature_iki_2017_adaptation: K=56 MSE=0.0004428752716718537 time=72.6 ms ok
[46/73] Synthetic seed20000_sample1391 dung_direct_knot_2017_adaptation: K=56 MSE=0.0002933376689414936 time=1010.5 ms ok
[46/73] Synthetic seed20000_sample1391 kang_sparse_2015_adaptation: K=56 MSE=0.000772342375025866 time=233.9 ms ok
[46/73] Synthetic seed20000_sample1391 luo_linf_de_2022_adaptation: K=56 MSE=0.0007575002382757295 time=838.0 ms ok
[47/73] Synthetic seed20000_sample4041 ours: K=56 MSE=8.870056461729115e-05 time=9.0 ms ok
[47/73] Synthetic seed20000_sample4041 ours_verified: K=56 MSE=8.870056461729115e-05 time=9.3 ms ok
[47/73] Synthetic seed20000_sample4041 park_dominant_point_2007_adaptation: K=56 MSE=0.00010498535231682147 time=89.8 ms ok
[47/73] Synthetic seed20000_sample4041 liang_feature_iki_2017_adaptation: K=56 MSE=0.0005185301516348511 time=72.7 ms ok
[47/73] Synthetic seed20000_sample4041 dung_direct_knot_2017_adaptation: K=56 MSE=0.0002651320198999764 time=922.0 ms ok
[47/73] Synthetic seed20000_sample4041 kang_sparse_2015_adaptation: K=56 MSE=0.0007070501689281254 time=114.8 ms ok
[47/73] Synthetic seed20000_sample4041 luo_linf_de_2022_adaptation: K=56 MSE=0.0006327481371416787 time=833.4 ms ok
[48/73] Synthetic seed20000_sample1031 ours: K=56 MSE=7.643621221613602e-05 time=9.1 ms ok
[48/73] Synthetic seed20000_sample1031 ours_verified: K=56 MSE=7.643621221613602e-05 time=9.3 ms ok
[48/73] Synthetic seed20000_sample1031 park_dominant_point_2007_adaptation: K=56 MSE=0.00011162872359750695 time=89.6 ms ok
[48/73] Synthetic seed20000_sample1031 liang_feature_iki_2017_adaptation: K=56 MSE=0.000687403391271235 time=73.2 ms ok
[48/73] Synthetic seed20000_sample1031 dung_direct_knot_2017_adaptation: K=56 MSE=0.0003510831375088432 time=1015.5 ms ok
[48/73] Synthetic seed20000_sample1031 kang_sparse_2015_adaptation: K=56 MSE=0.0010958194486500438 time=37.8 ms ok
[48/73] Synthetic seed20000_sample1031 luo_linf_de_2022_adaptation: K=56 MSE=0.0010958194486500438 time=835.3 ms ok
[49/73] Synthetic seed20000_sample1079 ours: K=56 MSE=0.00017490102606542205 time=9.0 ms ok
[49/73] Synthetic seed20000_sample1079 ours_verified: K=56 MSE=0.00017490102606542205 time=17.5 ms ok
[49/73] Synthetic seed20000_sample1079 park_dominant_point_2007_adaptation: K=56 MSE=9.86031839551197e-05 time=88.8 ms ok
[49/73] Synthetic seed20000_sample1079 liang_feature_iki_2017_adaptation: K=56 MSE=0.0007982586461610747 time=73.1 ms ok
[49/73] Synthetic seed20000_sample1079 dung_direct_knot_2017_adaptation: K=56 MSE=0.0003688662986568762 time=913.3 ms ok
[49/73] Synthetic seed20000_sample1079 kang_sparse_2015_adaptation: K=56 MSE=0.0011295853160037713 time=25.9 ms ok
[49/73] Synthetic seed20000_sample1079 luo_linf_de_2022_adaptation: K=56 MSE=0.0010903705876269714 time=835.5 ms ok
[50/73] Synthetic seed20000_sample664 ours: K=56 MSE=0.00021267189451870864 time=9.3 ms ok
[50/73] Synthetic seed20000_sample664 ours_verified: K=56 MSE=0.00021267189451870864 time=17.5 ms ok
[50/73] Synthetic seed20000_sample664 park_dominant_point_2007_adaptation: K=56 MSE=0.00011886929385892972 time=89.0 ms ok
[50/73] Synthetic seed20000_sample664 liang_feature_iki_2017_adaptation: K=56 MSE=0.0007502887988426245 time=72.6 ms ok
[50/73] Synthetic seed20000_sample664 dung_direct_knot_2017_adaptation: K=56 MSE=0.0003072694543522656 time=1006.5 ms ok
[50/73] Synthetic seed20000_sample664 kang_sparse_2015_adaptation: K=56 MSE=0.0018700624682478342 time=90.1 ms ok
[50/73] Synthetic seed20000_sample664 luo_linf_de_2022_adaptation: K=56 MSE=0.0017330521126530812 time=833.7 ms ok
[51/73] Synthetic seed20000_sample3554 ours: K=56 MSE=0.00016722315417639442 time=9.3 ms ok
[51/73] Synthetic seed20000_sample3554 ours_verified: K=56 MSE=0.00016086005676500966 time=17.7 ms ok
[51/73] Synthetic seed20000_sample3554 park_dominant_point_2007_adaptation: K=56 MSE=0.00010602525699820514 time=88.3 ms ok
[51/73] Synthetic seed20000_sample3554 liang_feature_iki_2017_adaptation: K=56 MSE=0.001024889152162375 time=72.4 ms ok
[51/73] Synthetic seed20000_sample3554 dung_direct_knot_2017_adaptation: K=56 MSE=0.0003435867095849569 time=1040.0 ms ok
[51/73] Synthetic seed20000_sample3554 kang_sparse_2015_adaptation: K=56 MSE=0.0012652196517144035 time=43.8 ms ok
[51/73] Synthetic seed20000_sample3554 luo_linf_de_2022_adaptation: K=56 MSE=0.0009639354179613314 time=835.9 ms ok
[52/73] Synthetic seed20000_sample695 ours: K=56 MSE=0.00047182494151615023 time=9.1 ms ok
[52/73] Synthetic seed20000_sample695 ours_verified: K=56 MSE=0.00047182494151615023 time=17.6 ms ok
[52/73] Synthetic seed20000_sample695 park_dominant_point_2007_adaptation: K=56 MSE=0.00015382582958664437 time=88.4 ms ok
[52/73] Synthetic seed20000_sample695 liang_feature_iki_2017_adaptation: K=56 MSE=0.0011078993530189054 time=73.0 ms ok
[52/73] Synthetic seed20000_sample695 dung_direct_knot_2017_adaptation: K=56 MSE=0.0003962304340873327 time=1047.2 ms ok
[52/73] Synthetic seed20000_sample695 kang_sparse_2015_adaptation: K=56 MSE=0.0014502024335225686 time=25.4 ms ok
[52/73] Synthetic seed20000_sample695 luo_linf_de_2022_adaptation: K=56 MSE=0.0012121132186312016 time=839.4 ms ok
[53/73] Synthetic seed20000_sample849 ours: K=56 MSE=0.0006193557661039361 time=9.1 ms ok
[53/73] Synthetic seed20000_sample849 ours_verified: K=56 MSE=0.0006193557661039361 time=17.6 ms ok
[53/73] Synthetic seed20000_sample849 park_dominant_point_2007_adaptation: K=56 MSE=0.00011609043922680981 time=87.6 ms ok
[53/73] Synthetic seed20000_sample849 liang_feature_iki_2017_adaptation: K=56 MSE=0.0011083138578722271 time=73.1 ms ok
[53/73] Synthetic seed20000_sample849 dung_direct_knot_2017_adaptation: K=56 MSE=0.00040581702840063687 time=1031.1 ms ok
[53/73] Synthetic seed20000_sample849 kang_sparse_2015_adaptation: K=56 MSE=0.00302708762684197 time=25.7 ms ok
[53/73] Synthetic seed20000_sample849 luo_linf_de_2022_adaptation: K=56 MSE=0.0027609855572022974 time=840.9 ms ok
[54/73] UJI uji2_07539_stroke_00 ours: K=50 MSE=5.046976454044523e-07 time=8.9 ms ok
[54/73] UJI uji2_07539_stroke_00 ours_verified: K=50 MSE=5.046976454044523e-07 time=9.3 ms ok
[54/73] UJI uji2_07539_stroke_00 park_dominant_point_2007_adaptation: K=3 MSE=7.494505093740304e-05 time=5.2 ms ok
[54/73] UJI uji2_07539_stroke_00 liang_feature_iki_2017_adaptation: K=4 MSE=4.60402604068567e-05 time=4.6 ms ok
[54/73] UJI uji2_07539_stroke_00 dung_direct_knot_2017_adaptation: K=5 MSE=5.228074396949878e-05 time=81.9 ms ok
[54/73] UJI uji2_07539_stroke_00 kang_sparse_2015_adaptation: K=50 MSE=8.893412242057216e-07 time=1026.1 ms ok
[54/73] UJI uji2_07539_stroke_00 luo_linf_de_2022_adaptation: K=3 MSE=6.228501044185108e-05 time=2467.5 ms ok
[55/73] UJI uji2_08691_stroke_00 ours: K=55 MSE=1.6336584687336938e-06 time=9.1 ms ok
[55/73] UJI uji2_08691_stroke_00 ours_verified: K=55 MSE=1.6336584687336938e-06 time=9.2 ms ok
[55/73] UJI uji2_08691_stroke_00 park_dominant_point_2007_adaptation: K=10 MSE=9.830056202842975e-05 time=12.7 ms ok
[55/73] UJI uji2_08691_stroke_00 liang_feature_iki_2017_adaptation: K=7 MSE=8.81557398904792e-05 time=7.5 ms ok
[55/73] UJI uji2_08691_stroke_00 dung_direct_knot_2017_adaptation: K=8 MSE=3.231980976086308e-05 time=120.1 ms ok
[55/73] UJI uji2_08691_stroke_00 kang_sparse_2015_adaptation: K=14 MSE=3.910054663936524e-05 time=881.5 ms ok
[55/73] UJI uji2_08691_stroke_00 luo_linf_de_2022_adaptation: K=8 MSE=6.412255101761579e-05 time=2507.4 ms ok
[56/73] UJI uji2_05687_stroke_00 ours: K=51 MSE=6.913378241155462e-06 time=9.1 ms ok
[56/73] UJI uji2_05687_stroke_00 ours_verified: K=51 MSE=6.913378241155462e-06 time=9.2 ms ok
[56/73] UJI uji2_05687_stroke_00 park_dominant_point_2007_adaptation: K=14 MSE=6.33348735672967e-05 time=17.2 ms ok
[56/73] UJI uji2_05687_stroke_00 liang_feature_iki_2017_adaptation: K=10 MSE=8.715031932080392e-05 time=10.6 ms ok
[56/73] UJI uji2_05687_stroke_00 dung_direct_knot_2017_adaptation: K=10 MSE=4.1906649387440965e-05 time=154.8 ms ok
[56/73] UJI uji2_05687_stroke_00 kang_sparse_2015_adaptation: K=11 MSE=6.200597126370886e-05 time=964.9 ms ok
[56/73] UJI uji2_05687_stroke_00 luo_linf_de_2022_adaptation: K=10 MSE=5.051431843466883e-05 time=2444.8 ms ok
[57/73] UJI uji2_09129_stroke_00 ours: K=53 MSE=3.0268819911007353e-06 time=9.1 ms ok
[57/73] UJI uji2_09129_stroke_00 ours_verified: K=53 MSE=3.0268819911007353e-06 time=9.4 ms ok
[57/73] UJI uji2_09129_stroke_00 park_dominant_point_2007_adaptation: K=20 MSE=6.365499241014322e-05 time=24.6 ms ok
[57/73] UJI uji2_09129_stroke_00 liang_feature_iki_2017_adaptation: K=14 MSE=8.054943511999837e-05 time=14.7 ms ok
[57/73] UJI uji2_09129_stroke_00 dung_direct_knot_2017_adaptation: K=8 MSE=7.825724366698849e-05 time=117.0 ms ok
[57/73] UJI uji2_09129_stroke_00 kang_sparse_2015_adaptation: K=21 MSE=2.565524135760054e-05 time=808.3 ms ok
[57/73] UJI uji2_09129_stroke_00 luo_linf_de_2022_adaptation: K=8 MSE=9.824498691768007e-05 time=2391.2 ms ok
[58/73] UJI uji2_02841_stroke_01 ours: K=38 MSE=3.326939760529125e-06 time=8.8 ms ok
[58/73] UJI uji2_02841_stroke_01 ours_verified: K=38 MSE=3.326939760529125e-06 time=9.0 ms ok
[58/73] UJI uji2_02841_stroke_01 park_dominant_point_2007_adaptation: K=1 MSE=8.595682365690345e-05 time=3.3 ms ok
[58/73] UJI uji2_02841_stroke_01 liang_feature_iki_2017_adaptation: K=4 MSE=2.1914255555990046e-05 time=4.6 ms ok
[58/73] UJI uji2_02841_stroke_01 dung_direct_knot_2017_adaptation: K=2 MSE=2.854372030392831e-05 time=54.0 ms ok
[58/73] UJI uji2_02841_stroke_01 kang_sparse_2015_adaptation: K=54 MSE=6.642504442629065e-08 time=700.1 ms ok
[58/73] UJI uji2_02841_stroke_01 luo_linf_de_2022_adaptation: K=6 MSE=1.1771321336459943e-05 time=2666.6 ms ok
[59/73] NaturalEarth natural_earth_10m_coastline_625e1d04cc46_w000_625e1d04 ours: K=55 MSE=6.947186327355921e-06 time=9.1 ms ok
[59/73] NaturalEarth natural_earth_10m_coastline_625e1d04cc46_w000_625e1d04 ours_verified: K=55 MSE=6.947186327355921e-06 time=9.4 ms ok
[59/73] NaturalEarth natural_earth_10m_coastline_625e1d04cc46_w000_625e1d04 park_dominant_point_2007_adaptation: K=20 MSE=8.089461493224452e-05 time=33.2 ms ok
[59/73] NaturalEarth natural_earth_10m_coastline_625e1d04cc46_w000_625e1d04 liang_feature_iki_2017_adaptation: K=19 MSE=9.305296224436615e-05 time=20.1 ms ok
[59/73] NaturalEarth natural_earth_10m_coastline_625e1d04cc46_w000_625e1d04 dung_direct_knot_2017_adaptation: K=14 MSE=9.100653995299937e-05 time=258.4 ms ok
[59/73] NaturalEarth natural_earth_10m_coastline_625e1d04cc46_w000_625e1d04 kang_sparse_2015_adaptation: K=31 MSE=3.334493784373006e-05 time=737.6 ms ok
[59/73] NaturalEarth natural_earth_10m_coastline_625e1d04cc46_w000_625e1d04 luo_linf_de_2022_adaptation: K=17 MSE=7.734551410356835e-05 time=2554.5 ms ok
[60/73] NaturalEarth natural_earth_10m_coastline_fc0054f439fb_w000_fc0054f4 ours: K=55 MSE=3.941062486837515e-06 time=9.1 ms ok
[60/73] NaturalEarth natural_earth_10m_coastline_fc0054f439fb_w000_fc0054f4 ours_verified: K=55 MSE=3.941062486837515e-06 time=9.6 ms ok
[60/73] NaturalEarth natural_earth_10m_coastline_fc0054f439fb_w000_fc0054f4 park_dominant_point_2007_adaptation: K=15 MSE=4.2341309451365235e-05 time=20.6 ms ok
[60/73] NaturalEarth natural_earth_10m_coastline_fc0054f439fb_w000_fc0054f4 liang_feature_iki_2017_adaptation: K=13 MSE=7.045690214214838e-05 time=13.5 ms ok
[60/73] NaturalEarth natural_earth_10m_coastline_fc0054f439fb_w000_fc0054f4 dung_direct_knot_2017_adaptation: K=12 MSE=5.3105110574083724e-05 time=230.8 ms ok
[60/73] NaturalEarth natural_earth_10m_coastline_fc0054f439fb_w000_fc0054f4 kang_sparse_2015_adaptation: K=13 MSE=8.222809953336605e-05 time=965.2 ms ok
[60/73] NaturalEarth natural_earth_10m_coastline_fc0054f439fb_w000_fc0054f4 luo_linf_de_2022_adaptation: K=13 MSE=9.472624674912676e-05 time=2592.8 ms ok
[61/73] NaturalEarth natural_earth_10m_coastline_9689932c41e1_w000_9689932c ours: K=54 MSE=2.9997903580271203e-06 time=9.0 ms ok
[61/73] NaturalEarth natural_earth_10m_coastline_9689932c41e1_w000_9689932c ours_verified: K=54 MSE=2.9997903580271203e-06 time=9.3 ms ok
[61/73] NaturalEarth natural_earth_10m_coastline_9689932c41e1_w000_9689932c park_dominant_point_2007_adaptation: K=10 MSE=9.226561180015596e-05 time=12.7 ms ok
[61/73] NaturalEarth natural_earth_10m_coastline_9689932c41e1_w000_9689932c liang_feature_iki_2017_adaptation: K=11 MSE=9.106922000888155e-05 time=11.5 ms ok
[61/73] NaturalEarth natural_earth_10m_coastline_9689932c41e1_w000_9689932c dung_direct_knot_2017_adaptation: K=10 MSE=7.570982594382693e-05 time=152.7 ms ok
[61/73] NaturalEarth natural_earth_10m_coastline_9689932c41e1_w000_9689932c kang_sparse_2015_adaptation: K=23 MSE=1.0746409797953015e-05 time=815.8 ms ok
[61/73] NaturalEarth natural_earth_10m_coastline_9689932c41e1_w000_9689932c luo_linf_de_2022_adaptation: K=10 MSE=8.342648057309381e-05 time=2537.1 ms ok
[62/73] NaturalEarth natural_earth_10m_coastline_e860de78f1fa_w000_e860de78 ours: K=53 MSE=2.5407655741009495e-06 time=9.0 ms ok
[62/73] NaturalEarth natural_earth_10m_coastline_e860de78f1fa_w000_e860de78 ours_verified: K=53 MSE=2.5407655741009495e-06 time=9.3 ms ok
[62/73] NaturalEarth natural_earth_10m_coastline_e860de78f1fa_w000_e860de78 park_dominant_point_2007_adaptation: K=10 MSE=9.796359135014669e-05 time=19.7 ms ok
[62/73] NaturalEarth natural_earth_10m_coastline_e860de78f1fa_w000_e860de78 liang_feature_iki_2017_adaptation: K=10 MSE=7.529721471813767e-05 time=10.5 ms ok
[62/73] NaturalEarth natural_earth_10m_coastline_e860de78f1fa_w000_e860de78 dung_direct_knot_2017_adaptation: K=9 MSE=6.92360366358554e-05 time=132.6 ms ok
[62/73] NaturalEarth natural_earth_10m_coastline_e860de78f1fa_w000_e860de78 kang_sparse_2015_adaptation: K=11 MSE=8.93515783812376e-05 time=977.9 ms ok
[62/73] NaturalEarth natural_earth_10m_coastline_e860de78f1fa_w000_e860de78 luo_linf_de_2022_adaptation: K=6 MSE=8.744245437190017e-05 time=2471.4 ms ok
[63/73] NaturalEarth natural_earth_10m_coastline_9d44eb568484_w000_9d44eb56 ours: K=55 MSE=3.896060037059975e-06 time=9.0 ms ok
[63/73] NaturalEarth natural_earth_10m_coastline_9d44eb568484_w000_9d44eb56 ours_verified: K=55 MSE=3.896060037059975e-06 time=9.4 ms ok
[63/73] NaturalEarth natural_earth_10m_coastline_9d44eb568484_w000_9d44eb56 park_dominant_point_2007_adaptation: K=12 MSE=8.481156447441477e-05 time=24.0 ms ok
[63/73] NaturalEarth natural_earth_10m_coastline_9d44eb568484_w000_9d44eb56 liang_feature_iki_2017_adaptation: K=17 MSE=5.910579459691106e-05 time=17.8 ms ok
[63/73] NaturalEarth natural_earth_10m_coastline_9d44eb568484_w000_9d44eb56 dung_direct_knot_2017_adaptation: K=9 MSE=6.770508130018652e-05 time=160.6 ms ok
[63/73] NaturalEarth natural_earth_10m_coastline_9d44eb568484_w000_9d44eb56 kang_sparse_2015_adaptation: K=22 MSE=3.3495236323212664e-05 time=773.8 ms ok
[63/73] NaturalEarth natural_earth_10m_coastline_9d44eb568484_w000_9d44eb56 luo_linf_de_2022_adaptation: K=14 MSE=4.681690182315459e-05 time=2496.9 ms ok
[64/73] USGS usgs_tnm_contours_large_scale_5e1190c07064_w000_5e1190c0 ours: K=56 MSE=5.760470501597615e-06 time=9.1 ms ok
[64/73] USGS usgs_tnm_contours_large_scale_5e1190c07064_w000_5e1190c0 ours_verified: K=56 MSE=5.760470501597615e-06 time=9.4 ms ok
[64/73] USGS usgs_tnm_contours_large_scale_5e1190c07064_w000_5e1190c0 park_dominant_point_2007_adaptation: K=32 MSE=8.951519836639468e-05 time=42.6 ms ok
[64/73] USGS usgs_tnm_contours_large_scale_5e1190c07064_w000_5e1190c0 liang_feature_iki_2017_adaptation: K=24 MSE=9.651333199698873e-05 time=26.1 ms ok
[64/73] USGS usgs_tnm_contours_large_scale_5e1190c07064_w000_5e1190c0 dung_direct_knot_2017_adaptation: K=21 MSE=9.657913636980408e-05 time=352.9 ms ok
[64/73] USGS usgs_tnm_contours_large_scale_5e1190c07064_w000_5e1190c0 kang_sparse_2015_adaptation: K=56 MSE=1.3078796733327044e-05 time=388.4 ms ok
[64/73] USGS usgs_tnm_contours_large_scale_5e1190c07064_w000_5e1190c0 luo_linf_de_2022_adaptation: K=23 MSE=9.846150704860935e-05 time=2743.5 ms ok
[65/73] USGS usgs_tnm_contours_large_scale_73f76a177c8e_w000_73f76a17 ours: K=56 MSE=1.843696877140156e-05 time=9.0 ms ok
[65/73] USGS usgs_tnm_contours_large_scale_73f76a177c8e_w000_73f76a17 ours_verified: K=56 MSE=1.843696877140156e-05 time=9.5 ms ok
[65/73] USGS usgs_tnm_contours_large_scale_73f76a177c8e_w000_73f76a17 park_dominant_point_2007_adaptation: K=37 MSE=7.155391352581513e-05 time=50.8 ms ok
[65/73] USGS usgs_tnm_contours_large_scale_73f76a177c8e_w000_73f76a17 liang_feature_iki_2017_adaptation: K=26 MSE=9.770955506832215e-05 time=28.7 ms ok
[65/73] USGS usgs_tnm_contours_large_scale_73f76a177c8e_w000_73f76a17 dung_direct_knot_2017_adaptation: K=27 MSE=9.846060291305432e-05 time=503.7 ms ok
[65/73] USGS usgs_tnm_contours_large_scale_73f76a177c8e_w000_73f76a17 kang_sparse_2015_adaptation: K=56 MSE=3.1355849188142256e-05 time=388.4 ms ok
[65/73] USGS usgs_tnm_contours_large_scale_73f76a177c8e_w000_73f76a17 luo_linf_de_2022_adaptation: K=27 MSE=9.971703424698304e-05 time=2542.9 ms ok
[66/73] USGS usgs_tnm_contours_large_scale_9b1b39144146_w000_9b1b3914 ours: K=55 MSE=2.3266956823364816e-06 time=9.2 ms ok
[66/73] USGS usgs_tnm_contours_large_scale_9b1b39144146_w000_9b1b3914 ours_verified: K=55 MSE=2.3266956823364816e-06 time=9.3 ms ok
[66/73] USGS usgs_tnm_contours_large_scale_9b1b39144146_w000_9b1b3914 park_dominant_point_2007_adaptation: K=14 MSE=6.797315793367451e-05 time=17.3 ms ok
[66/73] USGS usgs_tnm_contours_large_scale_9b1b39144146_w000_9b1b3914 liang_feature_iki_2017_adaptation: K=9 MSE=8.989864427621841e-05 time=9.5 ms ok
[66/73] USGS usgs_tnm_contours_large_scale_9b1b39144146_w000_9b1b3914 dung_direct_knot_2017_adaptation: K=10 MSE=5.7783599682990927e-05 time=123.6 ms ok
[66/73] USGS usgs_tnm_contours_large_scale_9b1b39144146_w000_9b1b3914 kang_sparse_2015_adaptation: K=9 MSE=6.205220128217233e-05 time=987.8 ms ok
[66/73] USGS usgs_tnm_contours_large_scale_9b1b39144146_w000_9b1b3914 luo_linf_de_2022_adaptation: K=12 MSE=5.045252644379152e-05 time=2702.2 ms ok
[67/73] USGS usgs_tnm_contours_large_scale_3b46bf5b4fe5_w000_3b46bf5b ours: K=56 MSE=7.332445985832779e-06 time=9.2 ms ok
[67/73] USGS usgs_tnm_contours_large_scale_3b46bf5b4fe5_w000_3b46bf5b ours_verified: K=56 MSE=7.332445985832779e-06 time=9.2 ms ok
[67/73] USGS usgs_tnm_contours_large_scale_3b46bf5b4fe5_w000_3b46bf5b park_dominant_point_2007_adaptation: K=5 MSE=8.400602644006778e-05 time=7.3 ms ok
[67/73] USGS usgs_tnm_contours_large_scale_3b46bf5b4fe5_w000_3b46bf5b liang_feature_iki_2017_adaptation: K=6 MSE=7.732188185838872e-05 time=6.4 ms ok
[67/73] USGS usgs_tnm_contours_large_scale_3b46bf5b4fe5_w000_3b46bf5b dung_direct_knot_2017_adaptation: K=6 MSE=4.431824950708069e-05 time=111.6 ms ok
[67/73] USGS usgs_tnm_contours_large_scale_3b46bf5b4fe5_w000_3b46bf5b kang_sparse_2015_adaptation: K=8 MSE=3.7173406757681754e-05 time=1081.8 ms ok
[67/73] USGS usgs_tnm_contours_large_scale_3b46bf5b4fe5_w000_3b46bf5b luo_linf_de_2022_adaptation: K=9 MSE=3.089566987841622e-05 time=2599.2 ms ok
[68/73] USGS usgs_tnm_contours_large_scale_227a63ff8969_w001_b391c2df ours: K=56 MSE=2.2540288786464547e-05 time=9.0 ms ok
[68/73] USGS usgs_tnm_contours_large_scale_227a63ff8969_w001_b391c2df ours_verified: K=56 MSE=2.2540288786464547e-05 time=9.3 ms ok
[68/73] USGS usgs_tnm_contours_large_scale_227a63ff8969_w001_b391c2df park_dominant_point_2007_adaptation: K=38 MSE=8.652322862251434e-05 time=52.4 ms ok
[68/73] USGS usgs_tnm_contours_large_scale_227a63ff8969_w001_b391c2df liang_feature_iki_2017_adaptation: K=34 MSE=9.657927856292658e-05 time=39.3 ms ok
[68/73] USGS usgs_tnm_contours_large_scale_227a63ff8969_w001_b391c2df dung_direct_knot_2017_adaptation: K=28 MSE=9.890623659588286e-05 time=526.5 ms ok
[68/73] USGS usgs_tnm_contours_large_scale_227a63ff8969_w001_b391c2df kang_sparse_2015_adaptation: K=56 MSE=3.5624648393866555e-05 time=388.9 ms ok
[68/73] USGS usgs_tnm_contours_large_scale_227a63ff8969_w001_b391c2df luo_linf_de_2022_adaptation: K=31 MSE=8.728542606339679e-05 time=2527.6 ms ok
[69/73] IndustrialOffset industrial_offset_naca_airfoil_v011_o04_p0p0400 ours: K=50 MSE=9.138538543236076e-07 time=9.0 ms ok
[69/73] IndustrialOffset industrial_offset_naca_airfoil_v011_o04_p0p0400 ours_verified: K=50 MSE=9.138538543236076e-07 time=9.3 ms ok
[69/73] IndustrialOffset industrial_offset_naca_airfoil_v011_o04_p0p0400 park_dominant_point_2007_adaptation: K=9 MSE=6.31058340969856e-05 time=17.2 ms ok
[69/73] IndustrialOffset industrial_offset_naca_airfoil_v011_o04_p0p0400 liang_feature_iki_2017_adaptation: K=6 MSE=5.7075123511384915e-05 time=6.5 ms ok
[69/73] IndustrialOffset industrial_offset_naca_airfoil_v011_o04_p0p0400 dung_direct_knot_2017_adaptation: K=5 MSE=9.01464040470901e-05 time=79.7 ms ok
[69/73] IndustrialOffset industrial_offset_naca_airfoil_v011_o04_p0p0400 kang_sparse_2015_adaptation: K=7 MSE=8.731196724404146e-05 time=968.1 ms ok
[69/73] IndustrialOffset industrial_offset_naca_airfoil_v011_o04_p0p0400 luo_linf_de_2022_adaptation: K=6 MSE=1.9798599486821288e-05 time=2471.4 ms ok
[70/73] IndustrialOffset industrial_offset_keyway_bore_v007_o01_m0p0400 ours: K=55 MSE=6.450445948705563e-06 time=9.0 ms ok
[70/73] IndustrialOffset industrial_offset_keyway_bore_v007_o01_m0p0400 ours_verified: K=55 MSE=6.450445948705563e-06 time=9.3 ms ok
[70/73] IndustrialOffset industrial_offset_keyway_bore_v007_o01_m0p0400 park_dominant_point_2007_adaptation: K=55 MSE=7.050645497444128e-05 time=85.7 ms ok
[70/73] IndustrialOffset industrial_offset_keyway_bore_v007_o01_m0p0400 liang_feature_iki_2017_adaptation: K=13 MSE=9.972498915422157e-05 time=13.5 ms ok
[70/73] IndustrialOffset industrial_offset_keyway_bore_v007_o01_m0p0400 dung_direct_knot_2017_adaptation: K=16 MSE=5.146905121013452e-05 time=194.7 ms ok
[70/73] IndustrialOffset industrial_offset_keyway_bore_v007_o01_m0p0400 kang_sparse_2015_adaptation: K=38 MSE=8.543640781310578e-06 time=701.7 ms ok
[70/73] IndustrialOffset industrial_offset_keyway_bore_v007_o01_m0p0400 luo_linf_de_2022_adaptation: K=15 MSE=8.730538913982147e-05 time=2981.9 ms ok
[71/73] IndustrialOffset industrial_offset_naca_airfoil_v001_o04_p0p0400 ours: K=52 MSE=7.981336366564194e-07 time=9.0 ms ok
[71/73] IndustrialOffset industrial_offset_naca_airfoil_v001_o04_p0p0400 ours_verified: K=52 MSE=7.981336366564194e-07 time=9.2 ms ok
[71/73] IndustrialOffset industrial_offset_naca_airfoil_v001_o04_p0p0400 park_dominant_point_2007_adaptation: K=8 MSE=6.107276099123918e-05 time=14.5 ms ok
[71/73] IndustrialOffset industrial_offset_naca_airfoil_v001_o04_p0p0400 liang_feature_iki_2017_adaptation: K=6 MSE=5.5370751977278284e-05 time=6.4 ms ok
[71/73] IndustrialOffset industrial_offset_naca_airfoil_v001_o04_p0p0400 dung_direct_knot_2017_adaptation: K=5 MSE=8.691850317788339e-05 time=80.5 ms ok
[71/73] IndustrialOffset industrial_offset_naca_airfoil_v001_o04_p0p0400 kang_sparse_2015_adaptation: K=8 MSE=6.351530349470241e-05 time=964.8 ms ok
[71/73] IndustrialOffset industrial_offset_naca_airfoil_v001_o04_p0p0400 luo_linf_de_2022_adaptation: K=6 MSE=1.4324068641248215e-05 time=2477.4 ms ok
[72/73] IndustrialOffset industrial_offset_capsule_slot_v008_o01_m0p0400 ours: K=53 MSE=2.9599796275572806e-07 time=9.0 ms ok
[72/73] IndustrialOffset industrial_offset_capsule_slot_v008_o01_m0p0400 ours_verified: K=53 MSE=2.9599796275572806e-07 time=9.3 ms ok
[72/73] IndustrialOffset industrial_offset_capsule_slot_v008_o01_m0p0400 park_dominant_point_2007_adaptation: K=6 MSE=8.880493979811963e-05 time=8.4 ms ok
[72/73] IndustrialOffset industrial_offset_capsule_slot_v008_o01_m0p0400 liang_feature_iki_2017_adaptation: K=7 MSE=5.9238167969496125e-05 time=7.4 ms ok
[72/73] IndustrialOffset industrial_offset_capsule_slot_v008_o01_m0p0400 dung_direct_knot_2017_adaptation: K=9 MSE=4.5628670414448434e-05 time=106.4 ms ok
[72/73] IndustrialOffset industrial_offset_capsule_slot_v008_o01_m0p0400 kang_sparse_2015_adaptation: K=7 MSE=5.9257308685571365e-05 time=1033.6 ms ok
[72/73] IndustrialOffset industrial_offset_capsule_slot_v008_o01_m0p0400 luo_linf_de_2022_adaptation: K=8 MSE=3.147561736552231e-05 time=2712.9 ms ok
[73/73] IndustrialOffset industrial_offset_capsule_slot_v000_o04_p0p0400 ours: K=53 MSE=2.4355584611532196e-07 time=8.9 ms ok
[73/73] IndustrialOffset industrial_offset_capsule_slot_v000_o04_p0p0400 ours_verified: K=53 MSE=2.4355584611532196e-07 time=9.2 ms ok
[73/73] IndustrialOffset industrial_offset_capsule_slot_v000_o04_p0p0400 park_dominant_point_2007_adaptation: K=22 MSE=7.548120803109157e-05 time=27.4 ms ok
[73/73] IndustrialOffset industrial_offset_capsule_slot_v000_o04_p0p0400 liang_feature_iki_2017_adaptation: K=7 MSE=6.705649448838714e-05 time=7.4 ms ok
[73/73] IndustrialOffset industrial_offset_capsule_slot_v000_o04_p0p0400 dung_direct_knot_2017_adaptation: K=9 MSE=4.5478556756571375e-05 time=120.8 ms ok
[73/73] IndustrialOffset industrial_offset_capsule_slot_v000_o04_p0p0400 kang_sparse_2015_adaptation: K=7 MSE=5.927731978167217e-05 time=1035.5 ms ok
[73/73] IndustrialOffset industrial_offset_capsule_slot_v000_o04_p0p0400 luo_linf_de_2022_adaptation: K=8 MSE=5.6151379979797605e-05 time=2718.9 ms ok
Saved /home/feng/HouCode/SplineSurpervisedFitting/outputs/comparisons/candidate_selection_v16_keep_state_recovery_r1/diagnostic_05a9e6d52a2b/report.md
