Checking real manifests and train/val/test group separation...
  Reading manifest: /home/feng/HouCode/SplineSurpervisedFitting/data/splits/uji_pen_v2.jsonl
  Checking groups/files: 2000/18219
  Checking groups/files: 4000/18219
  Checking groups/files: 6000/18219
  Checking groups/files: 8000/18219
  Checking groups/files: 10000/18219
  Checking groups/files: 12000/18219
  Checking groups/files: 14000/18219
  Checking groups/files: 16000/18219
  Checking groups/files: 18000/18219
  Checking groups/files: 18219/18219
  Ready uji_pen_characters_v2: train=9670, val=2456 (test excluded from training)
  Reading manifest: /home/feng/HouCode/SplineSurpervisedFitting/data/processed/natural_earth/v5.1.2_10m_coastline/manifest.jsonl
  Checking groups/files: 2000/3908
  Checking groups/files: 3908/3908
  Ready natural_earth_10m_coastline: train=2625, val=750 (test excluded from training)
  Reading manifest: /home/feng/HouCode/SplineSurpervisedFitting/data/processed/usgs_contours/large_scale/manifest.jsonl
  Checking groups/files: 2000/6654
  Checking groups/files: 4000/6654
  Checking groups/files: 6000/6654
  Checking groups/files: 6654/6654
  Ready usgs_tnm_contours_large_scale: train=4024, val=1210 (test excluded from training)
  Reading manifest: /home/feng/HouCode/SplineSurpervisedFitting/data/processed/industrial_offsets/v1/manifest.jsonl
  Checking groups/files: 453/453
  Ready industrial_model_offset_curves: train=293, val=93 (test excluded from training)
Full-model warm start: copied 113 tensors, including Selector and subset decoder; optimizer/history start fresh. Source training real_fraction=0.35; synthetic-only model lineage=False.
  Full initialization audit: {"configuration_changes": {"count_structure_coupling": {"source": false, "target": true}, "keep_state_interaction": {"source": false, "target": true}, "proposal_global_warp_limit": {"source": 0.0, "target": 1.0}}, "copied_tensor_count": 113, "ignored_initialization_settings": {"initial_keep_fraction": {"reason": "Constructor initializer only; learned checkpoint tensors are preserved", "requested": 0.4166666666666667, "source_config": 0.5357142857142857}, "relocation_blend": {"reason": "Constructor initializer only; learned checkpoint tensors are preserved", "requested": 0.03, "source_config": 0.0}}, "zero_initialized_extensions": ["candidate_head.interval_warp_score.bias", "candidate_head.interval_warp_score.weight", "keep_state_embedding.weight"]}
v16 adaptive mass_topk: cuda, Kc=56 internal (full cubic knot vector at all-keep=64), MSE tolerance=0.0001; 600 train draws, 240 validation curves; real sources=4
Synthetic source contract: clean source-subset threshold-minimal certificate at RMS=0.01, margin=20%, audit_points=512
Joint supervision: certified synthetic geometry labels plus one offline Hard-RMS feasible-subset Teacher on the frozen Proposal parameter/candidate frame. Source K is a reference only. The Teacher mask/count/risk supervise Selector and subset decoder; no subset search runs in Joint steps. Proposal and ParameterHead remain frozen for cache validity. Raw deployment is one-shot; MSE verification/repair is a separate numerical method.
Checkpoint selection minimizes mean per-curve subset cost: feasible curves trade K against a bounded MSE tie-break; infeasible curves use a logarithmic MSE penalty. Aggregate pass rates and the explicit K=56 boundary audit (n=32) are reported but never gate training. Labelled Joint performs only dense, deployed-mask and labelled-mask fits per batch.
Proposal-stage synthetic stratification: 50.0% from K>=40; the remainder uses K=4..39. Joint-stage synthetic stratification: 40.0% from K>=45; the remainder uses K=4..44. Fixed high-K validation rows: 32 at K>=45.
Optimizer budget: 19 updates/epoch (ceil(600/32)); remaining Proposal=152, Joint=456. Increasing batch size without extending epochs reduces optimization steps.
  validation [===.....................] 1/8 
  validation [========================] 8/8 
  validation [===.....................] 1/8 
  validation [========================] 8/8 
Full-model initial baseline: dense=69.6%, deployment=73.8%, MSE=1.950e-04; saved /home/feng/HouCode/SplineSurpervisedFitting/outputs/checkpoints/candidate_selection_v16_keep_state_recovery_r1.initial.pt and /home/feng/HouCode/SplineSurpervisedFitting/outputs/checkpoints/candidate_selection_v16_keep_state_recovery_r1.initial.validation.json.
Epoch 001/32 proposal [=.......................] 1/19 MSE=7.401e-05 pass=81.2% K=56.0 denseK=56.0 countMAE=0.00 lr=group_0:5.0e-05
Epoch 001/32 proposal [============............] 10/19 MSE=8.334e-05 pass=78.1% K=56.0 denseK=56.0 countMAE=0.00 lr=group_0:5.0e-05
Epoch 001/32 proposal [========================] 19/19 MSE=9.338e-05 pass=70.8% K=56.0 denseK=56.0 countMAE=0.00 lr=group_0:5.0e-05
  validation [===.....................] 1/8 
  validation [========================] 8/8 
Epoch 001 phase=proposal lr=group_0:5.0e-05 val dense=69.2% deployment=69.2% worst-source=54.4% qualification=0.0% MSE=2.346e-04 K=56.00 mass=38.53 beta=-3.00 soft_cost=1.7675 selection_score=-1.7675 complexity=0.00->0.00 safety=0+0.03sigma scale=1.00->1.00 pass_reference_only=0.0%
  Proposal train geometry: coverage_MAE=4.3623e-03, ordered_assignment_MAE=4.4763e-03, matched_K=34.92, R@.005/.01/.02=0.645/0.936/1.000, parameter_bias=1.095e-02
  Synthetic K=56: n=36, dense=0.0%, deployment=0.0%
  Synthetic K>=45: n=83, dense=12.0%, deployment=12.0%, MSE=6.553e-04, K=56.00
  Synthetic: dense=54.4%, deployment=54.4%, MSE=3.489e-04, K=56.00, targetK=39.34, count_MAE=16.66, bias=+16.66, knot_F1@0.01=0.768, param_RMSE=2.160e-02
  uji_pen_characters_v2: dense=100.0%, deployment=100.0%, MSE=7.349e-07, K=56.00
  natural_earth_10m_coastline: dense=95.0%, deployment=95.0%, MSE=1.940e-05, K=56.00
  usgs_tnm_contours_large_scale: dense=100.0%, deployment=100.0%, MSE=3.444e-06, K=56.00
  industrial_model_offset_curves: dense=100.0%, deployment=100.0%, MSE=1.001e-06, K=56.00
Epoch 002/32 proposal [=.......................] 1/19 MSE=1.498e-04 pass=75.0% K=56.0 denseK=56.0 countMAE=0.00 lr=group_0:5.0e-05
Epoch 002/32 proposal [============............] 10/19 MSE=1.692e-04 pass=71.9% K=56.0 denseK=56.0 countMAE=0.00 lr=group_0:5.0e-05
Epoch 002/32 proposal [========================] 19/19 MSE=6.392e-05 pass=79.2% K=56.0 denseK=56.0 countMAE=0.00 lr=group_0:5.0e-05
  validation [===.....................] 1/8 
  validation [========================] 8/8 
Epoch 002 phase=proposal lr=group_0:5.0e-05 val dense=68.3% deployment=68.3% worst-source=53.1% qualification=0.0% MSE=2.323e-04 K=56.00 mass=38.98 beta=-3.09 soft_cost=1.7875 selection_score=-1.7875 complexity=0.00->0.00 safety=0+0.03sigma scale=1.00->1.00 pass_reference_only=0.0%
  Proposal train geometry: coverage_MAE=4.3245e-03, ordered_assignment_MAE=4.4420e-03, matched_K=34.92, R@.005/.01/.02=0.648/0.938/1.000, parameter_bias=1.088e-02
  Synthetic K=56: n=36, dense=0.0%, deployment=0.0%
  Synthetic K>=45: n=83, dense=9.6%, deployment=9.6%, MSE=6.487e-04, K=56.00
  Synthetic: dense=53.1%, deployment=53.1%, MSE=3.453e-04, K=56.00, targetK=39.34, count_MAE=16.66, bias=+16.66, knot_F1@0.01=0.767, param_RMSE=2.135e-02
  uji_pen_characters_v2: dense=100.0%, deployment=100.0%, MSE=7.568e-07, K=56.00
  natural_earth_10m_coastline: dense=95.0%, deployment=95.0%, MSE=1.939e-05, K=56.00
  usgs_tnm_contours_large_scale: dense=100.0%, deployment=100.0%, MSE=3.395e-06, K=56.00
  industrial_model_offset_curves: dense=100.0%, deployment=100.0%, MSE=1.003e-06, K=56.00
Epoch 003/32 proposal [=.......................] 1/19 MSE=9.643e-05 pass=71.9% K=56.0 denseK=56.0 countMAE=0.00 lr=group_0:5.0e-05
Epoch 003/32 proposal [============............] 10/19 MSE=8.288e-05 pass=71.9% K=56.0 denseK=56.0 countMAE=0.00 lr=group_0:5.0e-05
Epoch 003/32 proposal [========================] 19/19 MSE=1.832e-04 pass=62.5% K=56.0 denseK=56.0 countMAE=0.00 lr=group_0:5.0e-05
  validation [===.....................] 1/8 
  validation [========================] 8/8 
Epoch 003 phase=proposal lr=group_0:5.0e-05 val dense=67.9% deployment=67.9% worst-source=52.5% qualification=0.0% MSE=2.337e-04 K=56.00 mass=39.18 beta=-3.14 soft_cost=1.7887 selection_score=-1.7887 complexity=0.00->0.00 safety=0+0.03sigma scale=1.00->1.00 pass_reference_only=0.0%
  Proposal train geometry: coverage_MAE=4.3332e-03, ordered_assignment_MAE=4.4380e-03, matched_K=34.92, R@.005/.01/.02=0.646/0.938/1.000, parameter_bias=1.075e-02
  Synthetic K=56: n=36, dense=0.0%, deployment=0.0%
  Synthetic K>=45: n=83, dense=8.4%, deployment=8.4%, MSE=6.528e-04, K=56.00
  Synthetic: dense=52.5%, deployment=52.5%, MSE=3.475e-04, K=56.00, targetK=39.34, count_MAE=16.66, bias=+16.66, knot_F1@0.01=0.769, param_RMSE=2.128e-02
  uji_pen_characters_v2: dense=100.0%, deployment=100.0%, MSE=7.628e-07, K=56.00
  natural_earth_10m_coastline: dense=95.0%, deployment=95.0%, MSE=1.937e-05, K=56.00
  usgs_tnm_contours_large_scale: dense=100.0%, deployment=100.0%, MSE=3.366e-06, K=56.00
  industrial_model_offset_curves: dense=100.0%, deployment=100.0%, MSE=1.004e-06, K=56.00
Epoch 004/32 proposal [=.......................] 1/19 MSE=7.742e-05 pass=65.6% K=56.0 denseK=56.0 countMAE=0.00 lr=group_0:5.0e-05
Epoch 004/32 proposal [============............] 10/19 MSE=3.131e-05 pass=93.8% K=56.0 denseK=56.0 countMAE=0.00 lr=group_0:5.0e-05
Epoch 004/32 proposal [========================] 19/19 MSE=1.150e-04 pass=79.2% K=56.0 denseK=56.0 countMAE=0.00 lr=group_0:5.0e-05
  validation [===.....................] 1/8 
  validation [========================] 8/8 
Epoch 004 phase=proposal lr=group_0:5.0e-05 val dense=70.4% deployment=70.4% worst-source=56.2% qualification=0.0% MSE=2.246e-04 K=56.00 mass=38.85 beta=-3.05 soft_cost=1.7412 selection_score=-1.7412 complexity=0.00->0.00 safety=0+0.03sigma scale=1.00->1.00 pass_reference_only=0.0%
  Proposal train geometry: coverage_MAE=4.3078e-03, ordered_assignment_MAE=4.4228e-03, matched_K=34.92, R@.005/.01/.02=0.649/0.941/1.000, parameter_bias=1.077e-02
  Synthetic K=56: n=36, dense=0.0%, deployment=0.0%
  Synthetic K>=45: n=83, dense=15.7%, deployment=15.7%, MSE=6.266e-04, K=56.00
  Synthetic: dense=56.2%, deployment=56.2%, MSE=3.339e-04, K=56.00, targetK=39.34, count_MAE=16.66, bias=+16.66, knot_F1@0.01=0.770, param_RMSE=2.129e-02
  uji_pen_characters_v2: dense=100.0%, deployment=100.0%, MSE=7.661e-07, K=56.00
  natural_earth_10m_coastline: dense=95.0%, deployment=95.0%, MSE=1.929e-05, K=56.00
  usgs_tnm_contours_large_scale: dense=100.0%, deployment=100.0%, MSE=3.413e-06, K=56.00
  industrial_model_offset_curves: dense=100.0%, deployment=100.0%, MSE=1.015e-06, K=56.00
Epoch 005/32 proposal [=.......................] 1/19 MSE=1.224e-04 pass=81.2% K=56.0 denseK=56.0 countMAE=0.00 lr=group_0:5.0e-05
Epoch 005/32 proposal [============............] 10/19 MSE=9.025e-05 pass=68.8% K=56.0 denseK=56.0 countMAE=0.00 lr=group_0:5.0e-05
Epoch 005/32 proposal [========================] 19/19 MSE=1.078e-04 pass=83.3% K=56.0 denseK=56.0 countMAE=0.00 lr=group_0:5.0e-05
  validation [===.....................] 1/8 
  validation [========================] 8/8 
Epoch 005 phase=proposal lr=group_0:5.0e-05 val dense=70.0% deployment=70.0% worst-source=55.6% qualification=0.0% MSE=2.239e-04 K=56.00 mass=38.71 beta=-3.02 soft_cost=1.7483 selection_score=-1.7483 complexity=0.00->0.00 safety=0+0.03sigma scale=1.00->1.00 pass_reference_only=0.0%
  Proposal train geometry: coverage_MAE=4.3010e-03, ordered_assignment_MAE=4.4053e-03, matched_K=34.92, R@.005/.01/.02=0.649/0.940/1.000, parameter_bias=1.067e-02
  Synthetic K=56: n=36, dense=0.0%, deployment=0.0%
  Synthetic K>=45: n=83, dense=14.5%, deployment=14.5%, MSE=6.242e-04, K=56.00
  Synthetic: dense=55.6%, deployment=55.6%, MSE=3.328e-04, K=56.00, targetK=39.34, count_MAE=16.66, bias=+16.66, knot_F1@0.01=0.770, param_RMSE=2.109e-02
  uji_pen_characters_v2: dense=100.0%, deployment=100.0%, MSE=7.916e-07, K=56.00
  natural_earth_10m_coastline: dense=95.0%, deployment=95.0%, MSE=1.940e-05, K=56.00
  usgs_tnm_contours_large_scale: dense=100.0%, deployment=100.0%, MSE=3.497e-06, K=56.00
  industrial_model_offset_curves: dense=100.0%, deployment=100.0%, MSE=1.015e-06, K=56.00
Epoch 006/32 proposal [=.......................] 1/19 MSE=1.782e-04 pass=65.6% K=56.0 denseK=56.0 countMAE=0.00 lr=group_0:5.0e-05
Epoch 006/32 proposal [============............] 10/19 MSE=1.045e-04 pass=68.8% K=56.0 denseK=56.0 countMAE=0.00 lr=group_0:5.0e-05
Epoch 006/32 proposal [========================] 19/19 MSE=2.085e-04 pass=58.3% K=56.0 denseK=56.0 countMAE=0.00 lr=group_0:5.0e-05
  validation [===.....................] 1/8 
  validation [========================] 8/8 
Epoch 006 phase=proposal lr=group_0:5.0e-05 val dense=70.0% deployment=70.0% worst-source=55.6% qualification=0.0% MSE=2.221e-04 K=56.00 mass=38.75 beta=-3.02 soft_cost=1.7486 selection_score=-1.7486 complexity=0.00->0.00 safety=0+0.03sigma scale=1.00->1.00 pass_reference_only=0.0%
  Proposal train geometry: coverage_MAE=4.2877e-03, ordered_assignment_MAE=4.3874e-03, matched_K=34.92, R@.005/.01/.02=0.651/0.942/1.000, parameter_bias=1.060e-02
  Synthetic K=56: n=36, dense=0.0%, deployment=0.0%
  Synthetic K>=45: n=83, dense=14.5%, deployment=14.5%, MSE=6.192e-04, K=56.00
  Synthetic: dense=55.6%, deployment=55.6%, MSE=3.301e-04, K=56.00, targetK=39.34, count_MAE=16.66, bias=+16.66, knot_F1@0.01=0.770, param_RMSE=2.113e-02
  uji_pen_characters_v2: dense=100.0%, deployment=100.0%, MSE=7.856e-07, K=56.00
  natural_earth_10m_coastline: dense=95.0%, deployment=95.0%, MSE=1.910e-05, K=56.00
  usgs_tnm_contours_large_scale: dense=100.0%, deployment=100.0%, MSE=3.380e-06, K=56.00
  industrial_model_offset_curves: dense=100.0%, deployment=100.0%, MSE=1.042e-06, K=56.00
Epoch 007/32 proposal [=.......................] 1/19 MSE=1.217e-04 pass=68.8% K=56.0 denseK=56.0 countMAE=0.00 lr=group_0:5.0e-05
Epoch 007/32 proposal [============............] 10/19 MSE=9.851e-05 pass=68.8% K=56.0 denseK=56.0 countMAE=0.00 lr=group_0:5.0e-05
Epoch 007/32 proposal [========================] 19/19 MSE=4.332e-05 pass=83.3% K=56.0 denseK=56.0 countMAE=0.00 lr=group_0:5.0e-05
  validation [===.....................] 1/8 
  validation [========================] 8/8 
Epoch 007 phase=proposal lr=group_0:5.0e-05 val dense=69.6% deployment=69.6% worst-source=55.0% qualification=0.0% MSE=2.211e-04 K=56.00 mass=38.77 beta=-3.02 soft_cost=1.7523 selection_score=-1.7523 complexity=0.00->0.00 safety=0+0.03sigma scale=1.00->1.00 pass_reference_only=0.0%
  Proposal train geometry: coverage_MAE=4.2588e-03, ordered_assignment_MAE=4.3571e-03, matched_K=34.92, R@.005/.01/.02=0.654/0.941/1.000, parameter_bias=1.060e-02
  Synthetic K=56: n=36, dense=0.0%, deployment=0.0%
  Synthetic K>=45: n=83, dense=13.3%, deployment=13.3%, MSE=6.166e-04, K=56.00
  Synthetic: dense=55.0%, deployment=55.0%, MSE=3.286e-04, K=56.00, targetK=39.34, count_MAE=16.66, bias=+16.66, knot_F1@0.01=0.771, param_RMSE=2.098e-02
  uji_pen_characters_v2: dense=100.0%, deployment=100.0%, MSE=8.025e-07, K=56.00
  natural_earth_10m_coastline: dense=95.0%, deployment=95.0%, MSE=1.916e-05, K=56.00
  usgs_tnm_contours_large_scale: dense=100.0%, deployment=100.0%, MSE=3.457e-06, K=56.00
  industrial_model_offset_curves: dense=100.0%, deployment=100.0%, MSE=1.056e-06, K=56.00
Epoch 008/32 proposal [=.......................] 1/19 MSE=9.693e-05 pass=75.0% K=56.0 denseK=56.0 countMAE=0.00 lr=group_0:5.0e-05
Epoch 008/32 proposal [============............] 10/19 MSE=5.691e-05 pass=84.4% K=56.0 denseK=56.0 countMAE=0.00 lr=group_0:5.0e-05
Epoch 008/32 proposal [========================] 19/19 MSE=1.170e-04 pass=66.7% K=56.0 denseK=56.0 countMAE=0.00 lr=group_0:5.0e-05
  validation [===.....................] 1/8 
  validation [========================] 8/8 
Epoch 008 phase=proposal lr=group_0:5.0e-05 val dense=70.0% deployment=70.0% worst-source=55.6% qualification=0.0% MSE=2.254e-04 K=56.00 mass=38.57 beta=-2.98 soft_cost=1.7480 selection_score=-1.7480 complexity=0.00->1.00 safety=0+0.03sigma scale=1.00->0.00 pass_reference_only=0.0%
  Proposal train geometry: coverage_MAE=4.2653e-03, ordered_assignment_MAE=4.3724e-03, matched_K=34.92, R@.005/.01/.02=0.653/0.941/1.000, parameter_bias=1.054e-02
  Synthetic K=56: n=36, dense=0.0%, deployment=0.0%
  Synthetic K>=45: n=83, dense=14.5%, deployment=14.5%, MSE=6.289e-04, K=56.00
  Synthetic: dense=55.6%, deployment=55.6%, MSE=3.350e-04, K=56.00, targetK=39.34, count_MAE=16.66, bias=+16.66, knot_F1@0.01=0.769, param_RMSE=2.109e-02
  uji_pen_characters_v2: dense=100.0%, deployment=100.0%, MSE=8.389e-07, K=56.00
  natural_earth_10m_coastline: dense=95.0%, deployment=95.0%, MSE=1.908e-05, K=56.00
  usgs_tnm_contours_large_scale: dense=100.0%, deployment=100.0%, MSE=3.471e-06, K=56.00
  industrial_model_offset_curves: dense=100.0%, deployment=100.0%, MSE=1.016e-06, K=56.00
Proposal schedule complete; loading the validation-ranked best dense initializer from epoch 4 (worst-source pass=56.2%, reporting reference=90.0%). Joint training starts unconditionally in selector_warmup.
Building/checking fixed-Proposal feasible-subset labels at /home/feng/HouCode/SplineSurpervisedFitting/outputs/teachers/candidate_selection_v16_keep_state_recovery_r1/train.pt; this is offline work, not Joint per-step search.
offline feasible Teacher [........................] 8/600 
offline feasible Teacher [........................] 16/600 
offline feasible Teacher [........................] 24/600 
offline feasible Teacher [=.......................] 32/600 
offline feasible Teacher [=.......................] 40/600 
offline feasible Teacher [=.......................] 48/600 
offline feasible Teacher [==......................] 56/600 
offline feasible Teacher [==......................] 64/600 
offline feasible Teacher [==......................] 72/600 
offline feasible Teacher [===.....................] 80/600 
offline feasible Teacher [===.....................] 88/600 
offline feasible Teacher [===.....................] 96/600 
offline feasible Teacher [====....................] 104/600 
offline feasible Teacher [====....................] 112/600 
offline feasible Teacher [====....................] 120/600 
offline feasible Teacher [=====...................] 128/600 
offline feasible Teacher [=====...................] 136/600 
offline feasible Teacher [=====...................] 144/600 
offline feasible Teacher [======..................] 152/600 
offline feasible Teacher [======..................] 160/600 
offline feasible Teacher [======..................] 168/600 
offline feasible Teacher [=======.................] 176/600 
offline feasible Teacher [=======.................] 184/600 
offline feasible Teacher [=======.................] 192/600 
offline feasible Teacher [========................] 200/600 
offline feasible Teacher [========................] 208/600 
offline feasible Teacher [========................] 216/600 
offline feasible Teacher [========................] 224/600 
offline feasible Teacher [=========...............] 232/600 
offline feasible Teacher [=========...............] 240/600 
offline feasible Teacher [=========...............] 248/600 
offline feasible Teacher [==========..............] 256/600 
offline feasible Teacher [==========..............] 264/600 
offline feasible Teacher [==========..............] 272/600 
offline feasible Teacher [===========.............] 280/600 
offline feasible Teacher [===========.............] 288/600 
offline feasible Teacher [===========.............] 296/600 
offline feasible Teacher [============............] 304/600 
offline feasible Teacher [============............] 312/600 
offline feasible Teacher [============............] 320/600 
offline feasible Teacher [=============...........] 328/600 
offline feasible Teacher [=============...........] 336/600 
offline feasible Teacher [=============...........] 344/600 
offline feasible Teacher [==============..........] 352/600 
offline feasible Teacher [==============..........] 360/600 
offline feasible Teacher [==============..........] 368/600 
offline feasible Teacher [===============.........] 376/600 
offline feasible Teacher [===============.........] 384/600 
offline feasible Teacher [===============.........] 392/600 
offline feasible Teacher [================........] 400/600 
offline feasible Teacher [================........] 408/600 
offline feasible Teacher [================........] 416/600 
offline feasible Teacher [================........] 424/600 
offline feasible Teacher [=================.......] 432/600 
offline feasible Teacher [=================.......] 440/600 
offline feasible Teacher [=================.......] 448/600 
offline feasible Teacher [==================......] 456/600 
offline feasible Teacher [==================......] 464/600 
offline feasible Teacher [==================......] 472/600 
offline feasible Teacher [===================.....] 480/600 
offline feasible Teacher [===================.....] 488/600 
offline feasible Teacher [===================.....] 496/600 
offline feasible Teacher [====================....] 504/600 
offline feasible Teacher [====================....] 512/600 
offline feasible Teacher [====================....] 520/600 
offline feasible Teacher [=====================...] 528/600 
offline feasible Teacher [=====================...] 536/600 
offline feasible Teacher [=====================...] 544/600 
offline feasible Teacher [======================..] 552/600 
offline feasible Teacher [======================..] 560/600 
offline feasible Teacher [======================..] 568/600 
offline feasible Teacher [=======================.] 576/600 
offline feasible Teacher [=======================.] 584/600 
offline feasible Teacher [=======================.] 592/600 
offline feasible Teacher [========================] 600/600 
Epoch 009/32 selector_warmup [=.......................] 1/19 MSE=1.589e-04 pass=68.8% K=48.0 feasibleK=40.1 countMAE=7.84 lr=proposal:0.0e+00/parameter:0.0e+00/selector:5.0e-05/decoder:1.0e-05
Epoch 009/32 selector_warmup [============............] 10/19 MSE=4.516e-05 pass=87.5% K=49.5 feasibleK=36.5 countMAE=12.97 lr=proposal:0.0e+00/parameter:0.0e+00/selector:5.0e-05/decoder:1.0e-05
Epoch 009/32 selector_warmup [========================] 19/19 MSE=1.116e-04 pass=75.0% K=50.6 feasibleK=36.6 countMAE=13.96 lr=proposal:0.0e+00/parameter:0.0e+00/selector:5.0e-05/decoder:1.0e-05
  validation [===.....................] 1/8 
  validation [========================] 8/8 
Epoch 009 phase=selector_warmup lr=proposal:0.0e+00/parameter:0.0e+00/selector:5.0e-05/decoder:1.0e-05 val dense=70.4% deployment=74.2% worst-source=61.9% qualification=0.0% MSE=1.926e-04 K=45.52 mass=45.20 beta=-4.01 soft_cost=1.4637 selection_score=-1.4637 complexity=1.00->1.00 safety=0+0.03sigma scale=0.00->0.00 pass_reference_only=0.0%
  Joint train structure: Keep P/R/F1=0.769/0.949/0.849, critical_false_delete=0.035, proposal R@.005/.01/.02=0.644/0.936/1.000, parameter_bias=1.268e-02, count-cal loss=6.483e-02, score/target/bias/MAE=49.05/39.72/+9.32/9.32, fine-risk mean/std/range=0.963/0.100/0.495, fine-loss/rank=1.670e-01/2.771e+00
  Counterfactual Keep: feasible-swap=4.4%, swap-equivalent recall=0.950, OR loss=9.570e-01
  Feasibility chain: numerical Teacher pass/MSE=69.5%/1.913e-04, student teacher-mask pass/MSE=21.0%/6.112e-04, student one-shot pass/MSE=72.8%/1.239e-04, teacher-source |K gap|=4.65; teacher-K topK recall/exact=0.691/0.002, boundary-rank loss=7.962e+00, teacher-frame parameter displacement=1.323e-02
  Synthetic K=56: n=36, dense=0.0%, deployment=0.0%
  Synthetic K>=45: n=83, dense=15.7%, deployment=26.5%, MSE=5.261e-04, K=56.00
  Synthetic: dense=56.2%, deployment=61.9%, MSE=2.829e-04, K=52.78, targetK=39.34, count_MAE=13.44, bias=+13.44, knot_F1@0.01=0.789, param_RMSE=2.754e-02
  uji_pen_characters_v2: dense=100.0%, deployment=100.0%, MSE=8.595e-06, K=16.10
  natural_earth_10m_coastline: dense=95.0%, deployment=95.0%, MSE=2.443e-05, K=39.65
  usgs_tnm_contours_large_scale: dense=100.0%, deployment=100.0%, MSE=9.203e-06, K=36.30
  industrial_model_offset_curves: dense=100.0%, deployment=100.0%, MSE=5.630e-06, K=31.95
Epoch 010/32 selector_warmup [=.......................] 1/19 MSE=1.409e-04 pass=56.2% K=54.1 feasibleK=46.5 countMAE=7.66 lr=proposal:0.0e+00/parameter:0.0e+00/selector:5.0e-05/decoder:1.0e-05
Epoch 010/32 selector_warmup [============............] 10/19 MSE=1.084e-04 pass=71.9% K=53.3 feasibleK=39.7 countMAE=13.56 lr=proposal:0.0e+00/parameter:0.0e+00/selector:5.0e-05/decoder:1.0e-05
Epoch 010/32 selector_warmup [========================] 19/19 MSE=5.160e-05 pass=87.5% K=55.2 feasibleK=37.3 countMAE=17.88 lr=proposal:0.0e+00/parameter:0.0e+00/selector:5.0e-05/decoder:1.0e-05
  validation [===.....................] 1/8 
  validation [========================] 8/8 
Epoch 010 phase=selector_warmup lr=proposal:0.0e+00/parameter:0.0e+00/selector:5.0e-05/decoder:1.0e-05 val dense=70.4% deployment=73.3% worst-source=60.6% qualification=0.0% MSE=1.979e-04 K=52.62 mass=52.32 beta=-4.76 soft_cost=1.6069 selection_score=-1.6069 complexity=1.00->1.00 safety=0+0.03sigma scale=0.00->0.00 pass_reference_only=0.0%
  Joint train structure: Keep P/R/F1=0.733/0.989/0.841, critical_false_delete=0.007, proposal R@.005/.01/.02=0.645/0.936/1.000, parameter_bias=1.216e-02, count-cal loss=1.544e-01, score/target/bias/MAE=53.74/39.72/+14.02/14.02, fine-risk mean/std/range=0.963/0.101/0.497, fine-loss/rank=3.067e-02/2.237e+00
  Counterfactual Keep: feasible-swap=4.4%, swap-equivalent recall=0.990, OR loss=2.234e-01
  Feasibility chain: numerical Teacher pass/MSE=69.5%/1.913e-04, student teacher-mask pass/MSE=26.7%/4.320e-04, student one-shot pass/MSE=73.7%/1.233e-04, teacher-source |K gap|=4.65; teacher-K topK recall/exact=0.691/0.003, boundary-rank loss=4.058e+00, teacher-frame parameter displacement=1.136e-02
  Synthetic K=56: n=36, dense=0.0%, deployment=0.0%
  Synthetic K>=45: n=83, dense=15.7%, deployment=24.1%, MSE=5.454e-04, K=56.00
  Synthetic: dense=56.2%, deployment=60.6%, MSE=2.928e-04, K=55.64, targetK=39.34, count_MAE=16.30, bias=+16.30, knot_F1@0.01=0.775, param_RMSE=2.606e-02
  uji_pen_characters_v2: dense=100.0%, deployment=100.0%, MSE=2.997e-06, K=33.60
  natural_earth_10m_coastline: dense=95.0%, deployment=95.0%, MSE=2.152e-05, K=53.90
  usgs_tnm_contours_large_scale: dense=100.0%, deployment=100.0%, MSE=5.187e-06, K=48.90
  industrial_model_offset_curves: dense=100.0%, deployment=100.0%, MSE=2.025e-06, K=49.95
Epoch 011/32 selector_warmup [=.......................] 1/19 MSE=1.658e-04 pass=75.0% K=55.8 feasibleK=41.3 countMAE=14.44 lr=proposal:0.0e+00/parameter:0.0e+00/selector:5.0e-05/decoder:1.0e-05
Epoch 011/32 selector_warmup [============............] 10/19 MSE=1.091e-04 pass=71.9% K=55.9 feasibleK=37.9 countMAE=18.00 lr=proposal:0.0e+00/parameter:0.0e+00/selector:5.0e-05/decoder:1.0e-05
Epoch 011/32 selector_warmup [========================] 19/19 MSE=1.235e-04 pass=83.3% K=56.0 feasibleK=38.9 countMAE=17.08 lr=proposal:0.0e+00/parameter:0.0e+00/selector:5.0e-05/decoder:1.0e-05
  validation [===.....................] 1/8 
  validation [========================] 8/8 
Epoch 011 phase=selector_warmup lr=proposal:0.0e+00/parameter:0.0e+00/selector:5.0e-05/decoder:1.0e-05 val dense=70.4% deployment=72.9% worst-source=60.0% qualification=0.0% MSE=1.999e-04 K=54.83 mass=54.51 beta=-4.89 soft_cost=1.6522 selection_score=-1.6522 complexity=1.00->1.00 safety=0+0.03sigma scale=0.00->0.00 pass_reference_only=0.0%
  Joint train structure: Keep P/R/F1=0.716/0.999/0.833, critical_false_delete=0.001, proposal R@.005/.01/.02=0.645/0.936/1.000, parameter_bias=1.171e-02, count-cal loss=1.962e-01, score/target/bias/MAE=55.60/39.72/+15.88/15.88, fine-risk mean/std/range=0.963/0.100/0.496, fine-loss/rank=4.097e-03/2.096e+00
  Counterfactual Keep: feasible-swap=4.4%, swap-equivalent recall=0.999, OR loss=2.416e-03
  Feasibility chain: numerical Teacher pass/MSE=69.5%/1.913e-04, student teacher-mask pass/MSE=36.8%/2.491e-04, student one-shot pass/MSE=73.7%/1.265e-04, teacher-source |K gap|=4.65; teacher-K topK recall/exact=0.694/0.002, boundary-rank loss=2.046e+00, teacher-frame parameter displacement=8.102e-03
  Synthetic K=56: n=36, dense=0.0%, deployment=0.0%
  Synthetic K>=45: n=83, dense=15.7%, deployment=22.9%, MSE=5.518e-04, K=56.00
  Synthetic: dense=56.2%, deployment=60.0%, MSE=2.960e-04, K=55.94, targetK=39.34, count_MAE=16.60, bias=+16.60, knot_F1@0.01=0.774, param_RMSE=2.418e-02
  uji_pen_characters_v2: dense=100.0%, deployment=100.0%, MSE=1.885e-06, K=46.45
  natural_earth_10m_coastline: dense=95.0%, deployment=95.0%, MSE=2.201e-05, K=55.65
  usgs_tnm_contours_large_scale: dense=100.0%, deployment=100.0%, MSE=5.051e-06, K=54.05
  industrial_model_offset_curves: dense=100.0%, deployment=100.0%, MSE=1.852e-06, K=54.25
Epoch 012/32 selector_warmup [=.......................] 1/19 MSE=1.062e-04 pass=78.1% K=56.0 feasibleK=39.9 countMAE=16.06 lr=proposal:0.0e+00/parameter:0.0e+00/selector:5.0e-05/decoder:1.0e-05
Epoch 012/32 selector_warmup [============............] 10/19 MSE=1.927e-04 pass=75.0% K=56.0 feasibleK=40.5 countMAE=15.47 lr=proposal:0.0e+00/parameter:0.0e+00/selector:5.0e-05/decoder:1.0e-05
Epoch 012/32 selector_warmup [========================] 19/19 MSE=5.911e-05 pass=83.3% K=55.9 feasibleK=35.6 countMAE=20.33 lr=proposal:0.0e+00/parameter:0.0e+00/selector:5.0e-05/decoder:1.0e-05
  validation [===.....................] 1/8 
  validation [========================] 8/8 
Epoch 012 phase=selector_warmup lr=proposal:0.0e+00/parameter:0.0e+00/selector:5.0e-05/decoder:1.0e-05 val dense=70.4% deployment=72.5% worst-source=59.4% qualification=0.0% MSE=2.005e-04 K=55.17 mass=54.76 beta=-4.56 soft_cost=1.6638 selection_score=-1.6638 complexity=1.00->1.00 safety=0+0.03sigma scale=0.00->0.00 pass_reference_only=0.0%
  Joint train structure: Keep P/R/F1=0.714/1.000/0.833, critical_false_delete=0.000, proposal R@.005/.01/.02=0.645/0.936/1.000, parameter_bias=1.123e-02, count-cal loss=1.985e-01, score/target/bias/MAE=55.67/39.72/+15.95/15.95, fine-risk mean/std/range=0.963/0.101/0.497, fine-loss/rank=4.332e-03/2.091e+00
  Counterfactual Keep: feasible-swap=4.4%, swap-equivalent recall=1.000, OR loss=1.807e-04
  Feasibility chain: numerical Teacher pass/MSE=69.5%/1.913e-04, student teacher-mask pass/MSE=47.2%/1.762e-04, student one-shot pass/MSE=73.3%/1.280e-04, teacher-source |K gap|=4.65; teacher-K topK recall/exact=0.694/0.002, boundary-rank loss=1.601e+00, teacher-frame parameter displacement=5.280e-03
  Synthetic K=56: n=36, dense=0.0%, deployment=0.0%
  Synthetic K>=45: n=83, dense=15.7%, deployment=21.7%, MSE=5.528e-04, K=56.00
  Synthetic: dense=56.2%, deployment=59.4%, MSE=2.968e-04, K=55.94, targetK=39.34, count_MAE=16.59, bias=+16.59, knot_F1@0.01=0.773, param_RMSE=2.382e-02
  uji_pen_characters_v2: dense=100.0%, deployment=100.0%, MSE=2.079e-06, K=49.35
  natural_earth_10m_coastline: dense=95.0%, deployment=95.0%, MSE=2.246e-05, K=55.50
  usgs_tnm_contours_large_scale: dense=100.0%, deployment=100.0%, MSE=5.306e-06, K=54.75
  industrial_model_offset_curves: dense=100.0%, deployment=100.0%, MSE=1.963e-06, K=54.90
Epoch 013/32 joint_finetune [=.......................] 1/19 MSE=2.323e-04 pass=59.4% K=55.9 feasibleK=40.8 countMAE=15.12 lr=proposal:0.0e+00/parameter:0.0e+00/selector:5.0e-05/decoder:1.0e-05
Epoch 013/32 joint_finetune [============............] 10/19 MSE=1.398e-04 pass=68.8% K=55.8 feasibleK=39.6 countMAE=16.28 lr=proposal:0.0e+00/parameter:0.0e+00/selector:5.0e-05/decoder:1.0e-05
Epoch 013/32 joint_finetune [========================] 19/19 MSE=1.573e-04 pass=70.8% K=55.9 feasibleK=37.8 countMAE=18.08 lr=proposal:0.0e+00/parameter:0.0e+00/selector:5.0e-05/decoder:1.0e-05
  validation [===.....................] 1/8 
  validation [========================] 8/8 
Epoch 013 phase=joint_finetune lr=proposal:0.0e+00/parameter:0.0e+00/selector:5.0e-05/decoder:1.0e-05 val dense=70.4% deployment=72.5% worst-source=59.4% qualification=0.0% MSE=2.010e-04 K=54.92 mass=54.38 beta=-4.05 soft_cost=1.6606 selection_score=-1.6606 complexity=1.00->1.00 safety=0+0.03sigma scale=0.00->0.00 pass_reference_only=0.0%
  Joint train structure: Keep P/R/F1=0.715/1.000/0.833, critical_false_delete=0.000, proposal R@.005/.01/.02=0.645/0.936/1.000, parameter_bias=1.110e-02, count-cal loss=1.968e-01, score/target/bias/MAE=55.47/39.72/+15.75/15.82, fine-risk mean/std/range=0.963/0.100/0.498, fine-loss/rank=7.508e-03/2.094e+00
  Counterfactual Keep: feasible-swap=4.4%, swap-equivalent recall=1.000, OR loss=3.298e-04
  Feasibility chain: numerical Teacher pass/MSE=69.5%/1.913e-04, student teacher-mask pass/MSE=47.8%/1.754e-04, student one-shot pass/MSE=72.0%/1.293e-04, teacher-source |K gap|=4.65; teacher-K topK recall/exact=0.691/0.002, boundary-rank loss=1.455e+00, teacher-frame parameter displacement=5.168e-03
  Synthetic K=56: n=36, dense=0.0%, deployment=0.0%
  Synthetic K>=45: n=83, dense=15.7%, deployment=21.7%, MSE=5.534e-04, K=56.00
  Synthetic: dense=56.2%, deployment=59.4%, MSE=2.974e-04, K=55.87, targetK=39.34, count_MAE=16.52, bias=+16.52, knot_F1@0.01=0.773, param_RMSE=2.408e-02
  uji_pen_characters_v2: dense=100.0%, deployment=100.0%, MSE=2.225e-06, K=48.50
  natural_earth_10m_coastline: dense=95.0%, deployment=95.0%, MSE=2.274e-05, K=54.95
  usgs_tnm_contours_large_scale: dense=100.0%, deployment=100.0%, MSE=5.460e-06, K=54.50
  industrial_model_offset_curves: dense=100.0%, deployment=100.0%, MSE=2.132e-06, K=54.20
Epoch 014/32 joint_finetune [=.......................] 1/19 MSE=9.370e-05 pass=75.0% K=55.8 feasibleK=39.1 countMAE=16.72 lr=proposal:0.0e+00/parameter:0.0e+00/selector:5.0e-05/decoder:1.0e-05
Epoch 014/32 joint_finetune [============............] 10/19 MSE=1.034e-04 pass=68.8% K=55.6 feasibleK=39.2 countMAE=16.41 lr=proposal:0.0e+00/parameter:0.0e+00/selector:5.0e-05/decoder:1.0e-05
Epoch 014/32 joint_finetune [========================] 19/19 MSE=1.341e-04 pass=66.7% K=55.2 feasibleK=40.5 countMAE=14.71 lr=proposal:0.0e+00/parameter:0.0e+00/selector:5.0e-05/decoder:1.0e-05
  validation [===.....................] 1/8 
  validation [========================] 8/8 
Epoch 014 phase=joint_finetune lr=proposal:0.0e+00/parameter:0.0e+00/selector:5.0e-05/decoder:1.0e-05 val dense=70.4% deployment=71.2% worst-source=57.5% qualification=0.0% MSE=2.026e-04 K=54.03 mass=53.38 beta=-3.43 soft_cost=1.6633 selection_score=-1.6633 complexity=1.00->1.00 safety=0+0.03sigma scale=0.00->0.00 pass_reference_only=0.0%
  Joint train structure: Keep P/R/F1=0.717/0.998/0.833, critical_false_delete=0.001, proposal R@.005/.01/.02=0.644/0.936/1.000, parameter_bias=1.106e-02, count-cal loss=1.927e-01, score/target/bias/MAE=55.05/39.72/+15.33/15.58, fine-risk mean/std/range=0.963/0.100/0.497, fine-loss/rank=1.355e-02/2.095e+00
  Counterfactual Keep: feasible-swap=4.4%, swap-equivalent recall=0.999, OR loss=9.860e-04
  Feasibility chain: numerical Teacher pass/MSE=69.5%/1.913e-04, student teacher-mask pass/MSE=50.7%/1.750e-04, student one-shot pass/MSE=71.8%/1.295e-04, teacher-source |K gap|=4.65; teacher-K topK recall/exact=0.694/0.003, boundary-rank loss=1.402e+00, teacher-frame parameter displacement=5.414e-03
  Synthetic K=56: n=36, dense=0.0%, deployment=0.0%
  Synthetic K>=45: n=83, dense=15.7%, deployment=19.3%, MSE=5.550e-04, K=55.96
  Synthetic: dense=56.2%, deployment=57.5%, MSE=2.994e-04, K=55.45, targetK=39.34, count_MAE=16.11, bias=+16.11, knot_F1@0.01=0.777, param_RMSE=2.451e-02
  uji_pen_characters_v2: dense=100.0%, deployment=100.0%, MSE=2.779e-06, K=45.70
  natural_earth_10m_coastline: dense=95.0%, deployment=95.0%, MSE=2.377e-05, K=53.65
  usgs_tnm_contours_large_scale: dense=100.0%, deployment=100.0%, MSE=6.075e-06, K=52.75
  industrial_model_offset_curves: dense=100.0%, deployment=100.0%, MSE=2.641e-06, K=52.65
Epoch 015/32 joint_finetune [=.......................] 1/19 MSE=1.739e-04 pass=56.2% K=55.7 feasibleK=46.6 countMAE=9.09 lr=proposal:0.0e+00/parameter:0.0e+00/selector:5.0e-05/decoder:1.0e-05
Epoch 015/32 joint_finetune [============............] 10/19 MSE=1.936e-04 pass=53.1% K=54.7 feasibleK=42.4 countMAE=13.03 lr=proposal:0.0e+00/parameter:0.0e+00/selector:5.0e-05/decoder:1.0e-05
Epoch 015/32 joint_finetune [========================] 19/19 MSE=8.524e-05 pass=75.0% K=53.7 feasibleK=33.0 countMAE=21.04 lr=proposal:0.0e+00/parameter:0.0e+00/selector:5.0e-05/decoder:1.0e-05
  validation [===.....................] 1/8 
  validation [========================] 8/8 
Epoch 015 phase=joint_finetune lr=proposal:0.0e+00/parameter:0.0e+00/selector:5.0e-05/decoder:1.0e-05 val dense=70.4% deployment=62.9% worst-source=45.0% qualification=0.0% MSE=2.717e-04 K=51.85 mass=51.19 beta=-2.71 soft_cost=1.8660 selection_score=-1.8660 complexity=1.00->1.00 safety=0+0.03sigma scale=0.00->0.00 pass_reference_only=0.0%
  Joint train structure: Keep P/R/F1=0.719/0.982/0.828, critical_false_delete=0.015, proposal R@.005/.01/.02=0.645/0.936/1.000, parameter_bias=1.101e-02, count-cal loss=1.831e-01, score/target/bias/MAE=54.13/39.72/+14.41/15.01, fine-risk mean/std/range=0.963/0.100/0.497, fine-loss/rank=2.655e-02/2.096e+00
  Counterfactual Keep: feasible-swap=4.5%, swap-equivalent recall=0.984, OR loss=3.641e-03
  Feasibility chain: numerical Teacher pass/MSE=69.5%/1.913e-04, student teacher-mask pass/MSE=51.7%/1.743e-04, student one-shot pass/MSE=60.8%/1.828e-04, teacher-source |K gap|=4.65; teacher-K topK recall/exact=0.693/0.002, boundary-rank loss=1.377e+00, teacher-frame parameter displacement=5.450e-03
  Synthetic K=56: n=36, dense=0.0%, deployment=0.0%
  Synthetic K>=45: n=83, dense=15.7%, deployment=6.0%, MSE=7.319e-04, K=54.96
  Synthetic: dense=56.2%, deployment=45.0%, MSE=4.016e-04, K=54.12, targetK=39.34, count_MAE=15.23, bias=+14.78, knot_F1@0.01=0.780, param_RMSE=2.485e-02
  uji_pen_characters_v2: dense=100.0%, deployment=100.0%, MSE=7.642e-06, K=39.85
  natural_earth_10m_coastline: dense=95.0%, deployment=95.0%, MSE=2.543e-05, K=50.85
  usgs_tnm_contours_large_scale: dense=100.0%, deployment=100.0%, MSE=7.526e-06, K=49.25
  industrial_model_offset_curves: dense=100.0%, deployment=100.0%, MSE=6.284e-06, K=49.20
Epoch 016/32 joint_finetune [=.......................] 1/19 MSE=1.525e-04 pass=59.4% K=53.6 feasibleK=39.5 countMAE=14.84 lr=proposal:0.0e+00/parameter:0.0e+00/selector:5.0e-05/decoder:1.0e-05
Epoch 016/32 joint_finetune [============............] 10/19 MSE=1.747e-04 pass=62.5% K=52.2 feasibleK=35.4 countMAE=17.53 lr=proposal:0.0e+00/parameter:0.0e+00/selector:5.0e-05/decoder:1.0e-05
Epoch 016/32 joint_finetune [========================] 19/19 MSE=4.862e-04 pass=20.8% K=50.6 feasibleK=43.9 countMAE=9.71 lr=proposal:0.0e+00/parameter:0.0e+00/selector:5.0e-05/decoder:1.0e-05
  validation [===.....................] 1/8 
  validation [========================] 8/8 
Epoch 016 phase=joint_finetune lr=proposal:0.0e+00/parameter:0.0e+00/selector:5.0e-05/decoder:1.0e-05 val dense=70.4% deployment=36.2% worst-source=17.5% qualification=0.0% MSE=5.097e-04 K=45.93 mass=45.43 beta=-1.69 soft_cost=2.6310 selection_score=-2.6310 complexity=1.00->1.00 safety=0+0.03sigma scale=0.00->0.00 pass_reference_only=0.0%
  Joint train structure: Keep P/R/F1=0.727/0.951/0.823, critical_false_delete=0.042, proposal R@.005/.01/.02=0.644/0.936/1.000, parameter_bias=1.097e-02, count-cal loss=1.571e-01, score/target/bias/MAE=51.74/39.72/+12.02/13.59, fine-risk mean/std/range=0.963/0.101/0.495, fine-loss/rank=6.015e-02/2.097e+00
  Counterfactual Keep: feasible-swap=4.4%, swap-equivalent recall=0.953, OR loss=2.150e-02
  Feasibility chain: numerical Teacher pass/MSE=69.5%/1.913e-04, student teacher-mask pass/MSE=55.3%/1.719e-04, student one-shot pass/MSE=43.2%/3.064e-04, teacher-source |K gap|=4.65; teacher-K topK recall/exact=0.693/0.002, boundary-rank loss=1.364e+00, teacher-frame parameter displacement=6.561e-03
  Synthetic K=56: n=36, dense=0.0%, deployment=0.0%
  Synthetic K>=45: n=83, dense=15.7%, deployment=0.0%, MSE=1.166e-03, K=52.06
  Synthetic: dense=56.2%, deployment=17.5%, MSE=7.084e-04, K=50.08, targetK=39.34, count_MAE=12.61, bias=+10.74, knot_F1@0.01=0.778, param_RMSE=2.596e-02
  uji_pen_characters_v2: dense=100.0%, deployment=70.0%, MSE=1.528e-04, K=28.50
  natural_earth_10m_coastline: dense=95.0%, deployment=75.0%, MSE=1.139e-04, K=42.25
  usgs_tnm_contours_large_scale: dense=100.0%, deployment=75.0%, MSE=6.676e-05, K=40.15
  industrial_model_offset_curves: dense=100.0%, deployment=75.0%, MSE=1.155e-04, K=39.65
Epoch 017/32 joint_finetune [=.......................] 1/19 MSE=4.058e-04 pass=34.4% K=49.8 feasibleK=39.1 countMAE=13.19 lr=proposal:0.0e+00/parameter:0.0e+00/selector:5.0e-05/decoder:1.0e-05
Epoch 017/32 joint_finetune [============............] 10/19 MSE=8.082e-04 pass=0.0% K=47.1 feasibleK=40.9 countMAE=10.34 lr=proposal:0.0e+00/parameter:0.0e+00/selector:5.0e-05/decoder:1.0e-05
Epoch 017/32 joint_finetune [========================] 19/19 MSE=1.434e-03 pass=0.0% K=40.5 feasibleK=40.1 countMAE=7.58 lr=proposal:0.0e+00/parameter:0.0e+00/selector:5.0e-05/decoder:1.0e-05
  validation [===.....................] 1/8 
  validation [========================] 8/8 
Epoch 017 phase=joint_finetune lr=proposal:0.0e+00/parameter:0.0e+00/selector:5.0e-05/decoder:1.0e-05 val dense=70.4% deployment=7.9% worst-source=0.6% qualification=0.0% MSE=1.505e-03 K=35.01 mass=34.43 beta=-0.53 soft_cost=4.2061 selection_score=-4.2061 complexity=1.00->1.00 safety=0+0.03sigma scale=0.00->0.00 pass_reference_only=0.0%
  Joint train structure: Keep P/R/F1=0.751/0.857/0.799, critical_false_delete=0.132, proposal R@.005/.01/.02=0.645/0.936/1.000, parameter_bias=1.091e-02, count-cal loss=8.485e-02, score/target/bias/MAE=45.17/39.72/+5.45/9.95, fine-risk mean/std/range=0.963/0.101/0.497, fine-loss/rank=1.665e-01/2.097e+00
  Counterfactual Keep: feasible-swap=4.4%, swap-equivalent recall=0.861, OR loss=1.166e-01
  Feasibility chain: numerical Teacher pass/MSE=69.5%/1.913e-04, student teacher-mask pass/MSE=53.2%/1.726e-04, student one-shot pass/MSE=7.5%/8.243e-04, teacher-source |K gap|=4.65; teacher-K topK recall/exact=0.690/0.003, boundary-rank loss=1.362e+00, teacher-frame parameter displacement=7.902e-03
  Synthetic K=56: n=36, dense=0.0%, deployment=0.0%
  Synthetic K>=45: n=83, dense=15.7%, deployment=0.0%, MSE=2.016e-03, K=45.77
  Synthetic: dense=56.2%, deployment=0.6%, MSE=1.709e-03, K=41.16, targetK=39.34, count_MAE=8.51, bias=+1.81, knot_F1@0.01=0.746, param_RMSE=2.665e-02
  uji_pen_characters_v2: dense=100.0%, deployment=35.0%, MSE=1.579e-03, K=15.75
  natural_earth_10m_coastline: dense=95.0%, deployment=5.0%, MSE=1.576e-03, K=26.20
  usgs_tnm_contours_large_scale: dense=100.0%, deployment=35.0%, MSE=4.679e-04, K=24.80
  industrial_model_offset_curves: dense=100.0%, deployment=15.0%, MSE=7.716e-04, K=24.10
Epoch 018/32 joint_finetune [=.......................] 1/19 MSE=1.301e-03 pass=3.1% K=40.7 feasibleK=40.7 countMAE=7.41 lr=proposal:0.0e+00/parameter:0.0e+00/selector:5.0e-05/decoder:1.0e-05
Epoch 018/32 joint_finetune [============............] 10/19 MSE=1.962e-03 pass=0.0% K=32.2 feasibleK=35.8 countMAE=6.03 lr=proposal:0.0e+00/parameter:0.0e+00/selector:5.0e-05/decoder:1.0e-05
Epoch 018/32 joint_finetune [========================] 19/19 MSE=2.145e-03 pass=0.0% K=31.4 feasibleK=37.1 countMAE=7.21 lr=proposal:0.0e+00/parameter:0.0e+00/selector:5.0e-05/decoder:1.0e-05
  validation [===.....................] 1/8 
  validation [========================] 8/8 
Epoch 018 phase=joint_finetune lr=proposal:0.0e+00/parameter:0.0e+00/selector:5.0e-05/decoder:1.0e-05 val dense=70.4% deployment=5.0% worst-source=0.0% qualification=0.0% MSE=2.041e-03 K=28.67 mass=28.04 beta=0.03 soft_cost=4.6173 selection_score=-4.6173 complexity=1.00->1.00 safety=0+0.03sigma scale=0.00->0.00 pass_reference_only=0.0%
  Joint train structure: Keep P/R/F1=0.783/0.693/0.734, critical_false_delete=0.293, proposal R@.005/.01/.02=0.645/0.936/1.000, parameter_bias=1.080e-02, count-cal loss=2.624e-02, score/target/bias/MAE=34.85/39.72/-4.88/7.65, fine-risk mean/std/range=0.963/0.100/0.496, fine-loss/rank=3.869e-01/2.097e+00
  Counterfactual Keep: feasible-swap=4.4%, swap-equivalent recall=0.697, OR loss=3.712e-01
  Feasibility chain: numerical Teacher pass/MSE=69.5%/1.913e-04, student teacher-mask pass/MSE=52.2%/1.724e-04, student one-shot pass/MSE=0.2%/2.024e-03, teacher-source |K gap|=4.65; teacher-K topK recall/exact=0.685/0.002, boundary-rank loss=1.362e+00, teacher-frame parameter displacement=8.262e-03
  Synthetic K=56: n=36, dense=0.0%, deployment=0.0%
  Synthetic K>=45: n=83, dense=15.7%, deployment=0.0%, MSE=2.652e-03, K=41.20
  Synthetic: dense=56.2%, deployment=0.0%, MSE=2.368e-03, K=35.25, targetK=39.34, count_MAE=7.64, bias=-4.09, knot_F1@0.01=0.720, param_RMSE=2.666e-02
  uji_pen_characters_v2: dense=100.0%, deployment=35.0%, MSE=1.581e-03, K=10.40
  natural_earth_10m_coastline: dense=95.0%, deployment=5.0%, MSE=2.078e-03, K=18.10
  usgs_tnm_contours_large_scale: dense=100.0%, deployment=20.0%, MSE=6.133e-04, K=17.10
  industrial_model_offset_curves: dense=100.0%, deployment=0.0%, MSE=1.276e-03, K=16.45
Epoch 019/32 joint_finetune [=.......................] 1/19 MSE=2.140e-03 pass=0.0% K=33.0 feasibleK=38.4 countMAE=6.53 lr=proposal:0.0e+00/parameter:0.0e+00/selector:5.0e-05/decoder:1.0e-05
Epoch 019/32 joint_finetune [============............] 10/19 MSE=1.745e-03 pass=0.0% K=37.5 feasibleK=42.5 countMAE=7.19 lr=proposal:0.0e+00/parameter:0.0e+00/selector:5.0e-05/decoder:1.0e-05
Epoch 019/32 joint_finetune [========================] 19/19 MSE=1.819e-03 pass=0.0% K=33.8 feasibleK=35.2 countMAE=5.83 lr=proposal:0.0e+00/parameter:0.0e+00/selector:5.0e-05/decoder:1.0e-05
  validation [===.....................] 1/8 
  validation [========================] 8/8 
Epoch 019 phase=joint_finetune lr=proposal:0.0e+00/parameter:0.0e+00/selector:5.0e-05/decoder:1.0e-05 val dense=70.4% deployment=5.4% worst-source=0.0% qualification=0.0% MSE=1.823e-03 K=31.07 mass=30.47 beta=-0.18 soft_cost=4.4836 selection_score=-4.4836 complexity=1.00->1.00 safety=0+0.03sigma scale=0.00->0.00 pass_reference_only=0.0%
  Joint train structure: Keep P/R/F1=0.789/0.705/0.745, critical_false_delete=0.278, proposal R@.005/.01/.02=0.645/0.936/1.000, parameter_bias=1.084e-02, count-cal loss=1.708e-02, score/target/bias/MAE=35.20/39.72/-4.52/6.55, fine-risk mean/std/range=0.963/0.101/0.497, fine-loss/rank=3.707e-01/2.097e+00
  Counterfactual Keep: feasible-swap=4.4%, swap-equivalent recall=0.711, OR loss=4.090e-01
  Feasibility chain: numerical Teacher pass/MSE=69.5%/1.913e-04, student teacher-mask pass/MSE=54.3%/1.706e-04, student one-shot pass/MSE=0.0%/1.894e-03, teacher-source |K gap|=4.65; teacher-K topK recall/exact=0.685/0.002, boundary-rank loss=1.354e+00, teacher-frame parameter displacement=7.747e-03
  Synthetic K=56: n=36, dense=0.0%, deployment=0.0%
  Synthetic K>=45: n=83, dense=15.7%, deployment=0.0%, MSE=2.139e-03, K=45.13
  Synthetic: dense=56.2%, deployment=0.0%, MSE=1.943e-03, K=38.67, targetK=39.34, count_MAE=6.69, bias=-0.67, knot_F1@0.01=0.750, param_RMSE=2.624e-02
  uji_pen_characters_v2: dense=100.0%, deployment=30.0%, MSE=1.894e-03, K=9.95
  natural_earth_10m_coastline: dense=95.0%, deployment=5.0%, MSE=2.571e-03, K=19.15
  usgs_tnm_contours_large_scale: dense=100.0%, deployment=30.0%, MSE=6.686e-04, K=18.00
  industrial_model_offset_curves: dense=100.0%, deployment=0.0%, MSE=1.205e-03, K=16.40
Epoch 020/32 joint_finetune [=.......................] 1/19 MSE=1.782e-03 pass=0.0% K=35.1 feasibleK=36.6 countMAE=5.34 lr=proposal:0.0e+00/parameter:0.0e+00/selector:5.0e-05/decoder:1.0e-05
Epoch 020/32 joint_finetune [============............] 10/19 MSE=1.633e-03 pass=0.0% K=38.3 feasibleK=40.6 countMAE=5.59 lr=proposal:0.0e+00/parameter:0.0e+00/selector:5.0e-05/decoder:1.0e-05
Epoch 020/32 joint_finetune [========================] 19/19 MSE=1.684e-03 pass=0.0% K=37.4 feasibleK=41.5 countMAE=5.12 lr=proposal:0.0e+00/parameter:0.0e+00/selector:5.0e-05/decoder:1.0e-05
  validation [===.....................] 1/8 
  validation [========================] 8/8 
Epoch 020 phase=joint_finetune lr=proposal:0.0e+00/parameter:0.0e+00/selector:5.0e-05/decoder:1.0e-05 val dense=70.4% deployment=5.4% worst-source=0.0% qualification=0.0% MSE=1.923e-03 K=30.70 mass=30.10 beta=-0.15 soft_cost=4.5254 selection_score=-4.5254 complexity=1.00->1.00 safety=0+0.03sigma scale=0.00->0.00 pass_reference_only=0.0%
  Joint train structure: Keep P/R/F1=0.798/0.726/0.760, critical_false_delete=0.256, proposal R@.005/.01/.02=0.645/0.936/1.000, parameter_bias=1.085e-02, count-cal loss=1.275e-02, score/target/bias/MAE=35.83/39.72/-3.89/5.59, fine-risk mean/std/range=0.963/0.101/0.497, fine-loss/rank=3.499e-01/2.097e+00
  Counterfactual Keep: feasible-swap=4.4%, swap-equivalent recall=0.731, OR loss=4.433e-01
  Feasibility chain: numerical Teacher pass/MSE=69.5%/1.913e-04, student teacher-mask pass/MSE=55.8%/1.700e-04, student one-shot pass/MSE=0.0%/1.808e-03, teacher-source |K gap|=4.65; teacher-K topK recall/exact=0.689/0.002, boundary-rank loss=1.349e+00, teacher-frame parameter displacement=7.647e-03
  Synthetic K=56: n=36, dense=0.0%, deployment=0.0%
  Synthetic K>=45: n=83, dense=15.7%, deployment=0.0%, MSE=2.081e-03, K=45.71
  Synthetic: dense=56.2%, deployment=0.0%, MSE=1.894e-03, K=38.73, targetK=39.34, count_MAE=6.14, bias=-0.62, knot_F1@0.01=0.760, param_RMSE=2.622e-02
  uji_pen_characters_v2: dense=100.0%, deployment=30.0%, MSE=1.939e-03, K=8.90
  natural_earth_10m_coastline: dense=95.0%, deployment=10.0%, MSE=3.198e-03, K=18.10
  usgs_tnm_contours_large_scale: dense=100.0%, deployment=25.0%, MSE=9.579e-04, K=16.70
  industrial_model_offset_curves: dense=100.0%, deployment=0.0%, MSE=1.830e-03, K=14.95
Epoch 021/32 joint_finetune [=.......................] 1/19 MSE=1.848e-03 pass=0.0% K=33.7 feasibleK=36.1 countMAE=5.62 lr=proposal:0.0e+00/parameter:0.0e+00/selector:5.0e-05/decoder:1.0e-05
Epoch 021/32 joint_finetune [============............] 10/19 MSE=1.707e-03 pass=0.0% K=40.0 feasibleK=43.2 countMAE=6.56 lr=proposal:0.0e+00/parameter:0.0e+00/selector:5.0e-05/decoder:1.0e-05
Epoch 021/32 joint_finetune [========================] 19/19 MSE=1.534e-03 pass=0.0% K=39.8 feasibleK=42.6 countMAE=4.46 lr=proposal:0.0e+00/parameter:0.0e+00/selector:5.0e-05/decoder:1.0e-05
  validation [===.....................] 1/8 
  validation [========================] 8/8 
Epoch 021 phase=joint_finetune lr=proposal:0.0e+00/parameter:0.0e+00/selector:5.0e-05/decoder:1.0e-05 val dense=70.4% deployment=5.8% worst-source=0.0% qualification=0.0% MSE=1.751e-03 K=31.32 mass=30.70 beta=-0.22 soft_cost=4.4486 selection_score=-4.4486 complexity=1.00->1.00 safety=0+0.03sigma scale=0.00->0.00 pass_reference_only=0.0%
  Joint train structure: Keep P/R/F1=0.801/0.745/0.772, critical_false_delete=0.236, proposal R@.005/.01/.02=0.645/0.936/1.000, parameter_bias=1.083e-02, count-cal loss=1.089e-02, score/target/bias/MAE=36.67/39.72/-3.05/5.16, fine-risk mean/std/range=0.963/0.100/0.496, fine-loss/rank=3.266e-01/2.097e+00
  Counterfactual Keep: feasible-swap=4.4%, swap-equivalent recall=0.750, OR loss=4.401e-01
  Feasibility chain: numerical Teacher pass/MSE=69.5%/1.913e-04, student teacher-mask pass/MSE=58.3%/1.691e-04, student one-shot pass/MSE=0.0%/1.689e-03, teacher-source |K gap|=4.65; teacher-K topK recall/exact=0.686/0.003, boundary-rank loss=1.345e+00, teacher-frame parameter displacement=7.646e-03
  Synthetic K=56: n=36, dense=0.0%, deployment=0.0%
  Synthetic K>=45: n=83, dense=15.7%, deployment=0.0%, MSE=1.907e-03, K=46.86
  Synthetic: dense=56.2%, deployment=0.0%, MSE=1.788e-03, K=39.61, targetK=39.34, count_MAE=5.91, bias=+0.26, knot_F1@0.01=0.766, param_RMSE=2.599e-02
  uji_pen_characters_v2: dense=100.0%, deployment=35.0%, MSE=1.828e-03, K=9.00
  natural_earth_10m_coastline: dense=95.0%, deployment=5.0%, MSE=2.685e-03, K=18.35
  usgs_tnm_contours_large_scale: dense=100.0%, deployment=30.0%, MSE=8.985e-04, K=16.90
  industrial_model_offset_curves: dense=100.0%, deployment=0.0%, MSE=1.294e-03, K=14.75
Epoch 022/32 joint_finetune [=.......................] 1/19 MSE=1.466e-03 pass=0.0% K=40.4 feasibleK=43.8 countMAE=5.50 lr=proposal:0.0e+00/parameter:0.0e+00/selector:5.0e-05/decoder:1.0e-05
Epoch 022/32 joint_finetune [============............] 10/19 MSE=1.649e-03 pass=0.0% K=36.8 feasibleK=38.9 countMAE=4.41 lr=proposal:0.0e+00/parameter:0.0e+00/selector:5.0e-05/decoder:1.0e-05
Epoch 022/32 joint_finetune [========================] 19/19 MSE=1.570e-03 pass=0.0% K=38.8 feasibleK=41.8 countMAE=4.92 lr=proposal:0.0e+00/parameter:0.0e+00/selector:5.0e-05/decoder:1.0e-05
  validation [===.....................] 1/8 
  validation [========================] 8/8 
Epoch 022 phase=joint_finetune lr=proposal:0.0e+00/parameter:0.0e+00/selector:5.0e-05/decoder:1.0e-05 val dense=70.4% deployment=5.4% worst-source=0.0% qualification=0.0% MSE=1.688e-03 K=31.18 mass=30.56 beta=-0.21 soft_cost=4.4179 selection_score=-4.4179 complexity=1.00->1.00 safety=0+0.03sigma scale=0.00->0.00 pass_reference_only=0.0%
  Joint train structure: Keep P/R/F1=0.803/0.755/0.778, critical_false_delete=0.225, proposal R@.005/.01/.02=0.645/0.936/1.000, parameter_bias=1.085e-02, count-cal loss=9.801e-03, score/target/bias/MAE=37.10/39.72/-2.62/4.85, fine-risk mean/std/range=0.963/0.100/0.497, fine-loss/rank=3.134e-01/2.097e+00
  Counterfactual Keep: feasible-swap=4.4%, swap-equivalent recall=0.760, OR loss=4.485e-01
  Feasibility chain: numerical Teacher pass/MSE=69.5%/1.913e-04, student teacher-mask pass/MSE=57.2%/1.682e-04, student one-shot pass/MSE=0.0%/1.613e-03, teacher-source |K gap|=4.65; teacher-K topK recall/exact=0.691/0.003, boundary-rank loss=1.345e+00, teacher-frame parameter displacement=7.273e-03
  Synthetic K=56: n=36, dense=0.0%, deployment=0.0%
  Synthetic K>=45: n=83, dense=15.7%, deployment=0.0%, MSE=1.802e-03, K=47.10
  Synthetic: dense=56.2%, deployment=0.0%, MSE=1.721e-03, K=39.56, targetK=39.34, count_MAE=5.61, bias=+0.21, knot_F1@0.01=0.769, param_RMSE=2.616e-02
  uji_pen_characters_v2: dense=100.0%, deployment=35.0%, MSE=1.700e-03, K=8.75
  natural_earth_10m_coastline: dense=95.0%, deployment=5.0%, MSE=2.565e-03, K=17.90
  usgs_tnm_contours_large_scale: dense=100.0%, deployment=25.0%, MSE=9.961e-04, K=16.55
  industrial_model_offset_curves: dense=100.0%, deployment=0.0%, MSE=1.233e-03, K=14.45
Epoch 023/32 joint_finetune [=.......................] 1/19 MSE=1.731e-03 pass=0.0% K=37.7 feasibleK=40.5 countMAE=4.59 lr=proposal:0.0e+00/parameter:0.0e+00/selector:5.0e-05/decoder:1.0e-05
Epoch 023/32 joint_finetune [============............] 10/19 MSE=1.733e-03 pass=0.0% K=37.2 feasibleK=39.4 countMAE=4.47 lr=proposal:0.0e+00/parameter:0.0e+00/selector:5.0e-05/decoder:1.0e-05
Epoch 023/32 joint_finetune [========================] 19/19 MSE=1.570e-03 pass=0.0% K=40.8 feasibleK=43.8 countMAE=5.00 lr=proposal:0.0e+00/parameter:0.0e+00/selector:5.0e-05/decoder:1.0e-05
  validation [===.....................] 1/8 
  validation [========================] 8/8 
Epoch 023 phase=joint_finetune lr=proposal:0.0e+00/parameter:0.0e+00/selector:5.0e-05/decoder:1.0e-05 val dense=70.4% deployment=5.4% worst-source=0.0% qualification=0.0% MSE=1.754e-03 K=31.33 mass=30.76 beta=-0.23 soft_cost=4.4615 selection_score=-4.4615 complexity=1.00->1.00 safety=0+0.03sigma scale=0.00->0.00 pass_reference_only=0.0%
  Joint train structure: Keep P/R/F1=0.803/0.756/0.778, critical_false_delete=0.224, proposal R@.005/.01/.02=0.645/0.936/1.000, parameter_bias=1.079e-02, count-cal loss=8.850e-03, score/target/bias/MAE=37.12/39.72/-2.60/4.62, fine-risk mean/std/range=0.963/0.101/0.497, fine-loss/rank=3.120e-01/2.097e+00
  Counterfactual Keep: feasible-swap=4.4%, swap-equivalent recall=0.761, OR loss=4.415e-01
  Feasibility chain: numerical Teacher pass/MSE=69.5%/1.913e-04, student teacher-mask pass/MSE=59.0%/1.677e-04, student one-shot pass/MSE=0.0%/1.654e-03, teacher-source |K gap|=4.65; teacher-K topK recall/exact=0.691/0.002, boundary-rank loss=1.342e+00, teacher-frame parameter displacement=7.576e-03
  Synthetic K=56: n=36, dense=0.0%, deployment=0.0%
  Synthetic K>=45: n=83, dense=15.7%, deployment=0.0%, MSE=1.847e-03, K=47.43
  Synthetic: dense=56.2%, deployment=0.0%, MSE=1.812e-03, K=39.74, targetK=39.34, count_MAE=5.50, bias=+0.40, knot_F1@0.01=0.762, param_RMSE=2.630e-02
  uji_pen_characters_v2: dense=100.0%, deployment=30.0%, MSE=1.863e-03, K=8.95
  natural_earth_10m_coastline: dense=95.0%, deployment=5.0%, MSE=2.607e-03, K=18.10
  usgs_tnm_contours_large_scale: dense=100.0%, deployment=30.0%, MSE=9.011e-04, K=16.55
  industrial_model_offset_curves: dense=100.0%, deployment=0.0%, MSE=1.184e-03, K=14.45
Epoch 024/32 joint_finetune [=.......................] 1/19 MSE=1.789e-03 pass=0.0% K=35.8 feasibleK=37.1 countMAE=4.06 lr=proposal:0.0e+00/parameter:0.0e+00/selector:5.0e-05/decoder:1.0e-05
Epoch 024/32 joint_finetune [============............] 10/19 MSE=1.628e-03 pass=0.0% K=39.4 feasibleK=41.1 countMAE=4.94 lr=proposal:0.0e+00/parameter:0.0e+00/selector:5.0e-05/decoder:1.0e-05
Epoch 024/32 joint_finetune [========================] 19/19 MSE=1.666e-03 pass=0.0% K=38.5 feasibleK=41.0 countMAE=4.42 lr=proposal:0.0e+00/parameter:0.0e+00/selector:5.0e-05/decoder:1.0e-05
  validation [===.....................] 1/8 
  validation [========================] 8/8 
Epoch 024 phase=joint_finetune lr=proposal:0.0e+00/parameter:0.0e+00/selector:5.0e-05/decoder:1.0e-05 val dense=70.4% deployment=5.0% worst-source=0.0% qualification=0.0% MSE=1.820e-03 K=31.42 mass=30.80 beta=-0.25 soft_cost=4.4959 selection_score=-4.4959 complexity=1.00->1.00 safety=0+0.03sigma scale=0.00->0.00 pass_reference_only=0.0%
  Joint train structure: Keep P/R/F1=0.804/0.759/0.781, critical_false_delete=0.222, proposal R@.005/.01/.02=0.645/0.936/1.000, parameter_bias=1.078e-02, count-cal loss=8.207e-03, score/target/bias/MAE=37.20/39.72/-2.52/4.41, fine-risk mean/std/range=0.963/0.101/0.496, fine-loss/rank=3.092e-01/2.097e+00
  Counterfactual Keep: feasible-swap=4.4%, swap-equivalent recall=0.764, OR loss=4.568e-01
  Feasibility chain: numerical Teacher pass/MSE=69.5%/1.913e-04, student teacher-mask pass/MSE=58.5%/1.674e-04, student one-shot pass/MSE=0.0%/1.626e-03, teacher-source |K gap|=4.65; teacher-K topK recall/exact=0.691/0.003, boundary-rank loss=1.341e+00, teacher-frame parameter displacement=7.808e-03
  Synthetic K=56: n=36, dense=0.0%, deployment=0.0%
  Synthetic K>=45: n=83, dense=15.7%, deployment=0.0%, MSE=1.786e-03, K=48.10
  Synthetic: dense=56.2%, deployment=0.0%, MSE=1.868e-03, K=40.02, targetK=39.34, count_MAE=5.14, bias=+0.68, knot_F1@0.01=0.758, param_RMSE=2.617e-02
  uji_pen_characters_v2: dense=100.0%, deployment=30.0%, MSE=1.962e-03, K=8.70
  natural_earth_10m_coastline: dense=95.0%, deployment=5.0%, MSE=2.847e-03, K=17.85
  usgs_tnm_contours_large_scale: dense=100.0%, deployment=25.0%, MSE=9.197e-04, K=16.30
  industrial_model_offset_curves: dense=100.0%, deployment=0.0%, MSE=1.169e-03, K=14.00
Epoch 025/32 joint_finetune [=.......................] 1/19 MSE=1.720e-03 pass=0.0% K=37.5 feasibleK=39.3 countMAE=3.88 lr=proposal:0.0e+00/parameter:0.0e+00/selector:5.0e-05/decoder:1.0e-05
Epoch 025/32 joint_finetune [============............] 10/19 MSE=1.553e-03 pass=0.0% K=37.4 feasibleK=40.2 countMAE=4.16 lr=proposal:0.0e+00/parameter:0.0e+00/selector:5.0e-05/decoder:1.0e-05
Epoch 025/32 joint_finetune [========================] 19/19 MSE=1.652e-03 pass=0.0% K=35.0 feasibleK=36.0 countMAE=3.42 lr=proposal:0.0e+00/parameter:0.0e+00/selector:5.0e-05/decoder:1.0e-05
  validation [===.....................] 1/8 
  validation [========================] 8/8 
Epoch 025 phase=joint_finetune lr=proposal:0.0e+00/parameter:0.0e+00/selector:5.0e-05/decoder:1.0e-05 val dense=70.4% deployment=5.4% worst-source=0.0% qualification=0.0% MSE=1.783e-03 K=31.60 mass=31.00 beta=-0.27 soft_cost=4.4548 selection_score=-4.4548 complexity=1.00->1.00 safety=0+0.03sigma scale=0.00->0.00 pass_reference_only=0.0%
  Joint train structure: Keep P/R/F1=0.806/0.764/0.784, critical_false_delete=0.218, proposal R@.005/.01/.02=0.644/0.936/1.000, parameter_bias=1.077e-02, count-cal loss=7.600e-03, score/target/bias/MAE=37.35/39.72/-2.37/4.18, fine-risk mean/std/range=0.963/0.101/0.496, fine-loss/rank=3.060e-01/2.097e+00
  Counterfactual Keep: feasible-swap=4.4%, swap-equivalent recall=0.769, OR loss=4.596e-01
  Feasibility chain: numerical Teacher pass/MSE=69.5%/1.913e-04, student teacher-mask pass/MSE=56.2%/1.670e-04, student one-shot pass/MSE=0.0%/1.655e-03, teacher-source |K gap|=4.65; teacher-K topK recall/exact=0.691/0.002, boundary-rank loss=1.341e+00, teacher-frame parameter displacement=7.590e-03
  Synthetic K=56: n=36, dense=0.0%, deployment=0.0%
  Synthetic K>=45: n=83, dense=15.7%, deployment=0.0%, MSE=1.708e-03, K=48.23
  Synthetic: dense=56.2%, deployment=0.0%, MSE=1.719e-03, K=40.16, targetK=39.34, count_MAE=5.15, bias=+0.81, knot_F1@0.01=0.772, param_RMSE=2.629e-02
  uji_pen_characters_v2: dense=100.0%, deployment=35.0%, MSE=1.811e-03, K=8.95
  natural_earth_10m_coastline: dense=95.0%, deployment=5.0%, MSE=3.346e-03, K=18.15
  usgs_tnm_contours_large_scale: dense=100.0%, deployment=25.0%, MSE=1.003e-03, K=16.55
  industrial_model_offset_curves: dense=100.0%, deployment=0.0%, MSE=1.487e-03, K=14.30
Epoch 026/32 joint_finetune [=.......................] 1/19 MSE=1.626e-03 pass=0.0% K=38.2 feasibleK=39.9 countMAE=3.78 lr=proposal:0.0e+00/parameter:0.0e+00/selector:5.0e-05/decoder:1.0e-05
Epoch 026/32 joint_finetune [============............] 10/19 MSE=1.515e-03 pass=0.0% K=36.0 feasibleK=36.5 countMAE=3.47 lr=proposal:0.0e+00/parameter:0.0e+00/selector:5.0e-05/decoder:1.0e-05
Epoch 026/32 joint_finetune [========================] 19/19 MSE=1.632e-03 pass=0.0% K=37.1 feasibleK=39.5 countMAE=4.00 lr=proposal:0.0e+00/parameter:0.0e+00/selector:5.0e-05/decoder:1.0e-05
  validation [===.....................] 1/8 
  validation [========================] 8/8 
Epoch 026 phase=joint_finetune lr=proposal:0.0e+00/parameter:0.0e+00/selector:5.0e-05/decoder:1.0e-05 val dense=70.4% deployment=4.6% worst-source=0.0% qualification=0.0% MSE=1.698e-03 K=31.41 mass=30.84 beta=-0.26 soft_cost=4.4340 selection_score=-4.4340 complexity=1.00->1.00 safety=0+0.03sigma scale=0.00->0.00 pass_reference_only=0.0%
  Joint train structure: Keep P/R/F1=0.804/0.765/0.784, critical_false_delete=0.216, proposal R@.005/.01/.02=0.645/0.936/1.000, parameter_bias=1.076e-02, count-cal loss=7.131e-03, score/target/bias/MAE=37.53/39.72/-2.19/4.10, fine-risk mean/std/range=0.963/0.101/0.497, fine-loss/rank=3.018e-01/2.097e+00
  Counterfactual Keep: feasible-swap=4.4%, swap-equivalent recall=0.770, OR loss=4.678e-01
  Feasibility chain: numerical Teacher pass/MSE=69.5%/1.913e-04, student teacher-mask pass/MSE=60.3%/1.666e-04, student one-shot pass/MSE=0.0%/1.594e-03, teacher-source |K gap|=4.65; teacher-K topK recall/exact=0.690/0.002, boundary-rank loss=1.339e+00, teacher-frame parameter displacement=7.719e-03
  Synthetic K=56: n=36, dense=0.0%, deployment=0.0%
  Synthetic K>=45: n=83, dense=15.7%, deployment=0.0%, MSE=1.714e-03, K=48.27
  Synthetic: dense=56.2%, deployment=0.0%, MSE=1.763e-03, K=39.96, targetK=39.34, count_MAE=4.92, bias=+0.62, knot_F1@0.01=0.766, param_RMSE=2.620e-02
  uji_pen_characters_v2: dense=100.0%, deployment=30.0%, MSE=1.930e-03, K=8.90
  natural_earth_10m_coastline: dense=95.0%, deployment=5.0%, MSE=2.326e-03, K=17.90
  usgs_tnm_contours_large_scale: dense=100.0%, deployment=20.0%, MSE=9.066e-04, K=16.35
  industrial_model_offset_curves: dense=100.0%, deployment=0.0%, MSE=1.105e-03, K=14.05
Epoch 027/32 joint_finetune [=.......................] 1/19 MSE=1.755e-03 pass=0.0% K=36.8 feasibleK=39.7 countMAE=4.06 lr=proposal:0.0e+00/parameter:0.0e+00/selector:5.0e-05/decoder:1.0e-05
Epoch 027/32 joint_finetune [============............] 10/19 MSE=1.666e-03 pass=0.0% K=39.9 feasibleK=41.2 countMAE=4.03 lr=proposal:0.0e+00/parameter:0.0e+00/selector:5.0e-05/decoder:1.0e-05
Epoch 027/32 joint_finetune [========================] 19/19 MSE=1.600e-03 pass=0.0% K=35.8 feasibleK=37.4 countMAE=3.38 lr=proposal:0.0e+00/parameter:0.0e+00/selector:5.0e-05/decoder:1.0e-05
  validation [===.....................] 1/8 
  validation [========================] 8/8 
Epoch 027 phase=joint_finetune lr=proposal:0.0e+00/parameter:0.0e+00/selector:5.0e-05/decoder:1.0e-05 val dense=70.4% deployment=5.4% worst-source=0.0% qualification=0.0% MSE=1.742e-03 K=31.61 mass=31.02 beta=-0.28 soft_cost=4.4338 selection_score=-4.4338 complexity=1.00->1.00 safety=0+0.03sigma scale=0.00->0.00 pass_reference_only=0.0%
  Joint train structure: Keep P/R/F1=0.809/0.767/0.788, critical_false_delete=0.212, proposal R@.005/.01/.02=0.645/0.936/1.000, parameter_bias=1.073e-02, count-cal loss=6.808e-03, score/target/bias/MAE=37.44/39.72/-2.28/3.97, fine-risk mean/std/range=0.963/0.101/0.497, fine-loss/rank=3.005e-01/2.097e+00
  Counterfactual Keep: feasible-swap=4.4%, swap-equivalent recall=0.772, OR loss=4.705e-01
  Feasibility chain: numerical Teacher pass/MSE=69.5%/1.913e-04, student teacher-mask pass/MSE=57.5%/1.660e-04, student one-shot pass/MSE=0.0%/1.558e-03, teacher-source |K gap|=4.65; teacher-K topK recall/exact=0.692/0.003, boundary-rank loss=1.338e+00, teacher-frame parameter displacement=7.693e-03
  Synthetic K=56: n=36, dense=0.0%, deployment=0.0%
  Synthetic K>=45: n=83, dense=15.7%, deployment=0.0%, MSE=1.680e-03, K=48.55
  Synthetic: dense=56.2%, deployment=0.0%, MSE=1.729e-03, K=40.17, targetK=39.34, count_MAE=4.92, bias=+0.82, knot_F1@0.01=0.769, param_RMSE=2.631e-02
  uji_pen_characters_v2: dense=100.0%, deployment=35.0%, MSE=1.889e-03, K=9.05
  natural_earth_10m_coastline: dense=95.0%, deployment=5.0%, MSE=2.836e-03, K=18.20
  usgs_tnm_contours_large_scale: dense=100.0%, deployment=25.0%, MSE=9.351e-04, K=16.45
  industrial_model_offset_curves: dense=100.0%, deployment=0.0%, MSE=1.413e-03, K=14.25
Epoch 028/32 joint_finetune [=.......................] 1/19 MSE=1.637e-03 pass=0.0% K=36.0 feasibleK=36.8 countMAE=3.22 lr=proposal:0.0e+00/parameter:0.0e+00/selector:5.0e-05/decoder:1.0e-05
Epoch 028/32 joint_finetune [============............] 10/19 MSE=1.580e-03 pass=0.0% K=37.9 feasibleK=39.4 countMAE=4.34 lr=proposal:0.0e+00/parameter:0.0e+00/selector:5.0e-05/decoder:1.0e-05
Epoch 028/32 joint_finetune [========================] 19/19 MSE=1.625e-03 pass=0.0% K=40.8 feasibleK=42.6 countMAE=4.17 lr=proposal:0.0e+00/parameter:0.0e+00/selector:5.0e-05/decoder:1.0e-05
  validation [===.....................] 1/8 
  validation [========================] 8/8 
Epoch 028 phase=joint_finetune lr=proposal:0.0e+00/parameter:0.0e+00/selector:5.0e-05/decoder:1.0e-05 val dense=70.4% deployment=5.0% worst-source=0.0% qualification=0.0% MSE=1.665e-03 K=31.82 mass=31.22 beta=-0.31 soft_cost=4.3964 selection_score=-4.3964 complexity=1.00->1.00 safety=0+0.03sigma scale=0.00->0.00 pass_reference_only=0.0%
  Joint train structure: Keep P/R/F1=0.807/0.769/0.788, critical_false_delete=0.212, proposal R@.005/.01/.02=0.646/0.936/1.000, parameter_bias=1.071e-02, count-cal loss=6.401e-03, score/target/bias/MAE=37.59/39.72/-2.14/3.84, fine-risk mean/std/range=0.963/0.100/0.496, fine-loss/rank=2.978e-01/2.097e+00
  Counterfactual Keep: feasible-swap=4.4%, swap-equivalent recall=0.775, OR loss=4.600e-01
  Feasibility chain: numerical Teacher pass/MSE=69.5%/1.913e-04, student teacher-mask pass/MSE=57.7%/1.665e-04, student one-shot pass/MSE=0.0%/1.606e-03, teacher-source |K gap|=4.65; teacher-K topK recall/exact=0.690/0.002, boundary-rank loss=1.337e+00, teacher-frame parameter displacement=7.778e-03
  Synthetic K=56: n=36, dense=0.0%, deployment=0.0%
  Synthetic K>=45: n=83, dense=15.7%, deployment=0.0%, MSE=1.606e-03, K=48.95
  Synthetic: dense=56.2%, deployment=0.0%, MSE=1.596e-03, K=40.41, targetK=39.34, count_MAE=4.82, bias=+1.07, knot_F1@0.01=0.776, param_RMSE=2.632e-02
  uji_pen_characters_v2: dense=100.0%, deployment=35.0%, MSE=1.790e-03, K=9.20
  natural_earth_10m_coastline: dense=95.0%, deployment=5.0%, MSE=2.628e-03, K=18.35
  usgs_tnm_contours_large_scale: dense=100.0%, deployment=20.0%, MSE=8.964e-04, K=16.60
  industrial_model_offset_curves: dense=100.0%, deployment=0.0%, MSE=1.892e-03, K=14.35
Epoch 029/32 joint_finetune [=.......................] 1/19 MSE=1.459e-03 pass=0.0% K=38.8 feasibleK=42.5 countMAE=4.75 lr=proposal:0.0e+00/parameter:0.0e+00/selector:5.0e-05/decoder:1.0e-05
Epoch 029/32 joint_finetune [============............] 10/19 MSE=1.643e-03 pass=0.0% K=37.2 feasibleK=38.5 countMAE=3.03 lr=proposal:0.0e+00/parameter:0.0e+00/selector:5.0e-05/decoder:1.0e-05
Epoch 029/32 joint_finetune [========================] 19/19 MSE=1.543e-03 pass=0.0% K=41.9 feasibleK=45.1 countMAE=3.71 lr=proposal:0.0e+00/parameter:0.0e+00/selector:5.0e-05/decoder:1.0e-05
  validation [===.....................] 1/8 
  validation [========================] 8/8 
Epoch 029 phase=joint_finetune lr=proposal:0.0e+00/parameter:0.0e+00/selector:5.0e-05/decoder:1.0e-05 val dense=70.4% deployment=5.0% worst-source=0.0% qualification=0.0% MSE=1.733e-03 K=31.73 mass=31.12 beta=-0.30 soft_cost=4.4379 selection_score=-4.4379 complexity=1.00->1.00 safety=0+0.03sigma scale=0.00->0.00 pass_reference_only=0.0%
  Joint train structure: Keep P/R/F1=0.807/0.771/0.788, critical_false_delete=0.209, proposal R@.005/.01/.02=0.645/0.936/1.000, parameter_bias=1.070e-02, count-cal loss=6.166e-03, score/target/bias/MAE=37.70/39.72/-2.02/3.76, fine-risk mean/std/range=0.963/0.100/0.497, fine-loss/rank=2.944e-01/2.098e+00
  Counterfactual Keep: feasible-swap=4.4%, swap-equivalent recall=0.776, OR loss=4.653e-01
  Feasibility chain: numerical Teacher pass/MSE=69.5%/1.913e-04, student teacher-mask pass/MSE=58.8%/1.654e-04, student one-shot pass/MSE=0.0%/1.533e-03, teacher-source |K gap|=4.65; teacher-K topK recall/exact=0.685/0.002, boundary-rank loss=1.337e+00, teacher-frame parameter displacement=7.858e-03
  Synthetic K=56: n=36, dense=0.0%, deployment=0.0%
  Synthetic K>=45: n=83, dense=15.7%, deployment=0.0%, MSE=1.667e-03, K=48.96
  Synthetic: dense=56.2%, deployment=0.0%, MSE=1.713e-03, K=40.33, targetK=39.34, count_MAE=4.71, bias=+0.98, knot_F1@0.01=0.769, param_RMSE=2.637e-02
  uji_pen_characters_v2: dense=100.0%, deployment=35.0%, MSE=1.810e-03, K=9.25
  natural_earth_10m_coastline: dense=95.0%, deployment=5.0%, MSE=2.666e-03, K=18.25
  usgs_tnm_contours_large_scale: dense=100.0%, deployment=20.0%, MSE=9.205e-04, K=16.35
  industrial_model_offset_curves: dense=100.0%, deployment=0.0%, MSE=1.701e-03, K=14.25
Epoch 030/32 joint_finetune [=.......................] 1/19 MSE=1.483e-03 pass=0.0% K=37.1 feasibleK=38.7 countMAE=3.34 lr=proposal:0.0e+00/parameter:0.0e+00/selector:5.0e-05/decoder:1.0e-05
Epoch 030/32 joint_finetune [============............] 10/19 MSE=1.330e-03 pass=0.0% K=39.4 feasibleK=41.2 countMAE=3.31 lr=proposal:0.0e+00/parameter:0.0e+00/selector:5.0e-05/decoder:1.0e-05
Epoch 030/32 joint_finetune [========================] 19/19 MSE=1.661e-03 pass=0.0% K=35.5 feasibleK=37.2 countMAE=2.46 lr=proposal:0.0e+00/parameter:0.0e+00/selector:5.0e-05/decoder:1.0e-05
  validation [===.....................] 1/8 
  validation [========================] 8/8 
Epoch 030 phase=joint_finetune lr=proposal:0.0e+00/parameter:0.0e+00/selector:5.0e-05/decoder:1.0e-05 val dense=70.4% deployment=4.6% worst-source=0.0% qualification=0.0% MSE=1.917e-03 K=31.92 mass=31.34 beta=-0.33 soft_cost=4.4981 selection_score=-4.4981 complexity=1.00->1.00 safety=0+0.03sigma scale=0.00->0.00 pass_reference_only=0.0%
  Joint train structure: Keep P/R/F1=0.807/0.780/0.793, critical_false_delete=0.200, proposal R@.005/.01/.02=0.645/0.936/1.000, parameter_bias=1.069e-02, count-cal loss=6.044e-03, score/target/bias/MAE=38.15/39.72/-1.57/3.70, fine-risk mean/std/range=0.963/0.101/0.497, fine-loss/rank=2.839e-01/2.097e+00
  Counterfactual Keep: feasible-swap=4.4%, swap-equivalent recall=0.785, OR loss=4.515e-01
  Feasibility chain: numerical Teacher pass/MSE=69.5%/1.913e-04, student teacher-mask pass/MSE=59.7%/1.647e-04, student one-shot pass/MSE=0.0%/1.488e-03, teacher-source |K gap|=4.65; teacher-K topK recall/exact=0.683/0.002, boundary-rank loss=1.335e+00, teacher-frame parameter displacement=7.745e-03
  Synthetic K=56: n=36, dense=0.0%, deployment=0.0%
  Synthetic K>=45: n=83, dense=15.7%, deployment=0.0%, MSE=1.568e-03, K=49.24
  Synthetic: dense=56.2%, deployment=0.0%, MSE=1.672e-03, K=40.55, targetK=39.34, count_MAE=4.68, bias=+1.21, knot_F1@0.01=0.771, param_RMSE=2.618e-02
  uji_pen_characters_v2: dense=100.0%, deployment=35.0%, MSE=1.817e-03, K=9.30
  natural_earth_10m_coastline: dense=95.0%, deployment=5.0%, MSE=3.440e-03, K=18.40
  usgs_tnm_contours_large_scale: dense=100.0%, deployment=15.0%, MSE=1.142e-03, K=16.60
  industrial_model_offset_curves: dense=100.0%, deployment=0.0%, MSE=3.219e-03, K=14.35
Epoch 031/32 joint_finetune [=.......................] 1/19 MSE=1.700e-03 pass=0.0% K=35.2 feasibleK=37.3 countMAE=3.75 lr=proposal:0.0e+00/parameter:0.0e+00/selector:5.0e-05/decoder:1.0e-05
Epoch 031/32 joint_finetune [============............] 10/19 MSE=1.531e-03 pass=0.0% K=38.8 feasibleK=40.0 countMAE=3.38 lr=proposal:0.0e+00/parameter:0.0e+00/selector:5.0e-05/decoder:1.0e-05
Epoch 031/32 joint_finetune [========================] 19/19 MSE=1.503e-03 pass=0.0% K=40.0 feasibleK=42.2 countMAE=3.50 lr=proposal:0.0e+00/parameter:0.0e+00/selector:5.0e-05/decoder:1.0e-05
  validation [===.....................] 1/8 
  validation [========================] 8/8 
Epoch 031 phase=joint_finetune lr=proposal:0.0e+00/parameter:0.0e+00/selector:5.0e-05/decoder:1.0e-05 val dense=70.4% deployment=5.0% worst-source=0.0% qualification=0.0% MSE=1.780e-03 K=31.96 mass=31.37 beta=-0.34 soft_cost=4.4248 selection_score=-4.4248 complexity=1.00->1.00 safety=0+0.03sigma scale=0.00->0.00 pass_reference_only=0.0%
  Joint train structure: Keep P/R/F1=0.808/0.772/0.790, critical_false_delete=0.207, proposal R@.005/.01/.02=0.645/0.936/1.000, parameter_bias=1.072e-02, count-cal loss=5.734e-03, score/target/bias/MAE=37.69/39.72/-2.03/3.62, fine-risk mean/std/range=0.963/0.101/0.497, fine-loss/rank=2.946e-01/2.097e+00
  Counterfactual Keep: feasible-swap=4.4%, swap-equivalent recall=0.777, OR loss=4.663e-01
  Feasibility chain: numerical Teacher pass/MSE=69.5%/1.913e-04, student teacher-mask pass/MSE=59.3%/1.639e-04, student one-shot pass/MSE=0.0%/1.554e-03, teacher-source |K gap|=4.65; teacher-K topK recall/exact=0.690/0.002, boundary-rank loss=1.334e+00, teacher-frame parameter displacement=7.777e-03
  Synthetic K=56: n=36, dense=0.0%, deployment=0.0%
  Synthetic K>=45: n=83, dense=15.7%, deployment=0.0%, MSE=1.526e-03, K=49.39
  Synthetic: dense=56.2%, deployment=0.0%, MSE=1.597e-03, K=40.59, targetK=39.34, count_MAE=4.64, bias=+1.24, knot_F1@0.01=0.777, param_RMSE=2.610e-02
  uji_pen_characters_v2: dense=100.0%, deployment=35.0%, MSE=1.818e-03, K=9.50
  natural_earth_10m_coastline: dense=95.0%, deployment=5.0%, MSE=3.002e-03, K=18.40
  usgs_tnm_contours_large_scale: dense=100.0%, deployment=20.0%, MSE=1.046e-03, K=16.55
  industrial_model_offset_curves: dense=100.0%, deployment=0.0%, MSE=2.713e-03, K=14.35
Epoch 032/32 joint_finetune [=.......................] 1/19 MSE=1.439e-03 pass=0.0% K=39.1 feasibleK=40.8 countMAE=3.81 lr=proposal:0.0e+00/parameter:0.0e+00/selector:5.0e-05/decoder:1.0e-05
Epoch 032/32 joint_finetune [============............] 10/19 MSE=1.496e-03 pass=0.0% K=39.4 feasibleK=40.8 countMAE=2.97 lr=proposal:0.0e+00/parameter:0.0e+00/selector:5.0e-05/decoder:1.0e-05
Epoch 032/32 joint_finetune [========================] 19/19 MSE=1.645e-03 pass=0.0% K=36.2 feasibleK=37.0 countMAE=3.96 lr=proposal:0.0e+00/parameter:0.0e+00/selector:5.0e-05/decoder:1.0e-05
  validation [===.....................] 1/8 
  validation [========================] 8/8 
Epoch 032 phase=joint_finetune lr=proposal:0.0e+00/parameter:0.0e+00/selector:5.0e-05/decoder:1.0e-05 val dense=70.4% deployment=5.0% worst-source=0.0% qualification=0.0% MSE=1.737e-03 K=32.66 mass=32.06 beta=-0.42 soft_cost=4.4081 selection_score=-4.4081 complexity=1.00->1.00 safety=0+0.03sigma scale=0.00->0.00 pass_reference_only=0.0%
  Joint train structure: Keep P/R/F1=0.808/0.780/0.794, critical_false_delete=0.201, proposal R@.005/.01/.02=0.645/0.936/1.000, parameter_bias=1.068e-02, count-cal loss=5.408e-03, score/target/bias/MAE=38.03/39.72/-1.69/3.50, fine-risk mean/std/range=0.963/0.100/0.496, fine-loss/rank=2.852e-01/2.097e+00
  Counterfactual Keep: feasible-swap=4.4%, swap-equivalent recall=0.785, OR loss=4.572e-01
  Feasibility chain: numerical Teacher pass/MSE=69.5%/1.913e-04, student teacher-mask pass/MSE=58.7%/1.640e-04, student one-shot pass/MSE=0.0%/1.506e-03, teacher-source |K gap|=4.65; teacher-K topK recall/exact=0.687/0.002, boundary-rank loss=1.334e+00, teacher-frame parameter displacement=7.632e-03
  Synthetic K=56: n=36, dense=0.0%, deployment=0.0%
  Synthetic K>=45: n=83, dense=15.7%, deployment=0.0%, MSE=1.496e-03, K=50.10
  Synthetic: dense=56.2%, deployment=0.0%, MSE=1.609e-03, K=41.33, targetK=39.34, count_MAE=4.83, bias=+1.98, knot_F1@0.01=0.777, param_RMSE=2.599e-02
  uji_pen_characters_v2: dense=100.0%, deployment=35.0%, MSE=1.804e-03, K=9.90
  natural_earth_10m_coastline: dense=95.0%, deployment=5.0%, MSE=2.621e-03, K=19.30
  usgs_tnm_contours_large_scale: dense=100.0%, deployment=20.0%, MSE=8.532e-04, K=17.30
  industrial_model_offset_curves: dense=100.0%, deployment=0.0%, MSE=2.698e-03, K=14.85
Saved best v16: /home/feng/HouCode/SplineSurpervisedFitting/outputs/checkpoints/candidate_selection_v16_keep_state_recovery_r1.pt; quality=supervised_fit_count_selected. Last/resume: /home/feng/HouCode/SplineSurpervisedFitting/outputs/checkpoints/candidate_selection_v16_keep_state_recovery_r1.last.pt; Proposal best/final: /home/feng/HouCode/SplineSurpervisedFitting/outputs/checkpoints/candidate_selection_v16_keep_state_recovery_r1.proposal.pt / /home/feng/HouCode/SplineSurpervisedFitting/outputs/checkpoints/candidate_selection_v16_keep_state_recovery_r1.proposal.final.pt
